====================================================================================================
 EX12: 90-Degree Display Folding Directly from Abaqus .inp File
====================================================================================================
Reading Abaqus input deck: C:\Users\GOODMAN\AppData\Local\Temp\ex13_roundtrip_4uwi8jsr.inp
D:\PythonCodeStudy\WHT_DispFoldSolver\dispsolver\io\abaqus_parser.py:112: UserWarning: Unsupported keyword: *HEADING \u2014 skipping
  warnings.warn(f"Unsupported keyword: *{block.keyword} \u2014 skipping")
Parsed result: ModelBuilderResult(mesh=yes, materials=16, constraints=0, penalty_constraints=2, rbe2_elements=0, rbe2_constraints=2, amplitudes=0, dloads=0, contact_pairs=0, surfaces=4, contact_objects=0)
Adjusting plate material (pid=15) Young's modulus from 20000.0 to 1e-6 to eliminate spurious stresses.
Adjusting tie constraint (DISPLAY_BOT_L_PLATE_L_TOP_TIE) penalty stiffness from 1000000.0 to 1e4.
Adjusting tie constraint (DISPLAY_BOT_R_PLATE_R_TOP_TIE) penalty stiffness from 1000000.0 to 1e4.
Found translation boundary conditions on 4 DOFs.
Found prescribed rotations on master nodes: {10000: -1.570796, 10094: 1.570796}
====================================================================================================
 MODEL REVIEW
====================================================================================================
Materials (3 distinct):
  - PET: J2 plasticity: E=4000.0, nu=0.3, sigma_y0=80.0, H=400.0
  - PSA: Arruda-Boyce + Prony viscoelastic: mu=0.16785, lambda_m=3.0, K=8.3333
  - STEEL: NeoHookean: E=1e-06, nu=0.3
Parts / Layers (16 total):
  - pid 1: 360 elements, material=PET
  - pid 2: 120 elements, material=PSA
  - pid 3: 360 elements, material=PET
  - pid 4: 120 elements, material=PSA
  - pid 5: 360 elements, material=PET
  - pid 6: 120 elements, material=PSA
  - pid 7: 360 elements, material=PET
  - pid 8: 120 elements, material=PSA
  - pid 9: 360 elements, material=PET
  - pid 10: 120 elements, material=PSA
  - pid 11: 360 elements, material=PET
  - pid 12: 120 elements, material=PSA
  - pid 13: 360 elements, material=PET
  - pid 14: 120 elements, material=PSA
  - Plate Left: 60 elements, material=STEEL
  - Plate Right: 60 elements, material=STEEL
Total elements: 3480, total layers/parts: 16
====================================================================================================
----------------------------------------------------------------------------------------------------
Step 1 | Attempting time increment: dt = 0.00500s (t: 0.0000s -> 0.0050s)
----------------------------------------------------------------------------------------------------

  Nonlinear Iteration Summary (Newton-Raphson)
  ==========================================================================================================================
  Time increment dt: 5.000e-03
  Convergence Tol  : 1.0e-03 (Disp Ratio)     Max Iterations: 25
  --------------------------------------------------------------------------------------------------------------------------
  Iter   Max Res.Force  (Node/DOF)    Max Disp.Corr  (Node/DOF)    Max Disp.Incr  Disp.Ratio  Energy.Err  LS.alpha  Contacts
  --------------------------------------------------------------------------------------------------------------------------
[PARDISO] factorising 7024x7024 system (122238 nnz) took 5.2s (one-time per matrix structure)
     1    2.6133e-11  N2531(UY)      2.9060e-01  N10125(UY)     0.0000e+00     9.95e+12    1.23e+04      1.00        74
     2    1.1414e+01  N1(UX)         2.0332e-03  N61(UY)        2.9061e-01     5.89e-03    4.81e-01      1.00        74
  ---------------------------------------------------------------------------------------------------------------------
  => Increment Converged. (Time: 31.40 s)


  STEP   INC   ATT   SEVERE   EQUIL     TOTAL      STEP      INC OF
                     DISCON   ITERS      TIME       TIME       TIME
     1     1     1       0       1     0.0050     0.0050     0.0050

  STEP  1 | t=0.0050s | dt=0.0050s | Iters= 1 | еш=[np.float64(-0.4499998854976658), np.float64(0.44999988549767184)] deg | max|u|=0.29mm

----------------------------------------------------------------------------------------------------
Step 2 | Attempting time increment: dt = 0.00750s (t: 0.0050s -> 0.0125s)
----------------------------------------------------------------------------------------------------

  Nonlinear Iteration Summary (Newton-Raphson)
  ==========================================================================================================================
  Time increment dt: 7.500e-03
  Convergence Tol  : 1.0e-03 (Disp Ratio)     Max Iterations: 25
  --------------------------------------------------------------------------------------------------------------------------
  Iter   Max Res.Force  (Node/DOF)    Max Disp.Corr  (Node/DOF)    Max Disp.Incr  Disp.Ratio  Energy.Err  LS.alpha  Contacts
  --------------------------------------------------------------------------------------------------------------------------
     1    1.1414e+01  N1(UX)         4.3593e-01  N10001(UY)     0.0000e+00     1.50e+00    2.78e+04      1.00        74
     2    2.5680e+01  N121(UX)       1.1620e-02  N61(UY)        4.3593e-01     1.12e-02    2.43e+00      1.00        74
  ---------------------------------------------------------------------------------------------------------------------
  => Increment Converged. (Time: 7.89 s)

     1     2     1       0       1     0.0125     0.0075     0.0075

  STEP  2 | t=0.0125s | dt=0.0075s | Iters= 1 | еш=[np.float64(-1.124999703102028), np.float64(1.1249997031020185)] deg | max|u|=0.73mm

----------------------------------------------------------------------------------------------------
Step 3 | Attempting time increment: dt = 0.01125s (t: 0.0125s -> 0.0238s)
----------------------------------------------------------------------------------------------------

  Nonlinear Iteration Summary (Newton-Raphson)
  ==========================================================================================================================
  Time increment dt: 1.125e-02
  Convergence Tol  : 1.0e-03 (Disp Ratio)     Max Iterations: 25
  --------------------------------------------------------------------------------------------------------------------------
  Iter   Max Res.Force  (Node/DOF)    Max Disp.Corr  (Node/DOF)    Max Disp.Incr  Disp.Ratio  Energy.Err  LS.alpha  Contacts
  --------------------------------------------------------------------------------------------------------------------------
     1    2.5680e+01  N121(UX)       6.5389e-01  N10125(UY)     0.0000e+00     8.98e-01    6.25e+04      1.00        74
     2    5.7768e+01  N1(UX)         5.0829e-02  N2602(UY)      6.5382e-01     2.49e-02    1.23e+01      1.00        74
     3    1.1524e-01  N2495(UY)      2.6297e-02  N2965(UY)      6.5382e-01     1.25e-02    2.15e-04      1.00        74
  ---------------------------------------------------------------------------------------------------------------------
  => Increment Converged. (Time: 11.37 s)

     1     3     1       0       2     0.0238     0.0112     0.0112

  STEP  3 | t=0.0238s | dt=0.0112s | Iters= 2 | еш=[np.float64(-2.137499375437306), np.float64(2.137499375437306)] deg | max|u|=1.38mm

----------------------------------------------------------------------------------------------------
Step 4 | Attempting time increment: dt = 0.01688s (t: 0.0238s -> 0.0406s)
----------------------------------------------------------------------------------------------------

  Nonlinear Iteration Summary (Newton-Raphson)
  ==========================================================================================================================
  Time increment dt: 1.688e-02
  Convergence Tol  : 1.0e-03 (Disp Ratio)     Max Iterations: 25
  --------------------------------------------------------------------------------------------------------------------------
  Iter   Max Res.Force  (Node/DOF)    Max Disp.Corr  (Node/DOF)    Max Disp.Incr  Disp.Ratio  Energy.Err  LS.alpha  Contacts
  --------------------------------------------------------------------------------------------------------------------------
     1    1.1524e-01  N2495(UY)      9.8058e-01  N10001(UY)     0.0000e+00     7.09e-01    1.41e+05      1.00        74
     2    1.2989e+02  N121(UX)       1.0548e-01  N3086(UY)      9.8015e-01     3.03e-02    6.24e+01      1.00        74
     3    4.8536e-01  N2467(UY)      2.3146e-02  N3207(UY)      9.8015e-01     6.25e-03    9.70e-04      1.00        74
  ---------------------------------------------------------------------------------------------------------------------
  => Increment Converged. (Time: 11.62 s)

     1     4     1       0       2     0.0406     0.0169     0.0169

  STEP  4 | t=0.0406s | dt=0.0169s | Iters= 2 | еш=[np.float64(-3.6562489567888474), np.float64(3.6562489567888474)] deg | max|u|=2.36mm

----------------------------------------------------------------------------------------------------
Step 5 | Attempting time increment: dt = 0.02531s (t: 0.0406s -> 0.0659s)
----------------------------------------------------------------------------------------------------

  Nonlinear Iteration Summary (Newton-Raphson)
  ==========================================================================================================================
  Time increment dt: 2.531e-02
  Convergence Tol  : 1.0e-03 (Disp Ratio)     Max Iterations: 25
  --------------------------------------------------------------------------------------------------------------------------
  Iter   Max Res.Force  (Node/DOF)    Max Disp.Corr  (Node/DOF)    Max Disp.Incr  Disp.Ratio  Energy.Err  LS.alpha  Contacts
  --------------------------------------------------------------------------------------------------------------------------
     1    4.8536e-01  N2467(UY)      1.4694e+00  N10001(UY)     0.0000e+00     6.23e-01    3.16e+05      1.00        74
     2    2.9172e+02  N1(UX)         4.1990e-02  N3449(UY)      1.4682e+00     1.09e-02    3.16e+02      1.00        74
     3    6.3885e-02  N2977(UY)      3.4409e-03  N3328(UY)      1.4676e+00     5.47e-04    3.02e-05      1.00        74
  ---------------------------------------------------------------------------------------------------------------------
  => Increment Converged. (Time: 11.75 s)

     1     5     1       0       2     0.0659     0.0253     0.0253

  STEP  5 | t=0.0659s | dt=0.0253s | Iters= 2 | еш=[np.float64(-5.93437341792408), np.float64(5.93437341792408)] deg | max|u|=3.83mm

----------------------------------------------------------------------------------------------------
Step 6 | Attempting time increment: dt = 0.03797s (t: 0.0659s -> 0.1039s)
----------------------------------------------------------------------------------------------------

  Nonlinear Iteration Summary (Newton-Raphson)
  ==========================================================================================================================
  Time increment dt: 3.797e-02
  Convergence Tol  : 1.0e-03 (Disp Ratio)     Max Iterations: 25
  --------------------------------------------------------------------------------------------------------------------------
  Iter   Max Res.Force  (Node/DOF)    Max Disp.Corr  (Node/DOF)    Max Disp.Incr  Disp.Ratio  Energy.Err  LS.alpha  Contacts
  --------------------------------------------------------------------------------------------------------------------------
     1    6.3887e-02  N2977(UY)      2.1980e+00  N10001(UY)     0.0000e+00     5.76e-01    7.11e+05      1.00        74
     2    6.5337e+02  N1(UX)         6.7638e-02  N2905(UX)      2.1949e+00     1.12e-02    1.60e+03      1.00        74
     3    6.2280e-02  N933(UY)       1.2630e-03  N3449(UY)      2.1908e+00     1.35e-04    2.53e-05      1.00        74
  ---------------------------------------------------------------------------------------------------------------------
  => Increment Converged. (Time: 11.32 s)

     1     6     1       0       2     0.1039     0.0380     0.0380

  STEP  6 | t=0.1039s | dt=0.0380s | Iters= 2 | еш=[np.float64(-9.35156005673116), np.float64(9.35156005673116)] deg | max|u|=6.02mm

----------------------------------------------------------------------------------------------------
Step 7 | Attempting time increment: dt = 0.05695s (t: 0.1039s -> 0.1609s)
----------------------------------------------------------------------------------------------------

  Nonlinear Iteration Summary (Newton-Raphson)
  ==========================================================================================================================
  Time increment dt: 5.695e-02
  Convergence Tol  : 1.0e-03 (Disp Ratio)     Max Iterations: 25
  --------------------------------------------------------------------------------------------------------------------------
  Iter   Max Res.Force  (Node/DOF)    Max Disp.Corr  (Node/DOF)    Max Disp.Incr  Disp.Ratio  Energy.Err  LS.alpha  Contacts
  --------------------------------------------------------------------------------------------------------------------------
     1    6.2269e-02  N933(UY)       3.2734e+00  N10125(UY)     0.0000e+00     5.49e-01    1.60e+06      1.00        74
     2    1.4540e+03  N1(UX)         1.4788e-01  N3025(UX)      3.2661e+00     1.56e-02    8.09e+03      1.00        74
     3    3.0573e-01  N2990(UY)      2.0752e-03  N2965(UY)      3.2469e+00     1.71e-04    6.13e-04      1.00        74
  ---------------------------------------------------------------------------------------------------------------------
  => Increment Converged. (Time: 11.14 s)

     1     7     1       0       2     0.1609     0.0570     0.0570

  STEP  7 | t=0.1609s | dt=0.0570s | Iters= 2 | еш=[np.float64(-14.477340005239869), np.float64(14.477340005239869)] deg | max|u|=9.27mm

----------------------------------------------------------------------------------------------------
Step 8 | Attempting time increment: dt = 0.08543s (t: 0.1609s -> 0.2463s)
----------------------------------------------------------------------------------------------------

  Nonlinear Iteration Summary (Newton-Raphson)
  ==========================================================================================================================
  Time increment dt: 8.543e-02
  Convergence Tol  : 1.0e-03 (Disp Ratio)     Max Iterations: 25
  --------------------------------------------------------------------------------------------------------------------------
  Iter   Max Res.Force  (Node/DOF)    Max Disp.Corr  (Node/DOF)    Max Disp.Incr  Disp.Ratio  Energy.Err  LS.alpha  Contacts
  --------------------------------------------------------------------------------------------------------------------------
     1    3.0569e-01  N2990(UY)      4.8242e+00  N10001(UY)     0.0000e+00     5.33e-01    3.60e+06      1.00        74
     2    3.1873e+03  N1(UX)         3.2301e-01  N2541(UX)      4.8075e+00     2.28e-02    4.10e+04      1.00        74
     3    1.4778e+00  N2990(UY)      6.9435e-03  N2965(UY)      4.7310e+00     4.13e-04    1.60e-02      1.00        74
  ---------------------------------------------------------------------------------------------------------------------
  => Increment Converged. (Time: 10.96 s)

     1     8     1       0       2     0.2463     0.0854     0.0854

  STEP  8 | t=0.2463s | dt=0.0854s | Iters= 2 | еш=[np.float64(-22.16600992368938), np.float64(22.16600992368938)] deg | max|u|=14.00mm

----------------------------------------------------------------------------------------------------
Step 9 | Attempting time increment: dt = 0.10000s (t: 0.2463s -> 0.3463s)
----------------------------------------------------------------------------------------------------

  Nonlinear Iteration Summary (Newton-Raphson)
  ==========================================================================================================================
  Time increment dt: 1.000e-01
  Convergence Tol  : 1.0e-03 (Disp Ratio)     Max Iterations: 25
  --------------------------------------------------------------------------------------------------------------------------
  Iter   Max Res.Force  (Node/DOF)    Max Disp.Corr  (Node/DOF)    Max Disp.Incr  Disp.Ratio  Energy.Err  LS.alpha  Contacts
  --------------------------------------------------------------------------------------------------------------------------
     1    1.4777e+00  N2990(UY)      5.4120e+00  N10001(UY)     0.0000e+00     4.09e-01    4.93e+06      1.00        74
     2    4.1352e+03  N1(UX)         4.1892e-01  N2421(UX)      5.3824e+00     2.23e-02    7.69e+04      1.00        74
     3    2.5622e+00  N2990(UY)      9.8125e-03  N1991(UY)      5.2236e+00     4.57e-04    5.74e-02      1.00        74
  ---------------------------------------------------------------------------------------------------------------------
  => Increment Converged. (Time: 11.28 s)

     1     9     1       0       2     0.3463     0.1000     0.1000

  STEP  9 | t=0.3463s | dt=0.1000s | Iters= 2 | еш=[np.float64(-31.166007634437392), np.float64(31.166007634437392)] deg | max|u|=19.22mm

----------------------------------------------------------------------------------------------------
Step 10 | Attempting time increment: dt = 0.10000s (t: 0.3463s -> 0.4463s)
----------------------------------------------------------------------------------------------------

  Nonlinear Iteration Summary (Newton-Raphson)
  ==========================================================================================================================
  Time increment dt: 1.000e-01
  Convergence Tol  : 1.0e-03 (Disp Ratio)     Max Iterations: 25
  --------------------------------------------------------------------------------------------------------------------------
  Iter   Max Res.Force  (Node/DOF)    Max Disp.Corr  (Node/DOF)    Max Disp.Incr  Disp.Ratio  Energy.Err  LS.alpha  Contacts
  --------------------------------------------------------------------------------------------------------------------------
     1    2.5620e+00  N2990(UY)      5.0138e+00  N10125(UY)     0.0000e+00     2.93e-01    4.93e+06      1.00        74
     2    3.7823e+03  N1(UX)         3.8227e-01  N1937(UX)      4.9731e+00     1.74e-02    7.69e+04      1.00        74
     3    2.2860e+00  N2990(UY)      8.2565e-03  N2005(UY)      4.7627e+00     3.19e-04    5.79e-02      1.00        74
  ---------------------------------------------------------------------------------------------------------------------
  => Increment Converged. (Time: 11.25 s)

     1    10     1       0       2     0.4463     0.1000     0.1000

  STEP 10 | t=0.4463s | dt=0.1000s | Iters= 2 | еш=[np.float64(-40.166005349399825), np.float64(40.166005349399825)] deg | max|u|=23.98mm

----------------------------------------------------------------------------------------------------
Step 11 | Attempting time increment: dt = 0.10000s (t: 0.4463s -> 0.5463s)
----------------------------------------------------------------------------------------------------

  Nonlinear Iteration Summary (Newton-Raphson)
  ==========================================================================================================================
  Time increment dt: 1.000e-01
  Convergence Tol  : 1.0e-03 (Disp Ratio)     Max Iterations: 25
  --------------------------------------------------------------------------------------------------------------------------
  Iter   Max Res.Force  (Node/DOF)    Max Disp.Corr  (Node/DOF)    Max Disp.Incr  Disp.Ratio  Energy.Err  LS.alpha  Contacts
  --------------------------------------------------------------------------------------------------------------------------
     1    2.2857e+00  N2990(UY)      4.4920e+00  N10001(UY)     0.0000e+00     2.29e-01    4.93e+06      1.00        74
     2    3.3363e+03  N1(UX)         3.3677e-01  N2057(UX)      4.4414e+00     1.44e-02    7.69e+04      1.00        74
     3    2.2667e+00  N883(UX)       7.6672e-03  N1020(UY)      4.1845e+00     2.49e-04    5.82e-02      1.00        74
  ---------------------------------------------------------------------------------------------------------------------
  => Increment Converged. (Time: 10.89 s)

     1    11     1       0       2     0.5463     0.1000     0.1000

  STEP 11 | t=0.5463s | dt=0.1000s | Iters= 2 | еш=[np.float64(-49.166003118351405), np.float64(49.166003118351405)] deg | max|u|=28.17mm

----------------------------------------------------------------------------------------------------
Step 12 | Attempting time increment: dt = 0.10000s (t: 0.5463s -> 0.6463s)
----------------------------------------------------------------------------------------------------

  Nonlinear Iteration Summary (Newton-Raphson)
  ==========================================================================================================================
  Time increment dt: 1.000e-01
  Convergence Tol  : 1.0e-03 (Disp Ratio)     Max Iterations: 25
  --------------------------------------------------------------------------------------------------------------------------
  Iter   Max Res.Force  (Node/DOF)    Max Disp.Corr  (Node/DOF)    Max Disp.Incr  Disp.Ratio  Energy.Err  LS.alpha  Contacts
  --------------------------------------------------------------------------------------------------------------------------
     1    2.2675e+00  N883(UX)       4.4516e+00  N3509(UX)      0.0000e+00     1.89e-01    4.93e+06      1.00        74
     2    3.5972e+03  N121(UY)       3.7009e-01  N3389(UY)      4.6772e+00     1.25e-02    7.69e+04      1.00        74
     3    6.4482e+00  N1994(UY)      1.1444e-02  N2965(UY)      4.7328e+00     2.01e-04    1.19e-01      1.00        74
  ---------------------------------------------------------------------------------------------------------------------
  => Increment Converged. (Time: 10.46 s)

     1    12     1       0       2     0.6463     0.1000     0.1000

  STEP 12 | t=0.6463s | dt=0.1000s | Iters= 2 | еш=[np.float64(-58.16600105426965), np.float64(58.16600105426965)] deg | max|u|=31.67mm

----------------------------------------------------------------------------------------------------
Step 13 | Attempting time increment: dt = 0.10000s (t: 0.6463s -> 0.7463s)
----------------------------------------------------------------------------------------------------

  Nonlinear Iteration Summary (Newton-Raphson)
  ==========================================================================================================================
  Time increment dt: 1.000e-01
  Convergence Tol  : 1.0e-03 (Disp Ratio)     Max Iterations: 25
  --------------------------------------------------------------------------------------------------------------------------
  Iter   Max Res.Force  (Node/DOF)    Max Disp.Corr  (Node/DOF)    Max Disp.Incr  Disp.Ratio  Energy.Err  LS.alpha  Contacts
  --------------------------------------------------------------------------------------------------------------------------
     1    6.4481e+00  N1994(UY)      4.9861e+00  N3389(UX)      0.0000e+00     1.62e-01    4.93e+06      1.00        74
     2    3.9922e+03  N121(UY)       4.0890e-01  N3509(UY)      5.1577e+00     1.11e-02    7.69e+04      1.00        74
     3    8.5309e+00  N2968(UY)      1.0700e-02  N51(UY)        5.2054e+00     2.24e-04    1.91e-01      1.00        74
  ---------------------------------------------------------------------------------------------------------------------
  => Increment Converged. (Time: 10.98 s)

     1    13     1       0       2     0.7463     0.1000     0.1000

  STEP 13 | t=0.7463s | dt=0.1000s | Iters= 2 | еш=[np.float64(-67.16599907928155), np.float64(67.16599907928155)] deg | max|u|=34.41mm

----------------------------------------------------------------------------------------------------
Step 14 | Attempting time increment: dt = 0.10000s (t: 0.7463s -> 0.8463s)
----------------------------------------------------------------------------------------------------

  Nonlinear Iteration Summary (Newton-Raphson)
  ==========================================================================================================================
  Time increment dt: 1.000e-01
  Convergence Tol  : 1.0e-03 (Disp Ratio)     Max Iterations: 25
  --------------------------------------------------------------------------------------------------------------------------
  Iter   Max Res.Force  (Node/DOF)    Max Disp.Corr  (Node/DOF)    Max Disp.Incr  Disp.Ratio  Energy.Err  LS.alpha  Contacts
  --------------------------------------------------------------------------------------------------------------------------
     1    8.5310e+00  N2968(UY)      5.3972e+00  N3389(UX)      0.0000e+00     1.42e-01    4.93e+06      1.00        74
     2    4.2889e+03  N121(UY)       4.3609e-01  N3388(UY)      5.5113e+00     9.86e-03    7.69e+04      1.00        74
     3    5.9749e+00  N1034(UX)      1.9923e-02  N895(UX)       5.5491e+00     3.58e-04    1.71e-01      1.00        74
  ---------------------------------------------------------------------------------------------------------------------
  => Increment Converged. (Time: 10.90 s)

     1    14     1       0       2     0.8463     0.1000     0.1000

  STEP 14 | t=0.8463s | dt=0.1000s | Iters= 2 | еш=[np.float64(-76.16599713567122), np.float64(76.1659971356712)] deg | max|u|=36.31mm

----------------------------------------------------------------------------------------------------
Step 15 | Attempting time increment: dt = 0.10000s (t: 0.8463s -> 0.9463s)
----------------------------------------------------------------------------------------------------

  Nonlinear Iteration Summary (Newton-Raphson)
  ==========================================================================================================================
  Time increment dt: 1.000e-01
  Convergence Tol  : 1.0e-03 (Disp Ratio)     Max Iterations: 25
  --------------------------------------------------------------------------------------------------------------------------
  Iter   Max Res.Force  (Node/DOF)    Max Disp.Corr  (Node/DOF)    Max Disp.Incr  Disp.Ratio  Energy.Err  LS.alpha  Contacts
  --------------------------------------------------------------------------------------------------------------------------
     1    5.9742e+00  N1034(UX)      5.6756e+00  N3389(UX)      0.0000e+00     1.27e-01    4.93e+06      1.00        74
     2    4.4800e+03  N121(UY)       4.5291e-01  N3268(UY)      5.7291e+00     8.94e-03    7.69e+04      1.00        74
     3    6.6034e+00  N1397(UX)      2.7331e-02  N895(UX)       5.7568e+00     4.21e-04    1.92e-01      1.00        74
  ---------------------------------------------------------------------------------------------------------------------
  => Increment Converged. (Time: 9.93 s)

     1    15     1       0       2     0.9463     0.1000     0.1000

  STEP 15 | t=0.9463s | dt=0.1000s | Iters= 2 | еш=[np.float64(-85.16599520746621), np.float64(85.16599520746617)] deg | max|u|=37.33mm

----------------------------------------------------------------------------------------------------
Step 16 | Attempting time increment: dt = 0.05371s (t: 0.9463s -> 1.0000s)
----------------------------------------------------------------------------------------------------

  Nonlinear Iteration Summary (Newton-Raphson)
  ==========================================================================================================================
  Time increment dt: 5.371e-02
  Convergence Tol  : 1.0e-03 (Disp Ratio)     Max Iterations: 25
  --------------------------------------------------------------------------------------------------------------------------
  Iter   Max Res.Force  (Node/DOF)    Max Disp.Corr  (Node/DOF)    Max Disp.Incr  Disp.Ratio  Energy.Err  LS.alpha  Contacts
  --------------------------------------------------------------------------------------------------------------------------
     1    6.6029e+00  N1397(UX)      3.1224e+00  N3509(UX)      0.0000e+00     6.24e-02    1.42e+06      1.00        74
     2    1.3147e+03  N1(UY)         1.3241e-01  N3388(UY)      3.1224e+00     2.52e-03    6.40e+03      1.00        74
     3    6.0466e-01  N1034(UX)      2.7282e-03  N2965(UY)      3.1284e+00     3.33e-05    1.82e-03      1.00        74
  ---------------------------------------------------------------------------------------------------------------------
  => Increment Converged. (Time: 9.31 s)

     1    16     1       0       2     1.0000     0.0537     0.0537

  STEP 16 | t=1.0000s | dt=0.0537s | Iters= 2 | еш=[np.float64(-89.99997857650641), np.float64(89.99997857650641)] deg | max|u|=37.56mm

====================================================================================================
 SUCCESS: 90-degree display folding simulation completed in 195.67s!
====================================================================================================
Saved result (16 steps) for re-analysis: D:\PythonCodeStudy\WHT_DispFoldSolver\examples\ex13_roundtrip_result.pkl
  reload with: from dispsolver.postprocess import load_result; r = load_result(r'D:\PythonCodeStudy\WHT_DispFoldSolver\examples\ex13_roundtrip_result.pkl')

=======================================================================================================================================================================================================================================================================
 Interlayer slip at x = -40.00 mm   [um, cumulative from bottom surface]
=======================================================================================================================================================================================================================================================================
 theta[deg]       L1       L2       L3       L4       L5       L6       L7       L8       L9      L10      L11      L12      L13      L14      L15      L16      L17      L18      L19      L20      L21      L22      L23      L24      L25      L26      L27      L28
-----------------------------------------------------------------------------------------------------------------------------------------------------------------------------------------------------------------------------------------------------------------------
       0.45     0.00     0.00     0.00     0.34     0.34     0.34     0.34     0.66     0.67     0.67     0.67     0.95     0.95     0.95     0.95     1.19     1.19     1.19     1.19     1.36     1.36     1.36     1.36     1.44     1.44     1.44     1.44     1.45
       1.12     0.00     0.00     0.00     0.94     0.94     0.94     0.94     1.82     1.82     1.82     1.83     2.60     2.61     2.61     2.61     3.24     3.24     3.25     3.25     3.69     3.70     3.70     3.70     3.93     3.93     3.93     3.93     3.94
       2.14     0.00     0.00     0.00     1.91     1.91     1.92     1.92     3.71     3.72     3.72     3.72     5.30     5.30     5.31     5.31     6.58     6.58     6.59     6.59     7.48     7.49     7.49     7.49     7.95     7.95     7.96     7.96     7.96
       3.66     0.00     0.00     0.00     2.60     2.61     2.61     2.61     5.07     5.07     5.07     5.08     7.25     7.26     7.26     7.26     9.03     9.04     9.04     9.05    10.30    10.30    10.30    10.31    10.95    10.96    10.96    10.96    10.97
       5.93     0.00     0.00     0.00     3.03     3.04     3.04     3.04     5.94     5.94     5.95     5.95     8.57     8.58     8.58     8.59    10.76    10.76    10.77    10.77    12.33    12.34    12.34    12.35    13.16    13.16    13.17    13.17    13.18
       9.35     0.00     0.00     0.00     3.99     3.99     4.00     4.00     7.87     7.88     7.88     7.89    11.43    11.44    11.45    11.46    14.44    14.45    14.45    14.46    16.63    16.63    16.64    16.65    17.79    17.79    17.80    17.80    17.82
      14.48    -0.00    -0.00    -0.00     5.29     5.30     5.31     5.31    10.61    10.62    10.63    10.64    15.59    15.60    15.61    15.62    19.83    19.84    19.85    19.86    22.96    22.97    22.98    22.99    24.63    24.64    24.64    24.65    24.67
      22.17    -0.00    -0.01    -0.01     6.27     6.27     6.28     6.29    13.31    13.32    13.33    13.34    20.15    20.16    20.18    20.19    26.12    26.14    26.15    26.17    30.59    30.60    30.61    30.63    32.99    33.00    33.02    33.03    33.07
      31.17    -0.01    -0.01    -0.01     7.49     7.50     7.51     7.52    16.55    16.57    16.58    16.60    25.57    25.59    25.61    25.63    33.55    33.57    33.59    33.61    39.57    39.59    39.61    39.63    42.84    42.86    42.87    42.89    42.97
      40.17    -0.01    -0.01    -0.01    10.16    10.18    10.19    10.21    21.86    21.89    21.91    21.93    33.38    33.40    33.43    33.45    43.54    43.56    43.59    43.62    51.19    51.21    51.24    51.26    55.34    55.36    55.39    55.41    55.50
      49.17    -0.01    -0.01    -0.01    12.52    12.54    12.56    12.58    26.55    26.58    26.61    26.63    40.28    40.31    40.34    40.37    52.37    52.40    52.43    52.46    61.48    61.51    61.54    61.57    66.42    66.45    66.47    66.50    66.60
      58.17    -0.01    -0.01    -0.01    14.39    14.41    14.43    14.45    30.27    30.30    30.33    30.36    45.75    45.79    45.82    45.86    59.40    59.43    59.47    59.50    69.67    69.70    69.74    69.77    75.25    75.28    75.31    75.33    75.45
      67.17    -0.01    -0.01    -0.01    16.04    16.06    16.08    16.11    33.55    33.58    33.61    33.65    50.59    50.62    50.66    50.70    65.59    65.63    65.67    65.71    76.90    76.94    76.97    77.01    83.04    83.07    83.11    83.14    83.26
      76.17    -0.01    -0.01    -0.01    17.92    17.94    17.97    18.00    37.26    37.29    37.33    37.37    56.00    56.04    56.08    56.13    72.47    72.51    72.56    72.60    84.88    84.92    84.96    85.00    91.61    91.65    91.68    91.72    91.84
      85.17    -0.01    -0.01    -0.01    19.54    19.57    19.60    19.63    40.48    40.52    40.56    40.60    60.72    60.77    60.81    60.86    78.50    78.54    78.59    78.64    91.89    91.93    91.98    92.02    99.16    99.20    99.24    99.28    99.40
      90.00     0.00     0.00     0.00    21.97    22.00    22.03    22.06    43.79    43.83    43.88    43.92    64.48    64.53    64.58    64.62    82.52    82.57    82.62    82.67    96.08    96.12    96.16    96.21   103.41   103.45   103.49   103.53   103.61
-----------------------------------------------------------------------------------------------------------------------------------------------------------------------------------------------------------------------------------------------------------------------
 final total staircase : +103.61 um at theta = 90.00 deg
 carried by            : ? +0.03 um (0.0%),  PET +0.74 um (0.7%),  PSA +102.83 um (99.3%)
 (equal-thickness rows -> a ~50/50 split means bending tilt, not interlayer shear)

=======================================================================================================================================================================================================================================================================
 Interlayer slip at x = +40.00 mm   [um, cumulative from bottom surface]
=======================================================================================================================================================================================================================================================================
 theta[deg]       L1       L2       L3       L4       L5       L6       L7       L8       L9      L10      L11      L12      L13      L14      L15      L16      L17      L18      L19      L20      L21      L22      L23      L24      L25      L26      L27      L28
-----------------------------------------------------------------------------------------------------------------------------------------------------------------------------------------------------------------------------------------------------------------------
       0.45     0.00     0.00     0.00     0.34     0.34     0.34     0.34     0.66     0.67     0.67     0.67     0.95     0.95     0.95     0.95     1.19     1.19     1.19     1.19     1.36     1.36     1.36     1.36     1.44     1.44     1.44     1.44     1.45
       1.12     0.00     0.00     0.00     0.94     0.94     0.94     0.94     1.82     1.82     1.82     1.83     2.60     2.61     2.61     2.61     3.24     3.24     3.25     3.25     3.69     3.70     3.70     3.70     3.93     3.93     3.93     3.93     3.94
       2.14     0.00     0.00     0.00     1.91     1.91     1.92     1.92     3.71     3.72     3.72     3.72     5.30     5.30     5.31     5.31     6.58     6.58     6.59     6.59     7.48     7.49     7.49     7.49     7.95     7.95     7.96     7.96     7.96
       3.66     0.00     0.00     0.00     2.60     2.61     2.61     2.61     5.07     5.07     5.07     5.08     7.25     7.26     7.26     7.26     9.03     9.04     9.04     9.05    10.30    10.30    10.30    10.31    10.95    10.96    10.96    10.96    10.97
       5.93     0.00     0.00     0.00     3.03     3.04     3.04     3.04     5.94     5.94     5.95     5.95     8.57     8.58     8.58     8.59    10.76    10.76    10.77    10.77    12.33    12.34    12.34    12.35    13.16    13.16    13.17    13.17    13.18
       9.35     0.00     0.00     0.00     3.99     3.99     4.00     4.00     7.87     7.88     7.88     7.89    11.43    11.44    11.45    11.46    14.44    14.45    14.45    14.46    16.63    16.63    16.64    16.65    17.79    17.79    17.80    17.80    17.82
      14.48    -0.00    -0.00    -0.00     5.29     5.30     5.31     5.31    10.61    10.62    10.63    10.64    15.59    15.60    15.61    15.62    19.83    19.84    19.85    19.86    22.96    22.97    22.98    22.99    24.63    24.64    24.64    24.65    24.67
      22.17    -0.00    -0.01    -0.01     6.27     6.27     6.28     6.29    13.31    13.32    13.33    13.34    20.15    20.16    20.18    20.19    26.12    26.14    26.15    26.17    30.59    30.60    30.61    30.63    32.99    33.00    33.02    33.03    33.07
      31.17    -0.01    -0.01    -0.01     7.49     7.50     7.51     7.52    16.55    16.57    16.58    16.60    25.57    25.59    25.61    25.63    33.55    33.57    33.59    33.61    39.57    39.59    39.61    39.63    42.84    42.86    42.87    42.89    42.97
      40.17    -0.01    -0.01    -0.01    10.16    10.18    10.19    10.21    21.86    21.89    21.91    21.93    33.38    33.40    33.43    33.45    43.54    43.56    43.59    43.62    51.19    51.21    51.24    51.26    55.34    55.36    55.39    55.41    55.50
      49.17    -0.01    -0.01    -0.01    12.52    12.54    12.56    12.58    26.55    26.58    26.61    26.63    40.28    40.31    40.34    40.37    52.37    52.40    52.43    52.46    61.48    61.51    61.54    61.57    66.42    66.45    66.47    66.50    66.60
      58.17    -0.01    -0.01    -0.01    14.39    14.41    14.43    14.45    30.27    30.30    30.33    30.36    45.75    45.79    45.82    45.86    59.40    59.43    59.47    59.50    69.67    69.70    69.74    69.77    75.25    75.28    75.31    75.33    75.45
      67.17    -0.01    -0.01    -0.01    16.04    16.06    16.08    16.11    33.55    33.58    33.61    33.65    50.59    50.62    50.66    50.70    65.59    65.63    65.67    65.71    76.90    76.94    76.97    77.01    83.04    83.07    83.11    83.14    83.26
      76.17    -0.01    -0.01    -0.01    17.92    17.94    17.97    18.00    37.26    37.29    37.33    37.37    56.00    56.04    56.08    56.13    72.47    72.51    72.56    72.60    84.88    84.92    84.96    85.00    91.61    91.65    91.68    91.72    91.84
      85.17    -0.01    -0.01    -0.01    19.54    19.57    19.60    19.63    40.48    40.52    40.56    40.60    60.72    60.77    60.81    60.86    78.50    78.54    78.59    78.64    91.89    91.93    91.98    92.02    99.16    99.20    99.24    99.28    99.40
      90.00     0.00     0.00     0.00    21.97    22.00    22.03    22.06    43.79    43.83    43.88    43.92    64.48    64.53    64.58    64.62    82.52    82.57    82.62    82.67    96.08    96.12    96.16    96.21   103.41   103.45   103.49   103.53   103.61
-----------------------------------------------------------------------------------------------------------------------------------------------------------------------------------------------------------------------------------------------------------------------
 final total staircase : +103.61 um at theta = 90.00 deg
 carried by            : ? +0.03 um (0.0%),  PET +0.74 um (0.7%),  PSA +102.83 um (99.3%)
 (equal-thickness rows -> a ~50/50 split means bending tilt, not interlayer shear)

Saving before (flat) shape visualization to: D:\PythonCodeStudy\WHT_DispFoldSolver\examples\ex13_roundtrip_before_folding_shape.png
[PNG] Deformed shape saved: D:\PythonCodeStudy\WHT_DispFoldSolver\examples\ex13_roundtrip_before_folding_shape.png
Saving after (final) shape visualization to: D:\PythonCodeStudy\WHT_DispFoldSolver\examples\ex13_roundtrip_final_folding_shape.png
[PNG] Deformed shape saved: D:\PythonCodeStudy\WHT_DispFoldSolver\examples\ex13_roundtrip_final_folding_shape.png
Done.
====================================================================================================
 EX13 [roundtrip] SUMMARY: nodes=3697  elements=3480  rbe2_constraints=2  penalty_constraints=2  reached_target=True
====================================================================================================
