Adjusting plate material (pid=15) Young's modulus from 20000.0 to 1e-6 to eliminate spurious stresses.
Adjusting tie constraint (TIE_LEFT) penalty stiffness from 10000.0 to 1e4.
Adjusting tie constraint (TIE_RIGHT) penalty stiffness from 10000.0 to 1e4.
Found translation boundary conditions on 4 DOFs.
Found prescribed rotations on master nodes: {10000: np.float64(-1.5707963267948966), 10094: np.float64(1.5707963267948966)}
====================================================================================================
 MODEL REVIEW
====================================================================================================
Materials (3 distinct):
  - PSA: Arruda-Boyce + Prony viscoelastic: mu=0.016779, lambda_m=3.0, K=0.83333
  - PET: J2 plasticity: E=4000.0, nu=0.3, sigma_y0=80.0, H=400.0
  - STEEL: NeoHookean: E=1e-06, nu=0.3
Parts / Layers (16 total):
  - pid 1: 120 elements, material=PSA
  - pid 2: 360 elements, material=PET
  - pid 3: 120 elements, material=PSA
  - pid 4: 360 elements, material=PET
  - pid 5: 120 elements, material=PSA
  - pid 6: 360 elements, material=PET
  - pid 7: 120 elements, material=PSA
  - pid 8: 360 elements, material=PET
  - pid 9: 120 elements, material=PSA
  - pid 10: 360 elements, material=PET
  - pid 11: 120 elements, material=PSA
  - pid 12: 360 elements, material=PET
  - pid 13: 120 elements, material=PSA
  - pid 14: 360 elements, material=PET
  - Plate Left: 60 elements, material=STEEL
  - Plate Right: 60 elements, material=STEEL
Total elements: 3480, total layers/parts: 16
====================================================================================================
----------------------------------------------------------------------------------------------------
Step 1 | Attempting time increment: dt = 0.00500s (t: 0.0000s -> 0.0050s)
----------------------------------------------------------------------------------------------------

  Nonlinear Iteration Summary (Newton-Raphson)
  ==========================================================================================================================
  Time increment dt: 5.000e-03
  Convergence Tol  : 1.0e-03 (Disp Ratio)     Max Iterations: 25
  --------------------------------------------------------------------------------------------------------------------------
  Iter   Max Res.Force  (Node/DOF)    Max Disp.Corr  (Node/DOF)    Max Disp.Incr  Disp.Ratio  Energy.Err  LS.alpha  Contacts
  --------------------------------------------------------------------------------------------------------------------------
[PARDISO] factorising 7024x7024 system (122290 nnz) took 5.0s (one-time per matrix structure)
     1    2.6133e-11  N1684(UY)      2.9060e-01  N10001(UY)     0.0000e+00     9.95e+12    1.23e+04      1.00        74
     2    1.1412e+01  N121(UX)       1.1412e-03  N121(UX)       2.9061e-01     3.31e-03    4.81e-01      1.00        74
  ---------------------------------------------------------------------------------------------------------------------
  => Increment Converged. (Time: 29.87 s)


  STEP   INC   ATT   SEVERE   EQUIL     TOTAL      STEP      INC OF
                     DISCON   ITERS      TIME       TIME       TIME
     1     1     1       0       1     0.0050     0.0050     0.0050

  STEP  1 | t=0.0050s | dt=0.0050s | Iters= 1 | еш=[np.float64(-0.44999999368563987), np.float64(0.44999999368561777)] deg | max|u|=0.29mm

----------------------------------------------------------------------------------------------------
Step 2 | Attempting time increment: dt = 0.00750s (t: 0.0050s -> 0.0125s)
----------------------------------------------------------------------------------------------------

  Nonlinear Iteration Summary (Newton-Raphson)
  ==========================================================================================================================
  Time increment dt: 7.500e-03
  Convergence Tol  : 1.0e-03 (Disp Ratio)     Max Iterations: 25
  --------------------------------------------------------------------------------------------------------------------------
  Iter   Max Res.Force  (Node/DOF)    Max Disp.Corr  (Node/DOF)    Max Disp.Incr  Disp.Ratio  Energy.Err  LS.alpha  Contacts
  --------------------------------------------------------------------------------------------------------------------------
     1    1.1412e+01  N121(UX)       4.3593e-01  N10125(UY)     0.0000e+00     1.50e+00    2.78e+04      1.00        74
     2    2.5675e+01  N1(UX)         2.5674e-03  N1(UX)         4.3593e-01     3.43e-03    2.43e+00      1.00        74
  ---------------------------------------------------------------------------------------------------------------------
  => Increment Converged. (Time: 6.97 s)

     1     2     1       0       1     0.0125     0.0075     0.0075

  STEP  2 | t=0.0125s | dt=0.0075s | Iters= 1 | еш=[np.float64(-1.1249999830296746), np.float64(1.1249999830296826)] deg | max|u|=0.73mm

----------------------------------------------------------------------------------------------------
Step 3 | Attempting time increment: dt = 0.01125s (t: 0.0125s -> 0.0238s)
----------------------------------------------------------------------------------------------------

  Nonlinear Iteration Summary (Newton-Raphson)
  ==========================================================================================================================
  Time increment dt: 1.125e-02
  Convergence Tol  : 1.0e-03 (Disp Ratio)     Max Iterations: 25
  --------------------------------------------------------------------------------------------------------------------------
  Iter   Max Res.Force  (Node/DOF)    Max Disp.Corr  (Node/DOF)    Max Disp.Incr  Disp.Ratio  Energy.Err  LS.alpha  Contacts
  --------------------------------------------------------------------------------------------------------------------------
     1    2.5675e+01  N1(UX)         6.5389e-01  N10001(UY)     0.0000e+00     9.00e-01    6.25e+04      1.00        74
     2    5.7753e+01  N1(UX)         7.7049e-03  N3207(UY)      6.5384e-01     5.15e-03    1.23e+01      1.00        74
     3    2.5262e-03  N2587(UY)      8.5338e-04  N3207(UY)      6.5382e-01     4.06e-04    1.41e-07      1.00        74
  ---------------------------------------------------------------------------------------------------------------------
  => Increment Converged. (Time: 9.93 s)

     1     3     1       0       2     0.0238     0.0112     0.0112

  STEP  3 | t=0.0238s | dt=0.0112s | Iters= 2 | еш=[np.float64(-2.137499958593717), np.float64(2.137499958593717)] deg | max|u|=1.38mm

----------------------------------------------------------------------------------------------------
Step 4 | Attempting time increment: dt = 0.01688s (t: 0.0238s -> 0.0406s)
----------------------------------------------------------------------------------------------------

  Nonlinear Iteration Summary (Newton-Raphson)
  ==========================================================================================================================
  Time increment dt: 1.688e-02
  Convergence Tol  : 1.0e-03 (Disp Ratio)     Max Iterations: 25
  --------------------------------------------------------------------------------------------------------------------------
  Iter   Max Res.Force  (Node/DOF)    Max Disp.Corr  (Node/DOF)    Max Disp.Incr  Disp.Ratio  Energy.Err  LS.alpha  Contacts
  --------------------------------------------------------------------------------------------------------------------------
     1    2.5262e-03  N2587(UY)      9.8062e-01  N2662(UY)      0.0000e+00     7.10e-01    1.41e+05      1.00        74
     2    1.2985e+02  N121(UX)       2.6537e-02  N3207(UY)      9.8062e-01     9.01e-03    6.24e+01      1.00        74
     3    2.9850e-02  N3072(UY)      5.7339e-03  N3207(UY)      9.8036e-01     1.60e-03    8.50e-06      1.00        74
  ---------------------------------------------------------------------------------------------------------------------
  => Increment Converged. (Time: 9.86 s)

     1     4     1       0       2     0.0406     0.0169     0.0169

  STEP  4 | t=0.0406s | dt=0.0169s | Iters= 2 | еш=[np.float64(-3.656249910143423), np.float64(3.656249910143423)] deg | max|u|=2.36mm

----------------------------------------------------------------------------------------------------
Step 5 | Attempting time increment: dt = 0.02531s (t: 0.0406s -> 0.0659s)
----------------------------------------------------------------------------------------------------

  Nonlinear Iteration Summary (Newton-Raphson)
  ==========================================================================================================================
  Time increment dt: 2.531e-02
  Convergence Tol  : 1.0e-03 (Disp Ratio)     Max Iterations: 25
  --------------------------------------------------------------------------------------------------------------------------
  Iter   Max Res.Force  (Node/DOF)    Max Disp.Corr  (Node/DOF)    Max Disp.Incr  Disp.Ratio  Energy.Err  LS.alpha  Contacts
  --------------------------------------------------------------------------------------------------------------------------
     1    2.9850e-02  N3072(UY)      1.4700e+00  N2662(UY)      0.0000e+00     6.23e-01    3.16e+05      1.00        74
     2    2.9159e+02  N121(UX)       8.1535e-02  N3207(UY)      1.4700e+00     1.63e-02    3.16e+02      1.00        74
     3    2.8092e-01  N3100(UY)      2.3217e-02  N3207(UY)      1.4684e+00     4.00e-03    3.58e-04      1.00        74
  ---------------------------------------------------------------------------------------------------------------------
  => Increment Converged. (Time: 9.55 s)

     1     5     1       0       2     0.0659     0.0253     0.0253

  STEP  5 | t=0.0659s | dt=0.0253s | Iters= 2 | еш=[np.float64(-5.934374813132377), np.float64(5.934374813132377)] deg | max|u|=3.83mm

----------------------------------------------------------------------------------------------------
Step 6 | Attempting time increment: dt = 0.03797s (t: 0.0659s -> 0.1039s)
----------------------------------------------------------------------------------------------------

  Nonlinear Iteration Summary (Newton-Raphson)
  ==========================================================================================================================
  Time increment dt: 3.797e-02
  Convergence Tol  : 1.0e-03 (Disp Ratio)     Max Iterations: 25
  --------------------------------------------------------------------------------------------------------------------------
  Iter   Max Res.Force  (Node/DOF)    Max Disp.Corr  (Node/DOF)    Max Disp.Incr  Disp.Ratio  Energy.Err  LS.alpha  Contacts
  --------------------------------------------------------------------------------------------------------------------------
     1    2.8092e-01  N3100(UY)      2.1997e+00  N2542(UY)      0.0000e+00     5.76e-01    7.11e+05      1.00        74
     2    6.5298e+02  N121(UX)       1.3690e-01  N3207(UY)      2.1997e+00     1.99e-02    1.60e+03      1.00        74
     3    7.6294e-01  N3099(UY)      2.3864e-02  N3207(UY)      2.1911e+00     2.65e-03    2.05e-03      1.00        74
  ---------------------------------------------------------------------------------------------------------------------
  => Increment Converged. (Time: 9.72 s)

     1     6     1       0       2     0.1039     0.0380     0.0380

  STEP  6 | t=0.1039s | dt=0.0380s | Iters= 2 | еш=[np.float64(-9.35156219014549), np.float64(9.35156219014549)] deg | max|u|=6.02mm

----------------------------------------------------------------------------------------------------
Step 7 | Attempting time increment: dt = 0.05695s (t: 0.1039s -> 0.1609s)
----------------------------------------------------------------------------------------------------

  Nonlinear Iteration Summary (Newton-Raphson)
  ==========================================================================================================================
  Time increment dt: 5.695e-02
  Convergence Tol  : 1.0e-03 (Disp Ratio)     Max Iterations: 25
  --------------------------------------------------------------------------------------------------------------------------
  Iter   Max Res.Force  (Node/DOF)    Max Disp.Corr  (Node/DOF)    Max Disp.Incr  Disp.Ratio  Energy.Err  LS.alpha  Contacts
  --------------------------------------------------------------------------------------------------------------------------
     1    7.6294e-01  N3099(UY)      3.2745e+00  N2542(UY)      0.0000e+00     5.49e-01    1.60e+06      1.00        74
     2    1.4528e+03  N1(UX)         1.6584e-01  N3026(UX)      3.2745e+00     1.88e-02    8.09e+03      1.00        74
     3    3.2787e-01  N570(UY)       1.0807e-02  N3328(UY)      3.2469e+00     7.89e-04    7.55e-04      1.00        74
  ---------------------------------------------------------------------------------------------------------------------
  => Increment Converged. (Time: 10.26 s)

     1     7     1       0       2     0.1609     0.0570     0.0570

  STEP  7 | t=0.1609s | dt=0.0570s | Iters= 2 | еш=[np.float64(-14.477343313106795), np.float64(14.477343313106795)] deg | max|u|=9.27mm

----------------------------------------------------------------------------------------------------
Step 8 | Attempting time increment: dt = 0.08543s (t: 0.1609s -> 0.2463s)
----------------------------------------------------------------------------------------------------

  Nonlinear Iteration Summary (Newton-Raphson)
  ==========================================================================================================================
  Time increment dt: 8.543e-02
  Convergence Tol  : 1.0e-03 (Disp Ratio)     Max Iterations: 25
  --------------------------------------------------------------------------------------------------------------------------
  Iter   Max Res.Force  (Node/DOF)    Max Disp.Corr  (Node/DOF)    Max Disp.Incr  Disp.Ratio  Energy.Err  LS.alpha  Contacts
  --------------------------------------------------------------------------------------------------------------------------
     1    3.2787e-01  N570(UY)       4.8242e+00  N10001(UY)     0.0000e+00     5.33e-01    3.60e+06      1.00        74
     2    3.1836e+03  N1(UX)         3.4214e-01  N3026(UX)      4.8212e+00     2.43e-02    4.10e+04      1.00        74
     3    1.5583e+00  N2506(UY)      1.3022e-02  N3449(UY)      4.7310e+00     6.95e-04    1.73e-02      1.00        74
  ---------------------------------------------------------------------------------------------------------------------
  => Increment Converged. (Time: 9.86 s)

     1     8     1       0       2     0.2463     0.0854     0.0854

  STEP  8 | t=0.2463s | dt=0.0854s | Iters= 2 | еш=[np.float64(-22.16601498549818), np.float64(22.166014985498176)] deg | max|u|=14.00mm

----------------------------------------------------------------------------------------------------
Step 9 | Attempting time increment: dt = 0.10000s (t: 0.2463s -> 0.3463s)
----------------------------------------------------------------------------------------------------

  Nonlinear Iteration Summary (Newton-Raphson)
  ==========================================================================================================================
  Time increment dt: 1.000e-01
  Convergence Tol  : 1.0e-03 (Disp Ratio)     Max Iterations: 25
  --------------------------------------------------------------------------------------------------------------------------
  Iter   Max Res.Force  (Node/DOF)    Max Disp.Corr  (Node/DOF)    Max Disp.Incr  Disp.Ratio  Energy.Err  LS.alpha  Contacts
  --------------------------------------------------------------------------------------------------------------------------
     1    1.5583e+00  N2506(UY)      5.4120e+00  N10125(UY)     0.0000e+00     4.09e-01    4.93e+06      1.00        74
     2    4.1286e+03  N121(UX)       4.3509e-01  N3026(UX)      5.3998e+00     2.31e-02    7.69e+04      1.00        74
     3    2.6781e+00  N1538(UY)      1.5004e-02  N3082(UY)      5.2236e+00     6.74e-04    6.33e-02      1.00        74
  ---------------------------------------------------------------------------------------------------------------------
  => Increment Converged. (Time: 9.55 s)

     1     9     1       0       2     0.3463     0.1000     0.1000

  STEP  9 | t=0.3463s | dt=0.1000s | Iters= 2 | еш=[np.float64(-31.16601473682473), np.float64(31.166014736824724)] deg | max|u|=19.22mm

----------------------------------------------------------------------------------------------------
Step 10 | Attempting time increment: dt = 0.10000s (t: 0.3463s -> 0.4463s)
----------------------------------------------------------------------------------------------------

  Nonlinear Iteration Summary (Newton-Raphson)
  ==========================================================================================================================
  Time increment dt: 1.000e-01
  Convergence Tol  : 1.0e-03 (Disp Ratio)     Max Iterations: 25
  --------------------------------------------------------------------------------------------------------------------------
  Iter   Max Res.Force  (Node/DOF)    Max Disp.Corr  (Node/DOF)    Max Disp.Incr  Disp.Ratio  Energy.Err  LS.alpha  Contacts
  --------------------------------------------------------------------------------------------------------------------------
     1    2.6781e+00  N1538(UY)      5.0138e+00  N10125(UY)     0.0000e+00     2.93e-01    4.93e+06      1.00        74
     2    3.7743e+03  N1(UX)         3.9468e-01  N3146(UX)      4.9904e+00     1.79e-02    7.69e+04      1.00        74
     3    2.3653e+00  N1538(UY)      1.2326e-02  N1158(UY)      4.7627e+00     4.59e-04    6.40e-02      1.00        74
  ---------------------------------------------------------------------------------------------------------------------
  => Increment Converged. (Time: 9.80 s)

     1    10     1       0       2     0.4463     0.1000     0.1000

  STEP 10 | t=0.4463s | dt=0.1000s | Iters= 2 | еш=[np.float64(-40.16601448501176), np.float64(40.16601448501176)] deg | max|u|=23.98mm

----------------------------------------------------------------------------------------------------
Step 11 | Attempting time increment: dt = 0.10000s (t: 0.4463s -> 0.5463s)
----------------------------------------------------------------------------------------------------

  Nonlinear Iteration Summary (Newton-Raphson)
  ==========================================================================================================================
  Time increment dt: 1.000e-01
  Convergence Tol  : 1.0e-03 (Disp Ratio)     Max Iterations: 25
  --------------------------------------------------------------------------------------------------------------------------
  Iter   Max Res.Force  (Node/DOF)    Max Disp.Corr  (Node/DOF)    Max Disp.Incr  Disp.Ratio  Energy.Err  LS.alpha  Contacts
  --------------------------------------------------------------------------------------------------------------------------
     1    2.3653e+00  N1538(UY)      4.4920e+00  N10001(UY)     0.0000e+00     2.29e-01    4.93e+06      1.00        74
     2    3.3271e+03  N1(UX)         3.4622e-01  N3146(UX)      4.4548e+00     1.47e-02    7.69e+04      1.00        74
     3    2.3859e+00  N641(UX)       1.1192e-02  N676(UY)       4.1845e+00     3.46e-04    6.37e-02      1.00        74
  ---------------------------------------------------------------------------------------------------------------------
  => Increment Converged. (Time: 9.16 s)

     1    11     1       0       2     0.5463     0.1000     0.1000

  STEP 11 | t=0.5463s | dt=0.1000s | Iters= 2 | еш=[np.float64(-49.16601423307921), np.float64(49.166014233079196)] deg | max|u|=28.17mm

----------------------------------------------------------------------------------------------------
Step 12 | Attempting time increment: dt = 0.10000s (t: 0.5463s -> 0.6463s)
----------------------------------------------------------------------------------------------------

  Nonlinear Iteration Summary (Newton-Raphson)
  ==========================================================================================================================
  Time increment dt: 1.000e-01
  Convergence Tol  : 1.0e-03 (Disp Ratio)     Max Iterations: 25
  --------------------------------------------------------------------------------------------------------------------------
  Iter   Max Res.Force  (Node/DOF)    Max Disp.Corr  (Node/DOF)    Max Disp.Incr  Disp.Ratio  Energy.Err  LS.alpha  Contacts
  --------------------------------------------------------------------------------------------------------------------------
     1    2.3861e+00  N641(UX)       4.4569e+00  N3509(UX)      0.0000e+00     1.89e-01    4.93e+06      1.00        74
     2    3.6027e+03  N1(UY)         3.7372e-01  N3389(UY)      4.6772e+00     1.26e-02    7.69e+04      1.00        74
     3    2.6659e+00  N641(UX)       1.6846e-02  N3086(UY)      4.7472e+00     2.87e-04    6.76e-02      1.00        74
  ---------------------------------------------------------------------------------------------------------------------
  => Increment Converged. (Time: 9.36 s)

     1    12     1       0       2     0.6463     0.1000     0.1000

  STEP 12 | t=0.6463s | dt=0.1000s | Iters= 2 | еш=[np.float64(-58.16601403095589), np.float64(58.16601403095589)] deg | max|u|=31.67mm

----------------------------------------------------------------------------------------------------
Step 13 | Attempting time increment: dt = 0.10000s (t: 0.6463s -> 0.7463s)
----------------------------------------------------------------------------------------------------

  Nonlinear Iteration Summary (Newton-Raphson)
  ==========================================================================================================================
  Time increment dt: 1.000e-01
  Convergence Tol  : 1.0e-03 (Disp Ratio)     Max Iterations: 25
  --------------------------------------------------------------------------------------------------------------------------
  Iter   Max Res.Force  (Node/DOF)    Max Disp.Corr  (Node/DOF)    Max Disp.Incr  Disp.Ratio  Energy.Err  LS.alpha  Contacts
  --------------------------------------------------------------------------------------------------------------------------
     1    2.6662e+00  N641(UX)       5.0038e+00  N3389(UX)      0.0000e+00     1.62e-01    4.93e+06      1.00        74
     2    3.9960e+03  N121(UY)       4.1484e-01  N3509(UY)      5.1577e+00     1.13e-02    7.69e+04      1.00        74
     3    2.3373e+01  N1153(UY)      3.1899e-02  N63(UY)        5.2315e+00     4.02e-04    9.62e-01      1.00        74
  ---------------------------------------------------------------------------------------------------------------------
  => Increment Converged. (Time: 9.58 s)

     1    13     1       0       2     0.7463     0.1000     0.1000

  STEP 13 | t=0.7463s | dt=0.1000s | Iters= 2 | еш=[np.float64(-67.16601394649777), np.float64(67.16601394649777)] deg | max|u|=34.41mm

----------------------------------------------------------------------------------------------------
Step 14 | Attempting time increment: dt = 0.10000s (t: 0.7463s -> 0.8463s)
----------------------------------------------------------------------------------------------------

  Nonlinear Iteration Summary (Newton-Raphson)
  ==========================================================================================================================
  Time increment dt: 1.000e-01
  Convergence Tol  : 1.0e-03 (Disp Ratio)     Max Iterations: 25
  --------------------------------------------------------------------------------------------------------------------------
  Iter   Max Res.Force  (Node/DOF)    Max Disp.Corr  (Node/DOF)    Max Disp.Incr  Disp.Ratio  Energy.Err  LS.alpha  Contacts
  --------------------------------------------------------------------------------------------------------------------------
     1    2.3373e+01  N1153(UY)      5.4261e+00  N3509(UX)      0.0000e+00     1.42e-01    4.93e+06      1.00        74
     2    4.2910e+03  N121(UY)       4.4067e-01  N3389(UY)      5.5113e+00     9.87e-03    7.69e+04      1.00        74
     3    6.0556e+00  N2122(UX)      1.2986e-02  N67(UX)        5.5841e+00     2.36e-04    1.24e-01      1.00        74
  ---------------------------------------------------------------------------------------------------------------------
  => Increment Converged. (Time: 10.00 s)

     1    14     1       0       2     0.8463     0.1000     0.1000

  STEP 14 | t=0.8463s | dt=0.1000s | Iters= 2 | еш=[np.float64(-76.16601393310373), np.float64(76.16601393310373)] deg | max|u|=36.31mm

----------------------------------------------------------------------------------------------------
Step 15 | Attempting time increment: dt = 0.10000s (t: 0.8463s -> 0.9463s)
----------------------------------------------------------------------------------------------------

  Nonlinear Iteration Summary (Newton-Raphson)
  ==========================================================================================================================
  Time increment dt: 1.000e-01
  Convergence Tol  : 1.0e-03 (Disp Ratio)     Max Iterations: 25
  --------------------------------------------------------------------------------------------------------------------------
  Iter   Max Res.Force  (Node/DOF)    Max Disp.Corr  (Node/DOF)    Max Disp.Incr  Disp.Ratio  Energy.Err  LS.alpha  Contacts
  --------------------------------------------------------------------------------------------------------------------------
     1    6.0554e+00  N2122(UX)      5.7110e+00  N3509(UX)      0.0000e+00     1.28e-01    4.93e+06      1.00        74
     2    4.4803e+03  N1(UY)         4.6008e-01  N3509(UY)      5.7291e+00     9.07e-03    7.69e+04      1.00        74
     3    1.1783e+01  N2114(UX)      2.8497e-02  N55(UX)        5.7983e+00     3.38e-04    3.67e-01      1.00        74
  ---------------------------------------------------------------------------------------------------------------------
  => Increment Converged. (Time: 9.52 s)

     1    15     1       0       2     0.9463     0.1000     0.1000

  STEP 15 | t=0.9463s | dt=0.1000s | Iters= 2 | еш=[np.float64(-85.16601388327776), np.float64(85.16601388327777)] deg | max|u|=37.33mm

----------------------------------------------------------------------------------------------------
Step 16 | Attempting time increment: dt = 0.05371s (t: 0.9463s -> 1.0000s)
----------------------------------------------------------------------------------------------------

  Nonlinear Iteration Summary (Newton-Raphson)
  ==========================================================================================================================
  Time increment dt: 5.371e-02
  Convergence Tol  : 1.0e-03 (Disp Ratio)     Max Iterations: 25
  --------------------------------------------------------------------------------------------------------------------------
  Iter   Max Res.Force  (Node/DOF)    Max Disp.Corr  (Node/DOF)    Max Disp.Incr  Disp.Ratio  Energy.Err  LS.alpha  Contacts
  --------------------------------------------------------------------------------------------------------------------------
     1    1.1783e+01  N2114(UX)      3.1450e+00  N3389(UX)      0.0000e+00     6.26e-02    1.42e+06      1.00        74
     2    1.3145e+03  N1(UY)         1.3218e-01  N3389(UY)      3.1450e+00     2.47e-03    6.40e+03      1.00        74
     3    8.7721e-01  N671(UX)       1.8792e-03  N54(UX)        3.1532e+00     2.59e-05    9.51e-04      1.00        74
  ---------------------------------------------------------------------------------------------------------------------
  => Increment Converged. (Time: 9.52 s)

     1    16     1       0       2     1.0000     0.0537     0.0537

  STEP 16 | t=1.0000s | dt=0.0537s | Iters= 2 | еш=[np.float64(-89.99999826226072), np.float64(89.99999826226072)] deg | max|u|=37.56mm

====================================================================================================
 SUCCESS: 90-degree display folding simulation completed in 175.35s!
====================================================================================================
Saved result (16 steps) for re-analysis: D:\PythonCodeStudy\WHT_DispFoldSolver\examples\ex13_build_result.pkl
  reload with: from dispsolver.postprocess import load_result; r = load_result(r'D:\PythonCodeStudy\WHT_DispFoldSolver\examples\ex13_build_result.pkl')

=======================================================================================================================================================================================================================================================================
 Interlayer slip at x = -40.00 mm   [um, cumulative from bottom surface]
=======================================================================================================================================================================================================================================================================
 theta[deg]       L1       L2       L3       L4       L5       L6       L7       L8       L9      L10      L11      L12      L13      L14      L15      L16      L17      L18      L19      L20      L21      L22      L23      L24      L25      L26      L27      L28
-----------------------------------------------------------------------------------------------------------------------------------------------------------------------------------------------------------------------------------------------------------------------
       0.45     0.54     0.54     0.54     0.54     1.10     1.10     1.10     1.10     1.68     1.68     1.68     1.68     2.25     2.25     2.25     2.25     2.79     2.79     2.79     2.79     3.24     3.24     3.24     3.24     3.52     3.52     3.52     3.52
       1.12     1.65     1.65     1.65     1.65     3.23     3.23     3.23     3.23     4.77     4.77     4.77     4.77     6.24     6.24     6.24     6.25     7.61     7.61     7.61     7.61     8.74     8.75     8.75     8.75     9.45     9.45     9.46     9.46
       2.14     4.15     4.16     4.16     4.16     7.78     7.78     7.78     7.78    11.01    11.01    11.01    11.02    13.96    13.97    13.97    13.97    16.63    16.63    16.63    16.63    18.82    18.83    18.83    18.83    20.18    20.18    20.19    20.19
       3.66     8.62     8.62     8.63     8.63    15.71    15.72    15.72    15.73    21.70    21.70    21.71    21.71    26.98    26.98    26.99    26.99    31.64    31.64    31.64    31.65    35.44    35.44    35.45    35.45    37.77    37.78    37.78    37.78
       5.93    15.52    15.52    15.53    15.53    27.95    27.95    27.96    27.97    38.13    38.14    38.14    38.15    46.92    46.92    46.93    46.94    54.57    54.58    54.59    54.60    60.78    60.78    60.79    60.80    64.56    64.57    64.58    64.58
       9.35    20.49    20.49    20.50    20.51    37.63    37.64    37.65    37.66    52.39    52.40    52.41    52.42    65.60    65.61    65.62    65.63    77.34    77.35    77.36    77.37    86.93    86.94    86.96    86.97    92.80    92.81    92.82    92.83
      14.48    21.21    21.22    21.23    21.24    41.48    41.49    41.50    41.51    61.05    61.07    61.08    61.10    79.85    79.86    79.88    79.90    97.19    97.21    97.23    97.25   111.64   111.66   111.67   111.69   120.55   120.56   120.58   120.59
      22.17    20.09    20.10    20.11    20.13    44.40    44.42    44.43    44.45    70.84    70.86    70.89    70.91    97.75    97.77    97.80    97.82   123.29   123.32   123.34   123.37   144.87   144.90   144.92   144.95   158.31   158.33   158.36   158.38
      31.17    18.53    18.54    18.56    18.57    47.33    47.35    47.38    47.40    81.50    81.53    81.56    81.59   117.52   117.55   117.58   117.62   152.26   152.30   152.33   152.37   181.91   181.95   181.98   182.02   200.55   200.58   200.61   200.64
      40.17    19.02    19.04    19.06    19.07    52.41    52.44    52.47    52.51    93.94    93.98    94.02    94.07   138.54   138.58   138.63   138.67   181.94   181.99   182.04   182.08   219.25   219.29   219.34   219.38   242.89   242.93   242.97   243.01
      49.17    19.13    19.15    19.17    19.19    56.67    56.71    56.75    56.79   104.94   104.99   105.04   105.09   157.39   157.44   157.50   157.55   208.77   208.83   208.89   208.95   253.21   253.27   253.33   253.38   281.64   281.69   281.75   281.80
      58.17    18.36    18.38    18.41    18.43    59.26    59.30    59.35    59.39   113.39   113.45   113.51   113.57   172.78   172.85   172.91   172.98   231.27   231.34   231.41   231.47   282.14   282.21   282.28   282.34   314.97   315.03   315.09   315.16
      67.17    16.57    16.60    16.63    16.65    59.91    59.96    60.01    60.06   118.92   118.99   119.05   119.12   184.22   184.30   184.37   184.45   248.86   248.94   249.02   249.09   305.40   305.47   305.55   305.63   342.22   342.29   342.36   342.43
      76.17    14.83    14.86    14.89    14.92    60.46    60.52    60.57    60.63   123.95   124.03   124.10   124.18   194.64   194.72   194.81   194.89   264.85   264.94   265.03   265.11   326.56   326.64   326.73   326.81   367.08   367.16   367.24   367.32
      85.17    13.50    13.53    13.57    13.60    61.58    61.64    61.70    61.76   129.40   129.49   129.57   129.65   205.17   205.26   205.36   205.45   280.64   280.74   280.84   280.94   347.31   347.40   347.50   347.59   391.51   391.60   391.69   391.78
      90.00    17.46    17.49    17.53    17.56    67.55    67.61    67.68    67.74   137.78   137.87   137.96   138.04   216.18   216.29   216.39   216.49   294.34   294.45   294.55   294.66   363.50   363.60   363.70   363.81   409.54   409.64   409.73   409.83
-----------------------------------------------------------------------------------------------------------------------------------------------------------------------------------------------------------------------------------------------------------------------
 final total staircase : +409.83 um at theta = 90.00 deg
 carried by            : ? +0.55 um (0.1%),  PET +1.22 um (0.3%),  PSA +408.05 um (99.6%)
 (equal-thickness rows -> a ~50/50 split means bending tilt, not interlayer shear)

=======================================================================================================================================================================================================================================================================
 Interlayer slip at x = +40.00 mm   [um, cumulative from bottom surface]
=======================================================================================================================================================================================================================================================================
 theta[deg]       L1       L2       L3       L4       L5       L6       L7       L8       L9      L10      L11      L12      L13      L14      L15      L16      L17      L18      L19      L20      L21      L22      L23      L24      L25      L26      L27      L28
-----------------------------------------------------------------------------------------------------------------------------------------------------------------------------------------------------------------------------------------------------------------------
       0.45     0.54     0.54     0.54     0.54     1.10     1.10     1.10     1.10     1.68     1.68     1.68     1.68     2.25     2.25     2.25     2.25     2.79     2.79     2.79     2.79     3.24     3.24     3.24     3.24     3.52     3.52     3.52     3.52
       1.12     1.65     1.65     1.65     1.65     3.23     3.23     3.23     3.23     4.77     4.77     4.77     4.77     6.24     6.24     6.24     6.25     7.61     7.61     7.61     7.61     8.74     8.75     8.75     8.75     9.45     9.45     9.46     9.46
       2.14     4.15     4.16     4.16     4.16     7.78     7.78     7.78     7.78    11.01    11.01    11.01    11.02    13.96    13.97    13.97    13.97    16.63    16.63    16.63    16.63    18.82    18.83    18.83    18.83    20.18    20.18    20.19    20.19
       3.66     8.62     8.62     8.63     8.63    15.71    15.72    15.72    15.73    21.70    21.70    21.71    21.71    26.98    26.98    26.99    26.99    31.64    31.64    31.64    31.65    35.44    35.44    35.45    35.45    37.77    37.78    37.78    37.78
       5.93    15.52    15.52    15.53    15.53    27.95    27.95    27.96    27.97    38.13    38.14    38.14    38.15    46.92    46.92    46.93    46.94    54.57    54.58    54.59    54.60    60.78    60.78    60.79    60.80    64.56    64.57    64.58    64.58
       9.35    20.49    20.49    20.50    20.51    37.63    37.64    37.65    37.66    52.39    52.40    52.41    52.42    65.60    65.61    65.62    65.63    77.34    77.35    77.36    77.37    86.93    86.94    86.96    86.97    92.80    92.81    92.82    92.83
      14.48    21.21    21.22    21.23    21.24    41.48    41.49    41.50    41.51    61.05    61.07    61.08    61.10    79.85    79.86    79.88    79.90    97.19    97.21    97.23    97.25   111.64   111.66   111.67   111.69   120.55   120.56   120.58   120.59
      22.17    20.09    20.10    20.11    20.13    44.40    44.42    44.43    44.45    70.84    70.86    70.89    70.91    97.75    97.77    97.80    97.82   123.29   123.32   123.34   123.37   144.87   144.90   144.92   144.95   158.31   158.33   158.36   158.38
      31.17    18.53    18.54    18.56    18.57    47.33    47.35    47.38    47.40    81.50    81.53    81.56    81.59   117.52   117.55   117.58   117.62   152.26   152.30   152.33   152.37   181.91   181.95   181.98   182.02   200.55   200.58   200.61   200.64
      40.17    19.02    19.04    19.06    19.07    52.41    52.44    52.47    52.51    93.94    93.98    94.02    94.07   138.54   138.58   138.63   138.67   181.94   181.99   182.04   182.08   219.25   219.29   219.34   219.38   242.89   242.93   242.97   243.01
      49.17    19.13    19.15    19.17    19.19    56.67    56.71    56.75    56.79   104.94   104.99   105.04   105.09   157.39   157.44   157.50   157.55   208.77   208.83   208.89   208.95   253.21   253.27   253.33   253.38   281.64   281.69   281.75   281.80
      58.17    18.36    18.38    18.41    18.43    59.26    59.30    59.35    59.39   113.39   113.45   113.51   113.57   172.78   172.85   172.91   172.98   231.27   231.34   231.41   231.47   282.14   282.21   282.28   282.34   314.97   315.03   315.09   315.16
      67.17    16.57    16.60    16.63    16.65    59.91    59.96    60.01    60.06   118.92   118.99   119.05   119.12   184.22   184.30   184.37   184.45   248.86   248.94   249.02   249.09   305.40   305.47   305.55   305.63   342.22   342.29   342.36   342.43
      76.17    14.83    14.86    14.89    14.92    60.46    60.52    60.57    60.63   123.95   124.03   124.10   124.18   194.64   194.72   194.81   194.89   264.85   264.94   265.03   265.11   326.56   326.64   326.73   326.81   367.08   367.16   367.24   367.32
      85.17    13.50    13.53    13.57    13.60    61.58    61.64    61.70    61.76   129.40   129.49   129.57   129.65   205.17   205.26   205.36   205.45   280.64   280.74   280.84   280.94   347.31   347.40   347.50   347.59   391.51   391.60   391.69   391.78
      90.00    17.46    17.49    17.53    17.56    67.55    67.61    67.68    67.74   137.78   137.87   137.96   138.04   216.18   216.29   216.39   216.49   294.34   294.45   294.55   294.66   363.50   363.60   363.70   363.81   409.54   409.64   409.73   409.83
-----------------------------------------------------------------------------------------------------------------------------------------------------------------------------------------------------------------------------------------------------------------------
 final total staircase : +409.83 um at theta = 90.00 deg
 carried by            : ? +0.55 um (0.1%),  PET +1.22 um (0.3%),  PSA +408.05 um (99.6%)
 (equal-thickness rows -> a ~50/50 split means bending tilt, not interlayer shear)

Saving before (flat) shape visualization to: D:\PythonCodeStudy\WHT_DispFoldSolver\examples\ex13_build_before_folding_shape.png
[PNG] Deformed shape saved: D:\PythonCodeStudy\WHT_DispFoldSolver\examples\ex13_build_before_folding_shape.png
Saving after (final) shape visualization to: D:\PythonCodeStudy\WHT_DispFoldSolver\examples\ex13_build_final_folding_shape.png
[PNG] Deformed shape saved: D:\PythonCodeStudy\WHT_DispFoldSolver\examples\ex13_build_final_folding_shape.png
Done.
====================================================================================================
 EX13 [build] SUMMARY: nodes=3697  elements=3480  rbe2_constraints=2  penalty_constraints=2  reached_target=True
====================================================================================================
