D:\PythonCodeStudy\WHT_DispFoldSolver\dispsolver\io\abaqus_parser.py:131: UserWarning: Unsupported keyword: *SECTION CONTROLS \u2014 skipping
  warnings.warn(f"Unsupported keyword: *{block.keyword} \u2014 skipping")
Found translation boundary conditions on 4 DOFs.
Found prescribed rotations on master nodes: {100000: -1.570796, 100306: 1.570796}
====================================================================================================
 MODEL REVIEW
====================================================================================================
Materials (4 distinct):
  - PSA: Arruda-Boyce + Prony viscoelastic: mu=0.015614, lambda_m=3.0, K=0.83333
  - PET: J2 plasticity: E=4000.0, nu=0.3, sigma_y0=80.0, H=400.0
  - GLASS: J2 plasticity: E=70000.0, nu=0.22, sigma_y0=1000000000.0, H=0.0
  - STEEL: NeoHookean: E=20000.0, nu=0.3
Parts / Layers (16 total):
  - pid 1: 142 elements, material=PSA, thickness=0.0300 mm (30.0 um), element=CPE4I
  - pid 2: 606 elements, material=PET, thickness=0.0600 mm (60.0 um), element=Q4_COROTATIONAL_SRI
  - pid 3: 202 elements, material=PSA, thickness=0.0300 mm (30.0 um), element=CPE4I
  - pid 4: 606 elements, material=PET, thickness=0.0600 mm (60.0 um), element=Q4_COROTATIONAL_SRI
  - pid 5: 202 elements, material=PSA, thickness=0.0300 mm (30.0 um), element=CPE4I
  - pid 6: 606 elements, material=PET, thickness=0.0600 mm (60.0 um), element=Q4_COROTATIONAL_SRI
  - pid 7: 202 elements, material=PSA, thickness=0.0300 mm (30.0 um), element=CPE4I
  - pid 8: 606 elements, material=PET, thickness=0.0600 mm (60.0 um), element=Q4_COROTATIONAL_SRI
  - pid 9: 202 elements, material=PSA, thickness=0.0300 mm (30.0 um), element=CPE4I
  - pid 10: 606 elements, material=PET, thickness=0.0600 mm (60.0 um), element=Q4_COROTATIONAL_SRI
  - pid 11: 202 elements, material=PSA, thickness=0.0300 mm (30.0 um), element=CPE4I
  - pid 12: 606 elements, material=PET, thickness=0.0600 mm (60.0 um), element=Q4_COROTATIONAL_SRI
  - pid 13: 202 elements, material=PSA, thickness=0.0300 mm (30.0 um), element=CPE4I
  - pid 14: 606 elements, material=GLASS, thickness=0.0600 mm (60.0 um), element=Q4_COROTATIONAL_SRI
  - Plate Left: 240 elements, material=STEEL, thickness=0.5000 mm (500.0 um), element=Q4_COROTATIONAL
  - Plate Right: 240 elements, material=STEEL, thickness=0.5000 mm (500.0 um), element=Q4_COROTATIONAL
Total elements: 6076, total layers/parts: 16
====================================================================================================
[PNG] Deformed shape saved: D:\PythonCodeStudy\WHT_DispFoldSolver\examples\dbg3_b.png
----------------------------------------------------------------------------------------------------
Step 1 | Attempting time increment: dt = 0.00500s (t: 0.0000s -> 0.0050s)
----------------------------------------------------------------------------------------------------

  Nonlinear Iteration Summary (Newton-Raphson)
  ==========================================================================================================================
  Time increment dt: 5.000e-03
  Convergence Tol  : 1.0e-02 (Disp Ratio)     Max Iterations: 50
  --------------------------------------------------------------------------------------------------------------------------
  Iter   Max Res.Force  (Node/DOF)    Max Disp.Corr  (Node/DOF)    Max Disp.Incr  Disp.Ratio  Energy.Err  LS.alpha  TieNodes
  --------------------------------------------------------------------------------------------------------------------------
     1    1.1735e+02  N1(UY)         7.5224e-05  N1(UY)         7.5224e-05     9.39e-01    5.21e-01      1.00       122
     2    3.6811e-06  N144(UY)       2.4494e-10  N246(UY)       7.5224e-05     2.55e-06    5.17e-16      1.00       122
  ---------------------------------------------------------------------------------------------------------------------
  => Increment Converged. (Time: 72.79 s)


  STEP   INC   ATT   SEVERE   EQUIL     TOTAL      STEP      INC OF
                     DISCON   ITERS      TIME       TIME       TIME
     1     1     1       0       1     0.0050     0.0050     0.0050
[ALPHA] max|a|=9.9859e-07 (no clamp)  mean|a|(nonzero)=2.731e-09  local_status max=3.08e-11  n_nonfinite_status=0  cum_local_failures=0

  [MONITOR] Step   1 | Time 0.0050s / 1.0s (  0.5%)
            Fold Angle: Target +-  0.00deg | Actual [-0.00deg, +0.00deg]
            Plate Tips Y: Left= -0.50mm | Right= -0.50mm | Max Disp=  0.00mm
            Newton Iters:  1 | dt: 0.00500s
            [DIAGNOSTIC] display/plate max|u| ratio=1.0000 (display=0.000mm, plate=0.000mm)
            [DIAGNOSTIC] Real tie gap (not just active-pair count): DISPLAY_BOT_L_PLATE_L_TOP_TIE: max_gap=0.0000mm mean=0.0000mm n=61 | DISPLAY_BOT_R_PLATE_R_TOP_TIE: max_gap=0.0000mm mean=0.0000mm n=61
            [DIAGNOSTIC] Hinge curvature: max_curv_ratio=11.79 kink_detected=True at x=8.50mm

[PNG] Deformed shape saved: D:\PythonCodeStudy\WHT_DispFoldSolver\examples\dbg3_a.png
----------------------------------------------------------------------------------------------------
Step 2 | Attempting time increment: dt = 0.00750s (t: 0.0050s -> 0.0125s)
----------------------------------------------------------------------------------------------------

  Nonlinear Iteration Summary (Newton-Raphson)
  ==========================================================================================================================
  Time increment dt: 7.500e-03
  Convergence Tol  : 1.0e-02 (Disp Ratio)     Max Iterations: 50
  --------------------------------------------------------------------------------------------------------------------------
  Iter   Max Res.Force  (Node/DOF)    Max Disp.Corr  (Node/DOF)    Max Disp.Incr  Disp.Ratio  Energy.Err  LS.alpha  TieNodes
  --------------------------------------------------------------------------------------------------------------------------
     1    1.0002e+03  N144(UY)       6.4115e-04  N144(UY)       1.0869e-03     5.18e-01    3.79e+01      1.00       122
     2    2.7826e-05  N1(UY)         1.5539e-08  N5321(UY)      1.0869e-03     1.06e-05    4.46e-14      1.00       122
  ---------------------------------------------------------------------------------------------------------------------
  => Increment Converged. (Time: 9.69 s)

     1     2     1       0       1     0.0125     0.0075     0.0075
[ALPHA] max|a|=1.5612e-05 (no clamp)  mean|a|(nonzero)=4.453e-08  local_status max=9.77e-09  n_nonfinite_status=0  cum_local_failures=0

  [MONITOR] Step   2 | Time 0.0125s / 1.0s (  1.2%)
            Fold Angle: Target +-  0.00deg | Actual [-0.00deg, +0.00deg]
            Plate Tips Y: Left= -0.50mm | Right= -0.50mm | Max Disp=  0.00mm
            Newton Iters:  1 | dt: 0.00750s
            [DIAGNOSTIC] display/plate max|u| ratio=1.0000 (display=0.001mm, plate=0.000mm)
            [DIAGNOSTIC] Real tie gap (not just active-pair count): DISPLAY_BOT_L_PLATE_L_TOP_TIE: max_gap=0.0000mm mean=0.0000mm n=61 | DISPLAY_BOT_R_PLATE_R_TOP_TIE: max_gap=0.0000mm mean=0.0000mm n=61

[PNG] Deformed shape saved: D:\PythonCodeStudy\WHT_DispFoldSolver\examples\dbg3_a.png
----------------------------------------------------------------------------------------------------
Step 3 | Attempting time increment: dt = 0.01000s (t: 0.0125s -> 0.0225s)
----------------------------------------------------------------------------------------------------

  Nonlinear Iteration Summary (Newton-Raphson)
  ==========================================================================================================================
  Time increment dt: 1.000e-02
  Convergence Tol  : 1.0e-02 (Disp Ratio)     Max Iterations: 50
  --------------------------------------------------------------------------------------------------------------------------
  Iter   Max Res.Force  (Node/DOF)    Max Disp.Corr  (Node/DOF)    Max Disp.Incr  Disp.Ratio  Energy.Err  LS.alpha  TieNodes
  --------------------------------------------------------------------------------------------------------------------------
     1    1.6000e+03  N1(UY)         1.0256e-03  N1(UY)         5.5133e-03     1.44e-01    9.69e+01      1.00       122
     2    2.6084e-05  N1(UY)         1.6775e-07  N5321(UY)      5.5133e-03     1.94e-05    1.27e-13      1.00       122
  ---------------------------------------------------------------------------------------------------------------------
  => Increment Converged. (Time: 9.26 s)

     1     3     1       0       1     0.0225     0.0100     0.0100
[ALPHA] max|a|=9.0150e-05 (no clamp)  mean|a|(nonzero)=2.598e-07  local_status max=9.17e-09  n_nonfinite_status=0  cum_local_failures=0

  [MONITOR] Step   3 | Time 0.0225s / 1.0s (  2.2%)
            Fold Angle: Target +-  0.01deg | Actual [-0.01deg, +0.01deg]
            Plate Tips Y: Left= -0.49mm | Right= -0.49mm | Max Disp=  0.01mm
            Newton Iters:  1 | dt: 0.01000s
            [DIAGNOSTIC] display/plate max|u| ratio=1.0000 (display=0.007mm, plate=0.000mm)
            [DIAGNOSTIC] Real tie gap (not just active-pair count): DISPLAY_BOT_L_PLATE_L_TOP_TIE: max_gap=0.0000mm mean=0.0000mm n=61 | DISPLAY_BOT_R_PLATE_R_TOP_TIE: max_gap=0.0000mm mean=0.0000mm n=61

[PNG] Deformed shape saved: D:\PythonCodeStudy\WHT_DispFoldSolver\examples\dbg3_a.png
----------------------------------------------------------------------------------------------------
Step 4 | Attempting time increment: dt = 0.01000s (t: 0.0225s -> 0.0325s)
----------------------------------------------------------------------------------------------------

  Nonlinear Iteration Summary (Newton-Raphson)
  ==========================================================================================================================
  Time increment dt: 1.000e-02
  Convergence Tol  : 1.0e-02 (Disp Ratio)     Max Iterations: 50
  --------------------------------------------------------------------------------------------------------------------------
  Iter   Max Res.Force  (Node/DOF)    Max Disp.Corr  (Node/DOF)    Max Disp.Incr  Disp.Ratio  Energy.Err  LS.alpha  TieNodes
  --------------------------------------------------------------------------------------------------------------------------
     1    2.2071e+03  N144(UY)       1.4148e-03  N347(UY)       1.3137e-02     6.70e-02    1.84e+02      1.00       122
     2    1.0814e-03  N144(UY)       7.4126e-07  N5321(UY)      1.3137e-02     2.87e-05    4.47e-11      1.00       122
  ---------------------------------------------------------------------------------------------------------------------
  => Increment Converged. (Time: 9.49 s)

     1     4     1       0       1     0.0325     0.0100     0.0100
[ALPHA] max|a|=2.6866e-04 (no clamp)  mean|a|(nonzero)=7.723e-07  local_status max=8.68e-09  n_nonfinite_status=0  cum_local_failures=0

  [MONITOR] Step   4 | Time 0.0325s / 1.0s (  3.2%)
            Fold Angle: Target +-  0.03deg | Actual [-0.03deg, +0.03deg]
            Plate Tips Y: Left= -0.48mm | Right= -0.48mm | Max Disp=  0.02mm
            Newton Iters:  1 | dt: 0.01000s
            [DIAGNOSTIC] display/plate max|u| ratio=1.0000 (display=0.020mm, plate=0.000mm)
            [DIAGNOSTIC] Real tie gap (not just active-pair count): DISPLAY_BOT_L_PLATE_L_TOP_TIE: max_gap=0.0000mm mean=0.0000mm n=61 | DISPLAY_BOT_R_PLATE_R_TOP_TIE: max_gap=0.0000mm mean=0.0000mm n=61

[PNG] Deformed shape saved: D:\PythonCodeStudy\WHT_DispFoldSolver\examples\dbg3_a.png
----------------------------------------------------------------------------------------------------
Step 5 | Attempting time increment: dt = 0.01000s (t: 0.0325s -> 0.0425s)
----------------------------------------------------------------------------------------------------

  Nonlinear Iteration Summary (Newton-Raphson)
  ==========================================================================================================================
  Time increment dt: 1.000e-02
  Convergence Tol  : 1.0e-02 (Disp Ratio)     Max Iterations: 50
  --------------------------------------------------------------------------------------------------------------------------
  Iter   Max Res.Force  (Node/DOF)    Max Disp.Corr  (Node/DOF)    Max Disp.Incr  Disp.Ratio  Energy.Err  LS.alpha  TieNodes
  --------------------------------------------------------------------------------------------------------------------------
     1    1.2891e+03  N1(UY)         8.2669e-04  N145(UY)       2.3816e-02     1.78e-02    6.29e+01      1.00       122
     2    1.8277e-03  N144(UY)       9.4177e-07  N5321(UY)      2.3816e-02     1.66e-05    1.27e-10      1.00       122
  ---------------------------------------------------------------------------------------------------------------------
  => Increment Converged. (Time: 9.74 s)

     1     5     1       0       1     0.0425     0.0100     0.0100
[ALPHA] max|a|=5.9460e-04 (no clamp)  mean|a|(nonzero)=1.707e-06  local_status max=9.19e-09  n_nonfinite_status=0  cum_local_failures=0

  [MONITOR] Step   5 | Time 0.0425s / 1.0s (  4.2%)
            Fold Angle: Target +-  0.06deg | Actual [-0.06deg, +0.06deg]
            Plate Tips Y: Left= -0.46mm | Right= -0.46mm | Max Disp=  0.04mm
            Newton Iters:  1 | dt: 0.01000s
            [DIAGNOSTIC] display/plate max|u| ratio=1.0000 (display=0.044mm, plate=0.000mm)
            [DIAGNOSTIC] Real tie gap (not just active-pair count): DISPLAY_BOT_L_PLATE_L_TOP_TIE: max_gap=0.0000mm mean=0.0000mm n=61 | DISPLAY_BOT_R_PLATE_R_TOP_TIE: max_gap=0.0000mm mean=0.0000mm n=61

[PNG] Deformed shape saved: D:\PythonCodeStudy\WHT_DispFoldSolver\examples\dbg3_a.png
----------------------------------------------------------------------------------------------------
Step 6 | Attempting time increment: dt = 0.01000s (t: 0.0425s -> 0.0525s)
----------------------------------------------------------------------------------------------------

  Nonlinear Iteration Summary (Newton-Raphson)
  ==========================================================================================================================
  Time increment dt: 1.000e-02
  Convergence Tol  : 1.0e-02 (Disp Ratio)     Max Iterations: 50
  --------------------------------------------------------------------------------------------------------------------------
  Iter   Max Res.Force  (Node/DOF)    Max Disp.Corr  (Node/DOF)    Max Disp.Incr  Disp.Ratio  Energy.Err  LS.alpha  TieNodes
  --------------------------------------------------------------------------------------------------------------------------
     1    1.8964e+03  N144(UY)       1.2163e-03  N145(UY)       3.7346e-02     1.40e-02    1.36e+02      1.00       122
     2    5.9596e-03  N144(UY)       2.8168e-06  N5321(UY)      3.7346e-02     2.66e-05    1.35e-09      1.00       122
  ---------------------------------------------------------------------------------------------------------------------
  => Increment Converged. (Time: 9.43 s)

     1     6     1       0       1     0.0525     0.0100     0.0100
[ALPHA] max|a|=1.1111e-03 (no clamp)  mean|a|(nonzero)=3.202e-06  local_status max=9.72e-09  n_nonfinite_status=0  cum_local_failures=0

  [MONITOR] Step   6 | Time 0.0525s / 1.0s (  5.3%)
            Fold Angle: Target +-  0.12deg | Actual [-0.12deg, +0.12deg]
            Plate Tips Y: Left= -0.42mm | Right= -0.42mm | Max Disp=  0.08mm
            Newton Iters:  1 | dt: 0.01000s
            [DIAGNOSTIC] display/plate max|u| ratio=1.0000 (display=0.081mm, plate=0.000mm)
            [DIAGNOSTIC] Real tie gap (not just active-pair count): DISPLAY_BOT_L_PLATE_L_TOP_TIE: max_gap=0.0000mm mean=0.0000mm n=61 | DISPLAY_BOT_R_PLATE_R_TOP_TIE: max_gap=0.0000mm mean=0.0000mm n=61

[PNG] Deformed shape saved: D:\PythonCodeStudy\WHT_DispFoldSolver\examples\dbg3_a.png
----------------------------------------------------------------------------------------------------
Step 7 | Attempting time increment: dt = 0.01000s (t: 0.0525s -> 0.0625s)
----------------------------------------------------------------------------------------------------

  Nonlinear Iteration Summary (Newton-Raphson)
  ==========================================================================================================================
  Time increment dt: 1.000e-02
  Convergence Tol  : 1.0e-02 (Disp Ratio)     Max Iterations: 50
  --------------------------------------------------------------------------------------------------------------------------
  Iter   Max Res.Force  (Node/DOF)    Max Disp.Corr  (Node/DOF)    Max Disp.Incr  Disp.Ratio  Energy.Err  LS.alpha  TieNodes
  --------------------------------------------------------------------------------------------------------------------------
     1    1.1834e+03  N1(UY)         7.5996e-04  N145(UY)       5.3528e-02     5.28e-03    5.31e+01      1.00       122
     2    6.3288e-03  N144(UY)       2.9194e-06  N5321(UY)      5.3528e-02     1.65e-05    1.52e-09      1.00       122
  ---------------------------------------------------------------------------------------------------------------------
  => Increment Converged. (Time: 9.23 s)

     1     7     1       0       1     0.0625     0.0100     0.0100
[ALPHA] max|a|=1.8620e-03 (no clamp)  mean|a|(nonzero)=5.413e-06  local_status max=9.96e-09  n_nonfinite_status=0  cum_local_failures=0

  [MONITOR] Step   7 | Time 0.0625s / 1.0s (  6.2%)
            Fold Angle: Target +-  0.20deg | Actual [-0.20deg, +0.20deg]
            Plate Tips Y: Left= -0.37mm | Right= -0.37mm | Max Disp=  0.13mm
            Newton Iters:  1 | dt: 0.01000s
            [DIAGNOSTIC] display/plate max|u| ratio=1.0000 (display=0.134mm, plate=0.000mm)
            [DIAGNOSTIC] Real tie gap (not just active-pair count): DISPLAY_BOT_L_PLATE_L_TOP_TIE: max_gap=0.0000mm mean=0.0000mm n=61 | DISPLAY_BOT_R_PLATE_R_TOP_TIE: max_gap=0.0000mm mean=0.0000mm n=61

[PNG] Deformed shape saved: D:\PythonCodeStudy\WHT_DispFoldSolver\examples\dbg3_a.png
----------------------------------------------------------------------------------------------------
Step 8 | Attempting time increment: dt = 0.01000s (t: 0.0625s -> 0.0725s)
----------------------------------------------------------------------------------------------------

  Nonlinear Iteration Summary (Newton-Raphson)
  ==========================================================================================================================
  Time increment dt: 1.000e-02
  Convergence Tol  : 1.0e-02 (Disp Ratio)     Max Iterations: 50
  --------------------------------------------------------------------------------------------------------------------------
  Iter   Max Res.Force  (Node/DOF)    Max Disp.Corr  (Node/DOF)    Max Disp.Incr  Disp.Ratio  Energy.Err  LS.alpha  TieNodes
  --------------------------------------------------------------------------------------------------------------------------
     1    1.5418e+03  N1(UY)         9.9031e-04  N145(UY)       7.2171e-02     4.48e-03    9.01e+01      1.00       122
     2    1.3388e-02  N144(UY)       4.9551e-06  N5321(UY)      7.2171e-02     1.83e-05    6.79e-09      1.00       122
  ---------------------------------------------------------------------------------------------------------------------
  => Increment Converged. (Time: 9.26 s)

     1     8     1       0       1     0.0725     0.0100     0.0100
[ALPHA] max|a|=2.8936e-03 (no clamp)  mean|a|(nonzero)=8.552e-06  local_status max=9.99e-09  n_nonfinite_status=0  cum_local_failures=0

  [MONITOR] Step   8 | Time 0.0725s / 1.0s (  7.2%)
            Fold Angle: Target +-  0.31deg | Actual [-0.31deg, +0.31deg]
            Plate Tips Y: Left= -0.29mm | Right= -0.29mm | Max Disp=  0.21mm
            Newton Iters:  1 | dt: 0.01000s
            [DIAGNOSTIC] display/plate max|u| ratio=1.0000 (display=0.207mm, plate=0.000mm)
            [DIAGNOSTIC] Real tie gap (not just active-pair count): DISPLAY_BOT_L_PLATE_L_TOP_TIE: max_gap=0.0000mm mean=0.0000mm n=61 | DISPLAY_BOT_R_PLATE_R_TOP_TIE: max_gap=0.0000mm mean=0.0000mm n=61

[PNG] Deformed shape saved: D:\PythonCodeStudy\WHT_DispFoldSolver\examples\dbg3_a.png
----------------------------------------------------------------------------------------------------
Step 9 | Attempting time increment: dt = 0.01000s (t: 0.0725s -> 0.0825s)
----------------------------------------------------------------------------------------------------

  Nonlinear Iteration Summary (Newton-Raphson)
  ==========================================================================================================================
  Time increment dt: 1.000e-02
  Convergence Tol  : 1.0e-02 (Disp Ratio)     Max Iterations: 50
  --------------------------------------------------------------------------------------------------------------------------
  Iter   Max Res.Force  (Node/DOF)    Max Disp.Corr  (Node/DOF)    Max Disp.Incr  Disp.Ratio  Energy.Err  LS.alpha  TieNodes
  --------------------------------------------------------------------------------------------------------------------------
     1    1.0763e+03  N1(UY)         6.9274e-04  N347(UY)       9.3083e-02     2.18e-03    4.40e+01      1.00       122
     2    1.2923e-02  N144(UY)       2.7802e-06  N5321(UY)      9.3083e-02     7.22e-06    6.33e-09      1.00       122
  ---------------------------------------------------------------------------------------------------------------------
  => Increment Converged. (Time: 9.23 s)

     1     9     1       0       1     0.0825     0.0100     0.0100
[ALPHA] max|a|=4.2579e-03 (no clamp)  mean|a|(nonzero)=1.293e-05  local_status max=9.94e-09  n_nonfinite_status=0  cum_local_failures=0

  [MONITOR] Step   9 | Time 0.0825s / 1.0s (  8.2%)
            Fold Angle: Target +-  0.44deg | Actual [-0.44deg, +0.44deg]
            Plate Tips Y: Left= -0.20mm | Right= -0.20mm | Max Disp=  0.30mm
            Newton Iters:  1 | dt: 0.01000s
            [DIAGNOSTIC] display/plate max|u| ratio=1.0000 (display=0.300mm, plate=0.000mm)
            [DIAGNOSTIC] Real tie gap (not just active-pair count): DISPLAY_BOT_L_PLATE_L_TOP_TIE: max_gap=0.0000mm mean=0.0000mm n=61 | DISPLAY_BOT_R_PLATE_R_TOP_TIE: max_gap=0.0000mm mean=0.0000mm n=61

[PNG] Deformed shape saved: D:\PythonCodeStudy\WHT_DispFoldSolver\examples\dbg3_a.png
----------------------------------------------------------------------------------------------------
Step 10 | Attempting time increment: dt = 0.01000s (t: 0.0825s -> 0.0925s)
----------------------------------------------------------------------------------------------------

  Nonlinear Iteration Summary (Newton-Raphson)
  ==========================================================================================================================
  Time increment dt: 1.000e-02
  Convergence Tol  : 1.0e-02 (Disp Ratio)     Max Iterations: 50
  --------------------------------------------------------------------------------------------------------------------------
  Iter   Max Res.Force  (Node/DOF)    Max Disp.Corr  (Node/DOF)    Max Disp.Incr  Disp.Ratio  Energy.Err  LS.alpha  TieNodes
  --------------------------------------------------------------------------------------------------------------------------
     1    1.2325e+03  N1(UY)         7.9278e-04  N145(UY)       1.1608e-01     1.85e-03    5.79e+01      1.00       122
     2    2.0820e-02  N144(UY)       1.7369e-06  N5322(UY)      1.1608e-01     2.81e-06    1.64e-08      1.00       122
  ---------------------------------------------------------------------------------------------------------------------
  => Increment Converged. (Time: 8.93 s)

     1    10     1       0       1     0.0925     0.0100     0.0100
[ALPHA] max|a|=6.0183e-03 (no clamp)  mean|a|(nonzero)=1.905e-05  local_status max=9.86e-09  n_nonfinite_status=0  cum_local_failures=0

  [MONITOR] Step  10 | Time 0.0925s / 1.0s (  9.2%)
            Fold Angle: Target +-  0.62deg | Actual [-0.62deg, +0.62deg]
            Plate Tips Y: Left= -0.08mm | Right= -0.08mm | Max Disp=  0.42mm
            Newton Iters:  1 | dt: 0.01000s
            [DIAGNOSTIC] display/plate max|u| ratio=1.0000 (display=0.416mm, plate=0.000mm)
            [DIAGNOSTIC] Real tie gap (not just active-pair count): DISPLAY_BOT_L_PLATE_L_TOP_TIE: max_gap=0.0000mm mean=0.0000mm n=61 | DISPLAY_BOT_R_PLATE_R_TOP_TIE: max_gap=0.0000mm mean=0.0000mm n=61
            [DIAGNOSTIC] Hinge curvature: max_curv_ratio=11.73 kink_detected=True at x=8.50mm

[PNG] Deformed shape saved: D:\PythonCodeStudy\WHT_DispFoldSolver\examples\dbg3_a.png
----------------------------------------------------------------------------------------------------
Step 11 | Attempting time increment: dt = 0.01000s (t: 0.0925s -> 0.1025s)
----------------------------------------------------------------------------------------------------

  Nonlinear Iteration Summary (Newton-Raphson)
  ==========================================================================================================================
  Time increment dt: 1.000e-02
  Convergence Tol  : 1.0e-02 (Disp Ratio)     Max Iterations: 50
  --------------------------------------------------------------------------------------------------------------------------
  Iter   Max Res.Force  (Node/DOF)    Max Disp.Corr  (Node/DOF)    Max Disp.Incr  Disp.Ratio  Energy.Err  LS.alpha  TieNodes
  --------------------------------------------------------------------------------------------------------------------------
     1    9.3757e+02  N143(UY)       6.0231e-04  N5219(UY)      1.4097e-01     1.18e-03    3.37e+01      1.00       122
     2    1.9602e-02  N1(UY)         8.8107e-06  N5321(UY)      1.4097e-01     1.15e-05    1.46e-08      1.00       122
  ---------------------------------------------------------------------------------------------------------------------
  => Increment Converged. (Time: 8.89 s)

     1    11     1       0       1     0.1025     0.0100     0.0100
[ALPHA] max|a|=8.2650e-03 (no clamp)  mean|a|(nonzero)=2.771e-05  local_status max=9.76e-09  n_nonfinite_status=0  cum_local_failures=0

  [MONITOR] Step  11 | Time 0.1025s / 1.0s ( 10.2%)
            Fold Angle: Target +-  0.83deg | Actual [-0.83deg, +0.83deg]
            Plate Tips Y: Left= +0.06mm | Right= +0.06mm | Max Disp=  0.56mm
            Newton Iters:  1 | dt: 0.01000s
            [DIAGNOSTIC] display/plate max|u| ratio=1.0000 (display=0.557mm, plate=0.000mm)
            [DIAGNOSTIC] Real tie gap (not just active-pair count): DISPLAY_BOT_L_PLATE_L_TOP_TIE: max_gap=0.0000mm mean=0.0000mm n=61 | DISPLAY_BOT_R_PLATE_R_TOP_TIE: max_gap=0.0000mm mean=0.0000mm n=61

[PNG] Deformed shape saved: D:\PythonCodeStudy\WHT_DispFoldSolver\examples\dbg3_a.png
----------------------------------------------------------------------------------------------------
Step 12 | Attempting time increment: dt = 0.01000s (t: 0.1025s -> 0.1125s)
----------------------------------------------------------------------------------------------------

  Nonlinear Iteration Summary (Newton-Raphson)
  ==========================================================================================================================
  Time increment dt: 1.000e-02
  Convergence Tol  : 1.0e-02 (Disp Ratio)     Max Iterations: 50
  --------------------------------------------------------------------------------------------------------------------------
  Iter   Max Res.Force  (Node/DOF)    Max Disp.Corr  (Node/DOF)    Max Disp.Incr  Disp.Ratio  Energy.Err  LS.alpha  TieNodes
  --------------------------------------------------------------------------------------------------------------------------
     1    9.7624e+02  N2(UY)         6.7872e-04  N246(UY)       1.6757e-01     1.11e-03    3.66e+01      1.00       122
     2    2.6341e-02  N1(UY)         7.0744e-06  N5322(UY)      1.6757e-01     7.19e-06    2.63e-08      1.00       122
  ---------------------------------------------------------------------------------------------------------------------
  => Increment Converged. (Time: 8.93 s)

     1    12     1       0       1     0.1125     0.0100     0.0100
[ALPHA] max|a|=1.4544e-02 (no clamp)  mean|a|(nonzero)=4.014e-05  local_status max=9.90e-09  n_nonfinite_status=0  cum_local_failures=0

  [MONITOR] Step  12 | Time 0.1125s / 1.0s ( 11.2%)
            Fold Angle: Target +-  1.07deg | Actual [-1.07deg, +1.07deg]
            Plate Tips Y: Left= +0.22mm | Right= +0.22mm | Max Disp=  0.72mm
            Newton Iters:  1 | dt: 0.01000s
            [DIAGNOSTIC] display/plate max|u| ratio=1.0000 (display=0.724mm, plate=0.000mm)
            [DIAGNOSTIC] Real tie gap (not just active-pair count): DISPLAY_BOT_L_PLATE_L_TOP_TIE: max_gap=0.0000mm mean=0.0000mm n=61 | DISPLAY_BOT_R_PLATE_R_TOP_TIE: max_gap=0.0000mm mean=0.0000mm n=61

[PNG] Deformed shape saved: D:\PythonCodeStudy\WHT_DispFoldSolver\examples\dbg3_a.png
----------------------------------------------------------------------------------------------------
Step 13 | Attempting time increment: dt = 0.01000s (t: 0.1125s -> 0.1225s)
----------------------------------------------------------------------------------------------------

  Nonlinear Iteration Summary (Newton-Raphson)
  ==========================================================================================================================
  Time increment dt: 1.000e-02
  Convergence Tol  : 1.0e-02 (Disp Ratio)     Max Iterations: 50
  --------------------------------------------------------------------------------------------------------------------------
  Iter   Max Res.Force  (Node/DOF)    Max Disp.Corr  (Node/DOF)    Max Disp.Incr  Disp.Ratio  Energy.Err  LS.alpha  TieNodes
  --------------------------------------------------------------------------------------------------------------------------
     1    7.8684e+02  N143(UY)       8.3425e-04  N246(UY)       1.9568e-01     8.90e-04    2.38e+01      1.00       122
     2    2.4764e-02  N1(UY)         1.9044e-05  N652(UY)       1.9568e-01     1.51e-05    2.33e-08      1.00       122
  ---------------------------------------------------------------------------------------------------------------------
  => Increment Converged. (Time: 9.02 s)

     1    13     1       0       1     0.1225     0.0100     0.0100
[ALPHA] max|a|=2.4037e-02 (no clamp)  mean|a|(nonzero)=5.786e-05  local_status max=9.98e-09  n_nonfinite_status=0  cum_local_failures=0

  [MONITOR] Step  13 | Time 0.1225s / 1.0s ( 12.2%)
            Fold Angle: Target +-  1.37deg | Actual [-1.37deg, +1.37deg]
            Plate Tips Y: Left= +0.42mm | Right= +0.42mm | Max Disp=  0.92mm
            Newton Iters:  1 | dt: 0.01000s
            [DIAGNOSTIC] display/plate max|u| ratio=1.0000 (display=0.920mm, plate=0.000mm)
            [DIAGNOSTIC] Real tie gap (not just active-pair count): DISPLAY_BOT_L_PLATE_L_TOP_TIE: max_gap=0.0000mm mean=0.0000mm n=61 | DISPLAY_BOT_R_PLATE_R_TOP_TIE: max_gap=0.0000mm mean=0.0000mm n=61

[PNG] Deformed shape saved: D:\PythonCodeStudy\WHT_DispFoldSolver\examples\dbg3_a.png
----------------------------------------------------------------------------------------------------
Step 14 | Attempting time increment: dt = 0.01000s (t: 0.1225s -> 0.1325s)
----------------------------------------------------------------------------------------------------

  Nonlinear Iteration Summary (Newton-Raphson)
  ==========================================================================================================================
  Time increment dt: 1.000e-02
  Convergence Tol  : 1.0e-02 (Disp Ratio)     Max Iterations: 50
  --------------------------------------------------------------------------------------------------------------------------
  Iter   Max Res.Force  (Node/DOF)    Max Disp.Corr  (Node/DOF)    Max Disp.Incr  Disp.Ratio  Energy.Err  LS.alpha  TieNodes
  --------------------------------------------------------------------------------------------------------------------------
     1    7.6588e+02  N143(UY)       8.5003e-04  N5321(UY)      2.2516e-01     7.27e-04    2.26e+01      1.00       122
     2    3.0022e-02  N1(UY)         6.4299e-05  N652(UY)       2.2516e-01     4.14e-05    3.43e-08      1.00       122
  ---------------------------------------------------------------------------------------------------------------------
  => Increment Converged. (Time: 9.66 s)

     1    14     1       0       1     0.1325     0.0100     0.0100
[ALPHA] max|a|=3.5843e-02 (no clamp)  mean|a|(nonzero)=8.225e-05  local_status max=9.96e-09  n_nonfinite_status=0  cum_local_failures=0

  [MONITOR] Step  14 | Time 0.1325s / 1.0s ( 13.2%)
            Fold Angle: Target +-  1.70deg | Actual [-1.70deg, +1.70deg]
            Plate Tips Y: Left= +0.65mm | Right= +0.65mm | Max Disp=  1.15mm
            Newton Iters:  1 | dt: 0.01000s
            [DIAGNOSTIC] display/plate max|u| ratio=1.0000 (display=1.145mm, plate=0.000mm)
            [DIAGNOSTIC] Real tie gap (not just active-pair count): DISPLAY_BOT_L_PLATE_L_TOP_TIE: max_gap=0.0000mm mean=0.0000mm n=61 | DISPLAY_BOT_R_PLATE_R_TOP_TIE: max_gap=0.0000mm mean=0.0000mm n=61

[PNG] Deformed shape saved: D:\PythonCodeStudy\WHT_DispFoldSolver\examples\dbg3_a.png
----------------------------------------------------------------------------------------------------
Step 15 | Attempting time increment: dt = 0.01000s (t: 0.1325s -> 0.1425s)
----------------------------------------------------------------------------------------------------

  Nonlinear Iteration Summary (Newton-Raphson)
  ==========================================================================================================================
  Time increment dt: 1.000e-02
  Convergence Tol  : 1.0e-02 (Disp Ratio)     Max Iterations: 50
  --------------------------------------------------------------------------------------------------------------------------
  Iter   Max Res.Force  (Node/DOF)    Max Disp.Corr  (Node/DOF)    Max Disp.Incr  Disp.Ratio  Energy.Err  LS.alpha  TieNodes
  --------------------------------------------------------------------------------------------------------------------------
     1    6.3548e+02  N143(UY)       6.4736e-04  N5321(UY)      2.5584e-01     4.85e-04    1.56e+01      1.00       122
     2    2.9641e-02  N1(UY)         9.0875e-05  N855(UY)       2.5584e-01     4.88e-05    3.36e-08      1.00       122
  ---------------------------------------------------------------------------------------------------------------------
  => Increment Converged. (Time: 8.88 s)

     1    15     1       0       1     0.1425     0.0100     0.0100
[ALPHA] max|a|=4.6704e-02 (no clamp)  mean|a|(nonzero)=1.139e-04  local_status max=9.95e-09  n_nonfinite_status=0  cum_local_failures=0

  [MONITOR] Step  15 | Time 0.1425s / 1.0s ( 14.2%)
            Fold Angle: Target +-  2.08deg | Actual [-2.08deg, +2.08deg]
            Plate Tips Y: Left= +0.90mm | Right= +0.90mm | Max Disp=  1.40mm
            Newton Iters:  1 | dt: 0.01000s
            [DIAGNOSTIC] display/plate max|u| ratio=1.0000 (display=1.401mm, plate=0.000mm)
            [DIAGNOSTIC] Real tie gap (not just active-pair count): DISPLAY_BOT_L_PLATE_L_TOP_TIE: max_gap=0.0000mm mean=0.0000mm n=61 | DISPLAY_BOT_R_PLATE_R_TOP_TIE: max_gap=0.0000mm mean=0.0000mm n=61

[PNG] Deformed shape saved: D:\PythonCodeStudy\WHT_DispFoldSolver\examples\dbg3_a.png
----------------------------------------------------------------------------------------------------
Step 16 | Attempting time increment: dt = 0.01000s (t: 0.1425s -> 0.1525s)
----------------------------------------------------------------------------------------------------

  Nonlinear Iteration Summary (Newton-Raphson)
  ==========================================================================================================================
  Time increment dt: 1.000e-02
  Convergence Tol  : 1.0e-02 (Disp Ratio)     Max Iterations: 50
  --------------------------------------------------------------------------------------------------------------------------
  Iter   Max Res.Force  (Node/DOF)    Max Disp.Corr  (Node/DOF)    Max Disp.Incr  Disp.Ratio  Energy.Err  LS.alpha  TieNodes
  --------------------------------------------------------------------------------------------------------------------------
     1    5.9047e+02  N143(UY)       4.2865e-04  N145(UY)       2.8761e-01     3.09e-04    1.35e+01      1.00       122
     2    3.5973e-02  N1(UY)         5.4084e-05  N5318(UY)      2.8761e-01     2.71e-05    4.94e-08      1.00       122
  ---------------------------------------------------------------------------------------------------------------------
  => Increment Converged. (Time: 9.53 s)

     1    16     1       0       1     0.1525     0.0100     0.0100
[ALPHA] max|a|=5.2891e-02 (no clamp)  mean|a|(nonzero)=1.525e-04  local_status max=9.92e-09  n_nonfinite_status=0  cum_local_failures=0

  [MONITOR] Step  16 | Time 0.1525s / 1.0s ( 15.2%)
            Fold Angle: Target +-  2.51deg | Actual [-2.51deg, +2.51deg]
            Plate Tips Y: Left= +1.19mm | Right= +1.19mm | Max Disp=  1.69mm
            Newton Iters:  1 | dt: 0.01000s
            [DIAGNOSTIC] display/plate max|u| ratio=1.0000 (display=1.689mm, plate=0.000mm)
            [DIAGNOSTIC] Real tie gap (not just active-pair count): DISPLAY_BOT_L_PLATE_L_TOP_TIE: max_gap=0.0000mm mean=0.0000mm n=61 | DISPLAY_BOT_R_PLATE_R_TOP_TIE: max_gap=0.0000mm mean=0.0000mm n=61

[PNG] Deformed shape saved: D:\PythonCodeStudy\WHT_DispFoldSolver\examples\dbg3_a.png
----------------------------------------------------------------------------------------------------
Step 17 | Attempting time increment: dt = 0.01000s (t: 0.1525s -> 0.1625s)
----------------------------------------------------------------------------------------------------

  Nonlinear Iteration Summary (Newton-Raphson)
  ==========================================================================================================================
  Time increment dt: 1.000e-02
  Convergence Tol  : 1.0e-02 (Disp Ratio)     Max Iterations: 50
  --------------------------------------------------------------------------------------------------------------------------
  Iter   Max Res.Force  (Node/DOF)    Max Disp.Corr  (Node/DOF)    Max Disp.Incr  Disp.Ratio  Energy.Err  LS.alpha  TieNodes
  --------------------------------------------------------------------------------------------------------------------------
     1    4.9670e+02  N143(UY)       3.3916e-04  N145(UY)       3.2035e-01     1.86e-04    9.68e+00      1.00       122
     2    4.1175e-02  N1(UY)         7.0954e-05  N652(UY)       3.2035e-01     2.09e-05    6.51e-08      1.00       122
  ---------------------------------------------------------------------------------------------------------------------
  => Increment Converged. (Time: 8.99 s)

     1    17     1       0       1     0.1625     0.0100     0.0100
[ALPHA] max|a|=5.8376e-02 (no clamp)  mean|a|(nonzero)=1.958e-04  local_status max=1.00e-08  n_nonfinite_status=0  cum_local_failures=0

  [MONITOR] Step  17 | Time 0.1625s / 1.0s ( 16.2%)
            Fold Angle: Target +-  2.98deg | Actual [-2.98deg, +2.98deg]
            Plate Tips Y: Left= +1.51mm | Right= +1.51mm | Max Disp=  2.01mm
            Newton Iters:  1 | dt: 0.01000s
            [DIAGNOSTIC] display/plate max|u| ratio=1.0000 (display=2.009mm, plate=0.000mm)
            [DIAGNOSTIC] Real tie gap (not just active-pair count): DISPLAY_BOT_L_PLATE_L_TOP_TIE: max_gap=0.0000mm mean=0.0000mm n=61 | DISPLAY_BOT_R_PLATE_R_TOP_TIE: max_gap=0.0000mm mean=0.0000mm n=61

[PNG] Deformed shape saved: D:\PythonCodeStudy\WHT_DispFoldSolver\examples\dbg3_a.png
----------------------------------------------------------------------------------------------------
Step 18 | Attempting time increment: dt = 0.01000s (t: 0.1625s -> 0.1725s)
----------------------------------------------------------------------------------------------------

  Nonlinear Iteration Summary (Newton-Raphson)
  ==========================================================================================================================
  Time increment dt: 1.000e-02
  Convergence Tol  : 1.0e-02 (Disp Ratio)     Max Iterations: 50
  --------------------------------------------------------------------------------------------------------------------------
  Iter   Max Res.Force  (Node/DOF)    Max Disp.Corr  (Node/DOF)    Max Disp.Incr  Disp.Ratio  Energy.Err  LS.alpha  TieNodes
  --------------------------------------------------------------------------------------------------------------------------
     1    5.4315e+02  N1(UX)         3.4817e-04  N144(UX)       3.5389e-01     1.40e-04    7.97e+00      1.00       122
     2    5.5705e-02  N144(UY)       2.5047e-04  N652(UY)       3.5389e-01     6.92e-05    1.21e-07      1.00       122
  ---------------------------------------------------------------------------------------------------------------------
  => Increment Converged. (Time: 10.37 s)

     1    18     1       0       1     0.1725     0.0100     0.0100
[ALPHA] max|a|=8.1360e-02 (no clamp)  mean|a|(nonzero)=2.451e-04  local_status max=1.00e-08  n_nonfinite_status=0  cum_local_failures=0

  [MONITOR] Step  18 | Time 0.1725s / 1.0s ( 17.2%)
            Fold Angle: Target +-  3.51deg | Actual [-3.51deg, +3.51deg]
            Plate Tips Y: Left= +1.86mm | Right= +1.86mm | Max Disp=  2.36mm
            Newton Iters:  1 | dt: 0.01000s
            [DIAGNOSTIC] display/plate max|u| ratio=1.0000 (display=2.363mm, plate=0.000mm)
            [DIAGNOSTIC] Real tie gap (not just active-pair count): DISPLAY_BOT_L_PLATE_L_TOP_TIE: max_gap=0.0000mm mean=0.0000mm n=61 | DISPLAY_BOT_R_PLATE_R_TOP_TIE: max_gap=0.0000mm mean=0.0000mm n=61

[PNG] Deformed shape saved: D:\PythonCodeStudy\WHT_DispFoldSolver\examples\dbg3_a.png
----------------------------------------------------------------------------------------------------
Step 19 | Attempting time increment: dt = 0.01000s (t: 0.1725s -> 0.1825s)
----------------------------------------------------------------------------------------------------

  Nonlinear Iteration Summary (Newton-Raphson)
  ==========================================================================================================================
  Time increment dt: 1.000e-02
  Convergence Tol  : 1.0e-02 (Disp Ratio)     Max Iterations: 50
  --------------------------------------------------------------------------------------------------------------------------
  Iter   Max Res.Force  (Node/DOF)    Max Disp.Corr  (Node/DOF)    Max Disp.Incr  Disp.Ratio  Energy.Err  LS.alpha  TieNodes
  --------------------------------------------------------------------------------------------------------------------------
     1    6.0130e+02  N1(UX)         3.8545e-04  N144(UX)       3.8820e-01     1.13e-04    5.91e+00      1.00       122
     2    7.6591e-02  N144(UY)       4.5693e-04  N651(UY)       3.8820e-01     1.11e-04    2.33e-07      1.00       122
  ---------------------------------------------------------------------------------------------------------------------
  => Increment Converged. (Time: 9.86 s)

     1    19     1       0       1     0.1825     0.0100     0.0100
[ALPHA] max|a|=1.1005e-01 (no clamp)  mean|a|(nonzero)=3.084e-04  local_status max=9.97e-09  n_nonfinite_status=0  cum_local_failures=0

  [MONITOR] Step  19 | Time 0.1825s / 1.0s ( 18.3%)
            Fold Angle: Target +-  4.08deg | Actual [-4.08deg, +4.08deg]
            Plate Tips Y: Left= +2.25mm | Right= +2.25mm | Max Disp=  2.75mm
            Newton Iters:  1 | dt: 0.01000s
            [DIAGNOSTIC] display/plate max|u| ratio=1.0000 (display=2.751mm, plate=0.000mm)
            [DIAGNOSTIC] Real tie gap (not just active-pair count): DISPLAY_BOT_L_PLATE_L_TOP_TIE: max_gap=0.0000mm mean=0.0000mm n=61 | DISPLAY_BOT_R_PLATE_R_TOP_TIE: max_gap=0.0000mm mean=0.0000mm n=61

[PNG] Deformed shape saved: D:\PythonCodeStudy\WHT_DispFoldSolver\examples\dbg3_a.png
----------------------------------------------------------------------------------------------------
Step 20 | Attempting time increment: dt = 0.01000s (t: 0.1825s -> 0.1925s)
----------------------------------------------------------------------------------------------------

  Nonlinear Iteration Summary (Newton-Raphson)
  ==========================================================================================================================
  Time increment dt: 1.000e-02
  Convergence Tol  : 1.0e-02 (Disp Ratio)     Max Iterations: 50
  --------------------------------------------------------------------------------------------------------------------------
  Iter   Max Res.Force  (Node/DOF)    Max Disp.Corr  (Node/DOF)    Max Disp.Incr  Disp.Ratio  Energy.Err  LS.alpha  TieNodes
  --------------------------------------------------------------------------------------------------------------------------
     1    6.5768e+02  N1(UX)         4.2160e-04  N144(UX)       4.2308e-01     9.44e-05    4.86e+00      1.00       122
     2    1.1377e-01  N144(UY)       5.8424e-04  N62(UX)        4.2308e-01     1.20e-04    5.50e-07      1.00       122
  ---------------------------------------------------------------------------------------------------------------------
  => Increment Converged. (Time: 9.46 s)

     1    20     1       0       1     0.1925     0.0100     0.0100
[ALPHA] max|a|=1.4199e-01 (no clamp)  mean|a|(nonzero)=3.934e-04  local_status max=9.95e-09  n_nonfinite_status=0  cum_local_failures=0

  [MONITOR] Step  20 | Time 0.1925s / 1.0s ( 19.3%)
            Fold Angle: Target +-  4.71deg | Actual [-4.71deg, +4.71deg]
            Plate Tips Y: Left= +2.67mm | Right= +2.67mm | Max Disp=  3.17mm
            Newton Iters:  1 | dt: 0.01000s
            [DIAGNOSTIC] display/plate max|u| ratio=1.0000 (display=3.174mm, plate=0.000mm)
            [DIAGNOSTIC] Real tie gap (not just active-pair count): DISPLAY_BOT_L_PLATE_L_TOP_TIE: max_gap=0.0000mm mean=0.0000mm n=61 | DISPLAY_BOT_R_PLATE_R_TOP_TIE: max_gap=0.0000mm mean=0.0000mm n=61
            [DIAGNOSTIC] Hinge curvature: max_curv_ratio=3.44 kink_detected=False

[PNG] Deformed shape saved: D:\PythonCodeStudy\WHT_DispFoldSolver\examples\dbg3_a.png
----------------------------------------------------------------------------------------------------
Step 21 | Attempting time increment: dt = 0.01000s (t: 0.1925s -> 0.2025s)
----------------------------------------------------------------------------------------------------

  Nonlinear Iteration Summary (Newton-Raphson)
  ==========================================================================================================================
  Time increment dt: 1.000e-02
  Convergence Tol  : 1.0e-02 (Disp Ratio)     Max Iterations: 50
  --------------------------------------------------------------------------------------------------------------------------
  Iter   Max Res.Force  (Node/DOF)    Max Disp.Corr  (Node/DOF)    Max Disp.Incr  Disp.Ratio  Energy.Err  LS.alpha  TieNodes
  --------------------------------------------------------------------------------------------------------------------------
     1    7.1126e+02  N1(UX)         2.3411e-03  N83(UX)        4.5845e-01     4.20e-04    3.87e+00      1.00       122
     2    1.6771e-01  N2(UY)         1.0265e-01  N83(UX)        4.5847e-01     4.50e-03    1.42e-04      1.00       122
  ---------------------------------------------------------------------------------------------------------------------
  => Increment Converged. (Time: 9.61 s)
  Mesh quality NOTICE: min det(J)=2.433e-01 ? approaching inversion threshold (4 elements warped)

     1    21     1       0       1     0.2025     0.0100     0.0100
[ALPHA] max|a|=1.2112e+00 (no clamp)  mean|a|(nonzero)=9.730e-04  local_status max=2.55e-01  n_nonfinite_status=0  cum_local_failures=0

  [MONITOR] Step  21 | Time 0.2025s / 1.0s ( 20.3%)
            Fold Angle: Target +-  5.39deg | Actual [-5.39deg, +5.39deg]
            Plate Tips Y: Left= +3.13mm | Right= +3.13mm | Max Disp=  3.63mm
            Newton Iters:  1 | dt: 0.01000s
            [DIAGNOSTIC] display/plate max|u| ratio=1.0000 (display=3.632mm, plate=0.000mm)
            [DIAGNOSTIC] Real tie gap (not just active-pair count): DISPLAY_BOT_L_PLATE_L_TOP_TIE: max_gap=0.0000mm mean=0.0000mm n=61 | DISPLAY_BOT_R_PLATE_R_TOP_TIE: max_gap=0.0000mm mean=0.0000mm n=61

[PNG] Deformed shape saved: D:\PythonCodeStudy\WHT_DispFoldSolver\examples\dbg3_a.png
----------------------------------------------------------------------------------------------------
Step 22 | Attempting time increment: dt = 0.01000s (t: 0.2025s -> 0.2125s)
----------------------------------------------------------------------------------------------------

  Nonlinear Iteration Summary (Newton-Raphson)
  ==========================================================================================================================
  Time increment dt: 1.000e-02
  Convergence Tol  : 1.0e-02 (Disp Ratio)     Max Iterations: 50
  --------------------------------------------------------------------------------------------------------------------------
  Iter   Max Res.Force  (Node/DOF)    Max Disp.Corr  (Node/DOF)    Max Disp.Incr  Disp.Ratio  Energy.Err  LS.alpha  TieNodes
  --------------------------------------------------------------------------------------------------------------------------
  *** EAS LOCAL SOLVE FAILED on 1 element(s) (worst finite ||dalpha||_inf = 5.664e-03, tol 1.0e-06) at iteration 1. Cutting back dt.
     1    22     1       0      50     0.2025     0.0000     0.0100   *** CUTBACK: EAS enhanced-mode local solve did not converge (1 element(s)) (Retrying step with smaller dt & target angle) ***
[ALPHA] max|a|=2.3570e-01 (no clamp)  mean|a|(nonzero)=8.010e-04  local_status max=5.66e-03  n_nonfinite_status=0  cum_local_failures=1
  *** STEP 22 FAILED (conv=-50, cutback 1/20). Cutting back dt to 0.00500s ***

----------------------------------------------------------------------------------------------------
Step 22 | Attempting time increment: dt = 0.00500s (t: 0.2025s -> 0.2075s)
----------------------------------------------------------------------------------------------------

  Nonlinear Iteration Summary (Newton-Raphson)
  ==========================================================================================================================
  Time increment dt: 5.000e-03
  Convergence Tol  : 1.0e-02 (Disp Ratio)     Max Iterations: 50
  --------------------------------------------------------------------------------------------------------------------------
  Iter   Max Res.Force  (Node/DOF)    Max Disp.Corr  (Node/DOF)    Max Disp.Incr  Disp.Ratio  Energy.Err  LS.alpha  TieNodes
  --------------------------------------------------------------------------------------------------------------------------
  *** EAS LOCAL SOLVE FAILED on 1 element(s) (worst finite ||dalpha||_inf = 8.789e-03, tol 1.0e-06) at iteration 1. Cutting back dt.
     1    22     2       0      50     0.2025     0.0000     0.0050   *** CUTBACK: EAS enhanced-mode local solve did not converge (1 element(s)) (Retrying step with smaller dt & target angle) ***
[ALPHA] max|a|=2.1202e-01 (no clamp)  mean|a|(nonzero)=7.266e-04  local_status max=8.79e-03  n_nonfinite_status=0  cum_local_failures=2
  *** STEP 22 FAILED (conv=-50, cutback 1/20). Cutting back dt to 0.00250s ***

----------------------------------------------------------------------------------------------------
Step 22 | Attempting time increment: dt = 0.00250s (t: 0.2025s -> 0.2050s)
----------------------------------------------------------------------------------------------------

  Nonlinear Iteration Summary (Newton-Raphson)
  ==========================================================================================================================
  Time increment dt: 2.500e-03
  Convergence Tol  : 1.0e-02 (Disp Ratio)     Max Iterations: 50
  --------------------------------------------------------------------------------------------------------------------------
  Iter   Max Res.Force  (Node/DOF)    Max Disp.Corr  (Node/DOF)    Max Disp.Incr  Disp.Ratio  Energy.Err  LS.alpha  TieNodes
  --------------------------------------------------------------------------------------------------------------------------
  *** EAS LOCAL SOLVE FAILED on 1 element(s) (worst finite ||dalpha||_inf = 7.190e-03, tol 1.0e-06) at iteration 1. Cutting back dt.
     1    22     3       0      50     0.2025     0.0000     0.0025   *** CUTBACK: EAS enhanced-mode local solve did not converge (1 element(s)) (Retrying step with smaller dt & target angle) ***
[ALPHA] max|a|=2.0011e-01 (no clamp)  mean|a|(nonzero)=6.927e-04  local_status max=7.19e-03  n_nonfinite_status=0  cum_local_failures=3
  *** STEP 22 FAILED (conv=-50, cutback 1/20). Cutting back dt to 0.00125s ***

----------------------------------------------------------------------------------------------------
Step 22 | Attempting time increment: dt = 0.00125s (t: 0.2025s -> 0.2038s)
----------------------------------------------------------------------------------------------------

  Nonlinear Iteration Summary (Newton-Raphson)
  ==========================================================================================================================
  Time increment dt: 1.250e-03
  Convergence Tol  : 1.0e-02 (Disp Ratio)     Max Iterations: 50
  --------------------------------------------------------------------------------------------------------------------------
  Iter   Max Res.Force  (Node/DOF)    Max Disp.Corr  (Node/DOF)    Max Disp.Incr  Disp.Ratio  Energy.Err  LS.alpha  TieNodes
  --------------------------------------------------------------------------------------------------------------------------
  *** EAS LOCAL SOLVE FAILED on 1 element(s) (worst finite ||dalpha||_inf = 7.130e-03, tol 1.0e-06) at iteration 1. Cutting back dt.
     1    22     4       0      50     0.2025     0.0000     0.0013   *** CUTBACK: EAS enhanced-mode local solve did not converge (1 element(s)) (Retrying step with smaller dt & target angle) ***
[ALPHA] max|a|=1.9419e-01 (no clamp)  mean|a|(nonzero)=6.760e-04  local_status max=7.13e-03  n_nonfinite_status=0  cum_local_failures=4
  *** STEP 22 FAILED (conv=-50, cutback 1/20). Cutting back dt to 0.00063s ***

----------------------------------------------------------------------------------------------------
Step 22 | Attempting time increment: dt = 0.00063s (t: 0.2025s -> 0.2031s)
----------------------------------------------------------------------------------------------------

  Nonlinear Iteration Summary (Newton-Raphson)
  ==========================================================================================================================
  Time increment dt: 6.250e-04
  Convergence Tol  : 1.0e-02 (Disp Ratio)     Max Iterations: 50
  --------------------------------------------------------------------------------------------------------------------------
  Iter   Max Res.Force  (Node/DOF)    Max Disp.Corr  (Node/DOF)    Max Disp.Incr  Disp.Ratio  Energy.Err  LS.alpha  TieNodes
  --------------------------------------------------------------------------------------------------------------------------
  *** EAS LOCAL SOLVE FAILED on 1 element(s) (worst finite ||dalpha||_inf = 7.242e-03, tol 1.0e-06) at iteration 1. Cutting back dt.
     1    22     5       0      50     0.2025     0.0000     0.0006   *** CUTBACK: EAS enhanced-mode local solve did not converge (1 element(s)) (Retrying step with smaller dt & target angle) ***
[ALPHA] max|a|=1.9124e-01 (no clamp)  mean|a|(nonzero)=6.677e-04  local_status max=7.24e-03  n_nonfinite_status=0  cum_local_failures=5
  *** STEP 22 FAILED (conv=-50, cutback 1/20). Cutting back dt to 0.00031s ***

----------------------------------------------------------------------------------------------------
Step 22 | Attempting time increment: dt = 0.00031s (t: 0.2025s -> 0.2028s)
----------------------------------------------------------------------------------------------------

  Nonlinear Iteration Summary (Newton-Raphson)
  ==========================================================================================================================
  Time increment dt: 3.125e-04
  Convergence Tol  : 1.0e-02 (Disp Ratio)     Max Iterations: 50
  --------------------------------------------------------------------------------------------------------------------------
  Iter   Max Res.Force  (Node/DOF)    Max Disp.Corr  (Node/DOF)    Max Disp.Incr  Disp.Ratio  Energy.Err  LS.alpha  TieNodes
  --------------------------------------------------------------------------------------------------------------------------
  *** EAS LOCAL SOLVE FAILED on 1 element(s) (worst finite ||dalpha||_inf = 7.336e-03, tol 1.0e-06) at iteration 1. Cutting back dt.
     1    22     6       0      50     0.2025     0.0000     0.0003   *** CUTBACK: EAS enhanced-mode local solve did not converge (1 element(s)) (Retrying step with smaller dt & target angle) ***
[ALPHA] max|a|=1.8977e-01 (no clamp)  mean|a|(nonzero)=6.636e-04  local_status max=7.34e-03  n_nonfinite_status=0  cum_local_failures=6
  *** STEP 22 FAILED (conv=-50, cutback 1/20). Cutting back dt to 0.00016s ***

----------------------------------------------------------------------------------------------------
Step 22 | Attempting time increment: dt = 0.00016s (t: 0.2025s -> 0.2027s)
----------------------------------------------------------------------------------------------------

  Nonlinear Iteration Summary (Newton-Raphson)
  ==========================================================================================================================
  Time increment dt: 1.563e-04
  Convergence Tol  : 1.0e-02 (Disp Ratio)     Max Iterations: 50
  --------------------------------------------------------------------------------------------------------------------------
  Iter   Max Res.Force  (Node/DOF)    Max Disp.Corr  (Node/DOF)    Max Disp.Incr  Disp.Ratio  Energy.Err  LS.alpha  TieNodes
  --------------------------------------------------------------------------------------------------------------------------
  *** EAS LOCAL SOLVE FAILED on 1 element(s) (worst finite ||dalpha||_inf = 7.393e-03, tol 1.0e-06) at iteration 1. Cutting back dt.
     1    22     7       0      50     0.2025     0.0000     0.0002   *** CUTBACK: EAS enhanced-mode local solve did not converge (1 element(s)) (Retrying step with smaller dt & target angle) ***
[ALPHA] max|a|=1.8904e-01 (no clamp)  mean|a|(nonzero)=6.615e-04  local_status max=7.39e-03  n_nonfinite_status=0  cum_local_failures=7
  *** STEP 22 FAILED (conv=-50, cutback 1/20). Cutting back dt to 0.00008s ***

----------------------------------------------------------------------------------------------------
Step 22 | Attempting time increment: dt = 0.00008s (t: 0.2025s -> 0.2026s)
----------------------------------------------------------------------------------------------------

  Nonlinear Iteration Summary (Newton-Raphson)
  ==========================================================================================================================
  Time increment dt: 7.813e-05
  Convergence Tol  : 1.0e-02 (Disp Ratio)     Max Iterations: 50
  --------------------------------------------------------------------------------------------------------------------------
  Iter   Max Res.Force  (Node/DOF)    Max Disp.Corr  (Node/DOF)    Max Disp.Incr  Disp.Ratio  Energy.Err  LS.alpha  TieNodes
  --------------------------------------------------------------------------------------------------------------------------
  *** EAS LOCAL SOLVE FAILED on 1 element(s) (worst finite ||dalpha||_inf = 7.425e-03, tol 1.0e-06) at iteration 1. Cutting back dt.
     1    22     8       0      50     0.2025     0.0000     0.0001   *** CUTBACK: EAS enhanced-mode local solve did not converge (1 element(s)) (Retrying step with smaller dt & target angle) ***
[ALPHA] max|a|=1.8867e-01 (no clamp)  mean|a|(nonzero)=6.605e-04  local_status max=7.42e-03  n_nonfinite_status=0  cum_local_failures=8
  *** STEP 22 FAILED (conv=-50, cutback 1/20). Cutting back dt to 0.00004s ***

----------------------------------------------------------------------------------------------------
Step 22 | Attempting time increment: dt = 0.00004s (t: 0.2025s -> 0.2025s)
----------------------------------------------------------------------------------------------------

  Nonlinear Iteration Summary (Newton-Raphson)
  ==========================================================================================================================
  Time increment dt: 3.906e-05
  Convergence Tol  : 1.0e-02 (Disp Ratio)     Max Iterations: 50
  --------------------------------------------------------------------------------------------------------------------------
  Iter   Max Res.Force  (Node/DOF)    Max Disp.Corr  (Node/DOF)    Max Disp.Incr  Disp.Ratio  Energy.Err  LS.alpha  TieNodes
  --------------------------------------------------------------------------------------------------------------------------
  *** EAS LOCAL SOLVE FAILED on 1 element(s) (worst finite ||dalpha||_inf = 7.441e-03, tol 1.0e-06) at iteration 1. Cutting back dt.
     1    22     9       0      50     0.2025     0.0000     0.0000   *** CUTBACK: EAS enhanced-mode local solve did not converge (1 element(s)) (Retrying step with smaller dt & target angle) ***
[ALPHA] max|a|=1.8849e-01 (no clamp)  mean|a|(nonzero)=6.600e-04  local_status max=7.44e-03  n_nonfinite_status=0  cum_local_failures=9
  *** STEP 22 FAILED (conv=-50, cutback 1/20). Cutting back dt to 0.00002s ***

----------------------------------------------------------------------------------------------------
Step 22 | Attempting time increment: dt = 0.00002s (t: 0.2025s -> 0.2025s)
----------------------------------------------------------------------------------------------------

  Nonlinear Iteration Summary (Newton-Raphson)
  ==========================================================================================================================
  Time increment dt: 1.953e-05
  Convergence Tol  : 1.0e-02 (Disp Ratio)     Max Iterations: 50
  --------------------------------------------------------------------------------------------------------------------------
  Iter   Max Res.Force  (Node/DOF)    Max Disp.Corr  (Node/DOF)    Max Disp.Incr  Disp.Ratio  Energy.Err  LS.alpha  TieNodes
  --------------------------------------------------------------------------------------------------------------------------
  *** EAS LOCAL SOLVE FAILED on 1 element(s) (worst finite ||dalpha||_inf = 7.450e-03, tol 1.0e-06) at iteration 1. Cutting back dt.
     1    22    10       0      50     0.2025     0.0000     0.0000   *** CUTBACK: EAS enhanced-mode local solve did not converge (1 element(s)) (Retrying step with smaller dt & target angle) ***
[ALPHA] max|a|=1.8839e-01 (no clamp)  mean|a|(nonzero)=6.597e-04  local_status max=7.45e-03  n_nonfinite_status=0  cum_local_failures=10
FATAL: Exceeded maximum cutbacks (20) or dt below minimum tolerance. Simulation aborted.
====================================================================================================
 FAILED: Simulation did not reach target time.
====================================================================================================
Saved result (21 steps) for re-analysis: D:\PythonCodeStudy\WHT_DispFoldSolver\examples\dbg3.pkl
  reload with: from dispsolver.postprocess import load_result; r = load_result(r'D:\PythonCodeStudy\WHT_DispFoldSolver\examples\dbg3.pkl')

=======================================================================================================================================================================================================================================================================
 Interlayer slip at x = -40.00 mm   [um, cumulative from bottom surface]
=======================================================================================================================================================================================================================================================================
 theta[deg]       L1       L2       L3       L4       L5       L6       L7       L8       L9      L10      L11      L12      L13      L14      L15      L16      L17      L18      L19      L20      L21      L22      L23      L24      L25      L26      L27      L28
-----------------------------------------------------------------------------------------------------------------------------------------------------------------------------------------------------------------------------------------------------------------------
       0.00     0.00     0.00     0.00     0.00     0.00     0.00     0.00     0.00     0.00     0.00     0.00     0.00     0.00     0.00     0.00     0.00     0.00     0.00     0.00     0.00     0.00     0.00     0.00     0.00     0.00     0.00     0.00     0.00
       0.00     0.00     0.00     0.00     0.00     0.00     0.00     0.00     0.00     0.01     0.01     0.01     0.01     0.01     0.01     0.01     0.01     0.01     0.01     0.01     0.01     0.02     0.02     0.02     0.02     0.02     0.02     0.02     0.02
       0.01     0.01     0.01     0.01     0.01     0.03     0.03     0.03     0.03     0.04     0.04     0.04     0.04     0.06     0.06     0.06     0.06     0.07     0.07     0.07     0.07     0.09     0.09     0.09     0.09     0.10     0.10     0.10     0.10
       0.03     0.04     0.04     0.04     0.04     0.08     0.08     0.08     0.08     0.13     0.13     0.13     0.13     0.17     0.17     0.17     0.17     0.22     0.22     0.22     0.22     0.26     0.26     0.26     0.26     0.30     0.30     0.30     0.30
       0.06     0.10     0.10     0.10     0.10     0.18     0.18     0.18     0.19     0.28     0.28     0.28     0.28     0.38     0.38     0.38     0.38     0.48     0.48     0.48     0.48     0.58     0.58     0.58     0.58     0.67     0.67     0.67     0.67
       0.12     0.19     0.19     0.19     0.19     0.35     0.35     0.35     0.35     0.53     0.53     0.53     0.53     0.71     0.71     0.71     0.71     0.90     0.90     0.90     0.90     1.08     1.08     1.08     1.08     1.26     1.26     1.26     1.26
       0.20     0.36     0.36     0.36     0.36     0.62     0.62     0.62     0.62     0.90     0.90     0.90     0.90     1.20     1.20     1.21     1.21     1.51     1.51     1.51     1.51     1.81     1.81     1.81     1.82     2.11     2.11     2.11     2.11
       0.31     0.63     0.63     0.63     0.63     1.00     1.00     1.00     1.00     1.43     1.44     1.44     1.44     1.89     1.89     1.89     1.90     2.36     2.36     2.36     2.36     2.83     2.83     2.83     2.83     3.28     3.28     3.28     3.28
       0.44     1.07     1.07     1.06     1.06     1.56     1.56     1.56     1.56     2.17     2.17     2.17     2.17     2.83     2.83     2.83     2.83     3.50     3.50     3.50     3.50     4.18     4.18     4.18     4.18     4.83     4.84     4.84     4.84
       0.62     1.74     1.74     1.74     1.74     2.35     2.35     2.35     2.35     3.16     3.16     3.16     3.16     4.06     4.06     4.06     4.06     4.99     4.99     4.99     4.99     5.92     5.92     5.93     5.93     6.84     6.84     6.84     6.84
       0.83     2.77     2.76     2.76     2.75     3.45     3.44     3.44     3.44     4.48     4.48     4.48     4.48     5.66     5.67     5.67     5.67     6.90     6.90     6.90     6.90     8.15     8.15     8.15     8.15     9.37     9.37     9.37     9.37
       1.07     4.28     4.27     4.26     4.26     4.96     4.96     4.96     4.95     6.23     6.23     6.23     6.23     7.74     7.74     7.74     7.74     9.33     9.33     9.33     9.33    10.94    10.94    10.95    10.95    12.53    12.53    12.53    12.53
       1.37     6.45     6.44     6.44     6.43     7.04     7.03     7.03     7.03     8.54     8.54     8.54     8.54    10.40    10.40    10.40    10.40    12.40    12.40    12.41    12.41    14.44    14.45    14.45    14.45    16.45    16.45    16.45    16.45
       1.70     9.52     9.52     9.51     9.51     9.85     9.85     9.85     9.85    11.57    11.57    11.57    11.57    13.82    13.82    13.82    13.83    16.28    16.29    16.29    16.29    18.81    18.81    18.82    18.82    21.30    21.30    21.30    21.31
       2.08    13.76    13.76    13.77    13.78    13.63    13.64    13.64    13.65    15.52    15.53    15.54    15.54    18.19    18.20    18.20    18.21    21.17    21.18    21.18    21.19    24.25    24.25    24.26    24.26    27.28    27.29    27.29    27.29
       2.51    19.50    19.53    19.55    19.57    18.65    18.66    18.67    18.69    20.66    20.67    20.68    20.69    23.76    23.77    23.78    23.79    27.30    27.31    27.32    27.33    30.98    30.99    31.00    31.01    34.63    34.64    34.65    34.65
       2.98    27.16    27.20    27.23    27.27    25.21    25.23    25.25    25.27    27.24    27.26    27.28    27.30    30.78    30.80    30.81    30.83    34.93    34.94    34.96    34.97    39.29    39.30    39.31    39.32    43.61    43.62    43.63    43.64
       3.51    37.17    37.22    37.27    37.31    33.66    33.69    33.71    33.74    35.59    35.61    35.63    35.65    39.56    39.57    39.59    39.61    44.35    44.37    44.39    44.40    49.44    49.45    49.47    49.48    54.51    54.52    54.53    54.54
       4.08    50.07    50.12    50.18    50.23    44.40    44.42    44.45    44.48    46.03    46.06    46.08    46.10    50.40    50.42    50.44    50.46    55.87    55.89    55.91    55.93    61.75    61.76    61.78    61.80    67.62    67.63    67.64    67.66
       4.71    66.48    66.54    66.59    66.64    57.86    57.89    57.91    57.93    58.97    58.99    59.01    59.03    63.68    63.70    63.72    63.74    69.85    69.87    69.89    69.91    76.56    76.58    76.60    76.62    83.31    83.32    83.33    83.34
       5.39    87.19    87.25    87.30    87.35    74.60    74.62    74.64    74.66    74.86    74.88    74.90    74.92    79.85    79.87    79.88    79.90    86.74    86.76    86.77    86.79    94.34    94.36    94.37    94.39   102.02   102.03   102.04   102.05
-----------------------------------------------------------------------------------------------------------------------------------------------------------------------------------------------------------------------------------------------------------------------
 final total staircase : +102.05 um at theta = 5.39 deg
 carried by            : GLASS +0.03 um (0.0%),  PET +0.44 um (0.4%),  PSA +101.58 um (99.5%)
 (equal-thickness rows -> a ~50/50 split means bending tilt, not interlayer shear)

=======================================================================================================================================================================================================================================================================
 Interlayer slip at x = +40.00 mm   [um, cumulative from bottom surface]
=======================================================================================================================================================================================================================================================================
 theta[deg]       L1       L2       L3       L4       L5       L6       L7       L8       L9      L10      L11      L12      L13      L14      L15      L16      L17      L18      L19      L20      L21      L22      L23      L24      L25      L26      L27      L28
-----------------------------------------------------------------------------------------------------------------------------------------------------------------------------------------------------------------------------------------------------------------------
       0.00     0.00     0.00     0.00     0.00     0.00     0.00     0.00     0.00     0.00     0.00     0.00     0.00     0.00     0.00     0.00     0.00     0.00     0.00     0.00     0.00     0.00     0.00     0.00     0.00     0.00     0.00     0.00     0.00
       0.00     0.00     0.00     0.00     0.00     0.00     0.00     0.00     0.00     0.01     0.01     0.01     0.01     0.01     0.01     0.01     0.01     0.01     0.01     0.01     0.01     0.02     0.02     0.02     0.02     0.02     0.02     0.02     0.02
       0.01     0.01     0.01     0.01     0.01     0.03     0.03     0.03     0.03     0.04     0.04     0.04     0.04     0.06     0.06     0.06     0.06     0.07     0.07     0.07     0.07     0.09     0.09     0.09     0.09     0.10     0.10     0.10     0.10
       0.03     0.04     0.04     0.04     0.04     0.08     0.08     0.08     0.08     0.13     0.13     0.13     0.13     0.17     0.17     0.17     0.17     0.22     0.22     0.22     0.22     0.26     0.26     0.26     0.26     0.30     0.30     0.30     0.30
       0.06     0.10     0.10     0.10     0.10     0.18     0.18     0.18     0.19     0.28     0.28     0.28     0.28     0.38     0.38     0.38     0.38     0.48     0.48     0.48     0.48     0.58     0.58     0.58     0.58     0.67     0.67     0.67     0.67
       0.12     0.19     0.19     0.19     0.19     0.35     0.35     0.35     0.35     0.53     0.53     0.53     0.53     0.71     0.71     0.71     0.71     0.90     0.90     0.90     0.90     1.08     1.08     1.08     1.08     1.26     1.26     1.26     1.26
       0.20     0.36     0.36     0.36     0.36     0.62     0.62     0.62     0.62     0.90     0.90     0.90     0.90     1.20     1.20     1.21     1.21     1.51     1.51     1.51     1.51     1.81     1.81     1.81     1.82     2.11     2.11     2.11     2.11
       0.31     0.63     0.63     0.63     0.63     1.00     1.00     1.00     1.00     1.43     1.44     1.44     1.44     1.89     1.89     1.89     1.90     2.36     2.36     2.36     2.36     2.83     2.83     2.83     2.83     3.28     3.28     3.28     3.28
       0.44     1.07     1.07     1.06     1.06     1.56     1.56     1.56     1.56     2.17     2.17     2.17     2.17     2.83     2.83     2.83     2.83     3.50     3.50     3.50     3.50     4.18     4.18     4.18     4.18     4.83     4.84     4.84     4.84
       0.62     1.74     1.74     1.74     1.74     2.35     2.35     2.35     2.35     3.16     3.16     3.16     3.16     4.06     4.06     4.06     4.06     4.99     4.99     4.99     4.99     5.92     5.92     5.93     5.93     6.84     6.84     6.84     6.84
       0.83     2.77     2.76     2.76     2.75     3.45     3.44     3.44     3.44     4.48     4.48     4.48     4.48     5.66     5.67     5.67     5.67     6.90     6.90     6.90     6.90     8.15     8.15     8.15     8.15     9.37     9.37     9.37     9.37
       1.07     4.28     4.27     4.26     4.26     4.96     4.96     4.96     4.95     6.23     6.23     6.23     6.23     7.74     7.74     7.74     7.74     9.33     9.33     9.33     9.33    10.94    10.94    10.95    10.95    12.53    12.53    12.53    12.53
       1.37     6.45     6.44     6.44     6.43     7.04     7.03     7.03     7.03     8.54     8.54     8.54     8.54    10.40    10.40    10.40    10.40    12.40    12.40    12.41    12.41    14.44    14.45    14.45    14.45    16.45    16.45    16.45    16.45
       1.70     9.52     9.52     9.51     9.51     9.85     9.85     9.85     9.85    11.57    11.57    11.57    11.57    13.82    13.82    13.82    13.83    16.28    16.29    16.29    16.29    18.81    18.81    18.82    18.82    21.30    21.30    21.30    21.31
       2.08    13.76    13.76    13.77    13.78    13.63    13.64    13.64    13.65    15.52    15.53    15.54    15.54    18.19    18.20    18.20    18.21    21.17    21.18    21.18    21.19    24.25    24.25    24.26    24.26    27.28    27.29    27.29    27.29
       2.51    19.50    19.53    19.55    19.57    18.65    18.66    18.67    18.69    20.66    20.67    20.68    20.69    23.76    23.77    23.78    23.79    27.30    27.31    27.32    27.33    30.98    30.99    31.00    31.01    34.63    34.64    34.65    34.65
       2.98    27.16    27.19    27.23    27.27    25.21    25.23    25.25    25.27    27.24    27.26    27.28    27.29    30.78    30.80    30.81    30.83    34.93    34.94    34.96    34.97    39.29    39.30    39.31    39.32    43.61    43.62    43.63    43.64
       3.51    37.17    37.22    37.27    37.31    33.66    33.69    33.71    33.74    35.59    35.61    35.63    35.65    39.56    39.57    39.59    39.61    44.35    44.37    44.39    44.40    49.44    49.45    49.47    49.48    54.51    54.52    54.53    54.54
       4.08    50.07    50.12    50.18    50.23    44.40    44.42    44.45    44.48    46.03    46.06    46.08    46.10    50.40    50.42    50.44    50.46    55.87    55.89    55.91    55.93    61.75    61.76    61.78    61.80    67.62    67.63    67.64    67.66
       4.71    66.49    66.54    66.60    66.65    57.87    57.89    57.92    57.94    58.97    59.00    59.02    59.04    63.69    63.71    63.73    63.75    69.86    69.88    69.90    69.92    76.57    76.59    76.61    76.62    83.32    83.33    83.34    83.35
       5.39    87.72    87.78    87.83    87.88    75.31    75.33    75.35    75.37    75.61    75.63    75.65    75.67    80.61    80.63    80.64    80.66    87.50    87.52    87.54    87.55    95.10    95.12    95.13    95.15   102.78   102.79   102.80   102.81
-----------------------------------------------------------------------------------------------------------------------------------------------------------------------------------------------------------------------------------------------------------------------
 final total staircase : +102.81 um at theta = 5.39 deg
 carried by            : GLASS +0.03 um (0.0%),  PET +0.44 um (0.4%),  PSA +102.34 um (99.5%)
 (equal-thickness rows -> a ~50/50 split means bending tilt, not interlayer shear)

Saving final shape visualization to: D:\PythonCodeStudy\WHT_DispFoldSolver\examples\dbg3_a.png
[PNG] Deformed shape saved: D:\PythonCodeStudy\WHT_DispFoldSolver\examples\dbg3_a.png
Done.
