D:\PythonCodeStudy\WHT_DispFoldSolver\dispsolver\io\abaqus_parser.py:131: UserWarning: Unsupported keyword: *SECTION CONTROLS \u2014 skipping
  warnings.warn(f"Unsupported keyword: *{block.keyword} \u2014 skipping")
Found translation boundary conditions on 4 DOFs.
Found prescribed rotations on master nodes: {100000: -1.570796, 100306: 1.570796}
====================================================================================================
 MODEL REVIEW
====================================================================================================
Materials (4 distinct):
  - PSA: Arruda-Boyce + Prony viscoelastic: mu=0.015614, lambda_m=3.0, K=0.83333
  - PET: J2 plasticity: E=4000.0, nu=0.3, sigma_y0=80.0, H=400.0
  - GLASS: J2 plasticity: E=70000.0, nu=0.22, sigma_y0=1000000000.0, H=0.0
  - STEEL: NeoHookean: E=20000.0, nu=0.3
Parts / Layers (16 total):
  - pid 1: 142 elements, material=PSA, thickness=0.0300 mm (30.0 um), element=CPE4I
  - pid 2: 606 elements, material=PET, thickness=0.0600 mm (60.0 um), element=Q4_COROTATIONAL_SRI
  - pid 3: 202 elements, material=PSA, thickness=0.0300 mm (30.0 um), element=CPE4I
  - pid 4: 606 elements, material=PET, thickness=0.0600 mm (60.0 um), element=Q4_COROTATIONAL_SRI
  - pid 5: 202 elements, material=PSA, thickness=0.0300 mm (30.0 um), element=CPE4I
  - pid 6: 606 elements, material=PET, thickness=0.0600 mm (60.0 um), element=Q4_COROTATIONAL_SRI
  - pid 7: 202 elements, material=PSA, thickness=0.0300 mm (30.0 um), element=CPE4I
  - pid 8: 606 elements, material=PET, thickness=0.0600 mm (60.0 um), element=Q4_COROTATIONAL_SRI
  - pid 9: 202 elements, material=PSA, thickness=0.0300 mm (30.0 um), element=CPE4I
  - pid 10: 606 elements, material=PET, thickness=0.0600 mm (60.0 um), element=Q4_COROTATIONAL_SRI
  - pid 11: 202 elements, material=PSA, thickness=0.0300 mm (30.0 um), element=CPE4I
  - pid 12: 606 elements, material=PET, thickness=0.0600 mm (60.0 um), element=Q4_COROTATIONAL_SRI
  - pid 13: 202 elements, material=PSA, thickness=0.0300 mm (30.0 um), element=CPE4I
  - pid 14: 606 elements, material=GLASS, thickness=0.0600 mm (60.0 um), element=Q4_COROTATIONAL_SRI
  - Plate Left: 240 elements, material=STEEL, thickness=0.5000 mm (500.0 um), element=Q4_COROTATIONAL
  - Plate Right: 240 elements, material=STEEL, thickness=0.5000 mm (500.0 um), element=Q4_COROTATIONAL
Total elements: 6076, total layers/parts: 16
====================================================================================================
[PNG] Deformed shape saved: D:\PythonCodeStudy\WHT_DispFoldSolver\examples\dbg3_b.png
----------------------------------------------------------------------------------------------------
Step 1 | Attempting time increment: dt = 0.00500s (t: 0.0000s -> 0.0050s)
----------------------------------------------------------------------------------------------------

  Nonlinear Iteration Summary (Newton-Raphson)
  ==========================================================================================================================
  Time increment dt: 5.000e-03
  Convergence Tol  : 1.0e-02 (Disp Ratio)     Max Iterations: 50
  --------------------------------------------------------------------------------------------------------------------------
  Iter   Max Res.Force  (Node/DOF)    Max Disp.Corr  (Node/DOF)    Max Disp.Incr  Disp.Ratio  Energy.Err  LS.alpha  TieNodes
  --------------------------------------------------------------------------------------------------------------------------
     1    1.1735e+02  N1(UY)         7.5224e-05  N1(UY)         7.5224e-05     9.39e-01    5.21e-01      1.00       122
     2    3.6811e-06  N144(UY)       2.4495e-10  N246(UY)       7.5224e-05     2.55e-06    5.17e-16      1.00       122
  ---------------------------------------------------------------------------------------------------------------------
  => Increment Converged. (Time: 73.46 s)


  STEP   INC   ATT   SEVERE   EQUIL     TOTAL      STEP      INC OF
                     DISCON   ITERS      TIME       TIME       TIME
     1     1     1       0       1     0.0050     0.0050     0.0050
[ALPHA] max|a|=9.9859e-07 (no clamp)  mean|a|(nonzero)=2.731e-09  local_status max=3.08e-11  n_nonfinite_status=0  cum_local_failures=0

  [MONITOR] Step   1 | Time 0.0050s / 1.0s (  0.5%)
            Fold Angle: Target +-  0.00deg | Actual [-0.00deg, +0.00deg]
            Plate Tips Y: Left= -0.50mm | Right= -0.50mm | Max Disp=  0.00mm
            Newton Iters:  1 | dt: 0.00500s
            [DIAGNOSTIC] display/plate max|u| ratio=1.0000 (display=0.000mm, plate=0.000mm)
            [DIAGNOSTIC] Real tie gap (not just active-pair count): DISPLAY_BOT_L_PLATE_L_TOP_TIE: max_gap=0.0000mm mean=0.0000mm n=61 | DISPLAY_BOT_R_PLATE_R_TOP_TIE: max_gap=0.0000mm mean=0.0000mm n=61
            [DIAGNOSTIC] Hinge curvature: max_curv_ratio=11.79 kink_detected=True at x=8.50mm

[PNG] Deformed shape saved: D:\PythonCodeStudy\WHT_DispFoldSolver\examples\dbg3_a.png
----------------------------------------------------------------------------------------------------
Step 2 | Attempting time increment: dt = 0.00750s (t: 0.0050s -> 0.0125s)
----------------------------------------------------------------------------------------------------

  Nonlinear Iteration Summary (Newton-Raphson)
  ==========================================================================================================================
  Time increment dt: 7.500e-03
  Convergence Tol  : 1.0e-02 (Disp Ratio)     Max Iterations: 50
  --------------------------------------------------------------------------------------------------------------------------
  Iter   Max Res.Force  (Node/DOF)    Max Disp.Corr  (Node/DOF)    Max Disp.Incr  Disp.Ratio  Energy.Err  LS.alpha  TieNodes
  --------------------------------------------------------------------------------------------------------------------------
     1    1.0002e+03  N144(UY)       6.4115e-04  N144(UY)       1.0869e-03     5.18e-01    3.79e+01      1.00       122
     2    2.7826e-05  N1(UY)         1.5544e-08  N5321(UY)      1.0869e-03     1.06e-05    4.46e-14      1.00       122
  ---------------------------------------------------------------------------------------------------------------------
  => Increment Converged. (Time: 10.04 s)

     1     2     1       0       1     0.0125     0.0075     0.0075
[ALPHA] max|a|=1.5612e-05 (no clamp)  mean|a|(nonzero)=4.453e-08  local_status max=9.77e-09  n_nonfinite_status=0  cum_local_failures=0

  [MONITOR] Step   2 | Time 0.0125s / 1.0s (  1.2%)
            Fold Angle: Target +-  0.00deg | Actual [-0.00deg, +0.00deg]
            Plate Tips Y: Left= -0.50mm | Right= -0.50mm | Max Disp=  0.00mm
            Newton Iters:  1 | dt: 0.00750s
            [DIAGNOSTIC] display/plate max|u| ratio=1.0000 (display=0.001mm, plate=0.000mm)
            [DIAGNOSTIC] Real tie gap (not just active-pair count): DISPLAY_BOT_L_PLATE_L_TOP_TIE: max_gap=0.0000mm mean=0.0000mm n=61 | DISPLAY_BOT_R_PLATE_R_TOP_TIE: max_gap=0.0000mm mean=0.0000mm n=61

[PNG] Deformed shape saved: D:\PythonCodeStudy\WHT_DispFoldSolver\examples\dbg3_a.png
----------------------------------------------------------------------------------------------------
Step 3 | Attempting time increment: dt = 0.01000s (t: 0.0125s -> 0.0225s)
----------------------------------------------------------------------------------------------------

  Nonlinear Iteration Summary (Newton-Raphson)
  ==========================================================================================================================
  Time increment dt: 1.000e-02
  Convergence Tol  : 1.0e-02 (Disp Ratio)     Max Iterations: 50
  --------------------------------------------------------------------------------------------------------------------------
  Iter   Max Res.Force  (Node/DOF)    Max Disp.Corr  (Node/DOF)    Max Disp.Incr  Disp.Ratio  Energy.Err  LS.alpha  TieNodes
  --------------------------------------------------------------------------------------------------------------------------
     1    1.6000e+03  N1(UY)         1.0256e-03  N1(UY)         5.5133e-03     1.44e-01    9.69e+01      1.00       122
     2    2.6084e-05  N144(UY)       1.6776e-07  N5321(UY)      5.5133e-03     1.94e-05    1.27e-13      1.00       122
  ---------------------------------------------------------------------------------------------------------------------
  => Increment Converged. (Time: 10.05 s)

     1     3     1       0       1     0.0225     0.0100     0.0100
[ALPHA] max|a|=9.0150e-05 (no clamp)  mean|a|(nonzero)=2.598e-07  local_status max=9.17e-09  n_nonfinite_status=0  cum_local_failures=0

  [MONITOR] Step   3 | Time 0.0225s / 1.0s (  2.2%)
            Fold Angle: Target +-  0.01deg | Actual [-0.01deg, +0.01deg]
            Plate Tips Y: Left= -0.49mm | Right= -0.49mm | Max Disp=  0.01mm
            Newton Iters:  1 | dt: 0.01000s
            [DIAGNOSTIC] display/plate max|u| ratio=1.0000 (display=0.007mm, plate=0.000mm)
            [DIAGNOSTIC] Real tie gap (not just active-pair count): DISPLAY_BOT_L_PLATE_L_TOP_TIE: max_gap=0.0000mm mean=0.0000mm n=61 | DISPLAY_BOT_R_PLATE_R_TOP_TIE: max_gap=0.0000mm mean=0.0000mm n=61

[PNG] Deformed shape saved: D:\PythonCodeStudy\WHT_DispFoldSolver\examples\dbg3_a.png
----------------------------------------------------------------------------------------------------
Step 4 | Attempting time increment: dt = 0.01000s (t: 0.0225s -> 0.0325s)
----------------------------------------------------------------------------------------------------

  Nonlinear Iteration Summary (Newton-Raphson)
  ==========================================================================================================================
  Time increment dt: 1.000e-02
  Convergence Tol  : 1.0e-02 (Disp Ratio)     Max Iterations: 50
  --------------------------------------------------------------------------------------------------------------------------
  Iter   Max Res.Force  (Node/DOF)    Max Disp.Corr  (Node/DOF)    Max Disp.Incr  Disp.Ratio  Energy.Err  LS.alpha  TieNodes
  --------------------------------------------------------------------------------------------------------------------------
     1    2.2071e+03  N1(UY)         1.4148e-03  N347(UY)       1.3137e-02     6.70e-02    1.84e+02      1.00       122
     2    1.0814e-03  N144(UY)       7.4128e-07  N5321(UY)      1.3137e-02     2.87e-05    4.47e-11      1.00       122
  ---------------------------------------------------------------------------------------------------------------------
  => Increment Converged. (Time: 10.37 s)

     1     4     1       0       1     0.0325     0.0100     0.0100
[ALPHA] max|a|=2.6866e-04 (no clamp)  mean|a|(nonzero)=7.723e-07  local_status max=8.68e-09  n_nonfinite_status=0  cum_local_failures=0

  [MONITOR] Step   4 | Time 0.0325s / 1.0s (  3.2%)
            Fold Angle: Target +-  0.03deg | Actual [-0.03deg, +0.03deg]
            Plate Tips Y: Left= -0.48mm | Right= -0.48mm | Max Disp=  0.02mm
            Newton Iters:  1 | dt: 0.01000s
            [DIAGNOSTIC] display/plate max|u| ratio=1.0000 (display=0.020mm, plate=0.000mm)
            [DIAGNOSTIC] Real tie gap (not just active-pair count): DISPLAY_BOT_L_PLATE_L_TOP_TIE: max_gap=0.0000mm mean=0.0000mm n=61 | DISPLAY_BOT_R_PLATE_R_TOP_TIE: max_gap=0.0000mm mean=0.0000mm n=61

[PNG] Deformed shape saved: D:\PythonCodeStudy\WHT_DispFoldSolver\examples\dbg3_a.png
----------------------------------------------------------------------------------------------------
Step 5 | Attempting time increment: dt = 0.01000s (t: 0.0325s -> 0.0425s)
----------------------------------------------------------------------------------------------------

  Nonlinear Iteration Summary (Newton-Raphson)
  ==========================================================================================================================
  Time increment dt: 1.000e-02
  Convergence Tol  : 1.0e-02 (Disp Ratio)     Max Iterations: 50
  --------------------------------------------------------------------------------------------------------------------------
  Iter   Max Res.Force  (Node/DOF)    Max Disp.Corr  (Node/DOF)    Max Disp.Incr  Disp.Ratio  Energy.Err  LS.alpha  TieNodes
  --------------------------------------------------------------------------------------------------------------------------
     1    1.2891e+03  N1(UY)         8.2669e-04  N145(UY)       2.3816e-02     1.78e-02    6.29e+01      1.00       122
     2    1.8277e-03  N144(UY)       9.4179e-07  N5321(UY)      2.3816e-02     1.66e-05    1.27e-10      1.00       122
  ---------------------------------------------------------------------------------------------------------------------
  => Increment Converged. (Time: 9.80 s)

     1     5     1       0       1     0.0425     0.0100     0.0100
[ALPHA] max|a|=5.9460e-04 (no clamp)  mean|a|(nonzero)=1.707e-06  local_status max=9.19e-09  n_nonfinite_status=0  cum_local_failures=0

  [MONITOR] Step   5 | Time 0.0425s / 1.0s (  4.2%)
            Fold Angle: Target +-  0.06deg | Actual [-0.06deg, +0.06deg]
            Plate Tips Y: Left= -0.46mm | Right= -0.46mm | Max Disp=  0.04mm
            Newton Iters:  1 | dt: 0.01000s
            [DIAGNOSTIC] display/plate max|u| ratio=1.0000 (display=0.044mm, plate=0.000mm)
            [DIAGNOSTIC] Real tie gap (not just active-pair count): DISPLAY_BOT_L_PLATE_L_TOP_TIE: max_gap=0.0000mm mean=0.0000mm n=61 | DISPLAY_BOT_R_PLATE_R_TOP_TIE: max_gap=0.0000mm mean=0.0000mm n=61

[PNG] Deformed shape saved: D:\PythonCodeStudy\WHT_DispFoldSolver\examples\dbg3_a.png
----------------------------------------------------------------------------------------------------
Step 6 | Attempting time increment: dt = 0.01000s (t: 0.0425s -> 0.0525s)
----------------------------------------------------------------------------------------------------

  Nonlinear Iteration Summary (Newton-Raphson)
  ==========================================================================================================================
  Time increment dt: 1.000e-02
  Convergence Tol  : 1.0e-02 (Disp Ratio)     Max Iterations: 50
  --------------------------------------------------------------------------------------------------------------------------
  Iter   Max Res.Force  (Node/DOF)    Max Disp.Corr  (Node/DOF)    Max Disp.Incr  Disp.Ratio  Energy.Err  LS.alpha  TieNodes
  --------------------------------------------------------------------------------------------------------------------------
     1    1.8964e+03  N144(UY)       1.2163e-03  N145(UY)       3.7346e-02     1.40e-02    1.36e+02      1.00       122
     2    5.9596e-03  N144(UY)       2.8168e-06  N5321(UY)      3.7346e-02     2.66e-05    1.35e-09      1.00       122
  ---------------------------------------------------------------------------------------------------------------------
  => Increment Converged. (Time: 11.18 s)

     1     6     1       0       1     0.0525     0.0100     0.0100
[ALPHA] max|a|=1.1111e-03 (no clamp)  mean|a|(nonzero)=3.202e-06  local_status max=9.72e-09  n_nonfinite_status=0  cum_local_failures=0

  [MONITOR] Step   6 | Time 0.0525s / 1.0s (  5.3%)
            Fold Angle: Target +-  0.12deg | Actual [-0.12deg, +0.12deg]
            Plate Tips Y: Left= -0.42mm | Right= -0.42mm | Max Disp=  0.08mm
            Newton Iters:  1 | dt: 0.01000s
            [DIAGNOSTIC] display/plate max|u| ratio=1.0000 (display=0.081mm, plate=0.000mm)
            [DIAGNOSTIC] Real tie gap (not just active-pair count): DISPLAY_BOT_L_PLATE_L_TOP_TIE: max_gap=0.0000mm mean=0.0000mm n=61 | DISPLAY_BOT_R_PLATE_R_TOP_TIE: max_gap=0.0000mm mean=0.0000mm n=61

[PNG] Deformed shape saved: D:\PythonCodeStudy\WHT_DispFoldSolver\examples\dbg3_a.png
----------------------------------------------------------------------------------------------------
Step 7 | Attempting time increment: dt = 0.01000s (t: 0.0525s -> 0.0625s)
----------------------------------------------------------------------------------------------------

  Nonlinear Iteration Summary (Newton-Raphson)
  ==========================================================================================================================
  Time increment dt: 1.000e-02
  Convergence Tol  : 1.0e-02 (Disp Ratio)     Max Iterations: 50
  --------------------------------------------------------------------------------------------------------------------------
  Iter   Max Res.Force  (Node/DOF)    Max Disp.Corr  (Node/DOF)    Max Disp.Incr  Disp.Ratio  Energy.Err  LS.alpha  TieNodes
  --------------------------------------------------------------------------------------------------------------------------
     1    1.1834e+03  N1(UY)         7.5996e-04  N145(UY)       5.3528e-02     5.28e-03    5.31e+01      1.00       122
     2    6.3288e-03  N144(UY)       2.9194e-06  N5321(UY)      5.3528e-02     1.65e-05    1.52e-09      1.00       122
  ---------------------------------------------------------------------------------------------------------------------
  => Increment Converged. (Time: 9.62 s)

     1     7     1       0       1     0.0625     0.0100     0.0100
[ALPHA] max|a|=1.8620e-03 (no clamp)  mean|a|(nonzero)=5.413e-06  local_status max=9.96e-09  n_nonfinite_status=0  cum_local_failures=0

  [MONITOR] Step   7 | Time 0.0625s / 1.0s (  6.2%)
            Fold Angle: Target +-  0.20deg | Actual [-0.20deg, +0.20deg]
            Plate Tips Y: Left= -0.37mm | Right= -0.37mm | Max Disp=  0.13mm
            Newton Iters:  1 | dt: 0.01000s
            [DIAGNOSTIC] display/plate max|u| ratio=1.0000 (display=0.134mm, plate=0.000mm)
            [DIAGNOSTIC] Real tie gap (not just active-pair count): DISPLAY_BOT_L_PLATE_L_TOP_TIE: max_gap=0.0000mm mean=0.0000mm n=61 | DISPLAY_BOT_R_PLATE_R_TOP_TIE: max_gap=0.0000mm mean=0.0000mm n=61

[PNG] Deformed shape saved: D:\PythonCodeStudy\WHT_DispFoldSolver\examples\dbg3_a.png
----------------------------------------------------------------------------------------------------
Step 8 | Attempting time increment: dt = 0.01000s (t: 0.0625s -> 0.0725s)
----------------------------------------------------------------------------------------------------

  Nonlinear Iteration Summary (Newton-Raphson)
  ==========================================================================================================================
  Time increment dt: 1.000e-02
  Convergence Tol  : 1.0e-02 (Disp Ratio)     Max Iterations: 50
  --------------------------------------------------------------------------------------------------------------------------
  Iter   Max Res.Force  (Node/DOF)    Max Disp.Corr  (Node/DOF)    Max Disp.Incr  Disp.Ratio  Energy.Err  LS.alpha  TieNodes
  --------------------------------------------------------------------------------------------------------------------------
     1    1.5418e+03  N1(UY)         9.9031e-04  N145(UY)       7.2171e-02     4.48e-03    9.01e+01      1.00       122
     2    1.3388e-02  N144(UY)       4.9551e-06  N5321(UY)      7.2171e-02     1.83e-05    6.79e-09      1.00       122
  ---------------------------------------------------------------------------------------------------------------------
  => Increment Converged. (Time: 9.62 s)

     1     8     1       0       1     0.0725     0.0100     0.0100
[ALPHA] max|a|=2.8936e-03 (no clamp)  mean|a|(nonzero)=8.552e-06  local_status max=9.99e-09  n_nonfinite_status=0  cum_local_failures=0

  [MONITOR] Step   8 | Time 0.0725s / 1.0s (  7.2%)
            Fold Angle: Target +-  0.31deg | Actual [-0.31deg, +0.31deg]
            Plate Tips Y: Left= -0.29mm | Right= -0.29mm | Max Disp=  0.21mm
            Newton Iters:  1 | dt: 0.01000s
            [DIAGNOSTIC] display/plate max|u| ratio=1.0000 (display=0.207mm, plate=0.000mm)
            [DIAGNOSTIC] Real tie gap (not just active-pair count): DISPLAY_BOT_L_PLATE_L_TOP_TIE: max_gap=0.0000mm mean=0.0000mm n=61 | DISPLAY_BOT_R_PLATE_R_TOP_TIE: max_gap=0.0000mm mean=0.0000mm n=61

[PNG] Deformed shape saved: D:\PythonCodeStudy\WHT_DispFoldSolver\examples\dbg3_a.png
----------------------------------------------------------------------------------------------------
Step 9 | Attempting time increment: dt = 0.01000s (t: 0.0725s -> 0.0825s)
----------------------------------------------------------------------------------------------------

  Nonlinear Iteration Summary (Newton-Raphson)
  ==========================================================================================================================
  Time increment dt: 1.000e-02
  Convergence Tol  : 1.0e-02 (Disp Ratio)     Max Iterations: 50
  --------------------------------------------------------------------------------------------------------------------------
  Iter   Max Res.Force  (Node/DOF)    Max Disp.Corr  (Node/DOF)    Max Disp.Incr  Disp.Ratio  Energy.Err  LS.alpha  TieNodes
  --------------------------------------------------------------------------------------------------------------------------
     1    1.0763e+03  N1(UY)         6.9274e-04  N347(UY)       9.3083e-02     2.18e-03    4.40e+01      1.00       122
     2    1.2923e-02  N144(UY)       2.7802e-06  N5321(UY)      9.3083e-02     7.22e-06    6.33e-09      1.00       122
  ---------------------------------------------------------------------------------------------------------------------
  => Increment Converged. (Time: 9.69 s)

     1     9     1       0       1     0.0825     0.0100     0.0100
[ALPHA] max|a|=4.2579e-03 (no clamp)  mean|a|(nonzero)=1.293e-05  local_status max=9.94e-09  n_nonfinite_status=0  cum_local_failures=0

  [MONITOR] Step   9 | Time 0.0825s / 1.0s (  8.2%)
            Fold Angle: Target +-  0.44deg | Actual [-0.44deg, +0.44deg]
            Plate Tips Y: Left= -0.20mm | Right= -0.20mm | Max Disp=  0.30mm
            Newton Iters:  1 | dt: 0.01000s
            [DIAGNOSTIC] display/plate max|u| ratio=1.0000 (display=0.300mm, plate=0.000mm)
            [DIAGNOSTIC] Real tie gap (not just active-pair count): DISPLAY_BOT_L_PLATE_L_TOP_TIE: max_gap=0.0000mm mean=0.0000mm n=61 | DISPLAY_BOT_R_PLATE_R_TOP_TIE: max_gap=0.0000mm mean=0.0000mm n=61

[PNG] Deformed shape saved: D:\PythonCodeStudy\WHT_DispFoldSolver\examples\dbg3_a.png
----------------------------------------------------------------------------------------------------
Step 10 | Attempting time increment: dt = 0.01000s (t: 0.0825s -> 0.0925s)
----------------------------------------------------------------------------------------------------

  Nonlinear Iteration Summary (Newton-Raphson)
  ==========================================================================================================================
  Time increment dt: 1.000e-02
  Convergence Tol  : 1.0e-02 (Disp Ratio)     Max Iterations: 50
  --------------------------------------------------------------------------------------------------------------------------
  Iter   Max Res.Force  (Node/DOF)    Max Disp.Corr  (Node/DOF)    Max Disp.Incr  Disp.Ratio  Energy.Err  LS.alpha  TieNodes
  --------------------------------------------------------------------------------------------------------------------------
     1    1.2325e+03  N1(UY)         7.9278e-04  N145(UY)       1.1608e-01     1.85e-03    5.79e+01      1.00       122
     2    2.0820e-02  N144(UY)       1.7369e-06  N5322(UY)      1.1608e-01     2.81e-06    1.64e-08      1.00       122
  ---------------------------------------------------------------------------------------------------------------------
  => Increment Converged. (Time: 9.71 s)

     1    10     1       0       1     0.0925     0.0100     0.0100
[ALPHA] max|a|=6.0183e-03 (no clamp)  mean|a|(nonzero)=1.905e-05  local_status max=9.86e-09  n_nonfinite_status=0  cum_local_failures=0

  [MONITOR] Step  10 | Time 0.0925s / 1.0s (  9.2%)
            Fold Angle: Target +-  0.62deg | Actual [-0.62deg, +0.62deg]
            Plate Tips Y: Left= -0.08mm | Right= -0.08mm | Max Disp=  0.42mm
            Newton Iters:  1 | dt: 0.01000s
            [DIAGNOSTIC] display/plate max|u| ratio=1.0000 (display=0.416mm, plate=0.000mm)
            [DIAGNOSTIC] Real tie gap (not just active-pair count): DISPLAY_BOT_L_PLATE_L_TOP_TIE: max_gap=0.0000mm mean=0.0000mm n=61 | DISPLAY_BOT_R_PLATE_R_TOP_TIE: max_gap=0.0000mm mean=0.0000mm n=61
            [DIAGNOSTIC] Hinge curvature: max_curv_ratio=11.73 kink_detected=True at x=8.50mm

[PNG] Deformed shape saved: D:\PythonCodeStudy\WHT_DispFoldSolver\examples\dbg3_a.png
----------------------------------------------------------------------------------------------------
Step 11 | Attempting time increment: dt = 0.01000s (t: 0.0925s -> 0.1025s)
----------------------------------------------------------------------------------------------------

  Nonlinear Iteration Summary (Newton-Raphson)
  ==========================================================================================================================
  Time increment dt: 1.000e-02
  Convergence Tol  : 1.0e-02 (Disp Ratio)     Max Iterations: 50
  --------------------------------------------------------------------------------------------------------------------------
  Iter   Max Res.Force  (Node/DOF)    Max Disp.Corr  (Node/DOF)    Max Disp.Incr  Disp.Ratio  Energy.Err  LS.alpha  TieNodes
  --------------------------------------------------------------------------------------------------------------------------
     1    9.3757e+02  N143(UY)       6.0231e-04  N5219(UY)      1.4097e-01     1.18e-03    3.37e+01      1.00       122
     2    1.9602e-02  N1(UY)         8.8108e-06  N5321(UY)      1.4097e-01     1.15e-05    1.46e-08      1.00       122
  ---------------------------------------------------------------------------------------------------------------------
  => Increment Converged. (Time: 9.91 s)

     1    11     1       0       1     0.1025     0.0100     0.0100
[ALPHA] max|a|=8.2650e-03 (no clamp)  mean|a|(nonzero)=2.771e-05  local_status max=9.76e-09  n_nonfinite_status=0  cum_local_failures=0

  [MONITOR] Step  11 | Time 0.1025s / 1.0s ( 10.2%)
            Fold Angle: Target +-  0.83deg | Actual [-0.83deg, +0.83deg]
            Plate Tips Y: Left= +0.06mm | Right= +0.06mm | Max Disp=  0.56mm
            Newton Iters:  1 | dt: 0.01000s
            [DIAGNOSTIC] display/plate max|u| ratio=1.0000 (display=0.557mm, plate=0.000mm)
            [DIAGNOSTIC] Real tie gap (not just active-pair count): DISPLAY_BOT_L_PLATE_L_TOP_TIE: max_gap=0.0000mm mean=0.0000mm n=61 | DISPLAY_BOT_R_PLATE_R_TOP_TIE: max_gap=0.0000mm mean=0.0000mm n=61

[PNG] Deformed shape saved: D:\PythonCodeStudy\WHT_DispFoldSolver\examples\dbg3_a.png
----------------------------------------------------------------------------------------------------
Step 12 | Attempting time increment: dt = 0.01000s (t: 0.1025s -> 0.1125s)
----------------------------------------------------------------------------------------------------

  Nonlinear Iteration Summary (Newton-Raphson)
  ==========================================================================================================================
  Time increment dt: 1.000e-02
  Convergence Tol  : 1.0e-02 (Disp Ratio)     Max Iterations: 50
  --------------------------------------------------------------------------------------------------------------------------
  Iter   Max Res.Force  (Node/DOF)    Max Disp.Corr  (Node/DOF)    Max Disp.Incr  Disp.Ratio  Energy.Err  LS.alpha  TieNodes
  --------------------------------------------------------------------------------------------------------------------------
     1    9.7624e+02  N2(UY)         6.7872e-04  N246(UY)       1.6757e-01     1.11e-03    3.66e+01      1.00       122
     2    2.6341e-02  N1(UY)         7.0743e-06  N5322(UY)      1.6757e-01     7.19e-06    2.63e-08      1.00       122
  ---------------------------------------------------------------------------------------------------------------------
  => Increment Converged. (Time: 9.68 s)

     1    12     1       0       1     0.1125     0.0100     0.0100
[ALPHA] max|a|=1.4544e-02 (no clamp)  mean|a|(nonzero)=4.014e-05  local_status max=9.90e-09  n_nonfinite_status=0  cum_local_failures=0

  [MONITOR] Step  12 | Time 0.1125s / 1.0s ( 11.2%)
            Fold Angle: Target +-  1.07deg | Actual [-1.07deg, +1.07deg]
            Plate Tips Y: Left= +0.22mm | Right= +0.22mm | Max Disp=  0.72mm
            Newton Iters:  1 | dt: 0.01000s
            [DIAGNOSTIC] display/plate max|u| ratio=1.0000 (display=0.724mm, plate=0.000mm)
            [DIAGNOSTIC] Real tie gap (not just active-pair count): DISPLAY_BOT_L_PLATE_L_TOP_TIE: max_gap=0.0000mm mean=0.0000mm n=61 | DISPLAY_BOT_R_PLATE_R_TOP_TIE: max_gap=0.0000mm mean=0.0000mm n=61

[PNG] Deformed shape saved: D:\PythonCodeStudy\WHT_DispFoldSolver\examples\dbg3_a.png
----------------------------------------------------------------------------------------------------
Step 13 | Attempting time increment: dt = 0.01000s (t: 0.1125s -> 0.1225s)
----------------------------------------------------------------------------------------------------

  Nonlinear Iteration Summary (Newton-Raphson)
  ==========================================================================================================================
  Time increment dt: 1.000e-02
  Convergence Tol  : 1.0e-02 (Disp Ratio)     Max Iterations: 50
  --------------------------------------------------------------------------------------------------------------------------
  Iter   Max Res.Force  (Node/DOF)    Max Disp.Corr  (Node/DOF)    Max Disp.Incr  Disp.Ratio  Energy.Err  LS.alpha  TieNodes
  --------------------------------------------------------------------------------------------------------------------------
     1    7.8684e+02  N143(UY)       8.3425e-04  N246(UY)       1.9568e-01     8.90e-04    2.38e+01      1.00       122
     2    2.4764e-02  N1(UY)         1.9044e-05  N652(UY)       1.9568e-01     1.51e-05    2.33e-08      1.00       122
  ---------------------------------------------------------------------------------------------------------------------
  => Increment Converged. (Time: 9.70 s)

     1    13     1       0       1     0.1225     0.0100     0.0100
[ALPHA] max|a|=2.4037e-02 (no clamp)  mean|a|(nonzero)=5.786e-05  local_status max=9.98e-09  n_nonfinite_status=0  cum_local_failures=0

  [MONITOR] Step  13 | Time 0.1225s / 1.0s ( 12.2%)
            Fold Angle: Target +-  1.37deg | Actual [-1.37deg, +1.37deg]
            Plate Tips Y: Left= +0.42mm | Right= +0.42mm | Max Disp=  0.92mm
            Newton Iters:  1 | dt: 0.01000s
            [DIAGNOSTIC] display/plate max|u| ratio=1.0000 (display=0.920mm, plate=0.000mm)
            [DIAGNOSTIC] Real tie gap (not just active-pair count): DISPLAY_BOT_L_PLATE_L_TOP_TIE: max_gap=0.0000mm mean=0.0000mm n=61 | DISPLAY_BOT_R_PLATE_R_TOP_TIE: max_gap=0.0000mm mean=0.0000mm n=61

[PNG] Deformed shape saved: D:\PythonCodeStudy\WHT_DispFoldSolver\examples\dbg3_a.png
----------------------------------------------------------------------------------------------------
Step 14 | Attempting time increment: dt = 0.01000s (t: 0.1225s -> 0.1325s)
----------------------------------------------------------------------------------------------------

  Nonlinear Iteration Summary (Newton-Raphson)
  ==========================================================================================================================
  Time increment dt: 1.000e-02
  Convergence Tol  : 1.0e-02 (Disp Ratio)     Max Iterations: 50
  --------------------------------------------------------------------------------------------------------------------------
  Iter   Max Res.Force  (Node/DOF)    Max Disp.Corr  (Node/DOF)    Max Disp.Incr  Disp.Ratio  Energy.Err  LS.alpha  TieNodes
  --------------------------------------------------------------------------------------------------------------------------
     1    7.6588e+02  N143(UY)       8.5003e-04  N5321(UY)      2.2516e-01     7.27e-04    2.26e+01      1.00       122
     2    3.0022e-02  N1(UY)         6.4299e-05  N652(UY)       2.2516e-01     4.14e-05    3.43e-08      1.00       122
  ---------------------------------------------------------------------------------------------------------------------
  => Increment Converged. (Time: 10.49 s)

     1    14     1       0       1     0.1325     0.0100     0.0100
[ALPHA] max|a|=3.5843e-02 (no clamp)  mean|a|(nonzero)=8.225e-05  local_status max=9.96e-09  n_nonfinite_status=0  cum_local_failures=0

  [MONITOR] Step  14 | Time 0.1325s / 1.0s ( 13.2%)
            Fold Angle: Target +-  1.70deg | Actual [-1.70deg, +1.70deg]
            Plate Tips Y: Left= +0.65mm | Right= +0.65mm | Max Disp=  1.15mm
            Newton Iters:  1 | dt: 0.01000s
            [DIAGNOSTIC] display/plate max|u| ratio=1.0000 (display=1.145mm, plate=0.000mm)
            [DIAGNOSTIC] Real tie gap (not just active-pair count): DISPLAY_BOT_L_PLATE_L_TOP_TIE: max_gap=0.0000mm mean=0.0000mm n=61 | DISPLAY_BOT_R_PLATE_R_TOP_TIE: max_gap=0.0000mm mean=0.0000mm n=61

[PNG] Deformed shape saved: D:\PythonCodeStudy\WHT_DispFoldSolver\examples\dbg3_a.png
----------------------------------------------------------------------------------------------------
Step 15 | Attempting time increment: dt = 0.01000s (t: 0.1325s -> 0.1425s)
----------------------------------------------------------------------------------------------------

  Nonlinear Iteration Summary (Newton-Raphson)
  ==========================================================================================================================
  Time increment dt: 1.000e-02
  Convergence Tol  : 1.0e-02 (Disp Ratio)     Max Iterations: 50
  --------------------------------------------------------------------------------------------------------------------------
  Iter   Max Res.Force  (Node/DOF)    Max Disp.Corr  (Node/DOF)    Max Disp.Incr  Disp.Ratio  Energy.Err  LS.alpha  TieNodes
  --------------------------------------------------------------------------------------------------------------------------
     1    6.3548e+02  N143(UY)       6.4736e-04  N5321(UY)      2.5584e-01     4.85e-04    1.56e+01      1.00       122
     2    2.9641e-02  N1(UY)         9.0874e-05  N855(UY)       2.5584e-01     4.88e-05    3.36e-08      1.00       122
  ---------------------------------------------------------------------------------------------------------------------
  => Increment Converged. (Time: 9.36 s)

     1    15     1       0       1     0.1425     0.0100     0.0100
[ALPHA] max|a|=4.6704e-02 (no clamp)  mean|a|(nonzero)=1.139e-04  local_status max=9.95e-09  n_nonfinite_status=0  cum_local_failures=0

  [MONITOR] Step  15 | Time 0.1425s / 1.0s ( 14.2%)
            Fold Angle: Target +-  2.08deg | Actual [-2.08deg, +2.08deg]
            Plate Tips Y: Left= +0.90mm | Right= +0.90mm | Max Disp=  1.40mm
            Newton Iters:  1 | dt: 0.01000s
            [DIAGNOSTIC] display/plate max|u| ratio=1.0000 (display=1.401mm, plate=0.000mm)
            [DIAGNOSTIC] Real tie gap (not just active-pair count): DISPLAY_BOT_L_PLATE_L_TOP_TIE: max_gap=0.0000mm mean=0.0000mm n=61 | DISPLAY_BOT_R_PLATE_R_TOP_TIE: max_gap=0.0000mm mean=0.0000mm n=61

[PNG] Deformed shape saved: D:\PythonCodeStudy\WHT_DispFoldSolver\examples\dbg3_a.png
----------------------------------------------------------------------------------------------------
Step 16 | Attempting time increment: dt = 0.01000s (t: 0.1425s -> 0.1525s)
----------------------------------------------------------------------------------------------------

  Nonlinear Iteration Summary (Newton-Raphson)
  ==========================================================================================================================
  Time increment dt: 1.000e-02
  Convergence Tol  : 1.0e-02 (Disp Ratio)     Max Iterations: 50
  --------------------------------------------------------------------------------------------------------------------------
  Iter   Max Res.Force  (Node/DOF)    Max Disp.Corr  (Node/DOF)    Max Disp.Incr  Disp.Ratio  Energy.Err  LS.alpha  TieNodes
  --------------------------------------------------------------------------------------------------------------------------
     1    5.9047e+02  N143(UY)       4.2865e-04  N145(UY)       2.8761e-01     3.09e-04    1.35e+01      1.00       122
     2    3.5973e-02  N1(UY)         5.4085e-05  N5318(UY)      2.8761e-01     2.71e-05    4.94e-08      1.00       122
  ---------------------------------------------------------------------------------------------------------------------
  => Increment Converged. (Time: 9.82 s)

     1    16     1       0       1     0.1525     0.0100     0.0100
[ALPHA] max|a|=5.2891e-02 (no clamp)  mean|a|(nonzero)=1.525e-04  local_status max=9.92e-09  n_nonfinite_status=0  cum_local_failures=0

  [MONITOR] Step  16 | Time 0.1525s / 1.0s ( 15.2%)
            Fold Angle: Target +-  2.51deg | Actual [-2.51deg, +2.51deg]
            Plate Tips Y: Left= +1.19mm | Right= +1.19mm | Max Disp=  1.69mm
            Newton Iters:  1 | dt: 0.01000s
            [DIAGNOSTIC] display/plate max|u| ratio=1.0000 (display=1.689mm, plate=0.000mm)
            [DIAGNOSTIC] Real tie gap (not just active-pair count): DISPLAY_BOT_L_PLATE_L_TOP_TIE: max_gap=0.0000mm mean=0.0000mm n=61 | DISPLAY_BOT_R_PLATE_R_TOP_TIE: max_gap=0.0000mm mean=0.0000mm n=61

[PNG] Deformed shape saved: D:\PythonCodeStudy\WHT_DispFoldSolver\examples\dbg3_a.png
----------------------------------------------------------------------------------------------------
Step 17 | Attempting time increment: dt = 0.01000s (t: 0.1525s -> 0.1625s)
----------------------------------------------------------------------------------------------------

  Nonlinear Iteration Summary (Newton-Raphson)
  ==========================================================================================================================
  Time increment dt: 1.000e-02
  Convergence Tol  : 1.0e-02 (Disp Ratio)     Max Iterations: 50
  --------------------------------------------------------------------------------------------------------------------------
  Iter   Max Res.Force  (Node/DOF)    Max Disp.Corr  (Node/DOF)    Max Disp.Incr  Disp.Ratio  Energy.Err  LS.alpha  TieNodes
  --------------------------------------------------------------------------------------------------------------------------
     1    4.9670e+02  N143(UY)       3.3916e-04  N145(UY)       3.2035e-01     1.86e-04    9.68e+00      1.00       122
     2    4.1175e-02  N1(UY)         7.0962e-05  N652(UY)       3.2035e-01     2.09e-05    6.51e-08      1.00       122
  ---------------------------------------------------------------------------------------------------------------------
  => Increment Converged. (Time: 9.09 s)

     1    17     1       0       1     0.1625     0.0100     0.0100
[ALPHA] max|a|=5.8376e-02 (no clamp)  mean|a|(nonzero)=1.958e-04  local_status max=1.00e-08  n_nonfinite_status=0  cum_local_failures=0

  [MONITOR] Step  17 | Time 0.1625s / 1.0s ( 16.2%)
            Fold Angle: Target +-  2.98deg | Actual [-2.98deg, +2.98deg]
            Plate Tips Y: Left= +1.51mm | Right= +1.51mm | Max Disp=  2.01mm
            Newton Iters:  1 | dt: 0.01000s
            [DIAGNOSTIC] display/plate max|u| ratio=1.0000 (display=2.009mm, plate=0.000mm)
            [DIAGNOSTIC] Real tie gap (not just active-pair count): DISPLAY_BOT_L_PLATE_L_TOP_TIE: max_gap=0.0000mm mean=0.0000mm n=61 | DISPLAY_BOT_R_PLATE_R_TOP_TIE: max_gap=0.0000mm mean=0.0000mm n=61

[PNG] Deformed shape saved: D:\PythonCodeStudy\WHT_DispFoldSolver\examples\dbg3_a.png
----------------------------------------------------------------------------------------------------
Step 18 | Attempting time increment: dt = 0.01000s (t: 0.1625s -> 0.1725s)
----------------------------------------------------------------------------------------------------

  Nonlinear Iteration Summary (Newton-Raphson)
  ==========================================================================================================================
  Time increment dt: 1.000e-02
  Convergence Tol  : 1.0e-02 (Disp Ratio)     Max Iterations: 50
  --------------------------------------------------------------------------------------------------------------------------
  Iter   Max Res.Force  (Node/DOF)    Max Disp.Corr  (Node/DOF)    Max Disp.Incr  Disp.Ratio  Energy.Err  LS.alpha  TieNodes
  --------------------------------------------------------------------------------------------------------------------------
     1    5.4315e+02  N1(UX)         3.4817e-04  N144(UX)       3.5389e-01     1.40e-04    7.97e+00      1.00       122
     2    5.5705e-02  N144(UY)       2.5043e-04  N652(UY)       3.5389e-01     6.92e-05    1.21e-07      1.00       122
  ---------------------------------------------------------------------------------------------------------------------
  => Increment Converged. (Time: 9.83 s)

     1    18     1       0       1     0.1725     0.0100     0.0100
[ALPHA] max|a|=8.1360e-02 (no clamp)  mean|a|(nonzero)=2.451e-04  local_status max=1.00e-08  n_nonfinite_status=0  cum_local_failures=0

  [MONITOR] Step  18 | Time 0.1725s / 1.0s ( 17.2%)
            Fold Angle: Target +-  3.51deg | Actual [-3.51deg, +3.51deg]
            Plate Tips Y: Left= +1.86mm | Right= +1.86mm | Max Disp=  2.36mm
            Newton Iters:  1 | dt: 0.01000s
            [DIAGNOSTIC] display/plate max|u| ratio=1.0000 (display=2.363mm, plate=0.000mm)
            [DIAGNOSTIC] Real tie gap (not just active-pair count): DISPLAY_BOT_L_PLATE_L_TOP_TIE: max_gap=0.0000mm mean=0.0000mm n=61 | DISPLAY_BOT_R_PLATE_R_TOP_TIE: max_gap=0.0000mm mean=0.0000mm n=61

[PNG] Deformed shape saved: D:\PythonCodeStudy\WHT_DispFoldSolver\examples\dbg3_a.png
----------------------------------------------------------------------------------------------------
Step 19 | Attempting time increment: dt = 0.01000s (t: 0.1725s -> 0.1825s)
----------------------------------------------------------------------------------------------------

  Nonlinear Iteration Summary (Newton-Raphson)
  ==========================================================================================================================
  Time increment dt: 1.000e-02
  Convergence Tol  : 1.0e-02 (Disp Ratio)     Max Iterations: 50
  --------------------------------------------------------------------------------------------------------------------------
  Iter   Max Res.Force  (Node/DOF)    Max Disp.Corr  (Node/DOF)    Max Disp.Incr  Disp.Ratio  Energy.Err  LS.alpha  TieNodes
  --------------------------------------------------------------------------------------------------------------------------
     1    6.0130e+02  N1(UX)         3.8545e-04  N144(UX)       3.8820e-01     1.13e-04    5.91e+00      1.00       122
     2    7.6591e-02  N144(UY)       4.5717e-04  N651(UY)       3.8820e-01     1.11e-04    2.33e-07      1.00       122
  ---------------------------------------------------------------------------------------------------------------------
  => Increment Converged. (Time: 9.19 s)

     1    19     1       0       1     0.1825     0.0100     0.0100
[ALPHA] max|a|=1.1005e-01 (no clamp)  mean|a|(nonzero)=3.084e-04  local_status max=9.97e-09  n_nonfinite_status=0  cum_local_failures=0

  [MONITOR] Step  19 | Time 0.1825s / 1.0s ( 18.3%)
            Fold Angle: Target +-  4.08deg | Actual [-4.08deg, +4.08deg]
            Plate Tips Y: Left= +2.25mm | Right= +2.25mm | Max Disp=  2.75mm
            Newton Iters:  1 | dt: 0.01000s
            [DIAGNOSTIC] display/plate max|u| ratio=1.0000 (display=2.751mm, plate=0.000mm)
            [DIAGNOSTIC] Real tie gap (not just active-pair count): DISPLAY_BOT_L_PLATE_L_TOP_TIE: max_gap=0.0000mm mean=0.0000mm n=61 | DISPLAY_BOT_R_PLATE_R_TOP_TIE: max_gap=0.0000mm mean=0.0000mm n=61

[PNG] Deformed shape saved: D:\PythonCodeStudy\WHT_DispFoldSolver\examples\dbg3_a.png
----------------------------------------------------------------------------------------------------
Step 20 | Attempting time increment: dt = 0.01000s (t: 0.1825s -> 0.1925s)
----------------------------------------------------------------------------------------------------

  Nonlinear Iteration Summary (Newton-Raphson)
  ==========================================================================================================================
  Time increment dt: 1.000e-02
  Convergence Tol  : 1.0e-02 (Disp Ratio)     Max Iterations: 50
  --------------------------------------------------------------------------------------------------------------------------
  Iter   Max Res.Force  (Node/DOF)    Max Disp.Corr  (Node/DOF)    Max Disp.Incr  Disp.Ratio  Energy.Err  LS.alpha  TieNodes
  --------------------------------------------------------------------------------------------------------------------------
     1    6.5768e+02  N1(UX)         4.2160e-04  N144(UX)       4.2308e-01     9.43e-05    4.86e+00      1.00       122
     2    1.1377e-01  N144(UY)       5.8489e-04  N62(UX)        4.2308e-01     1.20e-04    5.50e-07      1.00       122
  ---------------------------------------------------------------------------------------------------------------------
  => Increment Converged. (Time: 9.08 s)

     1    20     1       0       1     0.1925     0.0100     0.0100
[ALPHA] max|a|=1.4199e-01 (no clamp)  mean|a|(nonzero)=3.934e-04  local_status max=9.93e-09  n_nonfinite_status=0  cum_local_failures=0

  [MONITOR] Step  20 | Time 0.1925s / 1.0s ( 19.3%)
            Fold Angle: Target +-  4.71deg | Actual [-4.71deg, +4.71deg]
            Plate Tips Y: Left= +2.67mm | Right= +2.67mm | Max Disp=  3.17mm
            Newton Iters:  1 | dt: 0.01000s
            [DIAGNOSTIC] display/plate max|u| ratio=1.0000 (display=3.174mm, plate=0.000mm)
            [DIAGNOSTIC] Real tie gap (not just active-pair count): DISPLAY_BOT_L_PLATE_L_TOP_TIE: max_gap=0.0000mm mean=0.0000mm n=61 | DISPLAY_BOT_R_PLATE_R_TOP_TIE: max_gap=0.0000mm mean=0.0000mm n=61
            [DIAGNOSTIC] Hinge curvature: max_curv_ratio=3.44 kink_detected=False

[PNG] Deformed shape saved: D:\PythonCodeStudy\WHT_DispFoldSolver\examples\dbg3_a.png
----------------------------------------------------------------------------------------------------
Step 21 | Attempting time increment: dt = 0.01000s (t: 0.1925s -> 0.2025s)
----------------------------------------------------------------------------------------------------

  Nonlinear Iteration Summary (Newton-Raphson)
  ==========================================================================================================================
  Time increment dt: 1.000e-02
  Convergence Tol  : 1.0e-02 (Disp Ratio)     Max Iterations: 50
  --------------------------------------------------------------------------------------------------------------------------
  Iter   Max Res.Force  (Node/DOF)    Max Disp.Corr  (Node/DOF)    Max Disp.Incr  Disp.Ratio  Energy.Err  LS.alpha  TieNodes
  --------------------------------------------------------------------------------------------------------------------------
     1    7.1126e+02  N1(UX)         2.3425e-03  N83(UX)        4.5845e-01     4.21e-04    3.87e+00      1.00       122
  [DIAGNOSTIC] Line search collapsed at iter 2. Inspecting element quality on trial step:
  *** ERROR: Line search failed to resolve residual explosion at iteration 2.
     1    21     1       0      50     0.1925     0.0000     0.0100   *** CUTBACK: EAS enhanced-mode local solve did not converge at any line-search step length (Retrying step with smaller dt & target angle) ***
[ALPHA] max|a|=2.0739e-01 (no clamp)  mean|a|(nonzero)=5.586e-04  local_status max=1.63e-01  n_nonfinite_status=0  cum_local_failures=1
  *** STEP 21 FAILED (conv=-50, cutback 1/20). Cutting back dt to 0.00500s ***

----------------------------------------------------------------------------------------------------
Step 21 | Attempting time increment: dt = 0.00500s (t: 0.1925s -> 0.1975s)
----------------------------------------------------------------------------------------------------

  Nonlinear Iteration Summary (Newton-Raphson)
  ==========================================================================================================================
  Time increment dt: 5.000e-03
  Convergence Tol  : 1.0e-02 (Disp Ratio)     Max Iterations: 50
  --------------------------------------------------------------------------------------------------------------------------
  Iter   Max Res.Force  (Node/DOF)    Max Disp.Corr  (Node/DOF)    Max Disp.Incr  Disp.Ratio  Energy.Err  LS.alpha  TieNodes
  --------------------------------------------------------------------------------------------------------------------------
     1    1.8231e+02  N1(UX)         4.6032e-03  N62(UX)        2.2479e-01     3.32e-04    2.61e-01      1.00       122
     2    1.2962e-01  N2(UY)         9.7653e-03  N62(UX)        2.2478e-01     8.66e-04    8.93e-06      1.00       122
  ---------------------------------------------------------------------------------------------------------------------
  => Increment Converged. (Time: 9.27 s)

     1    21     2       0       1     0.1975     0.0050     0.0050
[ALPHA] max|a|=1.4632e-01 (no clamp)  mean|a|(nonzero)=3.830e-04  local_status max=9.89e-09  n_nonfinite_status=0  cum_local_failures=1

  [MONITOR] Step  21 | Time 0.1975s / 1.0s ( 19.8%)
            Fold Angle: Target +-  5.04deg | Actual [-5.04deg, +5.04deg]
            Plate Tips Y: Left= +2.89mm | Right= +2.89mm | Max Disp=  3.40mm
            Newton Iters:  1 | dt: 0.00500s
            [DIAGNOSTIC] display/plate max|u| ratio=1.0000 (display=3.398mm, plate=0.000mm)
            [DIAGNOSTIC] Real tie gap (not just active-pair count): DISPLAY_BOT_L_PLATE_L_TOP_TIE: max_gap=0.0000mm mean=0.0000mm n=61 | DISPLAY_BOT_R_PLATE_R_TOP_TIE: max_gap=0.0000mm mean=0.0000mm n=61

[PNG] Deformed shape saved: D:\PythonCodeStudy\WHT_DispFoldSolver\examples\dbg3_a.png
----------------------------------------------------------------------------------------------------
Step 22 | Attempting time increment: dt = 0.00750s (t: 0.1975s -> 0.2050s)
----------------------------------------------------------------------------------------------------

  Nonlinear Iteration Summary (Newton-Raphson)
  ==========================================================================================================================
  Time increment dt: 7.500e-03
  Convergence Tol  : 1.0e-02 (Disp Ratio)     Max Iterations: 50
  --------------------------------------------------------------------------------------------------------------------------
  Iter   Max Res.Force  (Node/DOF)    Max Disp.Corr  (Node/DOF)    Max Disp.Incr  Disp.Ratio  Energy.Err  LS.alpha  TieNodes
  --------------------------------------------------------------------------------------------------------------------------
     1    4.5605e+01  N143(UY)       3.8482e-02  N244(UY)       3.5389e-01     8.22e-03    7.97e-02      1.00       122
  [DIAGNOSTIC] Line search collapsed at iter 2. Inspecting element quality on trial step:

[DEBUG] Element inversion detected in element indexes: [58, 59, 60, 78, 79, 81, 82, 83]
  Element ID: 59 (index 58, pid 1)
    detF: [-0.11701870357002186, -1.283591967440114, -1.1285697538569135, 0.03800351001318125]
    Nodes connectivity: [59, 60, 204, 203]
      Node 59: initial=[-13.0, 0.0], current=[-12.995394390906768, 1.1297634252005537], u=[0.004605609093233234, 1.1297634252005537]
      Node 60: initial=[-12.5, 0.0], current=[-12.495593114248493, 1.0810672681682092], u=[0.004406885751506672, 1.0810672681682092]
      Node 204: initial=[-12.5, 0.03], current=[-12.431819161005068, 1.0218127401977177], u=[0.06818083899493153, 0.9918127401977177]
      Node 203: initial=[-13.0, 0.03], current=[-12.928598673939012, 1.130855510142787], u=[0.071401326060987, 1.100855510142787]
  Element ID: 60 (index 59, pid 1)
    detF: [-1.7736871223453283, -1.7845309911440275, -1.7910654298644424, -1.7802215610657353]
    Nodes connectivity: [60, 61, 205, 204]
      Node 60: initial=[-12.5, 0.0], current=[-12.495593114248493, 1.0810672681682092], u=[0.004406885751506672, 1.0810672681682092]
      Node 61: initial=[-12.0, 0.0], current=[-11.995791714767018, 1.0323702289767764], u=[0.004208285232982666, 1.0323702289767764]
      Node 205: initial=[-12.0, 0.03], current=[-11.928139273848053, 0.9721741213258819], u=[0.07186072615194679, 0.9421741213258819]
      Node 204: initial=[-12.5, 0.03], current=[-12.431819161005068, 1.0218127401977177], u=[0.06818083899493153, 0.9918127401977177]
  Element ID: 61 (index 60, pid 1)
    detF: [-0.5448847445429611, 3.273909263230185, 3.3858313069672907, -0.4329627008058419]
    Nodes connectivity: [61, 62, 206, 205]
      Node 61: initial=[-12.0, 0.0], current=[-11.995791714767018, 1.0323702289767764], u=[0.004208285232982666, 1.0323702289767764]
      Node 62: initial=[-11.5, 0.0], current=[-11.197999584082922, 0.7623196496237576], u=[0.3020004159170786, 0.7623196496237576]
      Node 206: initial=[-11.5, 0.03], current=[-11.433898378831087, 0.9292370453066267], u=[0.06610162116891287, 0.8992370453066266]
      Node 205: initial=[-12.0, 0.03], current=[-11.928139273848053, 0.9721741213258819], u=[0.07186072615194679, 0.9421741213258819]
  Element ID: 79 (index 78, pid 1)
    detF: [1.2175792622005397, -0.3371234059024273, -0.821746880790732, 0.7329557873122345]
    Nodes connectivity: [80, 81, 284, 283]
      Node 80: initial=[10.0, 0.0], current=[9.952532470365977, 0.6543400570215159], u=[-0.04746752963402373, 0.6543400570215159]
      Node 81: initial=[10.5, 0.0], current=[11.004168742906264, 0.8991078730525798], u=[0.5041687429062652, 0.8991078730525798]
      Node 284: initial=[10.5, 0.03], current=[10.526456571901905, 0.7775253813232456], u=[0.026456571901905136, 0.7475253813232455]
      Node 283: initial=[10.0, 0.03], current=[10.028688933311214, 0.7000792721140325], u=[0.02868893331121427, 0.6700792721140325]
  Element ID: 80 (index 79, pid 1)
    detF: [-1.710606860057307, -0.24965270382236487, 0.32704375532046526, -1.133910400914477]
    Nodes connectivity: [81, 82, 285, 284]
      Node 81: initial=[10.5, 0.0], current=[11.004168742906264, 0.8991078730525798], u=[0.5041687429062652, 0.8991078730525798]
      Node 82: initial=[11.0, 0.0], current=[11.012681394946322, 0.8241430846983453], u=[0.012681394946320857, 0.8241430846983453]
      Node 285: initial=[11.0, 0.03], current=[11.02361248248567, 0.8582892575763719], u=[0.023612482485669467, 0.8282892575763718]
      Node 284: initial=[10.5, 0.03], current=[10.526456571901905, 0.7775253813232456], u=[0.026456571901905136, 0.7475253813232455]

  *** ERROR: Line search failed to resolve residual explosion at iteration 2.
     1    22     1       0      50     0.1975     0.0000     0.0075   *** CUTBACK: EAS enhanced-mode local solve did not converge at any line-search step length (Retrying step with smaller dt & target angle) ***
[ALPHA] max|a|=5.0831e-01 (no clamp)  mean|a|(nonzero)=9.871e-04  local_status max=3.28e-02  n_nonfinite_status=0  cum_local_failures=2
  *** STEP 22 FAILED (conv=-50, cutback 1/20). Cutting back dt to 0.00375s ***

----------------------------------------------------------------------------------------------------
Step 22 | Attempting time increment: dt = 0.00375s (t: 0.1975s -> 0.2013s)
----------------------------------------------------------------------------------------------------

  Nonlinear Iteration Summary (Newton-Raphson)
  ==========================================================================================================================
  Time increment dt: 3.750e-03
  Convergence Tol  : 1.0e-02 (Disp Ratio)     Max Iterations: 50
  --------------------------------------------------------------------------------------------------------------------------
  Iter   Max Res.Force  (Node/DOF)    Max Disp.Corr  (Node/DOF)    Max Disp.Incr  Disp.Ratio  Energy.Err  LS.alpha  TieNodes
  --------------------------------------------------------------------------------------------------------------------------
  [DIAGNOSTIC] Line search collapsed at iter 1. Inspecting element quality on trial step:

[DEBUG] Element inversion detected in element indexes: [74, 75, 76, 77, 78, 79, 80, 82]
  Element ID: 75 (index 74, pid 1)
    detF: [-0.32834824244922817, 0.436049859640157, 1.568454179537622, 0.8040560774482282]
    Nodes connectivity: [76, 77, 280, 279]
      Node 76: initial=[8.25, 0.0], current=[8.33525981876459, 0.5354100605159534], u=[0.08525981876458913, 0.5354100605159534]
      Node 77: initial=[8.5, 0.0], current=[8.218328954979638, 0.48985064651644733], u=[-0.2816710450203618, 0.48985064651644733]
      Node 280: initial=[8.5, 0.03], current=[8.475066944407764, 0.5705539380214488], u=[-0.024933055592236096, 0.5405539380214488]
      Node 279: initial=[8.25, 0.03], current=[8.225086011869696, 0.5580750926162041], u=[-0.024913988130305077, 0.5280750926162041]
  Element ID: 76 (index 75, pid 1)
    detF: [2.352105254477765, 0.4785699435909292, -0.1395068036217736, 1.734028507265059]
    Nodes connectivity: [77, 78, 281, 280]
      Node 77: initial=[8.5, 0.0], current=[8.218328954979638, 0.48985064651644733], u=[-0.2816710450203618, 0.48985064651644733]
      Node 78: initial=[9.0, 0.0], current=[9.342375029922781, 0.6524784667405771], u=[0.3423750299227809, 0.6524784667405771]
      Node 281: initial=[9.0, 0.03], current=[8.97521445411238, 0.5996114871721682], u=[-0.024785545887619245, 0.5696114871721681]
      Node 280: initial=[8.5, 0.03], current=[8.475066944407764, 0.5705539380214488], u=[-0.024933055592236096, 0.5405539380214488]
  Element ID: 77 (index 76, pid 1)
    detF: [-2.0213614123247234, 1.6638218493221726, 3.458147639486385, -0.2270356221605182]
    Nodes connectivity: [78, 79, 282, 281]
      Node 78: initial=[9.0, 0.0], current=[9.342375029922781, 0.6524784667405771], u=[0.3423750299227809, 0.6524784667405771]
      Node 79: initial=[9.5, 0.0], current=[8.982033551511767, 0.43607402493811287], u=[-0.5179664484882325, 0.43607402493811287]
      Node 282: initial=[9.5, 0.03], current=[9.474929989911196, 0.6340143873700734], u=[-0.025070010088803232, 0.6040143873700734]
      Node 281: initial=[9.0, 0.03], current=[8.97521445411238, 0.5996114871721682], u=[-0.024785545887619245, 0.5696114871721681]
  Element ID: 78 (index 77, pid 1)
    detF: [5.2209489623842105, -0.4000223056930139, -1.874553397471502, 3.746417870605716]
    Nodes connectivity: [79, 80, 283, 282]
      Node 79: initial=[9.5, 0.0], current=[8.982033551511767, 0.43607402493811287], u=[-0.5179664484882325, 0.43607402493811287]
      Node 80: initial=[10.0, 0.0], current=[10.635926876518857, 0.8623319193497704], u=[0.6359268765188577, 0.8623319193497704]
      Node 283: initial=[10.0, 0.03], current=[9.9747390099212, 0.6745311620019627], u=[-0.025260990078800862, 0.6445311620019627]
      Node 282: initial=[9.5, 0.03], current=[9.474929989911196, 0.6340143873700734], u=[-0.025070010088803232, 0.6040143873700734]
  Element ID: 79 (index 78, pid 1)
    detF: [-9.362378010026614, 1.0308547463437296, 7.55807768176785, -2.8351550746024956]
    Nodes connectivity: [80, 81, 284, 283]
      Node 80: initial=[10.0, 0.0], current=[10.635926876518857, 0.8623319193497704], u=[0.6359268765188577, 0.8623319193497704]
      Node 81: initial=[10.5, 0.0], current=[9.661629344141273, 0.2326935744156131], u=[-0.8383706558587259, 0.2326935744156131]
      Node 284: initial=[10.5, 0.03], current=[10.473686341581463, 0.7198276580059579], u=[-0.026313658418538027, 0.6898276580059579]
      Node 283: initial=[10.0, 0.03], current=[9.9747390099212, 0.6745311620019627], u=[-0.025260990078800862, 0.6445311620019627]

  *** ERROR: Line search failed to resolve residual explosion at iteration 1.
     1    22     2       0      50     0.1975     0.0000     0.0037   *** CUTBACK: EAS enhanced-mode local solve did not converge at any line-search step length (Retrying step with smaller dt & target angle) ***
[ALPHA] max|a|=5.6139e-01 (no clamp)  mean|a|(nonzero)=1.380e-03  local_status max=1.23e-02  n_nonfinite_status=0  cum_local_failures=3
  *** STEP 22 FAILED (conv=-50, cutback 1/20). Cutting back dt to 0.00187s ***

----------------------------------------------------------------------------------------------------
Step 22 | Attempting time increment: dt = 0.00187s (t: 0.1975s -> 0.1994s)
----------------------------------------------------------------------------------------------------

  Nonlinear Iteration Summary (Newton-Raphson)
  ==========================================================================================================================
  Time increment dt: 1.875e-03
  Convergence Tol  : 1.0e-02 (Disp Ratio)     Max Iterations: 50
  --------------------------------------------------------------------------------------------------------------------------
  Iter   Max Res.Force  (Node/DOF)    Max Disp.Corr  (Node/DOF)    Max Disp.Incr  Disp.Ratio  Energy.Err  LS.alpha  TieNodes
  --------------------------------------------------------------------------------------------------------------------------
  [DIAGNOSTIC] Line search collapsed at iter 1. Inspecting element quality on trial step:
  *** ERROR: Line search failed to resolve residual explosion at iteration 1.
     1    22     3       0      50     0.1975     0.0000     0.0019   *** CUTBACK: EAS enhanced-mode local solve did not converge at any line-search step length (Retrying step with smaller dt & target angle) ***
[ALPHA] max|a|=4.7071e-01 (no clamp)  mean|a|(nonzero)=6.193e-04  local_status max=9.16e-04  n_nonfinite_status=0  cum_local_failures=4
  *** STEP 22 FAILED (conv=-50, cutback 1/20). Cutting back dt to 0.00094s ***

----------------------------------------------------------------------------------------------------
Step 22 | Attempting time increment: dt = 0.00094s (t: 0.1975s -> 0.1984s)
----------------------------------------------------------------------------------------------------

  Nonlinear Iteration Summary (Newton-Raphson)
  ==========================================================================================================================
  Time increment dt: 9.375e-04
  Convergence Tol  : 1.0e-02 (Disp Ratio)     Max Iterations: 50
  --------------------------------------------------------------------------------------------------------------------------
  Iter   Max Res.Force  (Node/DOF)    Max Disp.Corr  (Node/DOF)    Max Disp.Incr  Disp.Ratio  Energy.Err  LS.alpha  TieNodes
  --------------------------------------------------------------------------------------------------------------------------
     1    4.4615e+00  N143(UY)       7.6949e-03  N83(UY)        4.3140e-02     9.18e-04    2.15e-05      0.25       122
     2    3.3869e+00  N143(UY)       3.8234e-02  N269(UY)       4.8102e-02     8.14e-03    1.55e-04      1.00       122
  ---------------------------------------------------------------------------------------------------------------------
  => Increment Converged. (Time: 10.84 s)

     1    22     4       0       1     0.1984     0.0009     0.0009
[ALPHA] max|a|=6.4239e-01 (no clamp)  mean|a|(nonzero)=6.658e-04  local_status max=9.83e-09  n_nonfinite_status=0  cum_local_failures=4

  [MONITOR] Step  22 | Time 0.1984s / 1.0s ( 19.8%)
            Fold Angle: Target +-  5.11deg | Actual [-5.11deg, +5.11deg]
            Plate Tips Y: Left= +2.94mm | Right= +2.94mm | Max Disp=  3.44mm
            Newton Iters:  1 | dt: 0.00094s
            [DIAGNOSTIC] display/plate max|u| ratio=1.0000 (display=3.442mm, plate=0.000mm)
            [DIAGNOSTIC] Real tie gap (not just active-pair count): DISPLAY_BOT_L_PLATE_L_TOP_TIE: max_gap=0.0000mm mean=0.0000mm n=61 | DISPLAY_BOT_R_PLATE_R_TOP_TIE: max_gap=0.0000mm mean=0.0000mm n=61

[PNG] Deformed shape saved: D:\PythonCodeStudy\WHT_DispFoldSolver\examples\dbg3_a.png
----------------------------------------------------------------------------------------------------
Step 23 | Attempting time increment: dt = 0.00141s (t: 0.1984s -> 0.1998s)
----------------------------------------------------------------------------------------------------

  Nonlinear Iteration Summary (Newton-Raphson)
  ==========================================================================================================================
  Time increment dt: 1.406e-03
  Convergence Tol  : 1.0e-02 (Disp Ratio)     Max Iterations: 50
  --------------------------------------------------------------------------------------------------------------------------
  Iter   Max Res.Force  (Node/DOF)    Max Disp.Corr  (Node/DOF)    Max Disp.Incr  Disp.Ratio  Energy.Err  LS.alpha  TieNodes
  --------------------------------------------------------------------------------------------------------------------------
  *** EAS LOCAL SOLVE FAILED on 1 element(s) (worst finite ||dalpha||_inf = 3.810e-02, tol 1.0e-06) at iteration 1. Cutting back dt.
     1    23     1       0      50     0.1984     0.0000     0.0014   *** CUTBACK: EAS enhanced-mode local solve did not converge (1 element(s)) (Retrying step with smaller dt & target angle) ***
[ALPHA] max|a|=3.8080e-01 (no clamp)  mean|a|(nonzero)=7.811e-04  local_status max=3.81e-02  n_nonfinite_status=0  cum_local_failures=5
  *** STEP 23 FAILED (conv=-50, cutback 1/20). Cutting back dt to 0.00070s ***

----------------------------------------------------------------------------------------------------
Step 23 | Attempting time increment: dt = 0.00070s (t: 0.1984s -> 0.1991s)
----------------------------------------------------------------------------------------------------

  Nonlinear Iteration Summary (Newton-Raphson)
  ==========================================================================================================================
  Time increment dt: 7.031e-04
  Convergence Tol  : 1.0e-02 (Disp Ratio)     Max Iterations: 50
  --------------------------------------------------------------------------------------------------------------------------
  Iter   Max Res.Force  (Node/DOF)    Max Disp.Corr  (Node/DOF)    Max Disp.Incr  Disp.Ratio  Energy.Err  LS.alpha  TieNodes
  --------------------------------------------------------------------------------------------------------------------------
  [DIAGNOSTIC] Line search collapsed at iter 1. Inspecting element quality on trial step:

[DEBUG] Element inversion detected in element indexes: [77, 78]
  Element ID: 78 (index 77, pid 1)
    detF: [0.9813222193770397, -0.5627373793728134, -0.5975539636361851, 0.9465056351136724]
    Nodes connectivity: [79, 80, 283, 282]
      Node 79: initial=[9.5, 0.0], current=[9.501412036908544, 0.930797894704818], u=[0.0014120369085438358, 0.930797894704818]
      Node 80: initial=[10.0, 0.0], current=[10.048747956525606, 1.0189273044696148], u=[0.04874795652560539, 1.0189273044696148]
      Node 283: initial=[10.0, 0.03], current=[10.017108478106142, 0.9832714159991243], u=[0.017108478106142466, 0.9532714159991242]
      Node 282: initial=[9.5, 0.03], current=[9.516052697784128, 0.9758867278945882], u=[0.016052697784127185, 0.9458867278945882]
  Element ID: 79 (index 78, pid 1)
    detF: [-0.7819719569230444, 0.28966552920347355, 0.30145640195359447, -0.7701810841729184]
    Nodes connectivity: [80, 81, 284, 283]
      Node 80: initial=[10.0, 0.0], current=[10.048747956525606, 1.0189273044696148], u=[0.04874795652560539, 1.0189273044696148]
      Node 81: initial=[10.5, 0.0], current=[10.50714183345189, 0.9767782866234158], u=[0.007141833451889637, 0.9767782866234158]
      Node 284: initial=[10.5, 0.03], current=[10.517389558553129, 0.9980089654106066], u=[0.017389558553127904, 0.9680089654106065]
      Node 283: initial=[10.0, 0.03], current=[10.017108478106142, 0.9832714159991243], u=[0.017108478106142466, 0.9532714159991242]

  *** ERROR: Line search failed to resolve residual explosion at iteration 1.
     1    23     2       0      50     0.1984     0.0000     0.0007   *** CUTBACK: EAS enhanced-mode local solve did not converge at any line-search step length (Retrying step with smaller dt & target angle) ***
[ALPHA] max|a|=8.5135e-01 (no clamp)  mean|a|(nonzero)=1.086e-03  local_status max=5.09e-03  n_nonfinite_status=0  cum_local_failures=6
  *** STEP 23 FAILED (conv=-50, cutback 1/20). Cutting back dt to 0.00035s ***

----------------------------------------------------------------------------------------------------
Step 23 | Attempting time increment: dt = 0.00035s (t: 0.1984s -> 0.1988s)
----------------------------------------------------------------------------------------------------

  Nonlinear Iteration Summary (Newton-Raphson)
  ==========================================================================================================================
  Time increment dt: 3.516e-04
  Convergence Tol  : 1.0e-02 (Disp Ratio)     Max Iterations: 50
  --------------------------------------------------------------------------------------------------------------------------
  Iter   Max Res.Force  (Node/DOF)    Max Disp.Corr  (Node/DOF)    Max Disp.Incr  Disp.Ratio  Energy.Err  LS.alpha  TieNodes
  --------------------------------------------------------------------------------------------------------------------------
  [DIAGNOSTIC] Line search collapsed at iter 1. Inspecting element quality on trial step:

[DEBUG] Element inversion detected in element indexes: [78, 82]
  Element ID: 79 (index 78, pid 1)
    detF: [1.5007303938574252, -0.16788217206223321, 0.9098629593214913, 2.578475525241155]
    Nodes connectivity: [80, 81, 284, 283]
      Node 80: initial=[10.0, 0.0], current=[9.93926526416371, 0.9766093454766377], u=[-0.06073473583629043, 0.9766093454766377]
      Node 81: initial=[10.5, 0.0], current=[10.247832977619602, 1.0613663635087724], u=[-0.25216702238039723, 1.0613663635087724]
      Node 284: initial=[10.5, 0.03], current=[10.525335752399297, 1.0805632028744818], u=[0.02533575239929744, 1.0505632028744818]
      Node 283: initial=[10.0, 0.03], current=[10.02411017361854, 1.0833808687481579], u=[0.024110173618540308, 1.0533808687481578]
  Element ID: 83 (index 82, pid 1)
    detF: [-0.829286052065422, -0.25757148915739314, -0.297482684774064, -0.8691972476820927]
    Nodes connectivity: [84, 85, 288, 287]
      Node 84: initial=[12.0, 0.0], current=[11.996341712210617, 0.9511941331663574], u=[-0.003658287789382723, 0.9511941331663574]
      Node 85: initial=[12.5, 0.0], current=[12.496168760321225, 0.99606124158766], u=[-0.0038312396787745337, 0.99606124158766]
      Node 288: initial=[12.5, 0.03], current=[12.530953833723936, 0.998172355431668], u=[0.030953833723936112, 0.968172355431668]
      Node 287: initial=[12.0, 0.03], current=[12.027962818709758, 0.9233037931904002], u=[0.02796281870975849, 0.8933037931904002]

  *** ERROR: Line search failed to resolve residual explosion at iteration 1.
     1    23     3       0      50     0.1984     0.0000     0.0004   *** CUTBACK: EAS enhanced-mode local solve did not converge at any line-search step length (Retrying step with smaller dt & target angle) ***
[ALPHA] max|a|=3.9014e-01 (no clamp)  mean|a|(nonzero)=8.336e-04  local_status max=1.46e-01  n_nonfinite_status=0  cum_local_failures=7
  *** STEP 23 FAILED (conv=-50, cutback 1/20). Cutting back dt to 0.00018s ***

----------------------------------------------------------------------------------------------------
Step 23 | Attempting time increment: dt = 0.00018s (t: 0.1984s -> 0.1986s)
----------------------------------------------------------------------------------------------------

  Nonlinear Iteration Summary (Newton-Raphson)
  ==========================================================================================================================
  Time increment dt: 1.758e-04
  Convergence Tol  : 1.0e-02 (Disp Ratio)     Max Iterations: 50
  --------------------------------------------------------------------------------------------------------------------------
  Iter   Max Res.Force  (Node/DOF)    Max Disp.Corr  (Node/DOF)    Max Disp.Incr  Disp.Ratio  Energy.Err  LS.alpha  TieNodes
  --------------------------------------------------------------------------------------------------------------------------
  [DIAGNOSTIC] Line search collapsed at iter 1. Inspecting element quality on trial step:
  *** ERROR: Line search failed to resolve residual explosion at iteration 1.
     1    23     4       0      50     0.1984     0.0000     0.0002   *** CUTBACK: EAS enhanced-mode local solve did not converge at any line-search step length (Retrying step with smaller dt & target angle) ***
[ALPHA] max|a|=2.5737e-01 (no clamp)  mean|a|(nonzero)=6.789e-04  local_status max=1.60e-02  n_nonfinite_status=0  cum_local_failures=8
  *** STEP 23 FAILED (conv=-50, cutback 1/20). Cutting back dt to 0.00009s ***

----------------------------------------------------------------------------------------------------
Step 23 | Attempting time increment: dt = 0.00009s (t: 0.1984s -> 0.1985s)
----------------------------------------------------------------------------------------------------

  Nonlinear Iteration Summary (Newton-Raphson)
  ==========================================================================================================================
  Time increment dt: 8.789e-05
  Convergence Tol  : 1.0e-02 (Disp Ratio)     Max Iterations: 50
  --------------------------------------------------------------------------------------------------------------------------
  Iter   Max Res.Force  (Node/DOF)    Max Disp.Corr  (Node/DOF)    Max Disp.Incr  Disp.Ratio  Energy.Err  LS.alpha  TieNodes
  --------------------------------------------------------------------------------------------------------------------------
  [DIAGNOSTIC] Line search collapsed at iter 1. Inspecting element quality on trial step:

[DEBUG] Element inversion detected in element indexes: [82, 888]
  Element ID: 83 (index 82, pid 1)
    detF: [-0.1005705049459332, -0.0883695186263756, -0.09102399012611206, -0.10322497644566545]
    Nodes connectivity: [84, 85, 288, 287]
      Node 84: initial=[12.0, 0.0], current=[11.99636378827683, 0.9478314936669674], u=[-0.003636211723170739, 0.9478314936669674]
      Node 85: initial=[12.5, 0.0], current=[12.496192009020385, 0.9925404583141333], u=[-0.0038079909796144827, 0.9925404583141333]
      Node 288: initial=[12.5, 0.03], current=[12.575160662460508, 0.9971152821932093], u=[0.07516066246050798, 0.9671152821932093]
      Node 287: initial=[12.0, 0.03], current=[12.067745182939698, 0.9510934476833056], u=[0.06774518293969756, 0.9210934476833056]
  Element ID: 889 (index 888, pid 3)
    detF: [-0.2400437711367213, 0.35109058077858857, 0.40176459171712925, -0.18936976019817658]
    Nodes connectivity: [894, 895, 1098, 1097]
      Node 894: initial=[11.0, 0.09], current=[11.065978396295696, 1.2403387134914878], u=[0.0659783962956961, 1.1503387134914878]
      Node 895: initial=[11.5, 0.09], current=[11.579356861310423, 1.1359685728589408], u=[0.07935686131042362, 1.0459685728589407]
      Node 1098: initial=[11.5, 0.12], current=[11.527624637152675, 1.1625240136678943], u=[0.027624637152674478, 1.0425240136678942]
      Node 1097: initial=[11.0, 0.12], current=[11.028653030655976, 1.2340494442611036], u=[0.02865303065597593, 1.1140494442611035]

  *** ERROR: Line search failed to resolve residual explosion at iteration 1.
     1    23     5       0      50     0.1984     0.0000     0.0001   *** CUTBACK: EAS enhanced-mode local solve did not converge at any line-search step length (Retrying step with smaller dt & target angle) ***
[ALPHA] max|a|=4.1429e-01 (no clamp)  mean|a|(nonzero)=9.899e-04  local_status max=4.85e-03  n_nonfinite_status=0  cum_local_failures=9
  *** STEP 23 FAILED (conv=-50, cutback 1/20). Cutting back dt to 0.00004s ***

----------------------------------------------------------------------------------------------------
Step 23 | Attempting time increment: dt = 0.00004s (t: 0.1984s -> 0.1985s)
----------------------------------------------------------------------------------------------------

  Nonlinear Iteration Summary (Newton-Raphson)
  ==========================================================================================================================
  Time increment dt: 4.395e-05
  Convergence Tol  : 1.0e-02 (Disp Ratio)     Max Iterations: 50
  --------------------------------------------------------------------------------------------------------------------------
  Iter   Max Res.Force  (Node/DOF)    Max Disp.Corr  (Node/DOF)    Max Disp.Incr  Disp.Ratio  Energy.Err  LS.alpha  TieNodes
  --------------------------------------------------------------------------------------------------------------------------
  *** EAS LOCAL SOLVE FAILED on 1 element(s) (worst finite ||dalpha||_inf = 1.091e-04, tol 1.0e-06) at iteration 1. Cutting back dt.
     1    23     6       0      50     0.1984     0.0000     0.0000   *** CUTBACK: EAS enhanced-mode local solve did not converge (1 element(s)) (Retrying step with smaller dt & target angle) ***
[ALPHA] max|a|=6.6807e-01 (no clamp)  mean|a|(nonzero)=6.866e-04  local_status max=1.09e-04  n_nonfinite_status=0  cum_local_failures=10
  *** STEP 23 FAILED (conv=-50, cutback 1/20). Cutting back dt to 0.00002s ***

----------------------------------------------------------------------------------------------------
Step 23 | Attempting time increment: dt = 0.00002s (t: 0.1984s -> 0.1985s)
----------------------------------------------------------------------------------------------------

  Nonlinear Iteration Summary (Newton-Raphson)
  ==========================================================================================================================
  Time increment dt: 2.197e-05
  Convergence Tol  : 1.0e-02 (Disp Ratio)     Max Iterations: 50
  --------------------------------------------------------------------------------------------------------------------------
  Iter   Max Res.Force  (Node/DOF)    Max Disp.Corr  (Node/DOF)    Max Disp.Incr  Disp.Ratio  Energy.Err  LS.alpha  TieNodes
  --------------------------------------------------------------------------------------------------------------------------
     1    1.8243e+00  N5157(UY)      5.1149e-03  N895(UY)       1.0031e-02     5.06e-04    1.04e-03      0.50       122
  [DIAGNOSTIC] Line search collapsed at iter 2. Inspecting element quality on trial step:

[DEBUG] Element inversion detected in element indexes: [82]
  Element ID: 83 (index 82, pid 1)
    detF: [-0.30164536903605177, 0.3276891980252756, 0.311814190371673, -0.3175203766896579]
    Nodes connectivity: [84, 85, 288, 287]
      Node 84: initial=[12.0, 0.0], current=[11.996368885303662, 0.9469934817176885], u=[-0.0036311146963386603, 0.9469934817176885]
      Node 85: initial=[12.5, 0.0], current=[12.49619772293212, 0.9916626141467078], u=[-0.0038022770678793737, 0.9916626141467078]
      Node 288: initial=[12.5, 0.03], current=[12.507865333916442, 1.0096266966110767], u=[0.007865333916442493, 0.9796266966110767]
      Node 287: initial=[12.0, 0.03], current=[12.009854875653216, 0.9324076890584747], u=[0.009854875653215965, 0.9024076890584747]

  *** ERROR: Line search failed to resolve residual explosion at iteration 2.
     1    23     7       0      50     0.1984     0.0000     0.0000   *** CUTBACK: EAS enhanced-mode local solve did not converge at any line-search step length (Retrying step with smaller dt & target angle) ***
[ALPHA] max|a|=3.7726e-01 (no clamp)  mean|a|(nonzero)=6.213e-04  local_status max=9.59e-04  n_nonfinite_status=0  cum_local_failures=11
  *** STEP 23 FAILED (conv=-50, cutback 1/20). Cutting back dt to 0.00001s ***

----------------------------------------------------------------------------------------------------
Step 23 | Attempting time increment: dt = 0.00001s (t: 0.1984s -> 0.1984s)
----------------------------------------------------------------------------------------------------

  Nonlinear Iteration Summary (Newton-Raphson)
  ==========================================================================================================================
  Time increment dt: 1.099e-05
  Convergence Tol  : 1.0e-02 (Disp Ratio)     Max Iterations: 50
  --------------------------------------------------------------------------------------------------------------------------
  Iter   Max Res.Force  (Node/DOF)    Max Disp.Corr  (Node/DOF)    Max Disp.Incr  Disp.Ratio  Energy.Err  LS.alpha  TieNodes
  --------------------------------------------------------------------------------------------------------------------------
     1    1.8272e+00  N5157(UY)      1.4626e-02  N489(UY)       1.4526e-02     4.60e-04    2.34e-03      1.00       122
  [DIAGNOSTIC] Line search collapsed at iter 2. Inspecting element quality on trial step:

[DEBUG] Element inversion detected in element indexes: [80, 81]
  Element ID: 81 (index 80, pid 1)
    detF: [0.2098111269257178, -0.2991755594552481, -0.3248329516958022, 0.184153734685155]
    Nodes connectivity: [82, 83, 286, 285]
      Node 82: initial=[11.0, 0.0], current=[11.035568023712372, 0.9491401673943096], u=[0.03556802371237257, 0.9491401673943096]
      Node 83: initial=[11.5, 0.0], current=[11.550450046533475, 1.0041818103579143], u=[0.05045004653347465, 1.0041818103579143]
      Node 286: initial=[11.5, 0.03], current=[11.516588523237424, 0.9866921935740877], u=[0.016588523237423915, 0.9566921935740876]
      Node 285: initial=[11.0, 0.03], current=[11.016348168105953, 0.9588990519007649], u=[0.01634816810595235, 0.9288990519007648]
  Element ID: 82 (index 81, pid 1)
    detF: [-0.10421241035538312, 1.3210175479772015, 1.3851254478179933, -0.04010451051458576]
    Nodes connectivity: [83, 84, 287, 286]
      Node 83: initial=[11.5, 0.0], current=[11.550450046533475, 1.0041818103579143], u=[0.05045004653347465, 1.0041818103579143]
      Node 84: initial=[12.0, 0.0], current=[11.996370090835823, 0.9468527938537323], u=[-0.00362990916417688, 0.9468527938537323]
      Node 287: initial=[12.0, 0.03], current=[12.014984955065879, 1.0056551967999916], u=[0.014984955065879296, 0.9756551967999917]
      Node 286: initial=[11.5, 0.03], current=[11.516588523237424, 0.9866921935740877], u=[0.016588523237423915, 0.9566921935740876]

  *** ERROR: Line search failed to resolve residual explosion at iteration 2.
     1    23     8       0      50     0.1984     0.0000     0.0000   *** CUTBACK: EAS enhanced-mode local solve did not converge at any line-search step length (Retrying step with smaller dt & target angle) ***
[ALPHA] max|a|=3.7735e-01 (no clamp)  mean|a|(nonzero)=6.289e-04  local_status max=4.20e-03  n_nonfinite_status=0  cum_local_failures=12
FATAL: Exceeded maximum cutbacks (20) or dt below minimum tolerance. Simulation aborted.
====================================================================================================
 FAILED: Simulation did not reach target time.
====================================================================================================
Saved result (22 steps) for re-analysis: D:\PythonCodeStudy\WHT_DispFoldSolver\examples\dbg3.pkl
  reload with: from dispsolver.postprocess import load_result; r = load_result(r'D:\PythonCodeStudy\WHT_DispFoldSolver\examples\dbg3.pkl')

=======================================================================================================================================================================================================================================================================
 Interlayer slip at x = -40.00 mm   [um, cumulative from bottom surface]
=======================================================================================================================================================================================================================================================================
 theta[deg]       L1       L2       L3       L4       L5       L6       L7       L8       L9      L10      L11      L12      L13      L14      L15      L16      L17      L18      L19      L20      L21      L22      L23      L24      L25      L26      L27      L28
-----------------------------------------------------------------------------------------------------------------------------------------------------------------------------------------------------------------------------------------------------------------------
       0.00     0.00     0.00     0.00     0.00     0.00     0.00     0.00     0.00     0.00     0.00     0.00     0.00     0.00     0.00     0.00     0.00     0.00     0.00     0.00     0.00     0.00     0.00     0.00     0.00     0.00     0.00     0.00     0.00
       0.00     0.00     0.00     0.00     0.00     0.00     0.00     0.00     0.00     0.01     0.01     0.01     0.01     0.01     0.01     0.01     0.01     0.01     0.01     0.01     0.01     0.02     0.02     0.02     0.02     0.02     0.02     0.02     0.02
       0.01     0.01     0.01     0.01     0.01     0.03     0.03     0.03     0.03     0.04     0.04     0.04     0.04     0.06     0.06     0.06     0.06     0.07     0.07     0.07     0.07     0.09     0.09     0.09     0.09     0.10     0.10     0.10     0.10
       0.03     0.04     0.04     0.04     0.04     0.08     0.08     0.08     0.08     0.13     0.13     0.13     0.13     0.17     0.17     0.17     0.17     0.22     0.22     0.22     0.22     0.26     0.26     0.26     0.26     0.30     0.30     0.30     0.30
       0.06     0.10     0.10     0.10     0.10     0.18     0.18     0.18     0.19     0.28     0.28     0.28     0.28     0.38     0.38     0.38     0.38     0.48     0.48     0.48     0.48     0.58     0.58     0.58     0.58     0.67     0.67     0.67     0.67
       0.12     0.19     0.19     0.19     0.19     0.35     0.35     0.35     0.35     0.53     0.53     0.53     0.53     0.71     0.71     0.71     0.71     0.90     0.90     0.90     0.90     1.08     1.08     1.08     1.08     1.26     1.26     1.26     1.26
       0.20     0.36     0.36     0.36     0.36     0.62     0.62     0.62     0.62     0.90     0.90     0.90     0.90     1.20     1.20     1.21     1.21     1.51     1.51     1.51     1.51     1.81     1.81     1.81     1.82     2.11     2.11     2.11     2.11
       0.31     0.63     0.63     0.63     0.63     1.00     1.00     1.00     1.00     1.43     1.44     1.44     1.44     1.89     1.89     1.89     1.90     2.36     2.36     2.36     2.36     2.83     2.83     2.83     2.83     3.28     3.28     3.28     3.28
       0.44     1.07     1.07     1.06     1.06     1.56     1.56     1.56     1.56     2.17     2.17     2.17     2.17     2.83     2.83     2.83     2.83     3.50     3.50     3.50     3.50     4.18     4.18     4.18     4.18     4.83     4.84     4.84     4.84
       0.62     1.74     1.74     1.74     1.74     2.35     2.35     2.35     2.35     3.16     3.16     3.16     3.16     4.06     4.06     4.06     4.06     4.99     4.99     4.99     4.99     5.92     5.92     5.93     5.93     6.84     6.84     6.84     6.84
       0.83     2.77     2.76     2.76     2.75     3.45     3.44     3.44     3.44     4.48     4.48     4.48     4.48     5.66     5.67     5.67     5.67     6.90     6.90     6.90     6.90     8.15     8.15     8.15     8.15     9.37     9.37     9.37     9.37
       1.07     4.28     4.27     4.26     4.26     4.96     4.96     4.96     4.95     6.23     6.23     6.23     6.23     7.74     7.74     7.74     7.74     9.33     9.33     9.33     9.33    10.94    10.94    10.95    10.95    12.53    12.53    12.53    12.53
       1.37     6.45     6.44     6.44     6.43     7.04     7.03     7.03     7.03     8.54     8.54     8.54     8.54    10.40    10.40    10.40    10.40    12.40    12.40    12.41    12.41    14.44    14.45    14.45    14.45    16.45    16.45    16.45    16.45
       1.70     9.52     9.52     9.51     9.51     9.85     9.85     9.85     9.85    11.57    11.57    11.57    11.57    13.82    13.82    13.82    13.83    16.28    16.29    16.29    16.29    18.81    18.81    18.82    18.82    21.30    21.30    21.30    21.31
       2.08    13.76    13.76    13.77    13.78    13.63    13.64    13.64    13.65    15.52    15.53    15.54    15.54    18.19    18.20    18.20    18.21    21.17    21.18    21.18    21.19    24.25    24.25    24.26    24.26    27.28    27.29    27.29    27.29
       2.51    19.50    19.53    19.55    19.57    18.65    18.66    18.67    18.69    20.66    20.67    20.68    20.69    23.76    23.77    23.78    23.79    27.30    27.31    27.32    27.33    30.98    30.99    31.00    31.01    34.63    34.64    34.65    34.65
       2.98    27.16    27.20    27.23    27.27    25.21    25.23    25.25    25.27    27.24    27.26    27.28    27.30    30.78    30.80    30.81    30.83    34.93    34.94    34.96    34.97    39.29    39.30    39.31    39.32    43.61    43.62    43.63    43.64
       3.51    37.17    37.22    37.27    37.31    33.66    33.69    33.71    33.74    35.59    35.61    35.63    35.65    39.56    39.57    39.59    39.61    44.35    44.37    44.39    44.40    49.44    49.45    49.47    49.48    54.51    54.52    54.53    54.54
       4.08    50.07    50.12    50.18    50.23    44.40    44.42    44.45    44.48    46.03    46.06    46.08    46.10    50.40    50.42    50.44    50.46    55.87    55.89    55.91    55.93    61.75    61.76    61.78    61.80    67.62    67.63    67.64    67.66
       4.71    66.48    66.54    66.59    66.64    57.86    57.89    57.91    57.93    58.97    58.99    59.01    59.03    63.68    63.70    63.72    63.74    69.85    69.87    69.89    69.91    76.56    76.58    76.60    76.62    83.31    83.32    83.33    83.34
       5.04    76.29    76.35    76.40    76.46    65.85    65.88    65.90    65.92    66.58    66.61    66.63    66.65    71.44    71.46    71.48    71.50    77.97    77.99    78.01    78.03    85.12    85.14    85.15    85.17    92.32    92.33    92.35    92.36
       5.11    76.26    76.30    76.35    76.40    64.59    64.61    64.62    64.64    64.98    65.00    65.02    65.03    69.79    69.81    69.83    69.85    76.37    76.39    76.41    76.42    83.61    83.62    83.64    83.65    90.90    90.91    90.92    90.93
-----------------------------------------------------------------------------------------------------------------------------------------------------------------------------------------------------------------------------------------------------------------------
 final total staircase : +90.93 um at theta = 5.11 deg
 carried by            : GLASS +0.03 um (0.0%),  PET +0.39 um (0.4%),  PSA +90.51 um (99.5%)
 (equal-thickness rows -> a ~50/50 split means bending tilt, not interlayer shear)

=======================================================================================================================================================================================================================================================================
 Interlayer slip at x = +40.00 mm   [um, cumulative from bottom surface]
=======================================================================================================================================================================================================================================================================
 theta[deg]       L1       L2       L3       L4       L5       L6       L7       L8       L9      L10      L11      L12      L13      L14      L15      L16      L17      L18      L19      L20      L21      L22      L23      L24      L25      L26      L27      L28
-----------------------------------------------------------------------------------------------------------------------------------------------------------------------------------------------------------------------------------------------------------------------
       0.00     0.00     0.00     0.00     0.00     0.00     0.00     0.00     0.00     0.00     0.00     0.00     0.00     0.00     0.00     0.00     0.00     0.00     0.00     0.00     0.00     0.00     0.00     0.00     0.00     0.00     0.00     0.00     0.00
       0.00     0.00     0.00     0.00     0.00     0.00     0.00     0.00     0.00     0.01     0.01     0.01     0.01     0.01     0.01     0.01     0.01     0.01     0.01     0.01     0.01     0.02     0.02     0.02     0.02     0.02     0.02     0.02     0.02
       0.01     0.01     0.01     0.01     0.01     0.03     0.03     0.03     0.03     0.04     0.04     0.04     0.04     0.06     0.06     0.06     0.06     0.07     0.07     0.07     0.07     0.09     0.09     0.09     0.09     0.10     0.10     0.10     0.10
       0.03     0.04     0.04     0.04     0.04     0.08     0.08     0.08     0.08     0.13     0.13     0.13     0.13     0.17     0.17     0.17     0.17     0.22     0.22     0.22     0.22     0.26     0.26     0.26     0.26     0.30     0.30     0.30     0.30
       0.06     0.10     0.10     0.10     0.10     0.18     0.18     0.18     0.19     0.28     0.28     0.28     0.28     0.38     0.38     0.38     0.38     0.48     0.48     0.48     0.48     0.58     0.58     0.58     0.58     0.67     0.67     0.67     0.67
       0.12     0.19     0.19     0.19     0.19     0.35     0.35     0.35     0.35     0.53     0.53     0.53     0.53     0.71     0.71     0.71     0.71     0.90     0.90     0.90     0.90     1.08     1.08     1.08     1.08     1.26     1.26     1.26     1.26
       0.20     0.36     0.36     0.36     0.36     0.62     0.62     0.62     0.62     0.90     0.90     0.90     0.90     1.20     1.20     1.21     1.21     1.51     1.51     1.51     1.51     1.81     1.81     1.81     1.82     2.11     2.11     2.11     2.11
       0.31     0.63     0.63     0.63     0.63     1.00     1.00     1.00     1.00     1.43     1.44     1.44     1.44     1.89     1.89     1.89     1.90     2.36     2.36     2.36     2.36     2.83     2.83     2.83     2.83     3.28     3.28     3.28     3.28
       0.44     1.07     1.07     1.06     1.06     1.56     1.56     1.56     1.56     2.17     2.17     2.17     2.17     2.83     2.83     2.83     2.83     3.50     3.50     3.50     3.50     4.18     4.18     4.18     4.18     4.83     4.84     4.84     4.84
       0.62     1.74     1.74     1.74     1.74     2.35     2.35     2.35     2.35     3.16     3.16     3.16     3.16     4.06     4.06     4.06     4.06     4.99     4.99     4.99     4.99     5.92     5.92     5.93     5.93     6.84     6.84     6.84     6.84
       0.83     2.77     2.76     2.76     2.75     3.45     3.44     3.44     3.44     4.48     4.48     4.48     4.48     5.66     5.67     5.67     5.67     6.90     6.90     6.90     6.90     8.15     8.15     8.15     8.15     9.37     9.37     9.37     9.37
       1.07     4.28     4.27     4.26     4.26     4.96     4.96     4.96     4.95     6.23     6.23     6.23     6.23     7.74     7.74     7.74     7.74     9.33     9.33     9.33     9.33    10.94    10.94    10.95    10.95    12.53    12.53    12.53    12.53
       1.37     6.45     6.44     6.44     6.43     7.04     7.03     7.03     7.03     8.54     8.54     8.54     8.54    10.40    10.40    10.40    10.40    12.40    12.40    12.41    12.41    14.44    14.45    14.45    14.45    16.45    16.45    16.45    16.45
       1.70     9.52     9.52     9.51     9.51     9.85     9.85     9.85     9.85    11.57    11.57    11.57    11.57    13.82    13.82    13.82    13.83    16.28    16.29    16.29    16.29    18.81    18.81    18.82    18.82    21.30    21.30    21.30    21.31
       2.08    13.76    13.76    13.77    13.78    13.63    13.64    13.64    13.65    15.52    15.53    15.54    15.54    18.19    18.20    18.20    18.21    21.17    21.18    21.18    21.19    24.25    24.25    24.26    24.26    27.28    27.29    27.29    27.29
       2.51    19.50    19.53    19.55    19.57    18.65    18.66    18.67    18.69    20.66    20.67    20.68    20.69    23.76    23.77    23.78    23.79    27.30    27.31    27.32    27.33    30.98    30.99    31.00    31.01    34.63    34.64    34.65    34.65
       2.98    27.16    27.19    27.23    27.27    25.21    25.23    25.25    25.27    27.24    27.26    27.28    27.29    30.78    30.80    30.81    30.83    34.93    34.94    34.96    34.97    39.29    39.30    39.31    39.32    43.61    43.62    43.63    43.64
       3.51    37.17    37.22    37.27    37.31    33.66    33.69    33.71    33.74    35.59    35.61    35.63    35.65    39.56    39.57    39.59    39.61    44.35    44.37    44.39    44.40    49.44    49.45    49.47    49.48    54.51    54.52    54.53    54.54
       4.08    50.07    50.12    50.18    50.23    44.40    44.42    44.45    44.48    46.03    46.06    46.08    46.10    50.40    50.42    50.44    50.46    55.87    55.89    55.91    55.93    61.75    61.76    61.78    61.80    67.62    67.63    67.64    67.66
       4.71    66.49    66.54    66.60    66.65    57.87    57.89    57.92    57.94    58.97    59.00    59.02    59.04    63.69    63.71    63.73    63.75    69.86    69.88    69.90    69.92    76.57    76.59    76.61    76.62    83.32    83.33    83.34    83.35
       5.04    76.21    76.26    76.31    76.37    65.74    65.76    65.78    65.81    66.46    66.48    66.50    66.52    71.32    71.34    71.36    71.38    77.85    77.87    77.89    77.90    85.00    85.01    85.03    85.05    92.20    92.21    92.22    92.23
       5.11    81.65    81.71    81.76    81.82    71.74    71.76    71.79    71.81    72.53    72.55    72.57    72.59    77.42    77.44    77.46    77.48    84.00    84.02    84.04    84.06    91.23    91.25    91.27    91.28    98.52    98.54    98.55    98.56
-----------------------------------------------------------------------------------------------------------------------------------------------------------------------------------------------------------------------------------------------------------------------
 final total staircase : +98.56 um at theta = 5.11 deg
 carried by            : GLASS +0.03 um (0.0%),  PET +0.48 um (0.5%),  PSA +98.05 um (99.5%)
 (equal-thickness rows -> a ~50/50 split means bending tilt, not interlayer shear)

Saving final shape visualization to: D:\PythonCodeStudy\WHT_DispFoldSolver\examples\dbg3_a.png
[PNG] Deformed shape saved: D:\PythonCodeStudy\WHT_DispFoldSolver\examples\dbg3_a.png
Done.
