=== Cook's membrane benchmark (Abaqus official, C10=0.4, D1=2.5e-4, 1.0N) ===
   n           elem  backend   U2_top_right    ref(H/IH)    err%  t_reached  cutbacks
   4  Q4_VISCO_SIMO      jax         6.2053         6.15   +0.90     1.0000         0
   4  Q4_VISCO_SIMO    numba         6.1868         6.15   +0.60     1.0000         0
  [DIAGNOSTIC] Line search collapsed at iter 4. Inspecting element quality on trial step:
  [DIAGNOSTIC] Line search collapsed at iter 12. Inspecting element quality on trial step:
  [DIAGNOSTIC] Line search collapsed at iter 7. Inspecting element quality on trial step:
    [FAIL] n=4 CPE4I: stalled at t=0.0167, cutbacks=16
   4          CPE4I      jax         FAILED         6.55       -     0.0167        16
  [DIAGNOSTIC] Line search collapsed at iter 4. Inspecting element quality on trial step:
  [DIAGNOSTIC] Line search collapsed at iter 12. Inspecting element quality on trial step:
  [DIAGNOSTIC] Line search collapsed at iter 7. Inspecting element quality on trial step:
    [FAIL] n=4 CPE4I: stalled at t=0.0167, cutbacks=16
   4          CPE4I    numba         FAILED         6.55       -     0.0167        16
   8  Q4_VISCO_SIMO      jax         6.7063         6.70   +0.09     1.0000         0
   8  Q4_VISCO_SIMO    numba         6.7030         6.70   +0.05     1.0000         0
  [DIAGNOSTIC] Line search collapsed at iter 5. Inspecting element quality on trial step:
  [DIAGNOSTIC] Line search collapsed at iter 6. Inspecting element quality on trial step:
    [FAIL] n=8 CPE4I: stalled at t=0.0333, cutbacks=15
   8          CPE4I      jax         FAILED         6.75       -     0.0333        15
  [DIAGNOSTIC] Line search collapsed at iter 5. Inspecting element quality on trial step:
  [DIAGNOSTIC] Line search collapsed at iter 6. Inspecting element quality on trial step:
    [FAIL] n=8 CPE4I: stalled at t=0.0333, cutbacks=15
   8          CPE4I    numba         FAILED         6.75       -     0.0333        15
  16  Q4_VISCO_SIMO      jax         6.8648         6.85   +0.22     1.0000         0
  [DIAGNOSTIC] Line search collapsed at iter 5. Inspecting element quality on trial step:

[DEBUG] Element inversion detected in element indexes: [8, 9, 10, 11, 12, 13, 14, 15, 23, 24, 25, 26, 27, 28, 29, 30, 31, 38, 39, 40, 41, 42, 43, 44, 45, 46, 47, 52, 53, 55, 57, 59, 60, 61, 62, 63, 70, 72, 74, 75, 77, 78, 79, 84, 85, 87, 88, 90, 91, 92, 93, 94, 95, 100, 101, 102, 104, 105, 107, 108, 109, 110, 111, 115, 116, 117, 118, 119, 121, 122, 123, 124, 125, 126, 127, 130, 131, 132, 133, 134, 135, 136, 138, 139, 140, 141, 142, 143, 146, 147, 148, 149, 150, 151, 152, 153, 154, 155, 156, 158, 161, 162, 163, 164, 165, 166, 167, 168, 170, 171, 172, 173, 174, 175, 177, 178, 179, 180, 181, 183, 185, 186, 187, 188, 189, 190, 191, 192, 193, 194, 195, 197, 198, 199, 200, 201, 202, 203, 204, 205, 207, 209, 211, 212, 214, 215, 216, 218, 219, 220, 222, 223, 224, 225, 226, 228, 229, 230, 231, 232, 233, 234, 235, 236, 237, 238, 239, 241, 243, 244, 245, 246, 247, 250, 252, 253, 254, 255]
  Element ID: 9 (index 8, pid 0)
    detF: [17.85920807842212, -11.143246763059256, -7.2850414483835815, 21.585852005710354]
    Nodes connectivity: [9, 10, 27, 26]
      Node 9: initial=[24.0, 22.0], current=[31.81227134465246, 39.08931029356745], u=[7.812271344652458, 17.089310293567447]
      Node 10: initial=[27.0, 24.75], current=[26.938898740738814, 61.5433053442911], u=[-0.06110125926118476, 36.7933053442911]
      Node 27: initial=[27.0, 26.515625], current=[30.940848445560217, 68.87286034314201], u=[3.9408484455602157, 42.357235343142]
      Node 26: initial=[24.0, 23.875], current=[25.645372897748985, 36.75537153194252], u=[1.6453728977489863, 12.880371531942522]
  Element ID: 10 (index 9, pid 0)
    detF: [-0.9599050428420082, -3.766499985790598, -2.4508836797313727, 0.30803402695234683]
    Nodes connectivity: [10, 11, 28, 27]
      Node 10: initial=[27.0, 24.75], current=[26.938898740738814, 61.5433053442911], u=[-0.06110125926118476, 36.7933053442911]
      Node 11: initial=[30.0, 27.5], current=[36.546330297920974, 79.72275098490309], u=[6.546330297920978, 52.22275098490309]
      Node 28: initial=[30.0, 29.15625], current=[34.74722160933973, 73.55899637305382], u=[4.747221609339733, 44.40274637305382]
      Node 27: initial=[27.0, 26.515625], current=[30.940848445560217, 68.87286034314201], u=[3.9408484455602157, 42.357235343142]
  Element ID: 11 (index 10, pid 0)
    detF: [-0.6496688284793047, -3.680601940774085, -1.6979255158317619, 1.2563444150569902]
    Nodes connectivity: [11, 12, 29, 28]
      Node 11: initial=[30.0, 27.5], current=[36.546330297920974, 79.72275098490309], u=[6.546330297920978, 52.22275098490309]
      Node 12: initial=[33.0, 30.25], current=[33.53698242653577, 68.62294150888934], u=[0.5369824265357713, 38.37294150888935]
      Node 29: initial=[33.0, 31.796875], current=[34.95650572025714, 82.47650696393825], u=[1.95650572025714, 50.67963196393824]
      Node 28: initial=[30.0, 29.15625], current=[34.74722160933973, 73.55899637305382], u=[4.747221609339733, 44.40274637305382]
  Element ID: 12 (index 11, pid 0)
    detF: [-8.642006948787149, -31.53013751560966, -19.0998194896007, 3.273174097634535]
    Nodes connectivity: [12, 13, 30, 29]
      Node 12: initial=[33.0, 30.25], current=[33.53698242653577, 68.62294150888934], u=[0.5369824265357713, 38.37294150888935]
      Node 13: initial=[36.0, 33.0], current=[34.89300045188449, 98.29281553270526], u=[-1.1069995481155084, 65.29281553270526]
      Node 30: initial=[36.0, 34.4375], current=[41.22581212726924, 93.63719446398596], u=[5.225812127269243, 59.19969446398596]
      Node 29: initial=[33.0, 31.796875], current=[34.95650572025714, 82.47650696393825], u=[1.95650572025714, 50.67963196393824]
  Element ID: 13 (index 12, pid 0)
    detF: [-3.3757526257510317, 35.58301221333835, 13.423717580369985, -24.545707832663393]
    Nodes connectivity: [13, 14, 31, 30]
      Node 13: initial=[36.0, 33.0], current=[34.89300045188449, 98.29281553270526], u=[-1.1069995481155084, 65.29281553270526]
      Node 14: initial=[39.0, 35.75], current=[48.439714847676015, 94.5687188396158], u=[9.439714847676012, 58.81871883961579]
      Node 31: initial=[39.0, 37.078125], current=[64.10257111721312, 107.62223302067765], u=[25.102571117213117, 70.54410802067765]
      Node 30: initial=[36.0, 34.4375], current=[41.22581212726924, 93.63719446398596], u=[5.225812127269243, 59.19969446398596]

  16  Q4_VISCO_SIMO    numba         6.8631         6.85   +0.19     1.0000         1
  [DIAGNOSTIC] Line search collapsed at iter 9. Inspecting element quality on trial step:
    [FAIL] n=16 CPE4I: stalled at t=0.0000, cutbacks=16
  16          CPE4I      jax         FAILED         6.85       -     0.0000        16
  [DIAGNOSTIC] Line search collapsed at iter 9. Inspecting element quality on trial step:
    [FAIL] n=16 CPE4I: stalled at t=0.0000, cutbacks=16
  16          CPE4I    numba         FAILED         6.85       -     0.0000        16
  32  Q4_VISCO_SIMO      jax         6.9181         6.90   +0.26     1.0000         0
  [DIAGNOSTIC] Line search collapsed at iter 4. Inspecting element quality on trial step:

[DEBUG] Element inversion detected in element indexes: [3, 4, 5, 7, 8, 16, 17, 18, 19, 22, 23, 24, 27, 28, 29, 30, 31, 34, 35, 36, 38, 39, 40, 48, 49, 50, 51, 52, 53, 55, 56, 59, 60, 61, 62, 63, 66, 67, 68, 69, 70, 75, 76, 81, 82, 83, 84, 85, 87, 88, 90, 92, 93, 95, 98, 99, 100, 102, 106, 108, 115, 116, 118, 120, 121, 127, 130, 131, 132, 133, 134, 135, 145, 148, 149, 150, 151, 152, 159, 161, 162, 163, 166, 168, 170, 171, 172, 177, 178, 180, 182, 183, 184, 185, 186, 190, 191, 193, 197, 198, 208, 209, 210, 211, 212, 213, 216, 217, 218, 219, 220, 222, 229, 230, 231, 232, 234, 241, 243, 244, 245, 246, 247, 248, 249, 250, 252, 254, 255, 263, 264, 265, 267, 268, 269, 271, 272, 273, 275, 277, 278, 279, 281, 282, 283, 284, 285, 286, 288, 292, 293, 294, 295, 296, 297, 298, 300, 303, 304, 305, 306, 307, 308, 309, 310, 311, 312, 313, 314, 315, 318, 319, 321, 322, 325, 327, 328, 329, 331, 336, 337, 338, 339, 340, 341, 342, 344, 346, 347, 348, 349, 350, 351, 354, 355, 356, 357, 358, 360, 367, 368, 369, 372, 373, 375, 376, 377, 378, 379, 380, 382, 385, 387, 388, 390, 398, 399, 400, 401, 402, 403, 404, 405, 406, 407, 408, 409, 411, 414, 415, 416, 418, 420, 422, 428, 429, 431, 434, 435, 436, 438, 440, 441, 442, 443, 444, 445, 446, 449, 451, 452, 453, 454, 455, 456, 459, 460, 463, 464, 465, 466, 469, 470, 471, 473, 474, 476, 477, 478, 479, 481, 482, 484, 486, 487, 488, 489, 490, 492, 493, 495, 497, 498, 499, 500, 501, 502, 504, 505, 506, 507, 508, 510, 511, 515, 519, 520, 521, 523, 524, 525, 530, 533, 534, 535, 536, 538, 539, 540, 541, 543, 546, 548, 549, 550, 551, 557, 558, 559, 561, 562, 563, 565, 566, 568, 569, 570, 572, 573, 574, 576, 577, 578, 579, 580, 581, 582, 583, 585, 586, 587, 588, 589, 594, 595, 596, 597, 598, 599, 601, 602, 603, 604, 605, 606, 607, 609, 611, 612, 613, 617, 619, 621, 626, 628, 629, 630, 631, 632, 633, 634, 635, 636, 637, 638, 639, 640, 641, 642, 643, 657, 658, 659, 660, 663, 665, 667, 668, 670, 672, 673, 675, 678, 683, 687, 691, 692, 693, 694, 695, 697, 699, 701, 703, 704, 705, 706, 707, 708, 711, 715, 716, 717, 718, 719, 725, 726, 732, 733, 734, 738, 740, 742, 753, 755, 757, 759, 761, 762, 771, 783, 787, 790, 792, 794, 795, 806, 812, 819, 822, 826, 827, 829, 847, 851, 852, 855, 856, 859, 860, 861, 872, 877, 883, 888, 889, 890, 891, 892, 894, 895, 912, 916, 918, 921, 925, 943, 945, 946, 948, 949, 950, 951, 953, 954, 955, 956, 958, 978, 980, 981, 982, 983, 984, 986, 988, 989, 990, 1009, 1010, 1011, 1012, 1013, 1014, 1015, 1016, 1017, 1018, 1019, 1021]
  Element ID: 4 (index 3, pid 0)
    detF: [2.874017603934155, -1.9640338153763763, -1.5510926787783215, 3.2818941676442694]
    Nodes connectivity: [4, 5, 38, 37]
      Node 4: initial=[4.5, 4.125], current=[3.7161274244063094, 0.03494049181627279], u=[-0.7838725755936907, -4.090059508183727]
      Node 5: initial=[6.0, 5.5], current=[8.578722927897172, 1.9384383384540245], u=[2.578722927897172, -3.5615616615459755]
      Node 38: initial=[6.0, 6.765625], current=[7.453891276867831, -0.03110532542168798], u=[1.4538912768678312, -6.796730325421688]
      Node 37: initial=[4.5, 5.41796875], current=[5.918540225303845, 2.678642584886478], u=[1.4185402253038453, -2.739326165113522]
  Element ID: 5 (index 4, pid 0)
    detF: [-1.7454515168943803, -3.0891348348582475, 1.9811815823148964, 3.261329635131208]
    Nodes connectivity: [5, 6, 39, 38]
      Node 5: initial=[6.0, 5.5], current=[8.578722927897172, 1.9384383384540245], u=[2.578722927897172, -3.5615616615459755]
      Node 6: initial=[7.5, 6.875], current=[10.697907069176019, 0.44023184536595483], u=[3.1979070691760176, -6.434768154634045]
      Node 39: initial=[7.5, 8.11328125], current=[2.8255744898472317, 1.2253985705097747], u=[-4.674425510152768, -6.887882679490225]
      Node 38: initial=[6.0, 6.765625], current=[7.453891276867831, -0.03110532542168798], u=[1.4538912768678312, -6.796730325421688]
  Element ID: 6 (index 5, pid 0)
    detF: [35.86800987993848, -0.31082362284493825, 1.353942727305714, 37.51145251804869]
    Nodes connectivity: [6, 7, 40, 39]
      Node 6: initial=[7.5, 6.875], current=[10.697907069176019, 0.44023184536595483], u=[3.1979070691760176, -6.434768154634045]
      Node 7: initial=[9.0, 8.25], current=[4.8717600070763565, 12.412887539867404], u=[-4.1282399929236435, 4.162887539867404]
      Node 40: initial=[9.0, 9.4609375], current=[6.826178107656528, 12.886442642859844], u=[-2.173821892343472, 3.4255051428598433]
      Node 39: initial=[7.5, 8.11328125], current=[2.8255744898472317, 1.2253985705097747], u=[-4.674425510152768, -6.887882679490225]
  Element ID: 8 (index 7, pid 0)
    detF: [0.4925293875326242, 2.566173626042766, 0.626451713348267, -1.4211933413424713]
    Nodes connectivity: [8, 9, 42, 41]
      Node 8: initial=[10.5, 9.625], current=[6.410409728024075, 4.951419486066796], u=[-4.089590271975925, -4.673580513933204]
      Node 9: initial=[12.0, 11.0], current=[11.724326258698365, 11.288576540609826], u=[-0.2756737413016338, 0.28857654060982585]
      Node 42: initial=[12.0, 12.15625], current=[8.905117840129819, 9.249296018216361], u=[-3.0948821598701812, -2.906953981783639]
      Node 41: initial=[10.5, 10.80859375], current=[10.521044277885133, 10.002068377270342], u=[0.02104427788513384, -0.8065253727296572]
  Element ID: 9 (index 8, pid 0)
    detF: [0.7548286044524262, -0.10179881596734985, 0.06451674348362257, 0.9188619600653283]
    Nodes connectivity: [9, 10, 43, 42]
      Node 9: initial=[12.0, 11.0], current=[11.724326258698365, 11.288576540609826], u=[-0.2756737413016338, 0.28857654060982585]
      Node 10: initial=[13.5, 12.375], current=[12.28408256148171, 12.31039173668328], u=[-1.215917438518289, -0.06460826331671872]
      Node 43: initial=[13.5, 13.50390625], current=[13.766353718447453, 13.556509081305935], u=[0.2663537184474526, 0.05260283130593468]
      Node 42: initial=[12.0, 12.15625], current=[8.905117840129819, 9.249296018216361], u=[-3.0948821598701812, -2.906953981783639]

  [DIAGNOSTIC] Line search collapsed at iter 3. Inspecting element quality on trial step:

[DEBUG] Element inversion detected in element indexes: [5, 7, 8, 9, 10, 11, 16, 17, 20, 21, 22, 29, 31, 39, 41, 45, 46, 47, 48, 49, 53, 55, 56, 61, 62, 63, 72, 73, 74, 75, 77, 79, 80, 82, 85, 86, 94, 95, 99, 103, 104, 105, 106, 107, 108, 109, 110, 111, 113, 114, 115, 118, 123, 127, 130, 138, 139, 143, 144, 147, 148, 149, 158, 159, 163, 169, 170, 171, 172, 173, 174, 175, 177, 178, 179, 184, 185, 189, 191, 194, 197, 199, 201, 202, 204, 206, 207, 208, 209, 210, 211, 221, 223, 225, 228, 233, 235, 238, 240, 241, 242, 243, 244, 255, 268, 270, 272, 273, 274, 275, 284, 287, 300, 301, 302, 303, 304, 305, 307, 308, 309, 311, 319, 330, 331, 332, 333, 335, 336, 337, 338, 339, 340, 344, 359, 360, 361, 362, 364, 366, 368, 369, 370, 371, 372, 373, 391, 393, 394, 398, 400, 401, 402, 403, 404, 406, 407, 410, 413, 424, 427, 428, 430, 431, 432, 433, 434, 435, 441, 446, 455, 457, 458, 459, 460, 461, 466, 470, 477, 479, 486, 487, 489, 490, 492, 493, 494, 495, 496, 498, 510, 511, 517, 518, 519, 520, 521, 522, 523, 524, 527, 528, 530, 541, 543, 549, 550, 551, 552, 553, 554, 556, 558, 559, 561, 579, 580, 581, 582, 583, 584, 585, 587, 588, 589, 590, 592, 595, 606, 610, 611, 612, 613, 614, 615, 617, 618, 620, 621, 622, 623, 624, 625, 626, 641, 642, 643, 644, 645, 646, 648, 650, 651, 652, 653, 654, 655, 657, 658, 661, 662, 664, 674, 675, 676, 677, 678, 680, 681, 682, 683, 685, 686, 688, 689, 690, 691, 692, 695, 697, 707, 708, 709, 710, 711, 712, 713, 714, 717, 719, 720, 721, 723, 739, 740, 742, 743, 744, 745, 746, 747, 748, 749, 750, 751, 768, 772, 774, 775, 776, 777, 778, 780, 781, 786, 788, 791, 801, 803, 804, 805, 807, 808, 810, 811, 812, 813, 814, 820, 822, 825, 832, 833, 834, 835, 836, 837, 838, 839, 840, 841, 843, 845, 846, 849, 850, 851, 854, 855, 856, 865, 866, 867, 869, 870, 871, 872, 873, 874, 875, 876, 878, 882, 885, 886, 896, 898, 901, 902, 903, 904, 905, 906, 907, 909, 913, 914, 917, 929, 930, 931, 932, 934, 935, 936, 938, 941, 944, 947, 948, 949, 952, 962, 963, 964, 966, 968, 969, 970, 971, 980, 982, 983, 985, 993, 995, 998, 999, 1000, 1003, 1005, 1011, 1012, 1013, 1014]
  Element ID: 6 (index 5, pid 0)
    detF: [0.18171292450878573, -0.12127468167409447, 0.9592186876685173, 1.248366436103563]
    Nodes connectivity: [6, 7, 40, 39]
      Node 6: initial=[7.5, 6.875], current=[5.196314928834497, 10.536669905797254], u=[-2.3036850711655026, 3.661669905797253]
      Node 7: initial=[9.0, 8.25], current=[4.663623771967016, 10.895262995428691], u=[-4.336376228032984, 2.6452629954286913]
      Node 40: initial=[9.0, 9.4609375], current=[5.113959481948776, 12.745529611310673], u=[-3.8860405180512236, 3.284592111310672]
      Node 39: initial=[7.5, 8.11328125], current=[3.6816019153272594, 11.897758959200242], u=[-3.8183980846727406, 3.7844777092002415]
  Element ID: 8 (index 7, pid 0)
    detF: [1.4454431443817393, -0.8151282551736239, -0.36523906033722614, 1.8893022212933142]
    Nodes connectivity: [8, 9, 42, 41]
      Node 8: initial=[10.5, 9.625], current=[6.679318191639421, 9.782925582987463], u=[-3.8206818083605785, 0.15792558298746331]
      Node 9: initial=[12.0, 11.0], current=[11.329672626754343, 9.58495331854216], u=[-0.6703273732456576, -1.4150466814578395]
      Node 42: initial=[12.0, 12.15625], current=[11.748556807212154, 8.887043632104168], u=[-0.2514431927878461, -3.2692063678958316]
      Node 41: initial=[10.5, 10.80859375], current=[8.183590750747717, 10.51913470793579], u=[-2.3164092492522825, -0.289459042064211]
  Element ID: 9 (index 8, pid 0)
    detF: [-1.6890933647142043, -1.3335146657300936, -2.336256820324155, -2.6780757604416765]
    Nodes connectivity: [9, 10, 43, 42]
      Node 9: initial=[12.0, 11.0], current=[11.329672626754343, 9.58495331854216], u=[-0.6703273732456576, -1.4150466814578395]
      Node 10: initial=[13.5, 12.375], current=[12.639558467692812, 13.433668932449438], u=[-0.8604415323071881, 1.0586689324494372]
      Node 43: initial=[13.5, 13.50390625], current=[14.40584823562009, 17.547861924546915], u=[0.9058482356200888, 4.043955674546915]
      Node 42: initial=[12.0, 12.15625], current=[11.748556807212154, 8.887043632104168], u=[-0.2514431927878461, -3.2692063678958316]
  Element ID: 10 (index 9, pid 0)
    detF: [5.013342437102057, -0.669502575992742, -0.06460906503669173, 5.6097334374594015]
    Nodes connectivity: [10, 11, 44, 43]
      Node 10: initial=[13.5, 12.375], current=[12.639558467692812, 13.433668932449438], u=[-0.8604415323071881, 1.0586689324494372]
      Node 11: initial=[15.0, 13.75], current=[15.888297349925669, 14.446693075385012], u=[0.8882973499256692, 0.6966930753850114]
      Node 44: initial=[15.0, 14.8515625], current=[15.617108749099899, 12.82975888858887], u=[0.6171087490998982, -2.0218036114111304]
      Node 43: initial=[13.5, 13.50390625], current=[14.40584823562009, 17.547861924546915], u=[0.9058482356200888, 4.043955674546915]
  Element ID: 11 (index 10, pid 0)
    detF: [-2.6292083885209916, 1.027944899031566, 0.554990183822832, -3.095349262368939]
    Nodes connectivity: [11, 12, 45, 44]
      Node 11: initial=[15.0, 13.75], current=[15.888297349925669, 14.446693075385012], u=[0.8882973499256692, 0.6966930753850114]
      Node 12: initial=[16.5, 15.125], current=[19.288281777965317, 11.736748436757887], u=[2.7882817779653175, -3.388251563242113]
      Node 45: initial=[16.5, 16.19921875], current=[20.19224924346196, 12.233027397398521], u=[3.6922492434619585, -3.9661913526014794]
      Node 44: initial=[15.0, 14.8515625], current=[15.617108749099899, 12.82975888858887], u=[0.6171087490998982, -2.0218036114111304]

  [DIAGNOSTIC] Line search collapsed at iter 3. Inspecting element quality on trial step:

[DEBUG] Element inversion detected in element indexes: [17, 19, 20, 21, 23, 25, 27, 29, 30, 31, 48, 49, 50, 51, 52, 54, 55, 57, 58, 59, 61, 62, 63, 79, 80, 81, 82, 86, 87, 88, 89, 90, 91, 92, 93, 94, 113, 117, 118, 119, 120, 121, 122, 123, 125, 126, 127, 144, 148, 149, 150, 151, 152, 153, 154, 155, 156, 157, 158, 159, 180, 181, 182, 183, 184, 185, 186, 188, 190, 191, 212, 213, 216, 217, 218, 220, 222, 223, 243, 244, 246, 247, 250, 251, 253, 254, 255, 274, 275, 277, 278, 280, 281, 283, 284, 285, 286, 287, 308, 309, 310, 311, 313, 315, 316, 317, 318, 319, 338, 339, 340, 341, 342, 343, 346, 347, 348, 349, 350, 351, 370, 371, 372, 373, 375, 376, 377, 378, 379, 380, 382, 383, 401, 402, 403, 405, 406, 408, 411, 412, 413, 414, 433, 436, 438, 439, 441, 442, 443, 445, 446, 462, 464, 465, 468, 469, 470, 471, 472, 474, 475, 476, 477, 478, 479, 493, 494, 496, 498, 499, 501, 502, 503, 504, 505, 506, 507, 508, 509, 511, 525, 528, 532, 533, 534, 535, 536, 537, 538, 540, 541, 542, 560, 561, 562, 563, 565, 566, 567, 568, 569, 570, 572, 574, 575, 591, 593, 594, 598, 599, 600, 601, 602, 603, 604, 605, 606, 607, 623, 625, 626, 627, 628, 629, 630, 631, 634, 635, 636, 637, 638, 655, 657, 658, 659, 661, 662, 663, 664, 665, 666, 667, 668, 669, 670, 688, 690, 691, 692, 694, 696, 698, 699, 700, 702, 703, 718, 720, 721, 722, 725, 727, 728, 730, 731, 733, 734, 752, 753, 754, 757, 758, 759, 760, 761, 762, 763, 764, 765, 766, 767, 784, 785, 786, 787, 788, 789, 790, 791, 792, 794, 796, 797, 799, 815, 816, 817, 818, 820, 821, 822, 823, 824, 825, 826, 827, 829, 831, 842, 847, 848, 849, 850, 851, 854, 855, 856, 858, 859, 860, 861, 862, 863, 873, 874, 879, 880, 881, 883, 884, 885, 886, 887, 888, 889, 890, 891, 892, 893, 895, 905, 906, 910, 911, 912, 913, 914, 915, 916, 917, 918, 920, 921, 922, 923, 924, 925, 927, 936, 937, 938, 939, 940, 941, 943, 944, 947, 948, 949, 950, 951, 952, 953, 954, 955, 956, 957, 958, 968, 969, 970, 971, 973, 974, 976, 977, 978, 979, 980, 982, 984, 985, 987, 988, 989, 990, 1001, 1002, 1003, 1004, 1006, 1007, 1008, 1009, 1011, 1012, 1014, 1015, 1016, 1017, 1019, 1020, 1021, 1022]
  Element ID: 18 (index 17, pid 0)
    detF: [1.019036289832301, -0.6110364178462303, -0.4695384240132875, 1.158064278738139]
    Nodes connectivity: [18, 19, 52, 51]
      Node 18: initial=[25.5, 23.375], current=[27.19239473183548, 20.515291939958207], u=[1.6923947318354804, -2.8597080600417937]
      Node 19: initial=[27.0, 24.75], current=[30.890413638894774, 23.758530514193264], u=[3.890413638894773, -0.9914694858067363]
      Node 52: initial=[27.0, 25.6328125], current=[30.539575601743476, 22.994493622673744], u=[3.5395756017434765, -2.638318877326257]
      Node 51: initial=[25.5, 24.28515625], current=[28.34843528269967, 22.1017549025951], u=[2.84843528269967, -2.1834013474049]
  Element ID: 20 (index 19, pid 0)
    detF: [0.5861862522832837, -20.918327355878816, -15.50676260320617, 5.8972062018245675]
    Nodes connectivity: [20, 21, 54, 53]
      Node 20: initial=[28.5, 26.125], current=[31.617594236384196, 25.484984348129043], u=[3.1175942363841975, -0.6400156518709565]
      Node 21: initial=[30.0, 27.5], current=[36.96084587499725, 33.91649266803066], u=[6.960845874997244, 6.4164926680306635]
      Node 54: initial=[30.0, 28.328125], current=[39.439202444983565, 30.622996480988316], u=[9.439202444983563, 2.294871480988317]
      Node 53: initial=[28.5, 26.98046875], current=[32.72221288970642, 28.74776715074685], u=[4.2222128897064195, 1.7672984007468482]
  Element ID: 21 (index 20, pid 0)
    detF: [-0.7947252132875464, 13.027645508037693, 38.49745971344041, 24.1861346235927]
    Nodes connectivity: [21, 22, 55, 54]
      Node 21: initial=[30.0, 27.5], current=[36.96084587499725, 33.91649266803066], u=[6.960845874997244, 6.4164926680306635]
      Node 22: initial=[31.5, 28.875], current=[41.8027207747583, 34.90115229497521], u=[10.302720774758301, 6.02615229497521]
      Node 55: initial=[31.5, 29.67578125], current=[26.318044087679027, 33.94351745591792], u=[-5.181955912320971, 4.267736205917918]
      Node 54: initial=[30.0, 28.328125], current=[39.439202444983565, 30.622996480988316], u=[9.439202444983563, 2.294871480988317]
  Element ID: 22 (index 21, pid 0)
    detF: [253.36937978241443, -13.793306500003258, 5.011907415031522, 271.8011655521812]
    Nodes connectivity: [22, 23, 56, 55]
      Node 22: initial=[31.5, 28.875], current=[41.8027207747583, 34.90115229497521], u=[10.302720774758301, 6.02615229497521]
      Node 23: initial=[33.0, 30.25], current=[23.297941848156658, 60.27278015639382], u=[-9.702058151843342, 30.022780156393825]
      Node 56: initial=[33.0, 31.0234375], current=[26.88690136149584, 62.953324328624745], u=[-6.113098638504159, 31.929886828624742]
      Node 55: initial=[31.5, 29.67578125], current=[26.318044087679027, 33.94351745591792], u=[-5.181955912320971, 4.267736205917918]
  Element ID: 24 (index 23, pid 0)
    detF: [-10.141350305226844, -1.2534986693093764, -2.1344603816654937, -11.003525869763376]
    Nodes connectivity: [24, 25, 58, 57]
      Node 24: initial=[34.5, 31.625], current=[26.582153380107574, 48.02963728683262], u=[-7.917846619892426, 16.404637286832617]
      Node 25: initial=[36.0, 33.0], current=[27.99362250221231, 59.942904894654816], u=[-8.006377497787687, 26.94290489465482]
      Node 58: initial=[36.0, 33.71875], current=[27.870133666044595, 60.75087525420642], u=[-8.129866333955407, 27.03212525420642]
      Node 57: initial=[34.5, 32.37109375], current=[28.16568380011216, 51.09759962403807], u=[-6.334316199887841, 18.72650587403807]

  [DIAGNOSTIC] Line search collapsed at iter 4. Inspecting element quality on trial step:

[DEBUG] Element inversion detected in element indexes: [9, 10, 11, 12, 13, 14, 15, 16, 17, 18, 19, 20, 21, 23, 24, 25, 26, 27, 28, 29, 30, 31, 41, 42, 43, 44, 45, 46, 47, 48, 49, 50, 51, 52, 54, 55, 57, 58, 59, 60, 62, 63, 74, 75, 76, 78, 79, 80, 81, 82, 83, 84, 85, 86, 87, 88, 89, 90, 91, 92, 94, 105, 107, 109, 110, 111, 112, 113, 114, 115, 116, 117, 118, 119, 121, 122, 123, 124, 125, 127, 141, 142, 143, 144, 145, 146, 147, 148, 149, 150, 151, 152, 153, 154, 155, 156, 157, 158, 159, 172, 173, 174, 175, 176, 178, 180, 181, 182, 185, 186, 187, 188, 189, 191, 207, 208, 209, 210, 212, 213, 214, 216, 218, 219, 221, 222, 223, 238, 239, 240, 241, 242, 243, 244, 245, 246, 247, 248, 250, 251, 253, 254, 255, 269, 270, 271, 272, 273, 274, 275, 276, 277, 278, 279, 281, 282, 283, 284, 285, 286, 287, 298, 300, 301, 302, 303, 304, 305, 306, 307, 308, 309, 310, 311, 313, 315, 317, 318, 319, 329, 330, 331, 332, 333, 334, 335, 336, 337, 338, 339, 340, 341, 342, 343, 345, 346, 348, 350, 351, 360, 361, 362, 363, 364, 365, 366, 367, 368, 369, 370, 371, 372, 373, 374, 375, 377, 378, 380, 382, 383, 391, 392, 393, 394, 395, 396, 397, 398, 399, 400, 401, 402, 403, 404, 405, 406, 407, 408, 411, 413, 414, 415, 423, 424, 425, 426, 427, 428, 429, 430, 431, 432, 433, 434, 435, 436, 437, 438, 439, 440, 442, 443, 445, 447, 455, 456, 457, 458, 459, 460, 461, 462, 463, 464, 465, 466, 467, 468, 469, 471, 472, 473, 474, 476, 477, 478, 479, 486, 487, 488, 489, 490, 491, 492, 493, 494, 495, 496, 497, 498, 499, 500, 501, 502, 505, 506, 507, 508, 509, 510, 511, 517, 518, 519, 520, 521, 522, 523, 524, 525, 526, 527, 529, 530, 531, 532, 533, 534, 535, 536, 539, 540, 541, 542, 543, 548, 549, 550, 551, 552, 553, 554, 555, 556, 558, 561, 562, 563, 564, 565, 567, 568, 570, 572, 573, 574, 575, 581, 583, 585, 587, 592, 593, 594, 595, 596, 597, 598, 600, 601, 602, 604, 605, 606, 607, 612, 614, 623, 624, 625, 626, 627, 628, 629, 631, 632, 633, 634, 635, 636, 637, 638, 639, 652, 653, 654, 655, 656, 657, 658, 659, 660, 661, 662, 663, 664, 666, 667, 668, 669, 670, 671, 683, 684, 685, 686, 687, 688, 689, 690, 691, 692, 694, 695, 696, 698, 699, 700, 701, 702, 703, 714, 715, 716, 717, 718, 719, 720, 721, 722, 723, 724, 725, 726, 727, 728, 729, 731, 732, 733, 734, 735, 745, 746, 747, 748, 749, 750, 751, 752, 753, 754, 755, 756, 757, 758, 759, 760, 761, 763, 764, 765, 766, 767, 776, 777, 778, 779, 780, 781, 782, 783, 784, 785, 786, 787, 788, 789, 790, 791, 792, 794, 795, 796, 797, 799, 807, 809, 810, 811, 812, 813, 814, 815, 816, 817, 818, 819, 820, 821, 822, 824, 825, 826, 827, 828, 829, 830, 831, 840, 841, 842, 843, 844, 845, 846, 847, 848, 849, 850, 851, 852, 853, 854, 855, 856, 858, 859, 860, 862, 863, 871, 872, 873, 874, 875, 876, 877, 878, 879, 880, 882, 883, 884, 885, 886, 887, 888, 889, 890, 891, 892, 893, 894, 895, 904, 905, 906, 907, 908, 909, 910, 911, 912, 913, 914, 915, 916, 917, 919, 920, 921, 922, 923, 924, 926, 927, 937, 939, 941, 942, 943, 944, 945, 946, 947, 949, 951, 952, 954, 955, 956, 957, 959, 974, 975, 976, 977, 979, 980, 981, 982, 983, 984, 985, 986, 988, 989, 990, 1006, 1007, 1009, 1014, 1015, 1016, 1017, 1019, 1020, 1021, 1022, 1023]
  Element ID: 10 (index 9, pid 0)
    detF: [1.068572180930592, 1.9760295441797633, 0.7735557062271229, -0.11699943147874681]
    Nodes connectivity: [10, 11, 44, 43]
      Node 10: initial=[13.5, 12.375], current=[12.079302628340875, 8.733042840669464], u=[-1.420697371659126, -3.6419571593305355]
      Node 11: initial=[15.0, 13.75], current=[14.584610576923394, 9.930648688748565], u=[-0.4153894230766062, -3.8193513112514355]
      Node 44: initial=[15.0, 14.8515625], current=[12.819507155536154, 10.905310200095846], u=[-2.1804928444638465, -3.9462522999041543]
      Node 43: initial=[13.5, 13.50390625], current=[13.211178998678687, 10.067960707554777], u=[-0.2888210013213128, -3.4359455424452228]
  Element ID: 11 (index 10, pid 0)
    detF: [0.7932244645108866, -0.17665191108596376, 1.0711412991843658, 2.023040763435499]
    Nodes connectivity: [11, 12, 45, 44]
      Node 11: initial=[15.0, 13.75], current=[14.584610576923394, 9.930648688748565], u=[-0.4153894230766062, -3.8193513112514355]
      Node 12: initial=[16.5, 15.125], current=[14.174090153968734, 10.806520588988096], u=[-2.3259098460312666, -4.318479411011904]
      Node 45: initial=[16.5, 16.19921875], current=[15.396760340890282, 12.114949325549226], u=[-1.1032396591097189, -4.084269424450774]
      Node 44: initial=[15.0, 14.8515625], current=[12.819507155536154, 10.905310200095846], u=[-2.1804928444638465, -3.9462522999041543]
  Element ID: 12 (index 11, pid 0)
    detF: [1.0845360409702962, 1.9968717612642481, 0.6400598046678216, -0.2522281104012199]
    Nodes connectivity: [12, 13, 46, 45]
      Node 12: initial=[16.5, 15.125], current=[14.174090153968734, 10.806520588988096], u=[-2.3259098460312666, -4.318479411011904]
      Node 13: initial=[18.0, 16.5], current=[16.72042078082925, 11.892066895014523], u=[-1.2795792191707496, -4.607933104985478]
      Node 46: initial=[18.0, 17.546875], current=[14.724032185811135, 12.790573515029926], u=[-3.2759678141888657, -4.756301484970073]
      Node 45: initial=[16.5, 16.19921875], current=[15.396760340890282, 12.114949325549226], u=[-1.1032396591097189, -4.084269424450774]
  Element ID: 13 (index 12, pid 0)
    detF: [0.6444557773257795, -0.32446660656781684, 1.110703948852033, 2.0578637747868433]
    Nodes connectivity: [13, 14, 47, 46]
      Node 13: initial=[18.0, 16.5], current=[16.72042078082925, 11.892066895014523], u=[-1.2795792191707496, -4.607933104985478]
      Node 14: initial=[19.5, 17.875], current=[16.01513186422128, 12.584936381116506], u=[-3.4848681357787177, -5.290063618883495]
      Node 47: initial=[19.5, 18.89453125], current=[17.366421593535737, 13.891751807843569], u=[-2.133578406464263, -5.002779442156432]
      Node 46: initial=[18.0, 17.546875], current=[14.724032185811135, 12.790573515029926], u=[-3.2759678141888657, -4.756301484970073]
  Element ID: 14 (index 13, pid 0)
    detF: [1.1584118882398236, 1.9101715088396474, 0.3820303000392776, -0.34593195661050574]
    Nodes connectivity: [14, 15, 48, 47]
      Node 14: initial=[19.5, 17.875], current=[16.01513186422128, 12.584936381116506], u=[-3.4848681357787177, -5.290063618883495]
      Node 15: initial=[21.0, 19.25], current=[18.640612590359783, 13.498187616020644], u=[-2.3593874096402176, -5.751812383979356]
      Node 48: initial=[21.0, 20.2421875], current=[16.42656135916164, 14.289132157243229], u=[-4.573438640838361, -5.953055342756771]
      Node 47: initial=[19.5, 18.89453125], current=[17.366421593535737, 13.891751807843569], u=[-2.133578406464263, -5.002779442156432]

  [DIAGNOSTIC] Line search collapsed at iter 6. Inspecting element quality on trial step:

[DEBUG] Element inversion detected in element indexes: [5, 6, 7, 8, 11, 14, 15, 17, 18, 20, 21, 22, 23, 24, 25, 26, 27, 28, 29, 30, 31, 37, 38, 39, 40, 41, 42, 45, 46, 47, 49, 50, 51, 53, 54, 55, 57, 59, 60, 62, 63, 68, 69, 70, 71, 72, 73, 74, 76, 77, 78, 79, 80, 81, 82, 83, 84, 86, 88, 89, 90, 91, 92, 93, 94, 95, 99, 100, 101, 102, 103, 104, 105, 107, 108, 109, 110, 111, 112, 113, 114, 116, 117, 118, 119, 121, 122, 123, 124, 125, 126, 131, 132, 133, 134, 135, 136, 137, 138, 139, 140, 141, 142, 143, 144, 145, 146, 147, 148, 149, 150, 151, 152, 153, 154, 155, 157, 158, 159, 163, 164, 165, 166, 167, 168, 169, 170, 171, 172, 173, 174, 175, 176, 177, 178, 179, 180, 182, 183, 184, 185, 186, 188, 189, 190, 191, 192, 194, 195, 196, 197, 198, 199, 200, 201, 202, 203, 204, 205, 206, 207, 209, 210, 211, 212, 213, 214, 215, 216, 217, 218, 220, 221, 222, 223, 226, 227, 228, 229, 230, 231, 232, 233, 234, 235, 236, 237, 238, 239, 240, 242, 243, 244, 245, 247, 248, 249, 250, 251, 252, 254, 255, 258, 259, 260, 261, 262, 263, 264, 265, 266, 267, 268, 269, 270, 271, 272, 273, 274, 275, 276, 277, 279, 280, 281, 282, 285, 286, 287, 290, 292, 293, 294, 295, 296, 297, 298, 299, 300, 301, 302, 303, 304, 305, 307, 309, 310, 311, 312, 314, 315, 316, 317, 319, 324, 325, 326, 327, 328, 329, 330, 331, 332, 333, 334, 335, 336, 337, 338, 339, 340, 341, 342, 343, 344, 345, 346, 347, 348, 350, 351, 355, 356, 357, 358, 359, 360, 361, 362, 363, 364, 365, 366, 368, 369, 370, 371, 372, 373, 374, 375, 376, 378, 379, 380, 381, 382, 383, 386, 387, 388, 389, 390, 391, 392, 393, 394, 395, 397, 398, 399, 401, 402, 403, 404, 405, 406, 407, 408, 409, 410, 413, 415, 418, 419, 420, 421, 422, 423, 424, 425, 426, 427, 428, 429, 430, 431, 432, 433, 434, 435, 436, 437, 438, 439, 440, 442, 443, 444, 446, 447, 450, 451, 452, 453, 454, 455, 456, 457, 458, 459, 461, 462, 463, 464, 465, 467, 468, 469, 471, 474, 475, 476, 477, 478, 479, 481, 482, 483, 485, 486, 487, 488, 489, 490, 491, 492, 493, 494, 496, 498, 499, 500, 501, 502, 503, 504, 506, 507, 508, 509, 510, 511, 514, 517, 518, 519, 520, 521, 522, 523, 524, 525, 527, 529, 531, 532, 534, 535, 538, 539, 540, 541, 542, 543, 548, 550, 551, 552, 553, 554, 555, 556, 557, 558, 559, 560, 562, 564, 565, 569, 570, 571, 572, 573, 574, 575, 582, 583, 584, 585, 586, 587, 589, 590, 591, 592, 593, 594, 596, 598, 600, 602, 603, 604, 605, 606, 607, 612, 613, 614, 615, 616, 617, 618, 619, 620, 622, 623, 624, 626, 628, 629, 632, 633, 634, 635, 636, 638, 642, 643, 644, 645, 646, 647, 648, 649, 651, 652, 653, 655, 656, 657, 658, 659, 661, 664, 665, 667, 668, 669, 670, 673, 674, 675, 677, 678, 679, 680, 682, 683, 684, 686, 687, 688, 689, 691, 692, 693, 698, 699, 704, 705, 706, 708, 711, 713, 714, 715, 716, 717, 718, 719, 721, 722, 723, 724, 725, 728, 729, 730, 737, 744, 745, 746, 747, 748, 750, 751, 752, 754, 755, 757, 760, 762, 763, 768, 769, 775, 776, 777, 778, 779, 780, 781, 783, 786, 789, 792, 793, 797, 798, 799, 806, 807, 808, 809, 810, 811, 813, 814, 815, 816, 817, 818, 819, 820, 823, 826, 827, 828, 831, 832, 840, 841, 842, 843, 844, 846, 848, 850, 851, 852, 854, 856, 857, 858, 860, 861, 862, 863, 871, 873, 875, 877, 878, 879, 881, 882, 883, 884, 885, 886, 887, 888, 890, 891, 892, 895, 897, 902, 905, 906, 908, 910, 911, 916, 917, 918, 920, 921, 922, 923, 925, 927, 928, 929, 933, 934, 936, 937, 939, 940, 941, 942, 943, 946, 949, 950, 953, 954, 955, 956, 957, 959, 960, 962, 963, 965, 966, 968, 970, 972, 973, 974, 979, 981, 982, 983, 984, 985, 987, 988, 989, 990, 992, 994, 996, 998, 999, 1000, 1001, 1002, 1003, 1004, 1005, 1011, 1012, 1013, 1015, 1017, 1018, 1019]
  Element ID: 6 (index 5, pid 0)
    detF: [1.070240135063231, -0.27567080639507563, 0.9850014619240596, 2.314764664437154]
    Nodes connectivity: [6, 7, 40, 39]
      Node 6: initial=[7.5, 6.875], current=[8.687865583194291, 4.5095019045957985], u=[1.1878655831942924, -2.3654980954042015]
      Node 7: initial=[9.0, 8.25], current=[8.41188030309956, 5.779028424235905], u=[-0.5881196969004397, -2.470971575764094]
      Node 40: initial=[9.0, 9.4609375], current=[9.849382263730911, 7.332400187660153], u=[0.8493822637309115, -2.128537312339847]
      Node 39: initial=[7.5, 8.11328125], current=[6.895539155375857, 5.344970612256018], u=[-0.604460844624143, -2.7683106377439817]
  Element ID: 7 (index 6, pid 0)
    detF: [0.9110898333842519, 3.336154370519458, 1.5800155749233238, -0.8220445095193465]
    Nodes connectivity: [7, 8, 41, 40]
      Node 7: initial=[9.0, 8.25], current=[8.41188030309956, 5.779028424235905], u=[-0.5881196969004397, -2.470971575764094]
      Node 8: initial=[10.5, 9.625], current=[11.35574709791958, 8.112817180825525], u=[0.8557470979195793, -1.5121828191744753]
      Node 41: initial=[10.5, 10.80859375], current=[8.477648898195316, 8.777756838856643], u=[-2.022351101804685, -2.0308369111433566]
      Node 40: initial=[9.0, 9.4609375], current=[9.849382263730911, 7.332400187660153], u=[0.8493822637309115, -2.128537312339847]
  Element ID: 8 (index 7, pid 0)
    detF: [2.3497591536142246, -0.18222624118045, 1.2557892650510998, 3.7685001291839395]
    Nodes connectivity: [8, 9, 42, 41]
      Node 8: initial=[10.5, 9.625], current=[11.35574709791958, 8.112817180825525], u=[0.8557470979195793, -1.5121828191744753]
      Node 9: initial=[12.0, 11.0], current=[9.945309142179791, 10.130659022984222], u=[-2.0546908578202085, -0.8693409770157782]
      Node 42: initial=[12.0, 12.15625], current=[10.384612312570056, 11.537599865016285], u=[-1.6153876874299435, -0.6186501349837152]
      Node 41: initial=[10.5, 10.80859375], current=[8.477648898195316, 8.777756838856643], u=[-2.022351101804685, -2.0308369111433566]
  Element ID: 9 (index 8, pid 0)
    detF: [1.7564788822294821, 7.174560663803682, 4.6355729996142685, -0.7476684614802883]
    Nodes connectivity: [9, 10, 43, 42]
      Node 9: initial=[12.0, 11.0], current=[9.945309142179791, 10.130659022984222], u=[-2.0546908578202085, -0.8693409770157782]
      Node 10: initial=[13.5, 12.375], current=[11.829961929202542, 13.314871663068708], u=[-1.6700380707974585, 0.9398716630687085]
      Node 43: initial=[13.5, 13.50390625], current=[6.584717990515712, 13.554297858223922], u=[-6.915282009484288, 0.050391608223922024]
      Node 42: initial=[12.0, 12.15625], current=[10.384612312570056, 11.537599865016285], u=[-1.6153876874299435, -0.6186501349837152]
  Element ID: 12 (index 11, pid 0)
    detF: [-14.536634063424527, -1.9606545117696967, 14.173232086171016, 1.3588635562470586]
    Nodes connectivity: [12, 13, 46, 45]
      Node 12: initial=[16.5, 15.125], current=[4.680411721218041, 18.549544780381492], u=[-11.819588278781959, 3.424544780381491]
      Node 13: initial=[18.0, 16.5], current=[-3.10426896773809, 13.749694505730453], u=[-21.10426896773809, -2.7503054942695466]
      Node 46: initial=[18.0, 17.546875], current=[4.714483669023204, 19.216194837785032], u=[-13.285516330976796, 1.669319837785032]
      Node 45: initial=[16.5, 16.19921875], current=[-1.41110237040251, 19.934021353292273], u=[-17.91110237040251, 3.7348026032922728]

  [DIAGNOSTIC] Line search collapsed at iter 8. Inspecting element quality on trial step:

[DEBUG] Element inversion detected in element indexes: [20, 21, 22, 23, 24, 25, 26, 27, 29, 30, 31, 50, 52, 53, 54, 55, 56, 57, 58, 59, 60, 61, 62, 81, 82, 83, 84, 85, 86, 87, 88, 89, 90, 91, 92, 94, 95, 112, 113, 114, 116, 117, 118, 119, 120, 122, 123, 124, 125, 143, 145, 146, 148, 149, 150, 151, 152, 153, 154, 156, 179, 180, 181, 182, 183, 184, 185, 186, 187, 188, 190, 211, 212, 213, 214, 215, 216, 217, 218, 219, 222, 223, 243, 244, 245, 246, 247, 248, 250, 251, 252, 253, 254, 276, 277, 278, 279, 280, 282, 283, 285, 286, 287, 307, 308, 309, 311, 312, 313, 314, 316, 317, 318, 339, 340, 341, 343, 345, 347, 349, 350, 371, 372, 374, 375, 376, 377, 378, 379, 380, 382, 403, 404, 406, 407, 408, 410, 411, 435, 436, 437, 438, 439, 441, 442, 443, 467, 469, 470, 472, 474, 476, 477, 500, 501, 502, 504, 505, 511, 531, 533, 537, 538, 541, 562, 563, 564, 566, 572, 573, 574, 594, 595, 598, 599, 600, 607, 626, 627, 629, 630, 632, 634, 658, 659, 660, 661, 662, 663, 691, 692, 693, 694, 720, 721, 722, 724, 726, 753, 754, 755, 756, 757, 784, 786, 787, 788, 791, 816, 817, 819, 821, 826, 827, 831, 847, 848, 849, 850, 851, 852, 853, 857, 858, 859, 879, 880, 881, 882, 884, 885, 888, 892, 893, 894, 911, 912, 916, 921, 922, 923, 925, 943, 944, 945, 946, 952, 953, 954, 955, 957, 958, 959, 975, 976, 978, 983, 985, 987, 1007, 1008, 1010, 1014, 1015, 1016, 1017, 1019]
  Element ID: 21 (index 20, pid 0)
    detF: [1.271414563045931, -2.025722433277757, -0.7105920046693657, 2.5612978986422315]
    Nodes connectivity: [21, 22, 55, 54]
      Node 21: initial=[30.0, 27.5], current=[33.08264077120981, 32.72873087666695], u=[3.08264077120981, 5.2287308766669485]
      Node 22: initial=[31.5, 28.875], current=[32.7733579106469, 34.48423228460968], u=[1.2733579106468977, 5.609232284609679]
      Node 55: initial=[31.5, 29.67578125], current=[34.79946620682442, 37.54758582284444], u=[3.2994662068244214, 7.8718045728444395]
      Node 54: initial=[30.0, 28.328125], current=[31.788193416713206, 32.13177882819522], u=[1.7881934167132045, 3.803653828195221]
  Element ID: 22 (index 21, pid 0)
    detF: [1.9474319276010446, 0.1733263099748381, -0.7268895727324161, 1.065092254594922]
    Nodes connectivity: [22, 23, 56, 55]
      Node 22: initial=[31.5, 28.875], current=[32.7733579106469, 34.48423228460968], u=[1.2733579106468977, 5.609232284609679]
      Node 23: initial=[33.0, 30.25], current=[37.548236845343624, 39.98434088031827], u=[4.548236845343626, 9.734340880318271]
      Node 56: initial=[33.0, 31.0234375], current=[34.94060809859528, 36.94124806262479], u=[1.9406080985952776, 5.91781056262479]
      Node 55: initial=[31.5, 29.67578125], current=[34.79946620682442, 37.54758582284444], u=[3.2994662068244214, 7.8718045728444395]
  Element ID: 23 (index 22, pid 0)
    detF: [6.2134392066684745, -64.62963280667944, -58.716034066212735, 12.005424694089188]
    Nodes connectivity: [23, 24, 57, 56]
      Node 23: initial=[33.0, 30.25], current=[37.548236845343624, 39.98434088031827], u=[4.548236845343626, 9.734340880318271]
      Node 24: initial=[34.5, 31.625], current=[31.161303423994305, 45.5740306352308], u=[-3.338696576005695, 13.949030635230795]
      Node 57: initial=[34.5, 32.37109375], current=[37.01379661406929, 56.83385014839244], u=[2.513796614069294, 24.462756398392447]
      Node 56: initial=[33.0, 31.0234375], current=[34.94060809859528, 36.94124806262479], u=[1.9406080985952776, 5.91781056262479]
  Element ID: 24 (index 23, pid 0)
    detF: [-40.383273937168845, -591.6860029296488, -478.15689157829036, 70.72487559739679]
    Nodes connectivity: [24, 25, 58, 57]
      Node 24: initial=[34.5, 31.625], current=[31.161303423994305, 45.5740306352308], u=[-3.338696576005695, 13.949030635230795]
      Node 25: initial=[36.0, 33.0], current=[59.50693107036952, 78.07601173557285], u=[23.506931070369514, 45.07601173557284]
      Node 58: initial=[36.0, 33.71875], current=[65.31137073400575, 52.72818387997495], u=[29.311370734005752, 19.00943387997495]
      Node 57: initial=[34.5, 32.37109375], current=[37.01379661406929, 56.83385014839244], u=[2.513796614069294, 24.462756398392447]
  Element ID: 25 (index 24, pid 0)
    detF: [-202.61696109683353, -404.1575493573941, -194.56814761391172, 2.3316225793355283]
    Nodes connectivity: [25, 26, 59, 58]
      Node 25: initial=[36.0, 33.0], current=[59.50693107036952, 78.07601173557285], u=[23.506931070369514, 45.07601173557284]
      Node 26: initial=[37.5, 34.375], current=[78.48911075551169, 33.34651252539438], u=[40.989110755511696, -1.0284874746056172]
      Node 59: initial=[37.5, 35.06640625], current=[61.11074789899326, 43.83267812677938], u=[23.61074789899326, 8.766271876779378]
      Node 58: initial=[36.0, 33.71875], current=[65.31137073400575, 52.72818387997495], u=[29.311370734005752, 19.00943387997495]

  [DIAGNOSTIC] Line search collapsed at iter 7. Inspecting element quality on trial step:

[DEBUG] Element inversion detected in element indexes: [0, 1, 2, 3, 4, 5, 6, 7, 8, 9, 10, 11, 12, 13, 18, 19, 20, 21, 22, 23, 24, 25, 26, 27, 28, 29, 30, 31, 33, 34, 35, 36, 37, 38, 39, 40, 41, 42, 43, 44, 49, 50, 51, 52, 53, 54, 55, 56, 57, 58, 59, 60, 61, 62, 63, 64, 65, 66, 67, 68, 69, 70, 71, 72, 73, 74, 75, 80, 81, 82, 83, 84, 85, 86, 87, 88, 89, 90, 91, 92, 94, 95, 97, 98, 99, 100, 101, 102, 103, 104, 105, 106, 111, 112, 113, 114, 115, 116, 117, 118, 120, 121, 122, 123, 124, 125, 127, 128, 129, 130, 131, 132, 133, 134, 135, 136, 137, 143, 144, 145, 146, 147, 148, 149, 151, 152, 153, 154, 156, 157, 158, 159, 161, 162, 163, 164, 165, 166, 167, 168, 169, 170, 174, 175, 176, 177, 178, 179, 180, 182, 183, 184, 185, 186, 187, 189, 190, 191, 192, 193, 194, 195, 196, 197, 198, 199, 200, 201, 203, 205, 206, 207, 208, 209, 210, 211, 212, 213, 214, 215, 216, 217, 218, 220, 221, 222, 223, 225, 226, 227, 228, 229, 230, 231, 232, 233, 234, 236, 237, 238, 239, 240, 241, 242, 243, 244, 245, 246, 247, 248, 249, 250, 251, 252, 253, 254, 255, 256, 257, 258, 259, 260, 261, 262, 263, 264, 267, 268, 269, 270, 271, 272, 273, 274, 275, 276, 278, 279, 280, 281, 282, 283, 284, 285, 286, 287, 289, 290, 291, 292, 293, 294, 295, 301, 302, 303, 304, 305, 306, 307, 309, 310, 311, 312, 313, 314, 316, 317, 318, 319, 321, 322, 323, 324, 325, 326, 332, 333, 334, 335, 336, 337, 338, 339, 340, 341, 342, 343, 344, 345, 346, 347, 348, 349, 350, 351, 352, 353, 354, 355, 356, 357, 363, 364, 365, 366, 367, 368, 369, 370, 371, 372, 373, 374, 375, 376, 377, 378, 379, 380, 381, 383, 385, 386, 387, 388, 396, 397, 399, 400, 401, 402, 403, 404, 405, 406, 407, 408, 409, 411, 412, 413, 414, 415, 416, 417, 418, 419, 428, 430, 431, 432, 433, 434, 435, 437, 438, 439, 440, 441, 442, 444, 445, 446, 447, 448, 449, 450, 451, 459, 460, 461, 462, 463, 464, 465, 466, 467, 468, 469, 470, 471, 472, 473, 474, 475, 476, 477, 478, 479, 481, 482, 483, 490, 491, 492, 493, 494, 495, 496, 498, 499, 500, 501, 504, 505, 506, 507, 508, 509, 510, 511, 512, 513, 514, 515, 521, 523, 524, 525, 526, 527, 529, 530, 531, 532, 533, 534, 535, 537, 538, 539, 540, 541, 543, 545, 546, 547, 548, 550, 551, 552, 553, 554, 555, 556, 557, 558, 559, 561, 562, 563, 564, 566, 567, 568, 569, 570, 571, 572, 573, 574, 575, 576, 577, 578, 579, 580, 581, 582, 583, 584, 585, 586, 587, 588, 589, 590, 591, 592, 593, 594, 595, 596, 597, 598, 599, 600, 601, 603, 605, 606, 607, 609, 610, 611, 612, 613, 614, 615, 616, 617, 618, 619, 620, 621, 622, 623, 624, 625, 626, 627, 628, 629, 630, 632, 633, 634, 636, 638, 639, 640, 641, 642, 643, 644, 645, 646, 647, 648, 649, 650, 651, 652, 653, 654, 655, 656, 657, 658, 659, 660, 661, 662, 663, 664, 665, 666, 667, 668, 669, 670, 671, 673, 674, 675, 676, 677, 678, 679, 680, 681, 682, 683, 684, 685, 686, 687, 688, 689, 690, 691, 692, 693, 694, 696, 698, 700, 702, 704, 705, 706, 707, 708, 709, 710, 711, 712, 713, 714, 715, 716, 717, 718, 719, 720, 721, 722, 723, 725, 727, 728, 729, 730, 731, 732, 735, 737, 738, 739, 740, 741, 742, 743, 744, 745, 746, 747, 748, 749, 750, 751, 752, 754, 756, 758, 759, 760, 761, 762, 763, 764, 765, 766, 767, 769, 770, 771, 772, 773, 774, 775, 776, 777, 778, 779, 780, 781, 782, 784, 785, 787, 789, 790, 791, 792, 793, 794, 795, 796, 797, 798, 800, 801, 802, 803, 804, 805, 806, 807, 808, 809, 810, 811, 812, 813, 814, 815, 816, 817, 818, 820, 821, 822, 823, 824, 825, 826, 827, 828, 829, 830, 831, 832, 833, 834, 835, 836, 837, 838, 839, 840, 841, 842, 843, 844, 845, 846, 847, 848, 850, 851, 854, 856, 858, 859, 861, 863, 864, 865, 866, 867, 868, 869, 870, 871, 872, 873, 874, 875, 876, 877, 878, 879, 880, 881, 882, 883, 884, 885, 887, 888, 889, 890, 891, 892, 893, 895, 897, 898, 899, 900, 901, 902, 903, 904, 905, 906, 907, 908, 909, 910, 911, 912, 913, 914, 917, 918, 919, 920, 921, 922, 923, 924, 925, 926, 927, 928, 935, 936, 937, 938, 939, 941, 942, 943, 945, 946, 947, 949, 950, 951, 952, 953, 954, 955, 957, 958, 960, 967, 968, 974, 976, 977, 978, 980, 981, 982, 984, 985, 986, 987, 989, 990, 991, 992, 999, 1000, 1006, 1007, 1008, 1009, 1010, 1011, 1012, 1013, 1014, 1015, 1016, 1017, 1019, 1020, 1021, 1022, 1023]
  Element ID: 1 (index 0, pid 0)
    detF: [-1.4757517569172534, -8.121408121069965, -8.507323435458076, -1.8572175250757301]
    Nodes connectivity: [1, 2, 35, 34]
      Node 1: initial=[0.0, 0.0], current=[0.0, 0.0], u=[0.0, 0.0]
      Node 2: initial=[1.5, 1.375], current=[1.586423957355959, -23.3112476322689], u=[0.08642395735595908, -24.6862476322689]
      Node 35: initial=[1.5, 2.72265625], current=[0.5995118045984579, -22.12636987855797], u=[-0.9004881954015421, -24.84902612855797]
      Node 34: initial=[0.0, 1.375], current=[0.0, 1.375], u=[0.0, 0.0]
  Element ID: 2 (index 1, pid 0)
    detF: [-0.25252566551406697, 28.150046933856554, 30.119353050395784, 1.6936119627376665]
    Nodes connectivity: [2, 3, 36, 35]
      Node 2: initial=[1.5, 1.375], current=[1.586423957355959, -23.3112476322689], u=[0.08642395735595908, -24.6862476322689]
      Node 3: initial=[3.0, 2.75], current=[1.3618063140145091, -45.96505817781362], u=[-1.6381936859854909, -48.71505817781362]
      Node 36: initial=[3.0, 4.0703125], current=[4.7114741109411735, -43.11184123238704], u=[1.7114741109411733, -47.18215373238704]
      Node 35: initial=[1.5, 2.72265625], current=[0.5995118045984579, -22.12636987855797], u=[-0.9004881954015421, -24.84902612855797]
  Element ID: 3 (index 2, pid 0)
    detF: [20.837232555709434, -24.788254450509072, -28.94233247110841, 16.73304301195499]
    Nodes connectivity: [3, 4, 37, 36]
      Node 3: initial=[3.0, 2.75], current=[1.3618063140145091, -45.96505817781362], u=[-1.6381936859854909, -48.71505817781362]
      Node 4: initial=[4.5, 4.125], current=[5.707165878389144, -65.1804367409759], u=[1.2071658783891444, -69.3054367409759]
      Node 37: initial=[4.5, 5.41796875], current=[1.5082137781924678, -64.57251018217941], u=[-2.991786221807532, -69.99047893217941]
      Node 36: initial=[3.0, 4.0703125], current=[4.7114741109411735, -43.11184123238704], u=[1.7114741109411733, -47.18215373238704]
  Element ID: 4 (index 3, pid 0)
    detF: [-26.13233197525782, 14.079459506864046, 19.006199259836624, -21.26601689390887]
    Nodes connectivity: [4, 5, 38, 37]
      Node 4: initial=[4.5, 4.125], current=[5.707165878389144, -65.1804367409759], u=[1.2071658783891444, -69.3054367409759]
      Node 5: initial=[6.0, 5.5], current=[2.1315411714374335, -84.2370053455157], u=[-3.8684588285625665, -89.7370053455157]
      Node 38: initial=[6.0, 6.765625], current=[5.481165230744356, -80.84623174394758], u=[-0.5188347692556441, -87.61185674394758]
      Node 37: initial=[4.5, 5.41796875], current=[1.5082137781924678, -64.57251018217941], u=[-2.991786221807532, -69.99047893217941]
  Element ID: 5 (index 4, pid 0)
    detF: [4.952870803176466, -55.61459128183697, -67.29690361630384, -6.5830524796736745]
    Nodes connectivity: [5, 6, 39, 38]
      Node 5: initial=[6.0, 5.5], current=[2.1315411714374335, -84.2370053455157], u=[-3.8684588285625665, -89.7370053455157]
      Node 6: initial=[7.5, 6.875], current=[5.397029132796169, -98.47125761658918], u=[-2.1029708672038314, -105.34625761658918]
      Node 39: initial=[7.5, 8.11328125], current=[-4.524702552092172, -97.24223073576431], u=[-12.024702552092172, -105.35551198576431]
      Node 38: initial=[6.0, 6.765625], current=[5.481165230744356, -80.84623174394758], u=[-0.5188347692556441, -87.61185674394758]

  [DIAGNOSTIC] Line search collapsed at iter 21. Inspecting element quality on trial step:

[DEBUG] Element inversion detected in element indexes: [0, 3, 5, 7, 8, 9, 10, 11, 12, 13, 15, 16, 17, 18, 19, 21, 23, 25, 26, 27, 28, 29, 30, 31, 33, 34, 35, 36, 37, 38, 39, 40, 41, 42, 43, 44, 45, 46, 47, 48, 50, 51, 52, 53, 54, 55, 56, 57, 58, 59, 61, 62, 64, 65, 66, 67, 68, 70, 71, 72, 73, 74, 75, 77, 78, 79, 80, 81, 82, 83, 84, 85, 86, 87, 88, 90, 91, 92, 93, 95, 97, 98, 100, 102, 103, 104, 105, 106, 107, 108, 109, 110, 111, 112, 113, 114, 115, 116, 117, 118, 120, 121, 122, 123, 124, 125, 126, 127, 128, 129, 130, 131, 132, 133, 134, 135, 136, 137, 139, 140, 141, 142, 143, 144, 145, 147, 148, 149, 150, 151, 153, 154, 155, 156, 157, 158, 159, 160, 161, 162, 163, 164, 166, 169, 170, 172, 173, 174, 175, 176, 178, 179, 180, 181, 183, 184, 185, 187, 188, 189, 190, 191, 193, 194, 195, 196, 197, 198, 200, 201, 202, 203, 204, 205, 206, 207, 208, 209, 211, 212, 213, 214, 215, 216, 217, 218, 219, 220, 221, 223, 224, 225, 226, 227, 228, 229, 231, 232, 235, 236, 237, 238, 239, 240, 242, 243, 244, 246, 247, 248, 249, 250, 251, 252, 253, 254, 255, 256, 257, 258, 259, 260, 261, 262, 263, 264, 266, 267, 268, 269, 270, 271, 272, 273, 274, 275, 276, 277, 278, 279, 280, 281, 283, 284, 285, 286, 287, 288, 289, 290, 291, 292, 295, 296, 297, 298, 300, 301, 302, 303, 304, 305, 306, 308, 310, 311, 312, 313, 314, 315, 316, 317, 318, 319, 321, 322, 323, 325, 328, 329, 331, 332, 333, 334, 335, 337, 339, 340, 341, 342, 343, 345, 346, 347, 348, 349, 350, 351, 352, 353, 354, 355, 356, 358, 359, 360, 363, 366, 367, 368, 369, 370, 371, 372, 373, 374, 375, 376, 377, 378, 379, 380, 381, 383, 385, 386, 387, 388, 389, 390, 391, 392, 393, 394, 395, 396, 397, 398, 399, 400, 401, 403, 404, 405, 406, 407, 408, 410, 411, 412, 413, 414, 415, 416, 417, 418, 419, 420, 421, 422, 423, 424, 425, 427, 428, 429, 430, 431, 433, 434, 435, 436, 437, 438, 439, 440, 442, 443, 444, 445, 446, 447, 448, 449, 450, 451, 452, 453, 454, 455, 456, 460, 461, 462, 463, 464, 465, 466, 467, 468, 469, 470, 471, 472, 473, 474, 475, 476, 477, 478, 479, 481, 482, 483, 484, 485, 486, 487, 488, 490, 491, 492, 494, 495, 496, 497, 498, 499, 502, 504, 505, 506, 507, 508, 509, 510, 512, 513, 514, 515, 516, 517, 518, 519, 520, 521, 522, 523, 524, 525, 526, 528, 529, 530, 531, 532, 533, 534, 535, 536, 537, 538, 540, 541, 542, 543, 545, 546, 547, 548, 549, 550, 552, 553, 554, 555, 557, 558, 559, 560, 561, 562, 563, 564, 565, 566, 568, 569, 570, 571, 572, 574, 575, 576, 577, 578, 579, 580, 581, 583, 584, 585, 586, 587, 588, 589, 590, 591, 592, 593, 594, 596, 597, 598, 599, 600, 601, 602, 603, 604, 605, 606, 607, 609, 610, 611, 612, 613, 614, 615, 616, 617, 618, 619, 620, 621, 623, 625, 627, 628, 629, 631, 632, 633, 634, 635, 636, 637, 638, 639, 640, 641, 642, 643, 645, 646, 647, 648, 649, 651, 652, 653, 654, 655, 656, 657, 658, 659, 660, 661, 662, 663, 665, 666, 667, 668, 669, 670, 671, 673, 675, 677, 679, 681, 682, 683, 684, 685, 686, 687, 689, 690, 691, 693, 694, 695, 696, 697, 698, 699, 700, 701, 703, 704, 705, 706, 707, 708, 709, 710, 711, 712, 713, 714, 715, 716, 717, 719, 720, 721, 722, 723, 724, 725, 726, 727, 728, 729, 730, 731, 732, 733, 734, 735, 737, 738, 739, 740, 741, 743, 744, 745, 746, 748, 749, 750, 751, 752, 753, 754, 755, 756, 757, 759, 760, 761, 763, 764, 765, 766, 767, 768, 769, 770, 772, 773, 774, 775, 777, 778, 779, 780, 782, 783, 784, 785, 786, 787, 788, 789, 790, 791, 792, 793, 794, 795, 796, 797, 798, 799, 800, 801, 802, 803, 805, 806, 807, 808, 809, 810, 811, 812, 813, 814, 815, 816, 817, 818, 820, 821, 823, 824, 825, 826, 827, 828, 829, 830, 831, 832, 834, 835, 837, 838, 839, 840, 842, 843, 844, 845, 846, 847, 848, 849, 850, 851, 852, 853, 854, 855, 856, 857, 858, 859, 860, 861, 862, 864, 865, 866, 867, 868, 870, 871, 873, 874, 875, 876, 877, 878, 879, 880, 882, 883, 884, 885, 886, 887, 888, 889, 890, 891, 892, 893, 894, 895, 896, 898, 899, 900, 902, 903, 904, 905, 906, 907, 908, 909, 910, 911, 912, 913, 914, 915, 916, 917, 918, 919, 920, 921, 922, 923, 924, 925, 926, 927, 929, 930, 931, 932, 933, 934, 935, 936, 937, 938, 939, 941, 942, 944, 945, 946, 948, 949, 950, 951, 952, 953, 954, 955, 956, 957, 958, 959, 960, 961, 962, 963, 964, 965, 966, 967, 968, 969, 970, 971, 973, 974, 975, 977, 978, 979, 980, 981, 982, 983, 984, 985, 987, 989, 990, 991, 993, 994, 995, 996, 997, 998, 999, 1000, 1002, 1003, 1004, 1006, 1007, 1008, 1009, 1011, 1012, 1014, 1015, 1016, 1017, 1018, 1019, 1020, 1021, 1022, 1023]
  Element ID: 1 (index 0, pid 0)
    detF: [-5.781640951580422, -24.90241622429731, -26.71817789139676, -7.576467156472147]
    Nodes connectivity: [1, 2, 35, 34]
      Node 1: initial=[0.0, 0.0], current=[0.0, 0.0], u=[0.0, 0.0]
      Node 2: initial=[1.5, 1.375], current=[2.642209627927227, -13.291571109859019], u=[1.1422096279272271, -14.666571109859019]
      Node 35: initial=[1.5, 2.72265625], current=[-2.001289059376689, -13.914276477365796], u=[-3.501289059376689, -16.636932727365796]
      Node 34: initial=[0.0, 1.375], current=[0.0, 1.375], u=[0.0, 0.0]
  Element ID: 4 (index 3, pid 0)
    detF: [-378.2590594433551, -533.6858291418009, -365.17237613646637, -211.81236266476714]
    Nodes connectivity: [4, 5, 38, 37]
      Node 4: initial=[4.5, 4.125], current=[39.256034378321964, -60.65554385984511], u=[34.756034378321964, -64.78054385984511]
      Node 5: initial=[6.0, 5.5], current=[85.50955532974635, -53.00312311307074], u=[79.50955532974635, -58.50312311307074]
      Node 38: initial=[6.0, 6.765625], current=[83.38618025668175, -80.17708584203613], u=[77.38618025668175, -86.94271084203613]
      Node 37: initial=[4.5, 5.41796875], current=[58.73719046327988, -73.49073661633656], u=[54.23719046327988, -78.90870536633656]
  Element ID: 6 (index 5, pid 0)
    detF: [5709.471486303743, -3253.5212118736226, -3707.8982494450693, 5260.9144877462295]
    Nodes connectivity: [6, 7, 40, 39]
      Node 6: initial=[7.5, 6.875], current=[99.54108045525355, 28.822998848879873], u=[92.04108045525355, 21.947998848879873]
      Node 7: initial=[9.0, 8.25], current=[-11.960067673403191, 164.97582647101535], u=[-20.96006767340319, 156.72582647101535]
      Node 40: initial=[9.0, 9.4609375], current=[80.61517634185681, 156.60799532579318], u=[71.61517634185681, 147.14705782579318]
      Node 39: initial=[7.5, 8.11328125], current=[-20.75257216754331, 24.18089740659595], u=[-28.25257216754331, 16.06761615659595]
  Element ID: 8 (index 7, pid 0)
    detF: [1080.111996603091, -291.8925742372244, -3378.6567510724235, -1965.2785437765615]
    Nodes connectivity: [8, 9, 42, 41]
      Node 8: initial=[10.5, 9.625], current=[7.123319403682096, -101.11398556268263], u=[-3.376680596317904, -110.73898556268263]
      Node 9: initial=[12.0, 11.0], current=[71.58337054882361, -57.55112536898912], u=[59.5833705488236, -68.55112536898912]
      Node 42: initial=[12.0, 12.15625], current=[-40.563172610728934, -124.40733028658155], u=[-52.563172610728934, -136.56358028658155]
      Node 41: initial=[10.5, 10.80859375], current=[122.82817213472121, 50.9606694715066], u=[112.32817213472121, 40.1520757215066]
  Element ID: 9 (index 8, pid 0)
    detF: [2231.412610128783, -651.2693533245963, 136.34727488199712, 3008.221460050809]
    Nodes connectivity: [9, 10, 43, 42]
      Node 9: initial=[12.0, 11.0], current=[71.58337054882361, -57.55112536898912], u=[59.5833705488236, -68.55112536898912]
      Node 10: initial=[13.5, 12.375], current=[-23.151131340833764, -67.87947313948558], u=[-36.651131340833764, -80.25447313948558]
      Node 43: initial=[13.5, 13.50390625], current=[8.334087067184868, -28.405462347970804], u=[-5.165912932815131, -41.909368597970804]
      Node 42: initial=[12.0, 12.15625], current=[-40.563172610728934, -124.40733028658155], u=[-52.563172610728934, -136.56358028658155]

    [FAIL] n=32 Q4_VISCO_SIMO: stalled at t=0.0000, cutbacks=16
  32  Q4_VISCO_SIMO    numba         FAILED         6.90       -     0.0000        16
  [DIAGNOSTIC] Line search collapsed at iter 6. Inspecting element quality on trial step:
    [FAIL] n=32 CPE4I: stalled at t=0.0000, cutbacks=16
  32          CPE4I      jax         FAILED         6.90       -     0.0000        16
  [DIAGNOSTIC] Line search collapsed at iter 6. Inspecting element quality on trial step:
    [FAIL] n=32 CPE4I: stalled at t=0.0000, cutbacks=16
  32          CPE4I    numba         FAILED         6.90       -     0.0000        16
