=== Cook's membrane benchmark (Abaqus official, C10=0.4, D1=2.5e-4, 1.0N) ===
   n           elem  backend   U2_top_right    ref(H/IH)    err%  t_reached  cutbacks
   4  Q4_VISCO_SIMO      jax         6.2053         6.15   +0.90     1.0000         0
   4  Q4_VISCO_SIMO    numba         6.1868         6.15   +0.60     1.0000         0
  [DIAGNOSTIC] Line search collapsed at iter 4. Inspecting element quality on trial step:
  [DIAGNOSTIC] Line search collapsed at iter 10. Inspecting element quality on trial step:
  [DIAGNOSTIC] Line search collapsed at iter 7. Inspecting element quality on trial step:
  [DIAGNOSTIC] Line search collapsed at iter 4. Inspecting element quality on trial step:
    [FAIL] n=4 CPE4I: stalled at t=0.0373, cutbacks=5
   4          CPE4I      jax         FAILED         6.55       -     0.0373         5
  [DIAGNOSTIC] Line search collapsed at iter 4. Inspecting element quality on trial step:
  [DIAGNOSTIC] Line search collapsed at iter 10. Inspecting element quality on trial step:
  [DIAGNOSTIC] Line search collapsed at iter 7. Inspecting element quality on trial step:
  [DIAGNOSTIC] Line search collapsed at iter 4. Inspecting element quality on trial step:
    [FAIL] n=4 CPE4I: stalled at t=0.0373, cutbacks=5
   4          CPE4I    numba         FAILED         6.55       -     0.0373         5
   8  Q4_VISCO_SIMO      jax         6.7063         6.70   +0.09     1.0000         0
   8  Q4_VISCO_SIMO    numba         6.7030         6.70   +0.05     1.0000         0
  [DIAGNOSTIC] Line search collapsed at iter 5. Inspecting element quality on trial step:
  [DIAGNOSTIC] Line search collapsed at iter 4. Inspecting element quality on trial step:
  [DIAGNOSTIC] Line search collapsed at iter 6. Inspecting element quality on trial step:
  [DIAGNOSTIC] Line search collapsed at iter 6. Inspecting element quality on trial step:
    [FAIL] n=8 CPE4I: stalled at t=0.0418, cutbacks=5
   8          CPE4I      jax         FAILED         6.75       -     0.0418         5
  [DIAGNOSTIC] Line search collapsed at iter 5. Inspecting element quality on trial step:
  [DIAGNOSTIC] Line search collapsed at iter 4. Inspecting element quality on trial step:
  [DIAGNOSTIC] Line search collapsed at iter 6. Inspecting element quality on trial step:
  [DIAGNOSTIC] Line search collapsed at iter 6. Inspecting element quality on trial step:
    [FAIL] n=8 CPE4I: stalled at t=0.0418, cutbacks=5
   8          CPE4I    numba         FAILED         6.75       -     0.0418         5
  16  Q4_VISCO_SIMO      jax         6.8648         6.85   +0.22     1.0000         0
  [DIAGNOSTIC] Line search collapsed at iter 5. Inspecting element quality on trial step:

[DEBUG] Element inversion detected in element indexes: [8, 9, 10, 11, 12, 13, 14, 15, 23, 24, 25, 26, 27, 28, 29, 30, 31, 38, 39, 40, 41, 42, 43, 44, 45, 46, 47, 52, 53, 55, 57, 59, 60, 61, 62, 63, 70, 72, 74, 75, 77, 78, 79, 84, 85, 87, 88, 90, 91, 92, 93, 94, 95, 100, 101, 102, 104, 105, 107, 108, 109, 110, 111, 115, 116, 117, 118, 119, 121, 122, 123, 124, 125, 126, 127, 130, 131, 132, 133, 134, 135, 136, 138, 139, 140, 141, 142, 143, 146, 147, 148, 149, 150, 151, 152, 153, 154, 155, 156, 158, 161, 162, 163, 164, 165, 166, 167, 168, 170, 171, 172, 173, 174, 175, 177, 178, 179, 180, 181, 183, 185, 186, 187, 188, 189, 190, 191, 192, 193, 194, 195, 197, 198, 199, 200, 201, 202, 203, 204, 205, 207, 209, 211, 212, 214, 215, 216, 218, 219, 220, 222, 223, 224, 225, 226, 228, 229, 230, 231, 232, 233, 234, 235, 236, 237, 238, 239, 241, 243, 244, 245, 246, 247, 250, 252, 253, 254, 255]
  Element ID: 9 (index 8, pid 0)
    detF: [17.85920807842212, -11.143246763059256, -7.2850414483835815, 21.585852005710354]
    Nodes connectivity: [9, 10, 27, 26]
      Node 9: initial=[24.0, 22.0], current=[31.81227134465246, 39.08931029356745], u=[7.812271344652458, 17.089310293567447]
      Node 10: initial=[27.0, 24.75], current=[26.938898740738814, 61.5433053442911], u=[-0.06110125926118476, 36.7933053442911]
      Node 27: initial=[27.0, 26.515625], current=[30.940848445560217, 68.87286034314201], u=[3.9408484455602157, 42.357235343142]
      Node 26: initial=[24.0, 23.875], current=[25.645372897748985, 36.75537153194252], u=[1.6453728977489863, 12.880371531942522]
  Element ID: 10 (index 9, pid 0)
    detF: [-0.9599050428420082, -3.766499985790598, -2.4508836797313727, 0.30803402695234683]
    Nodes connectivity: [10, 11, 28, 27]
      Node 10: initial=[27.0, 24.75], current=[26.938898740738814, 61.5433053442911], u=[-0.06110125926118476, 36.7933053442911]
      Node 11: initial=[30.0, 27.5], current=[36.546330297920974, 79.72275098490309], u=[6.546330297920978, 52.22275098490309]
      Node 28: initial=[30.0, 29.15625], current=[34.74722160933973, 73.55899637305382], u=[4.747221609339733, 44.40274637305382]
      Node 27: initial=[27.0, 26.515625], current=[30.940848445560217, 68.87286034314201], u=[3.9408484455602157, 42.357235343142]
  Element ID: 11 (index 10, pid 0)
    detF: [-0.6496688284793047, -3.680601940774085, -1.6979255158317619, 1.2563444150569902]
    Nodes connectivity: [11, 12, 29, 28]
      Node 11: initial=[30.0, 27.5], current=[36.546330297920974, 79.72275098490309], u=[6.546330297920978, 52.22275098490309]
      Node 12: initial=[33.0, 30.25], current=[33.53698242653577, 68.62294150888934], u=[0.5369824265357713, 38.37294150888935]
      Node 29: initial=[33.0, 31.796875], current=[34.95650572025714, 82.47650696393825], u=[1.95650572025714, 50.67963196393824]
      Node 28: initial=[30.0, 29.15625], current=[34.74722160933973, 73.55899637305382], u=[4.747221609339733, 44.40274637305382]
  Element ID: 12 (index 11, pid 0)
    detF: [-8.642006948787149, -31.53013751560966, -19.0998194896007, 3.273174097634535]
    Nodes connectivity: [12, 13, 30, 29]
      Node 12: initial=[33.0, 30.25], current=[33.53698242653577, 68.62294150888934], u=[0.5369824265357713, 38.37294150888935]
      Node 13: initial=[36.0, 33.0], current=[34.89300045188449, 98.29281553270526], u=[-1.1069995481155084, 65.29281553270526]
      Node 30: initial=[36.0, 34.4375], current=[41.22581212726924, 93.63719446398596], u=[5.225812127269243, 59.19969446398596]
      Node 29: initial=[33.0, 31.796875], current=[34.95650572025714, 82.47650696393825], u=[1.95650572025714, 50.67963196393824]
  Element ID: 13 (index 12, pid 0)
    detF: [-3.3757526257510317, 35.58301221333835, 13.423717580369985, -24.545707832663393]
    Nodes connectivity: [13, 14, 31, 30]
      Node 13: initial=[36.0, 33.0], current=[34.89300045188449, 98.29281553270526], u=[-1.1069995481155084, 65.29281553270526]
      Node 14: initial=[39.0, 35.75], current=[48.439714847676015, 94.5687188396158], u=[9.439714847676012, 58.81871883961579]
      Node 31: initial=[39.0, 37.078125], current=[64.10257111721312, 107.62223302067765], u=[25.102571117213117, 70.54410802067765]
      Node 30: initial=[36.0, 34.4375], current=[41.22581212726924, 93.63719446398596], u=[5.225812127269243, 59.19969446398596]

  16  Q4_VISCO_SIMO    numba         6.8631         6.85   +0.19     1.0000         1
  [DIAGNOSTIC] Line search collapsed at iter 9. Inspecting element quality on trial step:
  [DIAGNOSTIC] Line search collapsed at iter 2. Inspecting element quality on trial step:
  [DIAGNOSTIC] Line search collapsed at iter 5. Inspecting element quality on trial step:
  [DIAGNOSTIC] Line search collapsed at iter 7. Inspecting element quality on trial step:
  [DIAGNOSTIC] Line search collapsed at iter 8. Inspecting element quality on trial step:
    [FAIL] n=16 CPE4I: stalled at t=0.0262, cutbacks=15
  16          CPE4I      jax         FAILED         6.85       -     0.0262        15
  [DIAGNOSTIC] Line search collapsed at iter 9. Inspecting element quality on trial step:
  [DIAGNOSTIC] Line search collapsed at iter 2. Inspecting element quality on trial step:
  [DIAGNOSTIC] Line search collapsed at iter 5. Inspecting element quality on trial step:
  [DIAGNOSTIC] Line search collapsed at iter 7. Inspecting element quality on trial step:
  [DIAGNOSTIC] Line search collapsed at iter 8. Inspecting element quality on trial step:
    [FAIL] n=16 CPE4I: stalled at t=0.0262, cutbacks=15
  16          CPE4I    numba         FAILED         6.85       -     0.0262        15
  32  Q4_VISCO_SIMO      jax         6.9181         6.90   +0.26     1.0000         0
  [DIAGNOSTIC] Line search collapsed at iter 4. Inspecting element quality on trial step:

[DEBUG] Element inversion detected in element indexes: [3, 4, 5, 7, 8, 16, 17, 18, 19, 22, 23, 24, 27, 28, 29, 30, 31, 34, 35, 36, 38, 39, 40, 48, 49, 50, 51, 52, 53, 55, 56, 59, 60, 61, 62, 63, 66, 67, 68, 69, 70, 75, 76, 81, 82, 83, 84, 85, 87, 88, 90, 92, 93, 95, 98, 99, 100, 102, 106, 108, 115, 116, 118, 120, 121, 127, 130, 131, 132, 133, 134, 135, 145, 148, 149, 150, 151, 152, 159, 161, 162, 163, 166, 168, 170, 171, 172, 177, 178, 180, 182, 183, 184, 185, 186, 190, 191, 193, 197, 198, 208, 209, 210, 211, 212, 213, 216, 217, 218, 219, 220, 222, 229, 230, 231, 232, 234, 241, 243, 244, 245, 246, 247, 248, 249, 250, 252, 254, 255, 263, 264, 265, 267, 268, 269, 271, 272, 273, 275, 277, 278, 279, 281, 282, 283, 284, 285, 286, 288, 292, 293, 294, 295, 296, 297, 298, 300, 303, 304, 305, 306, 307, 308, 309, 310, 311, 312, 313, 314, 315, 318, 319, 321, 322, 325, 327, 328, 329, 331, 336, 337, 338, 339, 340, 341, 342, 344, 346, 347, 348, 349, 350, 351, 354, 355, 356, 357, 358, 360, 367, 368, 369, 372, 373, 375, 376, 377, 378, 379, 380, 382, 385, 387, 388, 390, 398, 399, 400, 401, 402, 403, 404, 405, 406, 407, 408, 409, 411, 414, 415, 416, 418, 420, 422, 428, 429, 431, 434, 435, 436, 438, 440, 441, 442, 443, 444, 445, 446, 449, 451, 452, 453, 454, 455, 456, 459, 460, 463, 464, 465, 466, 469, 470, 471, 473, 474, 476, 477, 478, 479, 481, 482, 484, 486, 487, 488, 489, 490, 492, 493, 495, 497, 498, 499, 500, 501, 502, 504, 505, 506, 507, 508, 510, 511, 515, 519, 520, 521, 523, 524, 525, 530, 533, 534, 535, 536, 538, 539, 540, 541, 543, 546, 548, 549, 550, 551, 557, 558, 559, 561, 562, 563, 565, 566, 568, 569, 570, 572, 573, 574, 576, 577, 578, 579, 580, 581, 582, 583, 585, 586, 587, 588, 589, 594, 595, 596, 597, 598, 599, 601, 602, 603, 604, 605, 606, 607, 609, 611, 612, 613, 617, 619, 621, 626, 628, 629, 630, 631, 632, 633, 634, 635, 636, 637, 638, 639, 640, 641, 642, 643, 657, 658, 659, 660, 663, 665, 667, 668, 670, 672, 673, 675, 678, 683, 687, 691, 692, 693, 694, 695, 697, 699, 701, 703, 704, 705, 706, 707, 708, 711, 715, 716, 717, 718, 719, 725, 726, 732, 733, 734, 738, 740, 742, 753, 755, 757, 759, 761, 762, 771, 783, 787, 790, 792, 794, 795, 806, 812, 819, 822, 826, 827, 829, 847, 851, 852, 855, 856, 859, 860, 861, 872, 877, 883, 888, 889, 890, 891, 892, 894, 895, 912, 916, 918, 921, 925, 943, 945, 946, 948, 949, 950, 951, 953, 954, 955, 956, 958, 978, 980, 981, 982, 983, 984, 986, 988, 989, 990, 1009, 1010, 1011, 1012, 1013, 1014, 1015, 1016, 1017, 1018, 1019, 1021]
  Element ID: 4 (index 3, pid 0)
    detF: [2.8754644165879766, -1.967996506237999, -1.55262683290499, 3.2857397319130492]
    Nodes connectivity: [4, 5, 38, 37]
      Node 4: initial=[4.5, 4.125], current=[3.7157578484249543, 0.03501271458302302], u=[-0.7842421515750456, -4.089987285416977]
      Node 5: initial=[6.0, 5.5], current=[8.579462307347995, 1.938313719880962], u=[2.5794623073479963, -3.561686280119038]
      Node 38: initial=[6.0, 6.765625], current=[7.4562933783858165, -0.032766002358609825], u=[1.4562933783858163, -6.79839100235861]
      Node 37: initial=[4.5, 5.41796875], current=[5.918558854831373, 2.679179573603023], u=[1.418558854831373, -2.738789176396977]
  Element ID: 5 (index 4, pid 0)
    detF: [-1.751019449667882, -3.1006672511009583, 1.9755355040078175, 3.2615742796025398]
    Nodes connectivity: [5, 6, 39, 38]
      Node 5: initial=[6.0, 5.5], current=[8.579462307347995, 1.938313719880962], u=[2.5794623073479963, -3.561686280119038]
      Node 6: initial=[7.5, 6.875], current=[10.702102943814515, 0.43748974070365954], u=[3.202102943814515, -6.4375102592963405]
      Node 39: initial=[7.5, 8.11328125], current=[2.8245568839159674, 1.2208424578998942], u=[-4.675443116084033, -6.892438792100106]
      Node 38: initial=[6.0, 6.765625], current=[7.4562933783858165, -0.032766002358609825], u=[1.4562933783858163, -6.79839100235861]
  Element ID: 6 (index 5, pid 0)
    detF: [35.91581139634277, -0.2988420028115122, 1.3639375912033653, 37.557292726342226]
    Nodes connectivity: [6, 7, 40, 39]
      Node 6: initial=[7.5, 6.875], current=[10.702102943814515, 0.43748974070365954], u=[3.202102943814515, -6.4375102592963405]
      Node 7: initial=[9.0, 8.25], current=[4.872019802342362, 12.415748546127578], u=[-4.127980197657638, 4.165748546127577]
      Node 40: initial=[9.0, 9.4609375], current=[6.825752278218237, 12.888711227286743], u=[-2.174247721781762, 3.427773727286743]
      Node 39: initial=[7.5, 8.11328125], current=[2.8245568839159674, 1.2208424578998942], u=[-4.675443116084033, -6.892438792100106]
  Element ID: 8 (index 7, pid 0)
    detF: [0.4919212202854777, 2.5671059944298724, 0.6266037030207643, -1.4225714274493804]
    Nodes connectivity: [8, 9, 42, 41]
      Node 8: initial=[10.5, 9.625], current=[6.409719595867421, 4.951444753035648], u=[-4.090280404132579, -4.673555246964352]
      Node 9: initial=[12.0, 11.0], current=[11.724837584797157, 11.289364384185193], u=[-0.2751624152028418, 0.28936438418519295]
      Node 42: initial=[12.0, 12.15625], current=[8.904713188269142, 9.249633452406204], u=[-3.0952868117308587, -2.906616547593795]
      Node 41: initial=[10.5, 10.80859375], current=[10.52184147331764, 10.003020882306874], u=[0.02184147331763922, -0.8055728676931259]
  Element ID: 9 (index 8, pid 0)
    detF: [0.7552530340285366, -0.1019916022115786, 0.0643130385138877, 0.9192756207441093]
    Nodes connectivity: [9, 10, 43, 42]
      Node 9: initial=[12.0, 11.0], current=[11.724837584797157, 11.289364384185193], u=[-0.2751624152028418, 0.28936438418519295]
      Node 10: initial=[13.5, 12.375], current=[12.283842738464969, 12.310793588679012], u=[-1.2161572615350313, -0.06420641132098895]
      Node 43: initial=[13.5, 13.50390625], current=[13.766511472115754, 13.557019075307183], u=[0.2665114721157533, 0.053112825307182476]
      Node 42: initial=[12.0, 12.15625], current=[8.904713188269142, 9.249633452406204], u=[-3.0952868117308587, -2.906616547593795]

  [DIAGNOSTIC] Line search collapsed at iter 3. Inspecting element quality on trial step:

[DEBUG] Element inversion detected in element indexes: [5, 7, 8, 9, 10, 11, 16, 17, 20, 21, 22, 29, 31, 39, 41, 45, 46, 47, 48, 49, 53, 55, 56, 61, 62, 63, 72, 73, 74, 75, 77, 79, 80, 82, 85, 86, 94, 95, 99, 103, 104, 105, 106, 107, 108, 109, 110, 111, 113, 114, 115, 118, 123, 127, 130, 138, 139, 143, 144, 147, 148, 149, 158, 159, 163, 169, 170, 171, 172, 173, 174, 175, 177, 178, 179, 184, 185, 189, 191, 194, 197, 199, 201, 202, 204, 206, 207, 208, 209, 210, 211, 221, 223, 225, 228, 233, 235, 238, 240, 241, 242, 243, 244, 255, 268, 270, 272, 273, 274, 275, 284, 287, 300, 301, 302, 303, 304, 305, 307, 308, 309, 311, 319, 330, 331, 332, 333, 335, 336, 337, 338, 339, 340, 344, 359, 360, 361, 362, 364, 366, 368, 369, 370, 371, 372, 373, 391, 393, 394, 398, 400, 401, 402, 403, 404, 406, 407, 410, 413, 424, 427, 428, 430, 431, 432, 433, 434, 435, 441, 446, 455, 457, 458, 459, 460, 461, 466, 470, 477, 479, 486, 487, 489, 490, 492, 493, 494, 495, 496, 498, 510, 511, 517, 518, 519, 520, 521, 522, 523, 524, 527, 528, 530, 541, 543, 549, 550, 551, 552, 553, 554, 556, 558, 559, 561, 579, 580, 581, 582, 583, 584, 585, 587, 588, 589, 590, 592, 595, 606, 610, 611, 612, 613, 614, 615, 617, 618, 620, 621, 622, 623, 624, 625, 626, 641, 642, 643, 644, 645, 646, 648, 650, 651, 652, 653, 654, 655, 657, 658, 661, 662, 664, 674, 675, 676, 677, 678, 680, 681, 682, 683, 685, 686, 688, 689, 690, 691, 692, 695, 697, 707, 708, 709, 710, 711, 712, 713, 714, 717, 719, 720, 721, 723, 739, 740, 742, 743, 744, 745, 746, 747, 748, 749, 750, 751, 768, 772, 774, 775, 776, 777, 778, 780, 781, 786, 788, 791, 801, 803, 804, 805, 807, 808, 810, 811, 812, 813, 814, 820, 822, 825, 832, 833, 834, 835, 836, 837, 838, 839, 840, 841, 843, 845, 846, 849, 850, 851, 854, 855, 856, 865, 866, 867, 869, 870, 871, 872, 873, 874, 875, 876, 878, 882, 885, 886, 896, 898, 901, 902, 903, 904, 905, 906, 907, 909, 913, 914, 917, 929, 930, 931, 932, 934, 935, 936, 938, 941, 944, 947, 948, 949, 952, 962, 963, 964, 966, 968, 969, 970, 971, 980, 982, 983, 985, 993, 995, 998, 999, 1000, 1003, 1005, 1011, 1012, 1013, 1014]
  Element ID: 6 (index 5, pid 0)
    detF: [0.18164257918550186, -0.12133950903184991, 0.9591816487386419, 1.2483235232708605]
    Nodes connectivity: [6, 7, 40, 39]
      Node 6: initial=[7.5, 6.875], current=[5.196135578371214, 10.537126450921672], u=[-2.3038644216287865, 3.6621264509216713]
      Node 7: initial=[9.0, 8.25], current=[4.66336566808036, 10.895691448022623], u=[-4.33663433191964, 2.6456914480226223]
      Node 40: initial=[9.0, 9.4609375], current=[5.113677004050102, 12.745973564192916], u=[-3.886322995949898, 3.2850360641929157]
      Node 39: initial=[7.5, 8.11328125], current=[3.681378511783662, 11.89825109894202], u=[-3.818621488216338, 3.784969848942019]
  Element ID: 8 (index 7, pid 0)
    detF: [1.4456650134892173, -0.8156041200012992, -0.3655394409281044, 1.8896972225236595]
    Nodes connectivity: [8, 9, 42, 41]
      Node 8: initial=[10.5, 9.625], current=[6.679021336429136, 9.783132019057911], u=[-3.8209786635708642, 0.15813201905791102]
      Node 9: initial=[12.0, 11.0], current=[11.329785598844163, 9.58503465210797], u=[-0.6702144011558371, -1.4149653478920299]
      Node 42: initial=[12.0, 12.15625], current=[11.748618675194662, 8.886878824506951], u=[-0.2513813248053393, -3.26937117549305]
      Node 41: initial=[10.5, 10.80859375], current=[8.183552294398112, 10.519381138193474], u=[-2.3164477056018886, -0.2892126118065266]
  Element ID: 9 (index 8, pid 0)
    detF: [-1.6893410173062073, -1.3340315151987356, -2.336932393004964, -2.678479958225189]
    Nodes connectivity: [9, 10, 43, 42]
      Node 9: initial=[12.0, 11.0], current=[11.329785598844163, 9.58503465210797], u=[-0.6702144011558371, -1.4149653478920299]
      Node 10: initial=[13.5, 12.375], current=[12.63961475985701, 13.433933571472998], u=[-0.8603852401429906, 1.0589335714729993]
      Node 43: initial=[13.5, 13.50390625], current=[14.40609527426318, 17.548389771930164], u=[0.9060952742631804, 4.044483521930164]
      Node 42: initial=[12.0, 12.15625], current=[11.748618675194662, 8.886878824506951], u=[-0.2513813248053393, -3.26937117549305]
  Element ID: 10 (index 9, pid 0)
    detF: [5.013918279099477, -0.6699414910770191, -0.06493110054114076, 5.61042451615266]
    Nodes connectivity: [10, 11, 44, 43]
      Node 10: initial=[13.5, 12.375], current=[12.63961475985701, 13.433933571472998], u=[-0.8603852401429906, 1.0589335714729993]
      Node 11: initial=[15.0, 13.75], current=[15.888613762276712, 14.447077231952674], u=[0.8886137622767114, 0.6970772319526741]
      Node 44: initial=[15.0, 14.8515625], current=[15.617295266905794, 12.82978433333705], u=[0.6172952669057938, -2.0217781666629495]
      Node 43: initial=[13.5, 13.50390625], current=[14.40609527426318, 17.548389771930164], u=[0.9060952742631804, 4.044483521930164]
  Element ID: 11 (index 10, pid 0)
    detF: [-2.630095593293707, 1.02792606842016, 0.5548323742588421, -3.0963734438295307]
    Nodes connectivity: [11, 12, 45, 44]
      Node 11: initial=[15.0, 13.75], current=[15.888613762276712, 14.447077231952674], u=[0.8886137622767114, 0.6970772319526741]
      Node 12: initial=[16.5, 15.125], current=[19.288719242662047, 11.736649506374453], u=[2.7887192426620473, -3.388350493625547]
      Node 45: initial=[16.5, 16.19921875], current=[20.192761079801805, 12.232892043015326], u=[3.6927610798018056, -3.9663267069846744]
      Node 44: initial=[15.0, 14.8515625], current=[15.617295266905794, 12.82978433333705], u=[0.6172952669057938, -2.0217781666629495]

  [DIAGNOSTIC] Line search collapsed at iter 3. Inspecting element quality on trial step:

[DEBUG] Element inversion detected in element indexes: [17, 19, 20, 21, 23, 25, 27, 29, 30, 31, 48, 49, 50, 51, 52, 54, 55, 57, 58, 59, 61, 62, 63, 79, 80, 81, 82, 86, 87, 88, 89, 90, 91, 92, 93, 94, 113, 117, 118, 119, 120, 121, 122, 123, 125, 126, 127, 144, 148, 149, 150, 151, 152, 153, 154, 155, 156, 157, 158, 159, 180, 181, 182, 183, 184, 185, 186, 188, 190, 191, 212, 213, 216, 217, 218, 220, 222, 223, 243, 244, 246, 247, 250, 251, 253, 254, 255, 274, 275, 277, 278, 280, 281, 283, 284, 285, 286, 287, 308, 309, 310, 311, 313, 315, 316, 317, 318, 319, 338, 339, 340, 341, 342, 343, 346, 347, 348, 349, 350, 351, 370, 371, 372, 373, 375, 376, 377, 378, 379, 380, 382, 383, 401, 402, 403, 405, 406, 408, 411, 412, 413, 414, 433, 436, 438, 439, 441, 442, 443, 445, 446, 462, 464, 465, 468, 469, 470, 471, 472, 474, 475, 476, 477, 478, 479, 493, 494, 496, 498, 499, 501, 502, 503, 504, 505, 506, 507, 508, 509, 511, 525, 528, 532, 533, 534, 535, 536, 537, 538, 540, 541, 542, 560, 561, 562, 563, 565, 566, 567, 568, 569, 570, 572, 574, 575, 591, 593, 594, 598, 599, 600, 601, 602, 603, 604, 605, 606, 607, 623, 625, 626, 627, 628, 629, 630, 631, 634, 635, 636, 637, 638, 655, 657, 658, 659, 661, 662, 663, 664, 665, 666, 667, 668, 669, 670, 688, 690, 691, 692, 694, 696, 698, 699, 700, 702, 703, 718, 720, 721, 722, 725, 727, 728, 730, 731, 733, 734, 752, 753, 754, 757, 758, 759, 760, 761, 762, 763, 764, 765, 766, 767, 784, 785, 786, 787, 788, 789, 790, 791, 792, 794, 796, 797, 799, 815, 816, 817, 818, 820, 821, 822, 823, 824, 825, 826, 827, 829, 831, 842, 847, 848, 849, 850, 851, 854, 855, 856, 858, 859, 860, 861, 862, 863, 873, 874, 879, 880, 881, 883, 884, 885, 886, 887, 888, 889, 890, 891, 892, 893, 895, 905, 906, 910, 911, 912, 913, 914, 915, 916, 917, 918, 920, 921, 922, 923, 924, 925, 927, 936, 937, 938, 939, 940, 941, 943, 944, 947, 948, 949, 950, 951, 952, 953, 954, 955, 956, 957, 958, 968, 969, 970, 971, 973, 974, 976, 977, 978, 979, 980, 982, 984, 985, 987, 988, 989, 990, 1001, 1002, 1003, 1004, 1006, 1007, 1008, 1009, 1011, 1012, 1014, 1015, 1016, 1017, 1019, 1020, 1021, 1022]
  Element ID: 18 (index 17, pid 0)
    detF: [1.021601017309835, -0.5961979185914529, -0.45868561981144923, 1.1567128859047624]
    Nodes connectivity: [18, 19, 52, 51]
      Node 18: initial=[25.5, 23.375], current=[27.184979239116316, 20.52984326583577], u=[1.6849792391163165, -2.845156734164232]
      Node 19: initial=[27.0, 24.75], current=[30.872829023262714, 23.76453492010544], u=[3.8728290232627147, -0.9854650798945602]
      Node 52: initial=[27.0, 25.6328125], current=[30.52361179617325, 23.008133950829283], u=[3.5236117961732507, -2.6246785491707163]
      Node 51: initial=[25.5, 24.28515625], current=[28.33567720507483, 22.113168542064976], u=[2.83567720507483, -2.1719877079350223]
  Element ID: 20 (index 19, pid 0)
    detF: [0.6012566230945495, -20.729446601228307, -15.365285656382364, 5.865753509426155]
    Nodes connectivity: [20, 21, 54, 53]
      Node 20: initial=[28.5, 26.125], current=[31.603593250960422, 25.489442552070415], u=[3.103593250960423, -0.6355574479295847]
      Node 21: initial=[30.0, 27.5], current=[36.92910340020688, 33.88828782896152], u=[6.929103400206874, 6.388287828961522]
      Node 54: initial=[30.0, 28.328125], current=[39.39597982468812, 30.61387177283263], u=[9.395979824688117, 2.285746772832631]
      Node 53: initial=[28.5, 26.98046875], current=[32.70312888698194, 28.741067494735834], u=[4.203128886981944, 1.7605987447358347]
  Element ID: 21 (index 20, pid 0)
    detF: [-0.7936615284156083, 12.961841418594584, 38.163362594005285, 23.92405580874356]
    Nodes connectivity: [21, 22, 55, 54]
      Node 21: initial=[30.0, 27.5], current=[36.92910340020688, 33.88828782896152], u=[6.929103400206874, 6.388287828961522]
      Node 22: initial=[31.5, 28.875], current=[41.75561692548105, 34.8746686414131], u=[10.255616925481052, 5.999668641413103]
      Node 55: initial=[31.5, 29.67578125], current=[26.342928418461078, 33.92515998114788], u=[-5.15707158153892, 4.249378731147876]
      Node 54: initial=[30.0, 28.328125], current=[39.39597982468812, 30.61387177283263], u=[9.395979824688117, 2.285746772832631]
  Element ID: 22 (index 21, pid 0)
    detF: [251.04023578733677, -13.687104898643286, 4.975467386024748, 269.3322124602941]
    Nodes connectivity: [22, 23, 56, 55]
      Node 22: initial=[31.5, 28.875], current=[41.75561692548105, 34.8746686414131], u=[10.255616925481052, 5.999668641413103]
      Node 23: initial=[33.0, 30.25], current=[23.344049990466175, 60.13513944850264], u=[-9.655950009533827, 29.88513944850264]
      Node 56: initial=[33.0, 31.0234375], current=[26.91599287226073, 62.80652706919885], u=[-6.08400712773927, 31.78308956919885]
      Node 55: initial=[31.5, 29.67578125], current=[26.342928418461078, 33.92515998114788], u=[-5.15707158153892, 4.249378731147876]
  Element ID: 24 (index 23, pid 0)
    detF: [-10.035478310207441, -1.230888247735118, -2.106918338799832, -10.892827418257456]
    Nodes connectivity: [24, 25, 58, 57]
      Node 24: initial=[34.5, 31.625], current=[26.61961249970696, 47.95508652838956], u=[-7.88038750029304, 16.330086528389554]
      Node 25: initial=[36.0, 33.0], current=[28.031443416394712, 59.81960380362679], u=[-7.968556583605287, 26.819603803626787]
      Node 58: initial=[36.0, 33.71875], current=[27.908372865134638, 60.6270521701086], u=[-8.091627134865364, 26.9083021701086]
      Node 57: initial=[34.5, 32.37109375], current=[28.195871420680497, 51.01246996433663], u=[-6.304128579319505, 18.64137621433663]

  [DIAGNOSTIC] Line search collapsed at iter 4. Inspecting element quality on trial step:

[DEBUG] Element inversion detected in element indexes: [9, 10, 11, 12, 13, 14, 15, 16, 17, 18, 19, 20, 21, 23, 24, 25, 26, 27, 28, 29, 30, 31, 41, 42, 43, 44, 45, 46, 47, 48, 49, 50, 51, 52, 54, 55, 57, 58, 59, 60, 62, 63, 72, 73, 74, 75, 76, 77, 78, 79, 80, 81, 82, 83, 84, 85, 86, 87, 88, 89, 90, 91, 92, 94, 105, 107, 109, 110, 111, 112, 113, 114, 115, 116, 117, 118, 119, 121, 122, 123, 124, 125, 127, 141, 142, 143, 144, 145, 146, 147, 148, 149, 150, 151, 152, 153, 154, 155, 156, 157, 158, 159, 172, 173, 174, 175, 176, 178, 180, 181, 182, 185, 186, 187, 188, 189, 191, 205, 207, 208, 209, 210, 212, 213, 214, 216, 218, 219, 221, 222, 223, 238, 239, 240, 241, 242, 243, 244, 245, 246, 247, 248, 250, 251, 253, 254, 255, 269, 270, 271, 272, 273, 274, 275, 276, 277, 278, 279, 281, 282, 283, 284, 285, 286, 287, 298, 299, 300, 301, 302, 303, 304, 305, 306, 307, 308, 309, 310, 311, 313, 315, 317, 318, 319, 329, 330, 331, 332, 333, 334, 335, 336, 337, 338, 339, 340, 341, 342, 343, 345, 346, 348, 350, 351, 360, 361, 362, 363, 364, 365, 366, 367, 368, 369, 370, 371, 372, 373, 374, 375, 377, 378, 380, 382, 383, 391, 392, 393, 394, 395, 396, 397, 398, 399, 400, 401, 402, 403, 404, 405, 406, 407, 408, 411, 413, 414, 415, 423, 424, 425, 426, 427, 428, 429, 430, 431, 432, 433, 434, 435, 436, 437, 438, 439, 440, 442, 443, 445, 447, 454, 455, 456, 457, 458, 459, 460, 461, 462, 463, 464, 465, 466, 467, 468, 469, 471, 472, 473, 474, 476, 477, 478, 479, 486, 487, 488, 489, 490, 491, 492, 493, 494, 495, 496, 497, 498, 499, 500, 501, 502, 505, 506, 507, 508, 509, 510, 511, 517, 518, 519, 520, 521, 522, 523, 524, 525, 526, 527, 529, 530, 531, 532, 533, 534, 535, 536, 539, 540, 541, 542, 543, 548, 549, 550, 551, 552, 553, 554, 555, 556, 558, 561, 562, 563, 564, 565, 567, 568, 570, 572, 573, 574, 575, 581, 582, 583, 585, 587, 592, 593, 594, 595, 596, 597, 598, 600, 601, 602, 604, 605, 606, 607, 612, 614, 616, 623, 624, 625, 626, 627, 628, 629, 631, 632, 633, 634, 635, 636, 637, 638, 639, 652, 653, 654, 655, 656, 657, 658, 659, 660, 661, 662, 663, 664, 666, 667, 668, 669, 670, 671, 683, 684, 685, 686, 687, 688, 689, 690, 691, 692, 694, 695, 696, 698, 699, 700, 701, 702, 703, 714, 715, 716, 717, 718, 719, 720, 721, 722, 723, 724, 725, 726, 727, 728, 729, 731, 732, 733, 734, 735, 745, 746, 747, 748, 749, 750, 751, 752, 753, 754, 755, 756, 757, 758, 759, 760, 761, 763, 764, 765, 766, 767, 776, 777, 778, 779, 780, 781, 782, 783, 784, 785, 786, 787, 788, 789, 790, 791, 792, 794, 795, 796, 797, 799, 807, 808, 809, 810, 811, 812, 813, 814, 815, 816, 817, 818, 819, 820, 821, 822, 824, 825, 826, 827, 828, 829, 830, 831, 840, 841, 842, 843, 844, 845, 846, 847, 848, 849, 850, 851, 852, 853, 854, 855, 856, 858, 859, 860, 862, 863, 871, 872, 873, 874, 875, 876, 877, 878, 879, 880, 882, 883, 884, 885, 886, 887, 888, 889, 890, 891, 892, 893, 894, 895, 904, 905, 906, 907, 908, 909, 910, 911, 912, 913, 914, 915, 916, 917, 919, 920, 921, 922, 923, 924, 926, 927, 935, 937, 939, 941, 942, 943, 944, 945, 946, 947, 949, 951, 952, 954, 955, 956, 957, 959, 974, 975, 976, 977, 979, 980, 981, 982, 983, 984, 985, 986, 988, 989, 990, 1006, 1007, 1009, 1014, 1015, 1016, 1017, 1019, 1020, 1021, 1022, 1023]
  Element ID: 10 (index 9, pid 0)
    detF: [1.0739432180581605, 2.000811013416601, 0.7603636793077968, -0.149068127047015]
    Nodes connectivity: [10, 11, 44, 43]
      Node 10: initial=[13.5, 12.375], current=[12.041251223939247, 8.644892572185356], u=[-1.4587487760607534, -3.7301074278146453]
      Node 11: initial=[15.0, 13.75], current=[14.579096263900654, 9.839225689931082], u=[-0.4209037360993458, -3.910774310068918]
      Node 44: initial=[15.0, 14.8515625], current=[12.76261874930221, 10.809438492382775], u=[-2.23738125069779, -4.0421240076172245]
      Node 43: initial=[13.5, 13.50390625], current=[13.208663496798868, 9.98599046982395], u=[-0.2913365032011317, -3.5179157801760503]
  Element ID: 11 (index 10, pid 0)
    detF: [0.7812364915428242, -0.21113043040083251, 1.0769349680893894, 2.050744778738035]
    Nodes connectivity: [11, 12, 45, 44]
      Node 11: initial=[15.0, 13.75], current=[14.579096263900654, 9.839225689931082], u=[-0.4209037360993458, -3.910774310068918]
      Node 12: initial=[16.5, 15.125], current=[14.11365854262895, 10.70194356441583], u=[-2.3863414573710484, -4.42305643558417]
      Node 45: initial=[16.5, 16.19921875], current=[15.375523639408291, 12.017635201316335], u=[-1.1244763605917096, -4.181583548683666]
      Node 44: initial=[15.0, 14.8515625], current=[12.76261874930221, 10.809438492382775], u=[-2.23738125069779, -4.0421240076172245]
  Element ID: 12 (index 11, pid 0)
    detF: [1.0922320019698872, 2.0193512994159657, 0.6187055061150453, -0.2877183118162263]
    Nodes connectivity: [12, 13, 46, 45]
      Node 12: initial=[16.5, 15.125], current=[14.11365854262895, 10.70194356441583], u=[-2.3863414573710484, -4.42305643558417]
      Node 13: initial=[18.0, 16.5], current=[16.695059503477207, 11.781861199881428], u=[-1.3049404965227915, -4.718138800118572]
      Node 46: initial=[18.0, 17.546875], current=[14.640032217400496, 12.674830871841962], u=[-3.3599677825995045, -4.872044128158039]
      Node 45: initial=[16.5, 16.19921875], current=[15.375523639408291, 12.017635201316335], u=[-1.1244763605917096, -4.181583548683666]
  Element ID: 13 (index 12, pid 0)
    detF: [0.6238207371851993, -0.3630044098036028, 1.1201716258706325, 2.084506272118917]
    Nodes connectivity: [13, 14, 47, 46]
      Node 13: initial=[18.0, 16.5], current=[16.695059503477207, 11.781861199881428], u=[-1.3049404965227915, -4.718138800118572]
      Node 14: initial=[19.5, 17.875], current=[15.925953281044269, 12.45677642514675], u=[-3.574046718955731, -5.418223574853251]
      Node 47: initial=[19.5, 18.89453125], current=[17.321492732947192, 13.772943056314372], u=[-2.1785072670528094, -5.121588193685629]
      Node 46: initial=[18.0, 17.546875], current=[14.640032217400496, 12.674830871841962], u=[-3.3599677825995045, -4.872044128158039]
  Element ID: 14 (index 13, pid 0)
    detF: [1.1720159919292383, 1.9244258741743838, 0.3454128853678078, -0.38240741931730804]
    Nodes connectivity: [14, 15, 48, 47]
      Node 14: initial=[19.5, 17.875], current=[15.925953281044269, 12.45677642514675], u=[-3.574046718955731, -5.418223574853251]
      Node 15: initial=[21.0, 19.25], current=[18.59051558838375, 13.360895716606084], u=[-2.4094844116162504, -5.889104283393917]
      Node 48: initial=[21.0, 20.2421875], current=[16.310127842859234, 14.143876950211787], u=[-4.689872157140765, -6.098310549788214]
      Node 47: initial=[19.5, 18.89453125], current=[17.321492732947192, 13.772943056314372], u=[-2.1785072670528094, -5.121588193685629]

  [DIAGNOSTIC] Line search collapsed at iter 6. Inspecting element quality on trial step:

[DEBUG] Element inversion detected in element indexes: [6, 10, 11, 14, 15, 17, 18, 19, 20, 21, 22, 23, 24, 26, 27, 28, 29, 30, 31, 37, 39, 41, 42, 45, 46, 47, 49, 50, 51, 53, 54, 56, 57, 59, 60, 61, 62, 63, 70, 71, 72, 73, 74, 76, 77, 78, 79, 80, 81, 82, 83, 84, 85, 86, 88, 89, 90, 91, 92, 93, 94, 95, 101, 102, 103, 104, 105, 107, 108, 109, 110, 111, 112, 113, 114, 116, 117, 119, 120, 121, 122, 123, 124, 125, 126, 127, 132, 133, 134, 135, 136, 137, 138, 139, 140, 141, 142, 143, 144, 145, 146, 147, 149, 150, 152, 153, 154, 155, 157, 158, 159, 163, 164, 165, 166, 167, 168, 169, 170, 171, 172, 173, 174, 175, 176, 177, 178, 179, 180, 181, 182, 184, 186, 188, 190, 191, 195, 196, 197, 198, 199, 200, 201, 202, 203, 204, 206, 207, 209, 210, 211, 212, 214, 215, 216, 217, 218, 219, 220, 221, 222, 223, 227, 228, 229, 230, 231, 232, 233, 234, 235, 236, 237, 238, 239, 240, 242, 243, 244, 245, 247, 248, 250, 251, 252, 254, 255, 259, 261, 262, 263, 264, 265, 266, 267, 268, 269, 270, 271, 272, 274, 275, 276, 277, 278, 279, 280, 281, 282, 283, 284, 285, 286, 293, 294, 295, 296, 297, 298, 299, 300, 301, 302, 303, 304, 305, 306, 307, 309, 310, 311, 312, 313, 314, 315, 317, 318, 319, 324, 325, 326, 327, 328, 329, 330, 331, 333, 335, 336, 337, 339, 340, 341, 342, 343, 344, 345, 346, 348, 349, 350, 355, 356, 357, 358, 359, 360, 361, 362, 363, 364, 366, 368, 369, 370, 371, 373, 374, 375, 376, 378, 379, 380, 382, 388, 389, 390, 391, 392, 393, 394, 395, 397, 399, 400, 401, 402, 403, 404, 405, 406, 407, 408, 409, 413, 414, 419, 420, 421, 423, 424, 425, 426, 427, 428, 430, 432, 433, 434, 435, 436, 437, 439, 441, 443, 444, 446, 452, 455, 456, 457, 458, 459, 460, 461, 462, 463, 465, 466, 467, 468, 469, 470, 472, 473, 474, 476, 478, 486, 487, 488, 489, 490, 491, 492, 494, 496, 498, 499, 500, 501, 502, 503, 504, 505, 506, 507, 508, 509, 510, 511, 517, 519, 520, 521, 522, 523, 525, 526, 527, 528, 529, 531, 534, 535, 538, 539, 540, 541, 542, 543, 550, 551, 552, 553, 554, 555, 556, 557, 558, 559, 560, 562, 564, 565, 566, 567, 568, 569, 570, 571, 572, 573, 574, 575, 582, 584, 585, 586, 587, 588, 589, 591, 592, 593, 594, 595, 596, 597, 598, 599, 600, 601, 602, 603, 604, 605, 606, 613, 614, 615, 616, 617, 618, 619, 620, 621, 622, 623, 624, 626, 627, 628, 630, 632, 634, 635, 636, 638, 639, 644, 645, 646, 647, 648, 649, 650, 651, 652, 653, 655, 656, 657, 658, 660, 666, 667, 668, 669, 677, 678, 679, 680, 681, 682, 683, 684, 686, 687, 688, 689, 691, 692, 697, 698, 699, 700, 701, 711, 712, 713, 714, 715, 716, 717, 718, 719, 720, 721, 722, 723, 729, 731, 734, 735, 742, 743, 744, 745, 746, 747, 748, 749, 750, 751, 752, 755, 765, 766, 774, 775, 776, 777, 778, 779, 780, 781, 782, 783, 784, 787, 792, 793, 795, 797, 799, 806, 807, 808, 809, 810, 811, 813, 815, 819, 823, 827, 828, 829, 830, 831, 838, 839, 840, 842, 843, 844, 847, 848, 852, 855, 858, 859, 861, 863, 868, 869, 870, 871, 873, 875, 877, 878, 879, 880, 887, 888, 890, 891, 892, 900, 901, 902, 903, 906, 908, 909, 911, 920, 921, 922, 923, 925, 927, 928, 932, 933, 934, 935, 937, 939, 941, 942, 945, 953, 954, 955, 960, 961, 962, 965, 966, 970, 972, 973, 987, 992, 994, 999, 1000, 1001, 1002, 1003, 1004, 1005, 1007, 1015, 1016, 1017, 1019, 1020]
  Element ID: 7 (index 6, pid 0)
    detF: [0.9487101571296922, 2.94974552116259, 1.7679448415745487, -0.21760958331289848]
    Nodes connectivity: [7, 8, 41, 40]
      Node 7: initial=[9.0, 8.25], current=[8.705159755702258, 9.868842630882414], u=[-0.2948402442977426, 1.6188426308824135]
      Node 8: initial=[10.5, 9.625], current=[11.04723590468855, 12.397131605848148], u=[0.5472359046885501, 2.772131605848148]
      Node 41: initial=[10.5, 10.80859375], current=[8.902834489166501, 13.213097434892353], u=[-1.597165510833499, 2.4045036848923522]
      Node 40: initial=[9.0, 9.4609375], current=[9.524063601754568, 11.260214837191759], u=[0.5240636017545677, 1.7992773371917594]
  Element ID: 11 (index 10, pid 0)
    detF: [-0.006177916631798008, -0.4741747446296787, -0.03453304539823454, 0.427129880647054]
    Nodes connectivity: [11, 12, 45, 44]
      Node 11: initial=[15.0, 13.75], current=[8.375805255819678, 20.563924884706026], u=[-6.624194744180321, 6.813924884706024]
      Node 12: initial=[16.5, 15.125], current=[5.332098832373386, 21.96998679705826], u=[-11.167901167626614, 6.844986797058261]
      Node 45: initial=[16.5, 16.19921875], current=[1.8079619879672748, 24.0271678180829], u=[-14.692038012032725, 7.8279490680829005]
      Node 44: initial=[15.0, 14.8515625], current=[5.519319002332692, 21.88132891864955], u=[-9.480680997667308, 7.029766418649552]
  Element ID: 12 (index 11, pid 0)
    detF: [-6.804332516714734, 11.323355846939975, 24.44310531987066, 6.121563872334837]
    Nodes connectivity: [12, 13, 46, 45]
      Node 12: initial=[16.5, 15.125], current=[5.332098832373386, 21.96998679705826], u=[-11.167901167626614, 6.844986797058261]
      Node 13: initial=[18.0, 16.5], current=[0.3782671397711681, 16.62614162447117], u=[-17.621732860228832, 0.1261416244711694]
      Node 46: initial=[18.0, 17.546875], current=[9.032150440669314, 21.755980599753453], u=[-8.967849559330686, 4.209105599753454]
      Node 45: initial=[16.5, 16.19921875], current=[1.8079619879672748, 24.0271678180829], u=[-14.692038012032725, 7.8279490680829005]
  Element ID: 15 (index 14, pid 0)
    detF: [-2.31869508957852, 84.38545800227985, 83.92477358100416, -2.7720065163584833]
    Nodes connectivity: [15, 16, 49, 48]
      Node 15: initial=[21.0, 19.25], current=[24.251509276590404, 2.966011754514362], u=[3.2515092765904035, -16.283988245485638]
      Node 16: initial=[22.5, 20.625], current=[29.559167093935002, 19.680853614949324], u=[7.059167093935004, -0.944146385050674]
      Node 49: initial=[22.5, 21.58984375], current=[19.050093103482183, 18.488815408804484], u=[-3.449906896517816, -3.101028341195516]
      Node 48: initial=[21.0, 20.2421875], current=[27.35447703283069, 3.4285251239415793], u=[6.354477032830689, -16.81366237605842]
  Element ID: 16 (index 15, pid 0)
    detF: [18.395669978331007, -16.46115195799496, -8.068288959969822, 26.65038027316534]
    Nodes connectivity: [16, 17, 50, 49]
      Node 16: initial=[22.5, 20.625], current=[29.559167093935002, 19.680853614949324], u=[7.059167093935004, -0.944146385050674]
      Node 17: initial=[24.0, 22.0], current=[20.03673874008448, 22.438270247538625], u=[-3.9632612599155177, 0.43827024753862376]
      Node 50: initial=[24.0, 22.9375], current=[27.127754199824743, 25.199810228376194], u=[3.1277541998247433, 2.2623102283761933]
      Node 49: initial=[22.5, 21.58984375], current=[19.050093103482183, 18.488815408804484], u=[-3.449906896517816, -3.101028341195516]

  [DIAGNOSTIC] Line search collapsed at iter 7. Inspecting element quality on trial step:

[DEBUG] Element inversion detected in element indexes: [126, 158, 189, 190, 191, 221, 222, 253, 284, 473, 478, 505, 537, 569, 601, 602, 603, 606, 633, 634, 635, 636, 639, 663, 665, 668, 670, 671, 696, 697, 698, 699, 700, 701, 702, 703, 725, 726, 727, 729, 730, 731, 732, 733, 735, 756, 757, 758, 759, 761, 762, 763, 764, 765, 766, 767, 789, 790, 791, 793, 794, 795, 796, 797, 799, 820, 822, 823, 825, 826, 828, 829, 830, 831, 855, 857, 858, 860, 861, 862, 863, 886, 889, 890, 891, 893, 894, 916, 919, 921, 923, 926, 927, 949, 950, 951, 953, 954, 955, 956, 957, 958, 959, 979, 980, 985, 987, 988, 989, 991, 1012, 1014, 1015, 1018, 1019, 1020, 1021, 1022, 1023]
  Element ID: 127 (index 126, pid 0)
    detF: [1.1801796666856355, -0.8742831816754355, -0.14581037869352514, 1.8877011988670795]
    Nodes connectivity: [130, 131, 164, 163]
      Node 130: initial=[45.0, 42.9140625], current=[40.953336658985044, 45.94123827852519], u=[-4.046663341014955, 3.0271757785251903]
      Node 131: initial=[46.5, 44.20703125], current=[40.83799948762778, 48.51272953807778], u=[-5.662000512372217, 4.305698288077779]
      Node 164: initial=[46.5, 44.734375], current=[41.385764876769045, 49.51312268990826], u=[-5.114235123230954, 4.778747689908255]
      Node 163: initial=[45.0, 43.46875], current=[40.384519836491656, 46.74443142616313], u=[-4.615480163508343, 3.2756814261631293]
  Element ID: 159 (index 158, pid 0)
    detF: [1.71008815384509, -2.1423298756915266, -0.9401914342902616, 2.8776524451581698]
    Nodes connectivity: [163, 164, 197, 196]
      Node 163: initial=[45.0, 43.46875], current=[40.384519836491656, 46.74443142616313], u=[-4.615480163508343, 3.2756814261631293]
      Node 164: initial=[46.5, 44.734375], current=[41.385764876769045, 49.51312268990826], u=[-5.114235123230954, 4.778747689908255]
      Node 197: initial=[46.5, 45.26171875], current=[42.72852074878826, 50.02266619921173], u=[-3.771479251211736, 4.760947449211729]
      Node 196: initial=[45.0, 44.0234375], current=[39.98388637964275, 47.83244169395672], u=[-5.016113620357252, 3.8090041939567185]
  Element ID: 190 (index 189, pid 0)
    detF: [0.7323170341562538, -0.4308018495087084, 0.105528869385925, 1.253954530924599]
    Nodes connectivity: [195, 196, 229, 228]
      Node 195: initial=[43.5, 42.78515625], current=[40.19925278435158, 45.648560353292574], u=[-3.30074721564842, 2.8634041032925746]
      Node 196: initial=[45.0, 44.0234375], current=[39.98388637964275, 47.83244169395672], u=[-5.016113620357252, 3.8090041939567185]
      Node 229: initial=[45.0, 44.578125], current=[40.27254283754148, 49.04470319529204], u=[-4.727457162458517, 4.466578195292034]
      Node 228: initial=[43.5, 43.3671875], current=[39.74111121570691, 46.430048354239986], u=[-3.758888784293095, 3.0628608542399878]
  Element ID: 191 (index 190, pid 0)
    detF: [2.2029631395303113, -1.7590095660207943, -0.7421856458356341, 3.190542655228451]
    Nodes connectivity: [196, 197, 230, 229]
      Node 196: initial=[45.0, 44.0234375], current=[39.98388637964275, 47.83244169395672], u=[-5.016113620357252, 3.8090041939567185]
      Node 197: initial=[46.5, 45.26171875], current=[42.72852074878826, 50.02266619921173], u=[-3.771479251211736, 4.760947449211729]
      Node 230: initial=[46.5, 45.7890625], current=[43.854058146611564, 49.870412427095516], u=[-2.6459418533884347, 4.081349927095517]
      Node 229: initial=[45.0, 44.578125], current=[40.27254283754148, 49.04470319529204], u=[-4.727457162458517, 4.466578195292034]
  Element ID: 192 (index 191, pid 0)
    detF: [1.0523217096742505, 4.702178874751478, 3.0974602808409544, -0.503824702356574]
    Nodes connectivity: [197, 198, 231, 230]
      Node 197: initial=[46.5, 45.26171875], current=[42.72852074878826, 50.02266619921173], u=[-3.771479251211736, 4.760947449211729]
      Node 198: initial=[48.0, 46.5], current=[45.371851568192746, 49.43011178354797], u=[-2.628148431807257, 2.9301117835479715]
      Node 231: initial=[48.0, 47.0], current=[45.64918928971551, 51.266084669359344], u=[-2.350810710284493, 4.2660846693593415]
      Node 230: initial=[46.5, 45.7890625], current=[43.854058146611564, 49.870412427095516], u=[-2.6459418533884347, 4.081349927095517]

  [DIAGNOSTIC] Line search collapsed at iter 6. Inspecting element quality on trial step:

[DEBUG] Element inversion detected in element indexes: [637, 638, 669, 670, 671, 700, 701, 702, 703, 732, 734, 735, 762, 763, 764, 766, 767, 785, 786, 787, 788, 789, 790, 791, 793, 794, 795, 796, 798, 799, 814, 815, 816, 817, 818, 819, 820, 821, 822, 823, 824, 826, 827, 828, 830, 831, 845, 846, 847, 848, 849, 850, 851, 852, 853, 854, 855, 859, 860, 861, 862, 863, 876, 877, 878, 879, 880, 881, 882, 883, 884, 885, 886, 887, 891, 892, 894, 895, 907, 908, 909, 910, 911, 912, 913, 914, 915, 916, 917, 918, 919, 920, 923, 924, 925, 926, 927, 938, 940, 942, 943, 944, 946, 948, 950, 954, 955, 956, 957, 958, 959, 973, 975, 977, 979, 986, 988, 989, 990, 991, 1015, 1016, 1019, 1021, 1022, 1023]
  Element ID: 638 (index 637, pid 0)
    detF: [1.678414674845529, -3.357904610479002, -3.4220715356970888, 1.616005655434722]
    Nodes connectivity: [657, 658, 691, 690]
      Node 657: initial=[43.5, 50.93359375], current=[70.4176096411158, -1.5213308988304561], u=[26.9176096411158, -52.454924648830456]
      Node 658: initial=[45.0, 51.7890625], current=[73.64632857788489, -5.141344980624723], u=[28.64632857788489, -56.93040748062472]
      Node 691: initial=[45.0, 52.34375], current=[74.31356559237972, -7.242165313330538], u=[29.31356559237971, -59.58591531333054]
      Node 690: initial=[43.5, 51.515625], current=[69.88490012294494, 0.015891073848436577], u=[26.38490012294495, -51.49973392615156]
  Element ID: 639 (index 638, pid 0)
    detF: [-10.572392116452447, 3.839728411055826, 0.7348969128922281, -13.587926985775995]
    Nodes connectivity: [658, 659, 692, 691]
      Node 658: initial=[45.0, 51.7890625], current=[73.64632857788489, -5.141344980624723], u=[28.64632857788489, -56.93040748062472]
      Node 659: initial=[46.5, 52.64453125], current=[80.31712185154774, -8.000725402097757], u=[33.81712185154774, -60.64525665209776]
      Node 692: initial=[46.5, 53.171875], current=[82.2298968024754, -7.57796588154325], u=[35.7298968024754, -60.74984088154325]
      Node 691: initial=[45.0, 52.34375], current=[74.31356559237972, -7.242165313330538], u=[29.31356559237971, -59.58591531333054]
  Element ID: 670 (index 669, pid 0)
    detF: [4.618644797691468, -23.517348248989073, -25.005786120125556, 3.1709839089119463]
    Nodes connectivity: [690, 691, 724, 723]
      Node 690: initial=[43.5, 51.515625], current=[69.88490012294494, 0.015891073848436577], u=[26.38490012294495, -51.49973392615156]
      Node 691: initial=[45.0, 52.34375], current=[74.31356559237972, -7.242165313330538], u=[29.31356559237971, -59.58591531333054]
      Node 724: initial=[45.0, 52.8984375], current=[72.01055756160089, -9.792727846676428], u=[27.01055756160089, -62.69116534667643]
      Node 723: initial=[43.5, 52.09765625], current=[70.62325316142383, 1.7747122684528662], u=[27.123253161423833, -50.322943981547134]
  Element ID: 671 (index 670, pid 0)
    detF: [-28.756228925535282, -25.145127658601368, -38.87439618600419, -42.09063628360888]
    Nodes connectivity: [691, 692, 725, 724]
      Node 691: initial=[45.0, 52.34375], current=[74.31356559237972, -7.242165313330538], u=[29.31356559237971, -59.58591531333054]
      Node 692: initial=[46.5, 53.171875], current=[82.2298968024754, -7.57796588154325], u=[35.7298968024754, -60.74984088154325]
      Node 725: initial=[46.5, 53.69921875], current=[87.78660382276752, -9.68111592669662], u=[41.286603822767525, -63.38033467669662]
      Node 724: initial=[45.0, 52.8984375], current=[72.01055756160089, -9.792727846676428], u=[27.01055756160089, -62.69116534667643]
  Element ID: 672 (index 671, pid 0)
    detF: [-0.31133141172913703, 31.079364405954177, 8.455819758687035, -22.250098721997364]
    Nodes connectivity: [692, 693, 726, 725]
      Node 692: initial=[46.5, 53.171875], current=[82.2298968024754, -7.57796588154325], u=[35.7298968024754, -60.74984088154325]
      Node 693: initial=[48.0, 54.0], current=[89.66486630043113, -9.909566943793926], u=[41.66486630043113, -63.909566943793926]
      Node 726: initial=[48.0, 54.5], current=[92.14454467140857, -5.49807778719552], u=[44.144544671408575, -59.99807778719552]
      Node 725: initial=[46.5, 53.69921875], current=[87.78660382276752, -9.68111592669662], u=[41.286603822767525, -63.38033467669662]

  [DIAGNOSTIC] Line search collapsed at iter 21. Inspecting element quality on trial step:

[DEBUG] Element inversion detected in element indexes: [21, 22, 23, 24, 25, 26, 27, 28, 52, 54, 55, 56, 57, 58, 59, 60, 62, 63, 86, 87, 88, 89, 90, 92, 93, 94, 95, 117, 118, 119, 120, 121, 122, 123, 124, 125, 126, 150, 151, 152, 153, 154, 155, 156, 157, 158, 182, 183, 184, 186, 188, 191, 214, 215, 216, 217, 218, 219, 220, 223, 246, 247, 250, 251, 252, 253, 254, 255, 277, 278, 279, 280, 281, 282, 283, 284, 285, 286, 287, 306, 308, 310, 311, 312, 313, 314, 316, 317, 318, 319, 335, 336, 337, 338, 339, 340, 341, 342, 343, 344, 345, 347, 348, 349, 350, 351, 366, 367, 368, 369, 370, 371, 372, 374, 375, 376, 377, 379, 380, 381, 382, 383, 397, 398, 399, 400, 401, 402, 403, 404, 405, 406, 407, 408, 409, 410, 412, 415, 429, 430, 431, 432, 433, 434, 435, 436, 437, 439, 440, 441, 443, 444, 445, 446, 447, 461, 462, 463, 464, 465, 466, 468, 469, 470, 472, 473, 474, 475, 477, 478, 479, 493, 494, 495, 496, 497, 498, 499, 501, 502, 503, 505, 506, 507, 508, 509, 510, 511, 526, 527, 528, 529, 530, 531, 533, 534, 535, 536, 537, 538, 540, 543, 556, 557, 558, 559, 560, 561, 562, 563, 564, 567, 568, 569, 570, 571, 572, 573, 574, 575, 587, 588, 589, 590, 591, 592, 593, 594, 595, 596, 597, 598, 599, 600, 601, 602, 604, 605, 607, 617, 618, 619, 620, 621, 622, 623, 624, 625, 626, 627, 630, 631, 633, 634, 635, 636, 638, 639, 649, 650, 651, 652, 653, 654, 655, 656, 657, 658, 659, 660, 662, 663, 664, 666, 667, 668, 669, 670, 671, 680, 681, 682, 683, 684, 685, 686, 687, 688, 689, 691, 692, 693, 695, 696, 697, 698, 699, 700, 702, 703, 711, 712, 713, 714, 715, 716, 717, 718, 719, 720, 721, 723, 725, 726, 727, 728, 729, 730, 731, 732, 733, 735, 743, 744, 745, 746, 747, 748, 749, 750, 751, 752, 753, 755, 756, 758, 759, 760, 761, 762, 763, 764, 765, 767, 774, 775, 776, 777, 778, 779, 780, 781, 782, 783, 784, 786, 788, 789, 791, 792, 794, 795, 797, 798, 799, 807, 808, 809, 810, 811, 812, 813, 814, 815, 816, 817, 819, 821, 823, 824, 826, 827, 828, 830, 831, 839, 840, 841, 842, 843, 844, 845, 846, 847, 849, 850, 851, 852, 853, 854, 856, 857, 858, 859, 860, 861, 862, 863, 874, 875, 876, 877, 878, 879, 880, 882, 885, 886, 887, 888, 890, 891, 892, 893, 894, 895, 907, 908, 909, 910, 911, 912, 914, 915, 916, 917, 918, 919, 920, 921, 922, 923, 924, 926, 927, 938, 939, 940, 941, 942, 943, 944, 945, 946, 947, 948, 950, 953, 954, 955, 956, 957, 958, 959, 962, 971, 972, 973, 974, 975, 976, 977, 978, 979, 980, 981, 982, 983, 984, 985, 986, 988, 989, 990, 991, 993, 1002, 1003, 1004, 1005, 1007, 1009, 1010, 1011, 1013, 1014, 1015, 1016, 1017, 1018, 1019, 1020, 1021, 1022, 1023]
  Element ID: 22 (index 21, pid 0)
    detF: [2.0758068166428965, -1.6597089687977333, 0.4488406399051095, 4.142485496722413]
    Nodes connectivity: [22, 23, 56, 55]
      Node 22: initial=[31.5, 28.875], current=[19.702217724055686, 41.58615285155844], u=[-11.797782275944316, 12.71115285155844]
      Node 23: initial=[33.0, 30.25], current=[17.555652784678667, 43.608024116170625], u=[-15.444347215321333, 13.358024116170625]
      Node 56: initial=[33.0, 31.0234375], current=[17.48665359045748, 45.74986978214068], u=[-15.51334640954252, 14.726432282140674]
      Node 55: initial=[31.5, 29.67578125], current=[17.69622386953212, 41.98978058875225], u=[-13.803776130467883, 12.313999338752245]
  Element ID: 23 (index 22, pid 0)
    detF: [0.2789144955940036, 3.3659867367984, 0.6049741525388137, -2.425317820539605]
    Nodes connectivity: [23, 24, 57, 56]
      Node 23: initial=[33.0, 30.25], current=[17.555652784678667, 43.608024116170625], u=[-15.444347215321333, 13.358024116170625]
      Node 24: initial=[34.5, 31.625], current=[17.564284326833427, 46.07903019746995], u=[-16.935715673166573, 14.45403019746995]
      Node 57: initial=[34.5, 32.37109375], current=[15.051419275945918, 45.915965205990446], u=[-19.448580724054082, 13.544871455990444]
      Node 56: initial=[33.0, 31.0234375], current=[17.48665359045748, 45.74986978214068], u=[-15.51334640954252, 14.726432282140674]
  Element ID: 24 (index 23, pid 0)
    detF: [4.461506975092819, -28.173452454992688, -20.50193799468893, 11.969429530515946]
    Nodes connectivity: [24, 25, 58, 57]
      Node 24: initial=[34.5, 31.625], current=[17.564284326833427, 46.07903019746995], u=[-16.935715673166573, 14.45403019746995]
      Node 25: initial=[36.0, 33.0], current=[12.266170931067922, 51.67400563201214], u=[-23.733829068932078, 18.67400563201214]
      Node 58: initial=[36.0, 33.71875], current=[15.001465220689049, 57.598214101982705], u=[-20.99853477931095, 23.87946410198271]
      Node 57: initial=[34.5, 32.37109375], current=[15.051419275945918, 45.915965205990446], u=[-19.448580724054082, 13.544871455990444]
  Element ID: 25 (index 24, pid 0)
    detF: [3.111585522150323, -166.8973620757578, -141.40800695854753, 28.036544449628963]
    Nodes connectivity: [25, 26, 59, 58]
      Node 25: initial=[36.0, 33.0], current=[12.266170931067922, 51.67400563201214], u=[-23.733829068932078, 18.67400563201214]
      Node 26: initial=[37.5, 34.375], current=[28.62524156207038, 65.6544099604288], u=[-8.874758437929623, 31.279409960428794]
      Node 59: initial=[37.5, 35.06640625], current=[29.871460358853675, 51.474217199653], u=[-7.6285396411463235, 16.407810949652994]
      Node 58: initial=[36.0, 33.71875], current=[15.001465220689049, 57.598214101982705], u=[-20.99853477931095, 23.87946410198271]
  Element ID: 26 (index 25, pid 0)
    detF: [-52.52456339776401, -141.0996308735231, -77.05551775398023, 10.04490221073642]
    Nodes connectivity: [26, 27, 60, 59]
      Node 26: initial=[37.5, 34.375], current=[28.62524156207038, 65.6544099604288], u=[-8.874758437929623, 31.279409960428794]
      Node 27: initial=[39.0, 35.75], current=[34.37707728302679, 36.67865800713214], u=[-4.622922716973205, 0.9286580071321449]
      Node 60: initial=[39.0, 36.4140625], current=[25.686233641148092, 46.132866606863175], u=[-13.313766358851908, 9.718804106863173]
      Node 59: initial=[37.5, 35.06640625], current=[29.871460358853675, 51.474217199653], u=[-7.6285396411463235, 16.407810949652994]

    [FAIL] n=32 Q4_VISCO_SIMO: stalled at t=0.0000, cutbacks=16
  32  Q4_VISCO_SIMO    numba         FAILED         6.90       -     0.0000        16
  [DIAGNOSTIC] Line search collapsed at iter 6. Inspecting element quality on trial step:
  [DIAGNOSTIC] Line search collapsed at iter 3. Inspecting element quality on trial step:

[DEBUG] Element inversion detected in element indexes: [14, 15, 17, 18, 19, 22, 45, 48, 49, 52, 53, 75, 76, 78, 79, 80, 82, 83, 106, 108, 109, 110, 112, 113, 139, 140, 142, 143, 144, 169, 170, 173, 174, 200, 201, 203, 204, 230, 231, 233, 234, 235, 261, 262, 264, 265, 292, 295, 296, 323, 325, 326, 356, 357, 387, 388, 418, 449]
  Element ID: 15 (index 14, pid 0)
    detF: [0.4363779767320454, 2.855271806170547, 1.5650194986268386, -0.8332245698856087]
    Nodes connectivity: [15, 16, 49, 48]
      Node 15: initial=[21.0, 19.25], current=[20.81261327523209, 18.999069771140295], u=[-0.1873867247679103, -0.2509302288597059]
      Node 16: initial=[22.5, 20.625], current=[23.428037991371962, 20.707917513409473], u=[0.9280379913719637, 0.08291751340947295]
      Node 49: initial=[22.5, 21.58984375], current=[21.894296941197496, 22.049576688143492], u=[-0.6057030588025052, 0.4597329381434922]
      Node 48: initial=[21.0, 20.2421875], current=[22.188840355892953, 19.916608312254755], u=[1.1888403558929548, -0.3255791877452451]
  Element ID: 16 (index 15, pid 0)
    detF: [1.1704930178777977, -0.3914512166707461, 0.6926452641436116, 2.236744472581356]
    Nodes connectivity: [16, 17, 50, 49]
      Node 16: initial=[22.5, 20.625], current=[23.428037991371962, 20.707917513409473], u=[0.9280379913719637, 0.08291751340947295]
      Node 17: initial=[24.0, 22.0], current=[23.028892782110752, 22.32292708920637], u=[-0.9711072178892471, 0.3229270892063709]
      Node 50: initial=[24.0, 22.9375], current=[24.010820358262276, 23.196212111595717], u=[0.010820358262276931, 0.258712111595715]
      Node 49: initial=[22.5, 21.58984375], current=[21.894296941197496, 22.049576688143492], u=[-0.6057030588025052, 0.4597329381434922]
  Element ID: 18 (index 17, pid 0)
    detF: [0.5673689894700484, 3.6981271740656485, 2.355443783867597, -0.7518763681488974]
    Nodes connectivity: [18, 19, 52, 51]
      Node 18: initial=[25.5, 23.375], current=[25.92080584141691, 22.921279192907342], u=[0.4208058414169125, -0.4537208070926599]
      Node 19: initial=[27.0, 24.75], current=[28.196535061886692, 25.38536300581414], u=[1.1965350618866926, 0.6353630058141401]
      Node 52: initial=[27.0, 25.6328125], current=[25.873086622288042, 25.992444475429018], u=[-1.1269133777119584, 0.3596319754290194]
      Node 51: initial=[25.5, 24.28515625], current=[26.945375728495737, 23.987693054014873], u=[1.4453757284957378, -0.29746319598512855]
  Element ID: 19 (index 18, pid 0)
    detF: [1.1579683445545674, -0.5520925093740388, 0.6902656526287155, 2.377963623514938]
    Nodes connectivity: [19, 20, 53, 52]
      Node 19: initial=[27.0, 24.75], current=[28.196535061886692, 25.38536300581414], u=[1.1965350618866926, 0.6353630058141401]
      Node 20: initial=[28.5, 26.125], current=[27.586001108461478, 26.300039629712327], u=[-0.9139988915385213, 0.17503962971232592]
      Node 53: initial=[28.5, 26.98046875], current=[29.425191490607595, 27.01593438151392], u=[0.9251914906075945, 0.035465631513917156]
      Node 52: initial=[27.0, 25.6328125], current=[25.873086622288042, 25.992444475429018], u=[-1.1269133777119584, 0.3596319754290194]
  Element ID: 20 (index 19, pid 0)
    detF: [0.3449918310157221, 2.795618318912896, 1.5891992955177539, -0.8390123883911089]
    Nodes connectivity: [20, 21, 54, 53]
      Node 20: initial=[28.5, 26.125], current=[27.586001108461478, 26.300039629712327], u=[-0.9139988915385213, 0.17503962971232592]
      Node 21: initial=[30.0, 27.5], current=[31.145047135125317, 27.75440871453729], u=[1.1450471351253177, 0.2544087145372898]
      Node 54: initial=[30.0, 28.328125], current=[29.546418639172142, 28.553298765522733], u=[-0.4535813608278595, 0.22517376552273416]
      Node 53: initial=[28.5, 26.98046875], current=[29.425191490607595, 27.01593438151392], u=[0.9251914906075945, 0.035465631513917156]

  [DIAGNOSTIC] Line search collapsed at iter 7. Inspecting element quality on trial step:
  [DIAGNOSTIC] Line search collapsed at iter 11. Inspecting element quality on trial step:

[DEBUG] Element inversion detected in element indexes: [607, 637, 638, 639, 669]
  Element ID: 608 (index 607, pid 0)
    detF: [1.1304369663892133, -0.16429698522313807, 0.9443464660428031, 2.205523611147766]
    Nodes connectivity: [626, 627, 660, 659]
      Node 626: initial=[46.5, 52.1171875], current=[46.9103071506213, 52.25322351420292], u=[0.41030715062129747, 0.13603601420292213]
      Node 627: initial=[48.0, 53.0], current=[47.309692411023526, 52.88990244324502], u=[-0.6903075889764753, -0.1100975567549809]
      Node 660: initial=[48.0, 53.5], current=[48.97104546653218, 53.53065145535948], u=[0.9710454665321806, 0.030651455359479024]
      Node 659: initial=[46.5, 52.64453125], current=[45.67615936051891, 52.65412259349336], u=[-0.8238406394810939, 0.009591343493362936]
  Element ID: 638 (index 637, pid 0)
    detF: [0.631511141366196, 2.22948263527245, 1.3754592286365306, -0.1991155900977027]
    Nodes connectivity: [657, 658, 691, 690]
      Node 657: initial=[43.5, 50.93359375], current=[43.49370624962478, 50.8696740434076], u=[-0.0062937503752235405, -0.06391970659240315]
      Node 658: initial=[45.0, 51.7890625], current=[45.41233714992646, 51.62630468826695], u=[0.41233714992645654, -0.16275781173305437]
      Node 691: initial=[45.0, 52.34375], current=[43.84191614034113, 52.3743078826468], u=[-1.1580838596588734, 0.030557882646799442]
      Node 690: initial=[43.5, 51.515625], current=[44.210200774648854, 51.32027398019632], u=[0.7102007746488516, -0.1953510198036805]
  Element ID: 639 (index 638, pid 0)
    detF: [1.6636410160767292, -0.6631548076556936, 0.20399299210504399, 2.50584917731912]
    Nodes connectivity: [658, 659, 692, 691]
      Node 658: initial=[45.0, 51.7890625], current=[45.41233714992646, 51.62630468826695], u=[0.41233714992645654, -0.16275781173305437]
      Node 659: initial=[46.5, 52.64453125], current=[45.67615936051891, 52.65412259349336], u=[-0.8238406394810939, 0.009591343493362936]
      Node 692: initial=[46.5, 53.171875], current=[47.13382840773507, 52.72463768913247], u=[0.633828407735073, -0.44723731086752877]
      Node 691: initial=[45.0, 52.34375], current=[43.84191614034113, 52.3743078826468], u=[-1.1580838596588734, 0.030557882646799442]
  Element ID: 640 (index 639, pid 0)
    detF: [-0.42939210616244866, 3.1117494469252303, 2.1118941974625627, -1.3989833883385225]
    Nodes connectivity: [659, 660, 693, 692]
      Node 659: initial=[46.5, 52.64453125], current=[45.67615936051891, 52.65412259349336], u=[-0.8238406394810939, 0.009591343493362936]
      Node 660: initial=[48.0, 53.5], current=[48.97104546653218, 53.53065145535948], u=[0.9710454665321806, 0.030651455359479024]
      Node 693: initial=[48.0, 54.0], current=[48.056747661492665, 54.3877656693375], u=[0.05674766149266364, 0.38776566933749856]
      Node 692: initial=[46.5, 53.171875], current=[47.13382840773507, 52.72463768913247], u=[0.633828407735073, -0.44723731086752877]
  Element ID: 670 (index 669, pid 0)
    detF: [1.1239009551222527, -1.4057494554884653, 0.32445920398412353, 2.806709122206776]
    Nodes connectivity: [690, 691, 724, 723]
      Node 690: initial=[43.5, 51.515625], current=[44.210200774648854, 51.32027398019632], u=[0.7102007746488516, -0.1953510198036805]
      Node 691: initial=[45.0, 52.34375], current=[43.84191614034113, 52.3743078826468], u=[-1.1580838596588734, 0.030557882646799442]
      Node 724: initial=[45.0, 52.8984375], current=[45.80542578223849, 53.5494301235839], u=[0.8054257822384872, 0.6509926235839023]
      Node 723: initial=[43.5, 52.09765625], current=[42.87646520919961, 51.80517706117254], u=[-0.6235347908003895, -0.29247918882745927]

    [FAIL] n=32 CPE4I: stalled at t=0.0188, cutbacks=15
  32          CPE4I      jax         FAILED         6.90       -     0.0188        15
  [DIAGNOSTIC] Line search collapsed at iter 6. Inspecting element quality on trial step:
  [DIAGNOSTIC] Line search collapsed at iter 3. Inspecting element quality on trial step:

[DEBUG] Element inversion detected in element indexes: [14, 15, 17, 18, 19, 22, 45, 48, 49, 52, 53, 75, 76, 78, 79, 80, 82, 83, 106, 108, 109, 110, 112, 113, 139, 140, 142, 143, 144, 169, 170, 173, 174, 200, 201, 203, 204, 230, 231, 233, 234, 235, 261, 262, 264, 265, 292, 295, 296, 323, 325, 326, 356, 357, 387, 388, 418, 449]
  Element ID: 15 (index 14, pid 0)
    detF: [0.43637419775959396, 2.85528239411988, 1.5650232018124635, -0.8332351234350062]
    Nodes connectivity: [15, 16, 49, 48]
      Node 15: initial=[21.0, 19.25], current=[20.812612773287782, 18.999068158030752], u=[-0.18738722671221938, -0.2509318419692467]
      Node 16: initial=[22.5, 20.625], current=[23.42804251863482, 20.707917582381345], u=[0.9280425186348189, 0.08291758238134585]
      Node 49: initial=[22.5, 21.58984375], current=[21.894294304530156, 22.049578746795998], u=[-0.6057056954698435, 0.45973499679599705]
      Node 48: initial=[21.0, 20.2421875], current=[22.18884626888412, 19.91660633634193], u=[1.1888462688841184, -0.3255811636580731]
  Element ID: 16 (index 15, pid 0)
    detF: [1.1704932562524557, -0.39145799278142634, 0.692643821747326, 2.2367499568735423]
    Nodes connectivity: [16, 17, 50, 49]
      Node 16: initial=[22.5, 20.625], current=[23.42804251863482, 20.707917582381345], u=[0.9280425186348189, 0.08291758238134585]
      Node 17: initial=[24.0, 22.0], current=[23.028888405265807, 22.32292871391399], u=[-0.9711115947341916, 0.3229287139139871]
      Node 50: initial=[24.0, 22.9375], current=[24.0108202600904, 23.196213163183362], u=[0.010820260090401181, 0.2587131631833627]
      Node 49: initial=[22.5, 21.58984375], current=[21.894294304530156, 22.049578746795998], u=[-0.6057056954698435, 0.45973499679599705]
  Element ID: 18 (index 17, pid 0)
    detF: [0.5673662052618341, 3.698144341097377, 2.3554547930651224, -0.7518852026994682]
    Nodes connectivity: [18, 19, 52, 51]
      Node 18: initial=[25.5, 23.375], current=[25.9208076129189, 22.92127718078876], u=[0.4208076129188989, -0.45372281921123886]
      Node 19: initial=[27.0, 24.75], current=[28.196539641588423, 25.385365819143164], u=[1.196539641588421, 0.6353658191431645]
      Node 52: initial=[27.0, 25.6328125], current=[25.873081039959747, 25.99244627240321], u=[-1.126918960040253, 0.35963377240321054]
      Node 51: initial=[25.5, 24.28515625], current=[26.945381721047276, 23.9876918415757], u=[1.4453817210472746, -0.29746440842430033]
  Element ID: 19 (index 18, pid 0)
    detF: [1.157967799822617, -0.5520971253168211, 0.6902648139607835, 2.377966788065564]
    Nodes connectivity: [19, 20, 53, 52]
      Node 19: initial=[27.0, 24.75], current=[28.196539641588423, 25.385365819143164], u=[1.196539641588421, 0.6353658191431645]
      Node 20: initial=[28.5, 26.125], current=[27.585996633253835, 26.30004029073858], u=[-0.9140033667461659, 0.17504029073857885]
      Node 53: initial=[28.5, 26.98046875], current=[29.425195418156292, 27.015934158148855], u=[0.9251954181562919, 0.03546540814885711]
      Node 52: initial=[27.0, 25.6328125], current=[25.873081039959747, 25.99244627240321], u=[-1.126918960040253, 0.35963377240321054]
  Element ID: 20 (index 19, pid 0)
    detF: [0.34498779005945407, 2.7956263018127556, 1.5892026079113253, -0.8390210130774447]
    Nodes connectivity: [20, 21, 54, 53]
      Node 20: initial=[28.5, 26.125], current=[27.585996633253835, 26.30004029073858], u=[-0.9140033667461659, 0.17504029073857885]
      Node 21: initial=[30.0, 27.5], current=[31.145052356188817, 27.754409443670887], u=[1.1450523561888182, 0.2544094436708879]
      Node 54: initial=[30.0, 28.328125], current=[29.546416879263052, 28.553299397961798], u=[-0.4535831207369491, 0.22517439796179933]
      Node 53: initial=[28.5, 26.98046875], current=[29.425195418156292, 27.015934158148855], u=[0.9251954181562919, 0.03546540814885711]

  [DIAGNOSTIC] Line search collapsed at iter 7. Inspecting element quality on trial step:
  [DIAGNOSTIC] Line search collapsed at iter 11. Inspecting element quality on trial step:

[DEBUG] Element inversion detected in element indexes: [21, 22, 23, 24, 25, 26, 27, 28, 29, 30, 31, 52, 53, 54, 55, 56, 57, 58, 59, 60, 61, 62, 82, 83, 84, 85, 86, 87, 88, 89, 92, 94, 95, 113, 114, 115, 116, 117, 118, 119, 123, 125, 126, 127, 144, 145, 146, 147, 148, 149, 152, 153, 154, 156, 157, 158, 159, 175, 176, 177, 178, 183, 184, 185, 186, 187, 188, 189, 190, 207, 214, 215, 216, 217, 218, 219, 220, 221, 245, 246, 247, 248, 251, 252, 276, 277, 278, 279, 282, 286, 287, 307, 308, 309, 310, 313, 315, 316, 317, 318, 319, 338, 339, 340, 341, 346, 347, 348, 349, 350, 351, 369, 370, 371, 372, 377, 378, 381, 382, 383, 400, 401, 402, 405, 408, 409, 411, 412, 413, 414, 415, 431, 432, 433, 435, 436, 439, 441, 442, 443, 444, 445, 462, 463, 466, 467, 470, 473, 474, 475, 476, 477, 478, 479, 493, 494, 497, 498, 504, 505, 508, 509, 510, 524, 528, 529, 534, 535, 536, 539, 540, 541, 559, 560, 565, 566, 567, 571, 572, 573, 574, 575, 590, 591, 596, 597, 603, 604, 605, 606, 607, 621, 622, 627, 628, 635, 636, 637, 638, 639, 652, 658, 659, 664, 666, 667, 668, 669, 670, 671, 689, 695, 696, 697, 698, 699, 700, 701, 702, 703, 720, 727, 728, 729, 730, 732, 733, 734, 735, 751, 759, 760, 761, 762, 763, 765, 766, 767, 782, 791, 792, 793, 794, 795, 797, 798, 799, 822, 823, 824, 826, 827, 828, 829, 830, 831, 852, 854, 855, 856, 857, 858, 859, 860, 861, 862, 863, 883, 884, 885, 886, 887, 888, 890, 891, 892, 893, 894, 895, 913, 914, 915, 916, 917, 918, 919, 920, 921, 922, 923, 924, 925, 926, 927, 944, 945, 946, 947, 948, 949, 950, 951, 952, 953, 954, 955, 958, 959, 976, 977, 978, 979, 980, 981, 982, 983, 984, 985, 986, 987, 988, 989, 990, 991, 1007, 1008, 1009, 1010, 1011, 1012, 1013, 1014, 1015, 1016, 1017, 1018, 1019, 1020, 1021, 1022, 1023]
  Element ID: 22 (index 21, pid 0)
    detF: [1.39639790185865, -0.15956851646424497, 0.589794414053143, 2.1308802141315546]
    Nodes connectivity: [22, 23, 56, 55]
      Node 22: initial=[31.5, 28.875], current=[31.979389211078644, 29.698544382419993], u=[0.47938921107864507, 0.8235443824199914]
      Node 23: initial=[33.0, 30.25], current=[32.71606448136702, 31.240861388296707], u=[-0.2839355186329812, 0.9908613882967074]
      Node 56: initial=[33.0, 31.0234375], current=[33.77636248145225, 31.85231190074064], u=[0.7763624814522558, 0.8288744007406429]
      Node 55: initial=[31.5, 29.67578125], current=[31.11283183787404, 30.62960345699969], u=[-0.38716816212596117, 0.9538222069996906]
  Element ID: 23 (index 22, pid 0)
    detF: [0.41592134649665014, 2.5925269641755464, 1.6588388410825756, -0.49856546535367074]
    Nodes connectivity: [23, 24, 57, 56]
      Node 23: initial=[33.0, 30.25], current=[32.71606448136702, 31.240861388296707], u=[-0.2839355186329812, 0.9908613882967074]
      Node 24: initial=[34.5, 31.625], current=[35.13670066728784, 32.66560223331707], u=[0.636700667287837, 1.0406022333170661]
      Node 57: initial=[34.5, 32.37109375], current=[33.73709966803055, 33.578646877958164], u=[-0.7629003319694456, 1.2075531279581655]
      Node 56: initial=[33.0, 31.0234375], current=[33.77636248145225, 31.85231190074064], u=[0.7763624814522558, 0.8288744007406429]
  Element ID: 24 (index 23, pid 0)
    detF: [1.6599702327071035, -0.8679889366866118, 0.32505428573127537, 2.8275722968804002]
    Nodes connectivity: [24, 25, 58, 57]
      Node 24: initial=[34.5, 31.625], current=[35.13670066728784, 32.66560223331707], u=[0.636700667287837, 1.0406022333170661]
      Node 25: initial=[36.0, 33.0], current=[35.3513921910614, 34.23229041329214], u=[-0.6486078089385975, 1.2322904132921433]
      Node 58: initial=[36.0, 33.71875], current=[36.981625281769475, 34.773362585505666], u=[0.9816252817694731, 1.054612585505667]
      Node 57: initial=[34.5, 32.37109375], current=[33.73709966803055, 33.578646877958164], u=[-0.7629003319694456, 1.2075531279581655]
  Element ID: 25 (index 24, pid 0)
    detF: [0.055039239056221656, 3.391305291034414, 2.0244118312834427, -1.2815878817895556]
    Nodes connectivity: [25, 26, 59, 58]
      Node 25: initial=[36.0, 33.0], current=[35.3513921910614, 34.23229041329214], u=[-0.6486078089385975, 1.2322904132921433]
      Node 26: initial=[37.5, 34.375], current=[38.33491126599484, 35.64852854934704], u=[0.8349112659948394, 1.273528549347043]
      Node 59: initial=[37.5, 35.06640625], current=[36.42147027102451, 36.53220439695741], u=[-1.0785297289754927, 1.4657981469574082]
      Node 58: initial=[36.0, 33.71875], current=[36.981625281769475, 34.773362585505666], u=[0.9816252817694731, 1.054612585505667]
  Element ID: 26 (index 25, pid 0)
    detF: [1.9680971115352424, -1.542711655130452, 0.011937213964841376, 3.486949418328597]
    Nodes connectivity: [26, 27, 60, 59]
      Node 26: initial=[37.5, 34.375], current=[38.33491126599484, 35.64852854934704], u=[0.8349112659948394, 1.273528549347043]
      Node 27: initial=[39.0, 35.75], current=[37.98803580072703, 37.251437038570444], u=[-1.0119641992729647, 1.5014370385704474]
      Node 60: initial=[39.0, 36.4140625], current=[40.0255572590089, 37.72442963230914], u=[1.0255572590088968, 1.3103671323091401]
      Node 59: initial=[37.5, 35.06640625], current=[36.42147027102451, 36.53220439695741], u=[-1.0785297289754927, 1.4657981469574082]

    [FAIL] n=32 CPE4I: stalled at t=0.0188, cutbacks=15
  32          CPE4I    numba         FAILED         6.90       -     0.0188        15
