=== Cook's membrane benchmark (Abaqus official, C10=0.4, D1=2.5e-4, 1.0N) ===
   n           elem  backend   U2_top_right    ref(H/IH)    err%  t_reached  cutbacks
   4  Q4_VISCO_SIMO      jax         6.2053         6.15   +0.90     1.0000         0
   4  Q4_VISCO_SIMO    numba         6.1868         6.15   +0.60     1.0000         0
   4          CPE4I      jax         6.3224         6.55   -3.48     1.0000         0
   4          CPE4I    numba         6.3224         6.55   -3.48     1.0000         0
   8  Q4_VISCO_SIMO      jax         6.7063         6.70   +0.09     1.0000         0
   8  Q4_VISCO_SIMO    numba         6.7030         6.70   +0.05     1.0000         0
   8          CPE4I      jax         6.6983         6.75   -0.77     1.0000         0
   8          CPE4I    numba         6.6983         6.75   -0.77     1.0000         0
  16  Q4_VISCO_SIMO      jax         6.8648         6.85   +0.22     1.0000         0
  [DIAGNOSTIC] Line search collapsed at iter 5. Inspecting element quality on trial step:

[DEBUG] Element inversion detected in element indexes: [8, 9, 10, 11, 12, 13, 14, 15, 23, 24, 25, 26, 27, 28, 29, 30, 31, 38, 39, 40, 41, 42, 43, 44, 45, 46, 47, 52, 53, 55, 57, 59, 60, 61, 62, 63, 70, 72, 74, 75, 77, 78, 79, 84, 85, 87, 88, 90, 91, 92, 93, 94, 95, 100, 101, 102, 104, 105, 107, 108, 109, 110, 111, 115, 116, 117, 118, 119, 121, 122, 123, 124, 125, 126, 127, 130, 131, 132, 133, 134, 135, 136, 138, 139, 140, 141, 142, 143, 146, 147, 148, 149, 150, 151, 152, 153, 154, 155, 156, 158, 161, 162, 163, 164, 165, 166, 167, 168, 170, 171, 172, 173, 174, 175, 177, 178, 179, 180, 181, 183, 185, 186, 187, 188, 189, 190, 191, 192, 193, 194, 195, 197, 198, 199, 200, 201, 202, 203, 204, 205, 207, 209, 211, 212, 214, 215, 216, 218, 219, 220, 222, 223, 224, 225, 226, 228, 229, 230, 231, 232, 233, 234, 235, 236, 237, 238, 239, 241, 243, 244, 245, 246, 247, 250, 252, 253, 254, 255]
  Element ID: 9 (index 8, pid 0)
    detF: [17.85920807842212, -11.143246763059256, -7.2850414483835815, 21.585852005710354]
    Nodes connectivity: [9, 10, 27, 26]
      Node 9: initial=[24.0, 22.0], current=[31.81227134465246, 39.08931029356745], u=[7.812271344652458, 17.089310293567447]
      Node 10: initial=[27.0, 24.75], current=[26.938898740738814, 61.5433053442911], u=[-0.06110125926118476, 36.7933053442911]
      Node 27: initial=[27.0, 26.515625], current=[30.940848445560217, 68.87286034314201], u=[3.9408484455602157, 42.357235343142]
      Node 26: initial=[24.0, 23.875], current=[25.645372897748985, 36.75537153194252], u=[1.6453728977489863, 12.880371531942522]
  Element ID: 10 (index 9, pid 0)
    detF: [-0.9599050428420082, -3.766499985790598, -2.4508836797313727, 0.30803402695234683]
    Nodes connectivity: [10, 11, 28, 27]
      Node 10: initial=[27.0, 24.75], current=[26.938898740738814, 61.5433053442911], u=[-0.06110125926118476, 36.7933053442911]
      Node 11: initial=[30.0, 27.5], current=[36.546330297920974, 79.72275098490309], u=[6.546330297920978, 52.22275098490309]
      Node 28: initial=[30.0, 29.15625], current=[34.74722160933973, 73.55899637305382], u=[4.747221609339733, 44.40274637305382]
      Node 27: initial=[27.0, 26.515625], current=[30.940848445560217, 68.87286034314201], u=[3.9408484455602157, 42.357235343142]
  Element ID: 11 (index 10, pid 0)
    detF: [-0.6496688284793047, -3.680601940774085, -1.6979255158317619, 1.2563444150569902]
    Nodes connectivity: [11, 12, 29, 28]
      Node 11: initial=[30.0, 27.5], current=[36.546330297920974, 79.72275098490309], u=[6.546330297920978, 52.22275098490309]
      Node 12: initial=[33.0, 30.25], current=[33.53698242653577, 68.62294150888934], u=[0.5369824265357713, 38.37294150888935]
      Node 29: initial=[33.0, 31.796875], current=[34.95650572025714, 82.47650696393825], u=[1.95650572025714, 50.67963196393824]
      Node 28: initial=[30.0, 29.15625], current=[34.74722160933973, 73.55899637305382], u=[4.747221609339733, 44.40274637305382]
  Element ID: 12 (index 11, pid 0)
    detF: [-8.642006948787149, -31.53013751560966, -19.0998194896007, 3.273174097634535]
    Nodes connectivity: [12, 13, 30, 29]
      Node 12: initial=[33.0, 30.25], current=[33.53698242653577, 68.62294150888934], u=[0.5369824265357713, 38.37294150888935]
      Node 13: initial=[36.0, 33.0], current=[34.89300045188449, 98.29281553270526], u=[-1.1069995481155084, 65.29281553270526]
      Node 30: initial=[36.0, 34.4375], current=[41.22581212726924, 93.63719446398596], u=[5.225812127269243, 59.19969446398596]
      Node 29: initial=[33.0, 31.796875], current=[34.95650572025714, 82.47650696393825], u=[1.95650572025714, 50.67963196393824]
  Element ID: 13 (index 12, pid 0)
    detF: [-3.3757526257510317, 35.58301221333835, 13.423717580369985, -24.545707832663393]
    Nodes connectivity: [13, 14, 31, 30]
      Node 13: initial=[36.0, 33.0], current=[34.89300045188449, 98.29281553270526], u=[-1.1069995481155084, 65.29281553270526]
      Node 14: initial=[39.0, 35.75], current=[48.439714847676015, 94.5687188396158], u=[9.439714847676012, 58.81871883961579]
      Node 31: initial=[39.0, 37.078125], current=[64.10257111721312, 107.62223302067765], u=[25.102571117213117, 70.54410802067765]
      Node 30: initial=[36.0, 34.4375], current=[41.22581212726924, 93.63719446398596], u=[5.225812127269243, 59.19969446398596]

  16  Q4_VISCO_SIMO    numba         6.8631         6.85   +0.19     1.0000         1
  16          CPE4I      jax         6.8478         6.85   -0.03     1.0000         0
  16          CPE4I    numba         6.8478         6.85   -0.03     1.0000         0
  32  Q4_VISCO_SIMO      jax         6.9181         6.90   +0.26     1.0000         0
  [DIAGNOSTIC] Line search collapsed at iter 4. Inspecting element quality on trial step:

[DEBUG] Element inversion detected in element indexes: [3, 4, 5, 7, 8, 16, 17, 18, 19, 22, 23, 24, 27, 28, 29, 30, 31, 34, 35, 36, 38, 39, 40, 48, 49, 50, 51, 52, 53, 55, 56, 59, 60, 61, 62, 63, 66, 67, 68, 69, 70, 75, 76, 81, 82, 83, 84, 85, 87, 88, 90, 92, 93, 95, 98, 99, 100, 102, 106, 108, 115, 116, 118, 120, 121, 127, 130, 131, 132, 133, 134, 135, 145, 148, 149, 150, 151, 152, 159, 161, 162, 163, 166, 168, 170, 171, 172, 177, 178, 180, 182, 183, 184, 185, 186, 190, 191, 193, 197, 198, 208, 209, 210, 211, 212, 213, 216, 217, 218, 219, 220, 222, 229, 230, 231, 232, 234, 241, 243, 244, 245, 246, 247, 248, 249, 250, 252, 254, 255, 263, 264, 265, 267, 268, 269, 271, 272, 273, 275, 277, 278, 279, 281, 282, 283, 284, 285, 286, 288, 292, 293, 294, 295, 296, 297, 298, 300, 303, 304, 305, 306, 307, 308, 309, 310, 311, 312, 313, 314, 315, 318, 319, 321, 322, 325, 327, 328, 329, 331, 336, 337, 338, 339, 340, 341, 342, 344, 346, 347, 348, 349, 350, 351, 354, 355, 356, 357, 358, 360, 367, 368, 369, 372, 373, 375, 376, 377, 378, 379, 380, 382, 385, 387, 388, 390, 398, 399, 400, 401, 402, 403, 404, 405, 406, 407, 408, 409, 411, 414, 415, 416, 418, 420, 422, 428, 429, 431, 434, 435, 436, 438, 440, 441, 442, 443, 444, 445, 446, 449, 451, 452, 453, 454, 455, 456, 459, 460, 463, 464, 465, 466, 469, 470, 471, 473, 474, 476, 477, 478, 479, 481, 482, 484, 486, 487, 488, 489, 490, 492, 493, 495, 497, 498, 499, 500, 501, 502, 504, 505, 506, 507, 508, 510, 511, 515, 519, 520, 521, 523, 524, 525, 530, 533, 534, 535, 536, 538, 539, 540, 541, 543, 546, 548, 549, 550, 551, 557, 558, 559, 561, 562, 563, 565, 566, 568, 569, 570, 572, 573, 574, 576, 577, 578, 579, 580, 581, 582, 583, 585, 586, 587, 588, 589, 594, 595, 596, 597, 598, 599, 601, 602, 603, 604, 605, 606, 607, 609, 611, 612, 613, 617, 619, 621, 626, 628, 629, 630, 631, 632, 633, 634, 635, 636, 637, 638, 639, 640, 641, 642, 643, 657, 658, 659, 660, 663, 665, 667, 668, 670, 672, 673, 675, 678, 683, 687, 691, 692, 693, 694, 695, 697, 699, 701, 703, 704, 705, 706, 707, 708, 711, 715, 716, 717, 718, 719, 725, 726, 732, 733, 734, 738, 740, 742, 753, 755, 757, 759, 761, 762, 771, 783, 787, 790, 792, 794, 795, 806, 812, 819, 822, 826, 827, 829, 847, 851, 852, 855, 856, 859, 860, 861, 872, 877, 883, 888, 889, 890, 891, 892, 894, 895, 912, 916, 918, 921, 925, 943, 945, 946, 948, 949, 950, 951, 953, 954, 955, 956, 958, 978, 980, 981, 982, 983, 984, 986, 988, 989, 990, 1009, 1010, 1011, 1012, 1013, 1014, 1015, 1016, 1017, 1018, 1019, 1021]
  Element ID: 4 (index 3, pid 0)
    detF: [2.8751051018952607, -1.9670729051992715, -1.5522050000892071, 3.2848848030021895]
    Nodes connectivity: [4, 5, 38, 37]
      Node 4: initial=[4.5, 4.125], current=[3.7158467003230236, 0.0351524004749173], u=[-0.7841532996769766, -4.089847599525083]
      Node 5: initial=[6.0, 5.5], current=[8.579172905147725, 1.9384605139135171], u=[2.5791729051477255, -3.561539486086483]
      Node 38: initial=[6.0, 6.765625], current=[7.4557985069834, -0.03223558372806146], u=[1.4557985069834, -6.7978605837280615]
      Node 37: initial=[4.5, 5.41796875], current=[5.918437800135672, 2.679190572808874], u=[1.4184378001356721, -2.738778177191126]
  Element ID: 5 (index 4, pid 0)
    detF: [-1.7498865301437345, -3.0982816625590743, 1.9764886086219922, 3.261292665409314]
    Nodes connectivity: [5, 6, 39, 38]
      Node 5: initial=[6.0, 5.5], current=[8.579172905147725, 1.9384605139135171], u=[2.5791729051477255, -3.561539486086483]
      Node 6: initial=[7.5, 6.875], current=[10.701237124434913, 0.438198884968533], u=[3.2012371244349125, -6.436801115031467]
      Node 39: initial=[7.5, 8.11328125], current=[2.8247707522633183, 1.2218709810961998], u=[-4.675229247736682, -6.8914102689038]
      Node 38: initial=[6.0, 6.765625], current=[7.4557985069834, -0.03223558372806146], u=[1.4557985069834, -6.7978605837280615]
  Element ID: 6 (index 5, pid 0)
    detF: [35.90546294657039, -0.301790548258002, 1.3614838643101215, 37.547432757075505]
    Nodes connectivity: [6, 7, 40, 39]
      Node 6: initial=[7.5, 6.875], current=[10.701237124434913, 0.438198884968533], u=[3.2012371244349125, -6.436801115031467]
      Node 7: initial=[9.0, 8.25], current=[4.871983432343767, 12.415143582300736], u=[-4.128016567656233, 4.165143582300737]
      Node 40: initial=[9.0, 9.4609375], current=[6.825940952287778, 12.888268073509344], u=[-2.1740590477122224, 3.427330573509344]
      Node 39: initial=[7.5, 8.11328125], current=[2.8247707522633183, 1.2218709810961998], u=[-4.675229247736682, -6.8914102689038]
  Element ID: 8 (index 7, pid 0)
    detF: [0.4920723839507726, 2.5668665501778873, 0.6265353963527569, -1.4222514200534029]
    Nodes connectivity: [8, 9, 42, 41]
      Node 8: initial=[10.5, 9.625], current=[6.409946343812401, 4.951577723216204], u=[-4.090053656187599, -4.673422276783796]
      Node 9: initial=[12.0, 11.0], current=[11.724792164060373, 11.289281903797265], u=[-0.2752078359396273, 0.28928190379726476]
      Node 42: initial=[12.0, 12.15625], current=[8.904897394348797, 9.249688452799507], u=[-3.0951026056512028, -2.9065615472004924]
      Node 41: initial=[10.5, 10.80859375], current=[10.52176729820442, 10.00296384822824], u=[0.021767298204420346, -0.8056299017717597]
  Element ID: 9 (index 8, pid 0)
    detF: [0.7551254979157096, -0.10196582714130364, 0.06434402375925707, 0.9191532233116746]
    Nodes connectivity: [9, 10, 43, 42]
      Node 9: initial=[12.0, 11.0], current=[11.724792164060373, 11.289281903797265], u=[-0.2752078359396273, 0.28928190379726476]
      Node 10: initial=[13.5, 12.375], current=[12.283945606012526, 12.310760823263958], u=[-1.2160543939874744, -0.06423917673604107]
      Node 43: initial=[13.5, 13.50390625], current=[13.766603352223648, 13.557013005217023], u=[0.266603352223648, 0.05310675521702335]
      Node 42: initial=[12.0, 12.15625], current=[8.904897394348797, 9.249688452799507], u=[-3.0951026056512028, -2.9065615472004924]

  [DIAGNOSTIC] Line search collapsed at iter 3. Inspecting element quality on trial step:

[DEBUG] Element inversion detected in element indexes: [5, 7, 8, 9, 10, 11, 16, 17, 20, 21, 22, 29, 31, 39, 41, 45, 46, 47, 48, 49, 53, 55, 56, 61, 62, 63, 72, 73, 74, 75, 77, 79, 80, 82, 85, 86, 94, 95, 99, 103, 104, 105, 106, 107, 108, 109, 110, 111, 113, 114, 115, 118, 123, 127, 130, 138, 139, 143, 144, 147, 148, 149, 158, 159, 163, 169, 170, 171, 172, 173, 174, 175, 177, 178, 179, 184, 185, 189, 191, 194, 197, 199, 201, 202, 204, 206, 207, 208, 209, 210, 211, 221, 223, 225, 228, 233, 235, 238, 240, 241, 242, 243, 244, 255, 268, 270, 272, 273, 274, 275, 284, 287, 300, 301, 302, 303, 304, 305, 307, 308, 309, 311, 319, 330, 331, 332, 333, 335, 336, 337, 338, 339, 340, 344, 359, 360, 361, 362, 364, 366, 368, 369, 370, 371, 372, 373, 391, 393, 394, 398, 400, 401, 402, 403, 404, 406, 407, 410, 413, 424, 427, 428, 430, 431, 432, 433, 434, 435, 441, 446, 455, 457, 458, 459, 460, 461, 466, 470, 477, 479, 486, 487, 489, 490, 492, 493, 494, 495, 496, 498, 510, 511, 517, 518, 519, 520, 521, 522, 523, 524, 527, 528, 530, 541, 543, 549, 550, 551, 552, 553, 554, 556, 558, 559, 561, 579, 580, 581, 582, 583, 584, 585, 587, 588, 589, 590, 592, 595, 606, 610, 611, 612, 613, 614, 615, 617, 618, 620, 621, 622, 623, 624, 625, 626, 641, 642, 643, 644, 645, 646, 648, 650, 651, 652, 653, 654, 655, 657, 658, 661, 662, 664, 674, 675, 676, 677, 678, 680, 681, 682, 683, 685, 686, 688, 689, 690, 691, 692, 695, 697, 699, 707, 708, 709, 710, 711, 712, 713, 714, 717, 719, 720, 721, 723, 739, 740, 742, 743, 744, 745, 746, 747, 748, 749, 750, 751, 768, 772, 774, 775, 776, 777, 778, 780, 781, 786, 788, 791, 801, 803, 804, 805, 807, 808, 810, 811, 812, 813, 814, 820, 822, 825, 832, 833, 834, 835, 836, 837, 838, 839, 840, 841, 843, 845, 846, 849, 850, 851, 854, 855, 856, 865, 866, 867, 869, 870, 871, 872, 873, 874, 875, 876, 878, 882, 885, 886, 896, 898, 901, 902, 903, 904, 905, 906, 907, 909, 913, 914, 917, 929, 930, 931, 932, 934, 935, 936, 938, 941, 944, 947, 948, 949, 952, 962, 963, 964, 966, 968, 969, 970, 971, 980, 982, 983, 985, 993, 995, 998, 999, 1000, 1003, 1005, 1011, 1012, 1013, 1014]
  Element ID: 6 (index 5, pid 0)
    detF: [0.17741819572409012, -0.1250470956094693, 0.9571324094879055, 1.2457362456444818]
    Nodes connectivity: [6, 7, 40, 39]
      Node 6: initial=[7.5, 6.875], current=[5.185669919055277, 10.562647296049823], u=[-2.3143300809447225, 3.6876472960498234]
      Node 7: initial=[9.0, 8.25], current=[4.648440542183304, 10.919096432883585], u=[-4.351559457816696, 2.669096432883584]
      Node 40: initial=[9.0, 9.4609375], current=[5.097253546561254, 12.77073400368132], u=[-3.9027464534387457, 3.3097965036813184]
      Node 39: initial=[7.5, 8.11328125], current=[3.668489917510906, 11.925425350272963], u=[-3.831510082489094, 3.8121441002729624]
  Element ID: 8 (index 7, pid 0)
    detF: [1.458713698016951, -0.8419383386099119, -0.38213813314608785, 1.9123509427059275]
    Nodes connectivity: [8, 9, 42, 41]
      Node 8: initial=[10.5, 9.625], current=[6.661660589139196, 9.794375023919335], u=[-3.838339410860804, 0.1693750239193345]
      Node 9: initial=[12.0, 11.0], current=[11.33577530820695, 9.587946621268063], u=[-0.6642246917930497, -1.412053378731937]
      Node 42: initial=[12.0, 12.15625], current=[11.751197042099319, 8.876133645275646], u=[-0.24880295790068102, -3.280116354724354]
      Node 41: initial=[10.5, 10.80859375], current=[8.180983629134074, 10.532614234462232], u=[-2.3190163708659264, -0.275979515537768]
  Element ID: 9 (index 8, pid 0)
    detF: [-1.7024205452685475, -1.3638796251320247, -2.3746392939186576, -2.6993104378112465]
    Nodes connectivity: [9, 10, 43, 42]
      Node 9: initial=[12.0, 11.0], current=[11.33577530820695, 9.587946621268063], u=[-0.6642246917930497, -1.412053378731937]
      Node 10: initial=[13.5, 12.375], current=[12.642369093191656, 13.448608726744853], u=[-0.8576309068083435, 1.0736087267448526]
      Node 43: initial=[13.5, 13.50390625], current=[14.419224750646002, 17.57676971144723], u=[0.9192247506460027, 4.07286346144723]
      Node 42: initial=[12.0, 12.15625], current=[11.751197042099319, 8.876133645275646], u=[-0.24880295790068102, -3.280116354724354]
  Element ID: 10 (index 9, pid 0)
    detF: [5.045995702004602, -0.6929073853565323, -0.07969620964171842, 5.650587452272912]
    Nodes connectivity: [10, 11, 44, 43]
      Node 10: initial=[13.5, 12.375], current=[12.642369093191656, 13.448608726744853], u=[-0.8576309068083435, 1.0736087267448526]
      Node 11: initial=[15.0, 13.75], current=[15.905539424962711, 14.467222319116548], u=[0.9055394249627122, 0.7172223191165483]
      Node 44: initial=[15.0, 14.8515625], current=[15.628720397484999, 12.831222725330313], u=[0.628720397484999, -2.0203397746696874]
      Node 43: initial=[13.5, 13.50390625], current=[14.419224750646002, 17.57676971144723], u=[0.9192247506460027, 4.07286346144723]
  Element ID: 11 (index 10, pid 0)
    detF: [-2.6758327340223436, 1.0282752728061049, 0.5473513219698634, -3.1498280310102915]
    Nodes connectivity: [11, 12, 45, 44]
      Node 11: initial=[15.0, 13.75], current=[15.905539424962711, 14.467222319116548], u=[0.9055394249627122, 0.7172223191165483]
      Node 12: initial=[16.5, 15.125], current=[19.31334058090205, 11.73095048915773], u=[2.8133405809020493, -3.394049510842271]
      Node 45: initial=[16.5, 16.19921875], current=[20.221825276722807, 12.225312800515455], u=[3.721825276722808, -3.973905949484544]
      Node 44: initial=[15.0, 14.8515625], current=[15.628720397484999, 12.831222725330313], u=[0.628720397484999, -2.0203397746696874]

  [DIAGNOSTIC] Line search collapsed at iter 3. Inspecting element quality on trial step:

[DEBUG] Element inversion detected in element indexes: [17, 19, 20, 21, 23, 25, 27, 29, 30, 31, 48, 49, 50, 51, 52, 54, 55, 57, 58, 59, 61, 62, 63, 79, 80, 81, 82, 86, 87, 88, 89, 90, 91, 92, 93, 94, 113, 117, 118, 119, 120, 121, 122, 123, 125, 126, 127, 144, 148, 149, 150, 151, 152, 153, 154, 155, 156, 157, 158, 159, 180, 181, 182, 183, 184, 185, 186, 188, 190, 191, 212, 213, 216, 217, 218, 220, 222, 223, 243, 244, 246, 247, 250, 251, 253, 254, 255, 274, 275, 277, 278, 280, 281, 283, 284, 285, 286, 287, 308, 309, 310, 311, 313, 315, 316, 317, 318, 319, 338, 339, 340, 341, 342, 343, 346, 347, 348, 349, 350, 351, 370, 371, 372, 373, 375, 376, 377, 378, 379, 380, 382, 383, 401, 402, 403, 405, 406, 408, 411, 412, 413, 414, 433, 436, 438, 439, 441, 442, 443, 445, 446, 462, 464, 465, 468, 469, 470, 471, 472, 474, 475, 476, 477, 478, 479, 493, 494, 496, 498, 499, 501, 502, 503, 504, 505, 506, 507, 508, 509, 511, 525, 528, 532, 533, 534, 535, 536, 537, 538, 540, 541, 542, 560, 561, 562, 563, 565, 566, 567, 568, 569, 570, 572, 574, 575, 591, 593, 594, 598, 599, 600, 601, 602, 603, 604, 605, 606, 607, 623, 625, 626, 627, 628, 629, 630, 631, 634, 635, 636, 637, 638, 655, 657, 658, 659, 661, 662, 663, 664, 665, 666, 667, 668, 669, 670, 688, 690, 691, 692, 694, 696, 698, 699, 700, 702, 703, 718, 720, 721, 722, 725, 727, 728, 730, 731, 733, 734, 752, 753, 754, 757, 758, 759, 760, 761, 762, 763, 764, 765, 766, 767, 784, 785, 786, 787, 788, 789, 790, 791, 792, 794, 796, 797, 799, 815, 816, 817, 818, 820, 821, 822, 823, 824, 825, 826, 827, 829, 831, 842, 847, 848, 849, 850, 851, 854, 855, 856, 858, 859, 860, 861, 862, 863, 873, 874, 879, 880, 881, 883, 884, 885, 886, 887, 888, 889, 890, 891, 892, 893, 895, 905, 906, 910, 911, 912, 913, 914, 915, 916, 917, 918, 920, 921, 922, 923, 924, 925, 927, 936, 937, 938, 939, 940, 941, 943, 944, 947, 948, 949, 950, 951, 952, 953, 954, 955, 956, 957, 958, 968, 969, 970, 971, 973, 974, 976, 977, 978, 979, 980, 982, 984, 985, 987, 988, 989, 990, 1001, 1002, 1003, 1004, 1006, 1007, 1008, 1009, 1011, 1012, 1014, 1015, 1016, 1017, 1019, 1020, 1021, 1022]
  Element ID: 18 (index 17, pid 0)
    detF: [1.0193450519066611, -0.6093096886740865, -0.46827480976831554, 1.157918010071688]
    Nodes connectivity: [18, 19, 52, 51]
      Node 18: initial=[25.5, 23.375], current=[27.19149522997176, 20.516886872500443], u=[1.6914952299717616, -2.8581131274995575]
      Node 19: initial=[27.0, 24.75], current=[30.888323719682663, 23.759113394400256], u=[3.8883237196826643, -0.9908866055997432]
      Node 52: initial=[27.0, 25.6328125], current=[30.53768371206361, 22.995970291121857], u=[3.5376837120636093, -2.6368422088781434]
      Node 51: initial=[25.5, 24.28515625], current=[28.346907809951958, 22.102981477298837], u=[2.8469078099519587, -2.182174772701162]
  Element ID: 20 (index 19, pid 0)
    detF: [0.5879424830251017, -20.896196504127584, -15.490194672401403, 5.893502868563227]
    Nodes connectivity: [20, 21, 54, 53]
      Node 20: initial=[28.5, 26.125], current=[31.61593903254716, 25.48538174424158], u=[3.115939032547159, -0.6396182557584212]
      Node 21: initial=[30.0, 27.5], current=[36.95711436590613, 33.91306747095509], u=[6.957114365906129, 6.413067470955092]
      Node 54: initial=[30.0, 28.328125], current=[39.43413278727624, 30.621809196961575], u=[9.434132787276242, 2.293684196961576]
      Node 53: initial=[28.5, 26.98046875], current=[32.71996073143457, 28.746852704999554], u=[4.219960731434572, 1.7663839549995561]
  Element ID: 21 (index 20, pid 0)
    detF: [-0.7945692633383707, 13.020205646998935, 38.458534292672816, 24.15540945489188]
    Nodes connectivity: [21, 22, 55, 54]
      Node 21: initial=[30.0, 27.5], current=[36.95711436590613, 33.91306747095509], u=[6.957114365906129, 6.413067470955092]
      Node 22: initial=[31.5, 28.875], current=[41.797192238049675, 34.89795624342979], u=[10.297192238049675, 6.022956243429787]
      Node 55: initial=[31.5, 29.67578125], current=[26.320929369815197, 33.94127062268378], u=[-5.179070630184802, 4.265489372683782]
      Node 54: initial=[30.0, 28.328125], current=[39.43413278727624, 30.621809196961575], u=[9.434132787276242, 2.293684196961576]
  Element ID: 22 (index 21, pid 0)
    detF: [253.096352080394, -13.78170015741226, 5.006928476465399, 271.5118819144081]
    Nodes connectivity: [22, 23, 56, 55]
      Node 22: initial=[31.5, 28.875], current=[41.797192238049675, 34.89795624342979], u=[10.297192238049675, 6.022956243429787]
      Node 23: initial=[33.0, 30.25], current=[23.303305567875967, 60.25658537297144], u=[-9.696694432124032, 30.006585372971443]
      Node 56: initial=[33.0, 31.0234375], current=[26.890313982652195, 62.93607658054039], u=[-6.109686017347806, 31.912639080540384]
      Node 55: initial=[31.5, 29.67578125], current=[26.320929369815197, 33.94127062268378], u=[-5.179070630184802, 4.265489372683782]
  Element ID: 24 (index 23, pid 0)
    detF: [-10.128962903917085, -1.2510915471805304, -2.1314335978969665, -10.990532020844718]
    Nodes connectivity: [24, 25, 58, 57]
      Node 24: initial=[34.5, 31.625], current=[26.586539795801052, 48.020812542106185], u=[-7.91346020419895, 16.39581254210619]
      Node 25: initial=[36.0, 33.0], current=[27.998032871553015, 59.928400477681386], u=[-8.001967128446985, 26.928400477681386]
      Node 58: initial=[36.0, 33.71875], current=[27.874625089382743, 60.736327807181056], u=[-8.125374910617257, 27.017577807181056]
      Node 57: initial=[34.5, 32.37109375], current=[28.169207872159777, 51.08753575410128], u=[-6.3307921278402235, 18.716442004101282]

  [DIAGNOSTIC] Line search collapsed at iter 4. Inspecting element quality on trial step:

[DEBUG] Element inversion detected in element indexes: [9, 10, 11, 12, 13, 14, 15, 16, 17, 18, 19, 20, 21, 23, 24, 25, 26, 27, 28, 29, 30, 31, 41, 42, 43, 44, 45, 46, 47, 48, 49, 50, 51, 52, 54, 55, 57, 58, 59, 60, 62, 63, 72, 73, 74, 75, 76, 77, 78, 79, 80, 81, 82, 83, 84, 85, 86, 87, 88, 89, 90, 91, 92, 94, 105, 107, 109, 110, 111, 112, 113, 114, 115, 116, 117, 118, 119, 121, 122, 123, 124, 125, 127, 141, 142, 143, 144, 145, 146, 147, 148, 149, 150, 151, 152, 153, 154, 155, 156, 157, 158, 159, 172, 173, 174, 175, 176, 178, 180, 181, 182, 185, 186, 187, 188, 189, 191, 205, 206, 207, 208, 209, 210, 212, 213, 214, 216, 218, 219, 221, 222, 223, 238, 239, 240, 241, 242, 243, 244, 245, 246, 247, 248, 250, 251, 253, 254, 255, 269, 270, 271, 272, 273, 274, 275, 276, 277, 278, 279, 281, 282, 283, 284, 285, 286, 287, 298, 299, 300, 301, 302, 303, 304, 305, 306, 307, 308, 309, 310, 311, 313, 315, 317, 318, 319, 329, 330, 331, 332, 333, 334, 335, 336, 337, 338, 339, 340, 341, 342, 343, 345, 346, 348, 350, 351, 360, 361, 362, 363, 364, 365, 366, 367, 368, 369, 370, 371, 372, 373, 374, 375, 377, 378, 380, 382, 383, 391, 392, 393, 394, 395, 396, 397, 398, 399, 400, 401, 402, 403, 404, 405, 406, 407, 408, 411, 413, 414, 415, 423, 424, 425, 426, 427, 428, 429, 430, 431, 432, 433, 434, 435, 436, 437, 438, 439, 440, 442, 443, 445, 447, 454, 455, 456, 457, 458, 459, 460, 461, 462, 463, 464, 465, 466, 467, 468, 469, 471, 472, 473, 474, 476, 477, 478, 479, 486, 487, 488, 489, 490, 491, 492, 493, 494, 495, 496, 497, 498, 499, 500, 501, 502, 505, 506, 507, 508, 509, 510, 511, 517, 518, 519, 520, 521, 522, 523, 524, 525, 526, 527, 529, 530, 531, 532, 533, 534, 535, 536, 539, 540, 541, 542, 543, 548, 549, 550, 551, 552, 553, 554, 555, 556, 558, 561, 562, 563, 564, 565, 567, 568, 570, 572, 573, 574, 575, 581, 582, 583, 585, 587, 592, 593, 594, 595, 596, 597, 598, 600, 601, 602, 604, 605, 606, 607, 612, 614, 616, 623, 624, 625, 626, 627, 628, 629, 631, 632, 633, 634, 635, 636, 637, 638, 639, 652, 653, 654, 655, 656, 657, 658, 659, 660, 661, 662, 663, 664, 666, 667, 668, 669, 670, 671, 683, 684, 685, 686, 687, 688, 689, 690, 691, 692, 694, 695, 696, 698, 699, 700, 701, 702, 703, 714, 715, 716, 717, 718, 719, 720, 721, 722, 723, 724, 725, 726, 727, 728, 729, 731, 732, 733, 734, 735, 745, 746, 747, 748, 749, 750, 751, 752, 753, 754, 755, 756, 757, 758, 759, 760, 761, 763, 764, 765, 766, 767, 776, 777, 778, 779, 780, 781, 782, 783, 784, 785, 786, 787, 788, 789, 790, 791, 792, 794, 795, 796, 797, 799, 807, 808, 809, 810, 811, 812, 813, 814, 815, 816, 817, 818, 819, 820, 821, 822, 824, 825, 826, 827, 828, 829, 830, 831, 840, 841, 842, 843, 844, 845, 846, 847, 848, 849, 850, 851, 852, 853, 854, 855, 856, 858, 859, 860, 862, 863, 871, 872, 873, 874, 875, 876, 877, 878, 879, 880, 882, 883, 884, 885, 886, 887, 888, 889, 890, 891, 892, 893, 894, 895, 904, 905, 906, 907, 908, 909, 910, 911, 912, 913, 914, 915, 916, 917, 919, 920, 921, 922, 923, 924, 926, 927, 935, 937, 939, 941, 942, 943, 944, 945, 946, 947, 949, 951, 952, 954, 955, 956, 957, 959, 974, 975, 976, 977, 979, 980, 981, 982, 983, 984, 985, 986, 988, 989, 990, 1006, 1007, 1009, 1014, 1015, 1016, 1017, 1019, 1020, 1021, 1022, 1023]
  Element ID: 10 (index 9, pid 0)
    detF: [1.0743345447695662, 2.002831039837878, 0.7594121041641672, -0.15160663244300987]
    Nodes connectivity: [10, 11, 44, 43]
      Node 10: initial=[13.5, 12.375], current=[12.03840661731714, 8.638936759833605], u=[-1.46159338268286, -3.736063240166395]
      Node 11: initial=[15.0, 13.75], current=[14.578840432572783, 9.833120274523651], u=[-0.42115956742721705, -3.9168797254763494]
      Node 44: initial=[15.0, 14.8515625], current=[12.758350081244362, 10.80298541004797], u=[-2.241649918755637, -4.048577089952031]
      Node 43: initial=[13.5, 13.50390625], current=[13.208627005705868, 9.980501530366102], u=[-0.29137299429413294, -3.5234047196338993]
  Element ID: 11 (index 10, pid 0)
    detF: [0.780393748983731, -0.21387615660318132, 1.077343886521447, 2.0530112319629685]
    Nodes connectivity: [11, 12, 45, 44]
      Node 11: initial=[15.0, 13.75], current=[14.578840432572783, 9.833120274523651], u=[-0.42115956742721705, -3.9168797254763494]
      Node 12: initial=[16.5, 15.125], current=[14.109122056488422, 10.694955535039512], u=[-2.3908779435115783, -4.430044464960489]
      Node 45: initial=[16.5, 16.19921875], current=[15.374071903863154, 12.011206870316272], u=[-1.1259280961368452, -4.188011879683729]
      Node 44: initial=[15.0, 14.8515625], current=[12.758350081244362, 10.80298541004797], u=[-2.241649918755637, -4.048577089952031]
  Element ID: 12 (index 11, pid 0)
    detF: [1.0928102094753913, 2.021197027228889, 0.617138088019358, -0.2905028187029767]
    Nodes connectivity: [12, 13, 46, 45]
      Node 12: initial=[16.5, 15.125], current=[14.109122056488422, 10.694955535039512], u=[-2.3908779435115783, -4.430044464960489]
      Node 13: initial=[18.0, 16.5], current=[16.693309183165976, 11.774564133989013], u=[-1.3066908168340228, -4.7254358660109865]
      Node 46: initial=[18.0, 17.546875], current=[14.633726825517906, 12.667086452325565], u=[-3.366273174482094, -4.879788547674435]
      Node 45: initial=[16.5, 16.19921875], current=[15.374071903863154, 12.011206870316272], u=[-1.1259280961368452, -4.188011879683729]
  Element ID: 13 (index 12, pid 0)
    detF: [0.6223316445640072, -0.36605550780865626, 1.120852531842658, 2.0866925923243307]
    Nodes connectivity: [13, 14, 47, 46]
      Node 13: initial=[18.0, 16.5], current=[16.693309183165976, 11.774564133989013], u=[-1.3066908168340228, -4.7254358660109865]
      Node 14: initial=[19.5, 17.875], current=[15.919251526296579, 12.448236878821833], u=[-3.5807484737034216, -5.426763121178167]
      Node 47: initial=[19.5, 18.89453125], current=[17.318217681609823, 13.7651376836852], u=[-2.181782318390177, -5.129393566314799]
      Node 46: initial=[18.0, 17.546875], current=[14.633726825517906, 12.667086452325565], u=[-3.366273174482094, -4.879788547674435]
  Element ID: 14 (index 13, pid 0)
    detF: [1.173014249056272, 1.9256859484825863, 0.34271146541868147, -0.3853089650802864]
    Nodes connectivity: [14, 15, 48, 47]
      Node 14: initial=[19.5, 17.875], current=[15.919251526296579, 12.448236878821833], u=[-3.5807484737034216, -5.426763121178167]
      Node 15: initial=[21.0, 19.25], current=[18.586840027787034, 13.351848321666857], u=[-2.413159972212968, -5.898151678333143]
      Node 48: initial=[21.0, 20.2421875], current=[16.30129092222624, 14.134198435141002], u=[-4.69870907777376, -6.107989064858998]
      Node 47: initial=[19.5, 18.89453125], current=[17.318217681609823, 13.7651376836852], u=[-2.181782318390177, -5.129393566314799]

  [DIAGNOSTIC] Line search collapsed at iter 6. Inspecting element quality on trial step:

[DEBUG] Element inversion detected in element indexes: [6, 10, 11, 15, 17, 18, 19, 20, 21, 22, 23, 24, 26, 27, 28, 29, 30, 31, 37, 39, 40, 41, 42, 45, 46, 47, 49, 50, 51, 53, 54, 55, 56, 57, 59, 60, 61, 62, 63, 68, 70, 71, 72, 73, 74, 76, 77, 78, 79, 80, 81, 82, 83, 84, 85, 86, 88, 89, 90, 91, 92, 93, 94, 95, 101, 102, 103, 104, 105, 107, 108, 109, 110, 111, 112, 113, 114, 116, 117, 119, 120, 121, 122, 123, 124, 125, 126, 127, 132, 133, 134, 135, 136, 137, 138, 139, 140, 141, 142, 143, 144, 145, 146, 147, 149, 150, 152, 153, 154, 155, 157, 158, 159, 163, 164, 165, 166, 167, 168, 169, 170, 171, 172, 173, 174, 175, 176, 177, 178, 179, 180, 181, 182, 184, 186, 188, 190, 191, 195, 196, 197, 198, 199, 200, 201, 202, 203, 204, 206, 207, 209, 210, 211, 212, 214, 215, 216, 217, 218, 219, 220, 221, 222, 223, 227, 228, 229, 230, 231, 232, 233, 234, 235, 236, 237, 238, 239, 240, 242, 243, 244, 245, 247, 248, 250, 251, 252, 254, 255, 259, 261, 262, 263, 264, 265, 266, 267, 268, 269, 270, 271, 272, 274, 275, 276, 277, 278, 279, 280, 281, 282, 283, 284, 285, 286, 293, 294, 295, 296, 297, 298, 299, 300, 301, 302, 303, 304, 305, 306, 307, 309, 310, 311, 312, 313, 314, 315, 317, 318, 319, 324, 325, 326, 327, 328, 329, 330, 331, 333, 335, 336, 337, 338, 339, 340, 341, 342, 343, 344, 345, 346, 348, 349, 350, 355, 356, 357, 358, 359, 360, 361, 362, 363, 364, 365, 366, 368, 369, 370, 371, 373, 374, 375, 376, 378, 379, 380, 381, 382, 388, 389, 390, 391, 392, 393, 394, 395, 397, 398, 399, 400, 401, 402, 403, 404, 405, 406, 407, 408, 409, 413, 419, 420, 421, 423, 424, 425, 426, 427, 428, 430, 432, 433, 434, 435, 436, 437, 439, 441, 442, 443, 444, 446, 452, 455, 456, 457, 458, 459, 460, 461, 462, 463, 464, 465, 466, 467, 468, 469, 470, 472, 473, 474, 476, 478, 486, 487, 488, 489, 490, 491, 492, 494, 496, 498, 499, 500, 501, 502, 503, 504, 505, 506, 507, 508, 509, 510, 511, 517, 519, 520, 521, 522, 523, 525, 526, 527, 528, 529, 531, 534, 535, 538, 539, 540, 541, 542, 543, 550, 551, 552, 553, 554, 555, 556, 557, 558, 559, 560, 562, 564, 565, 566, 567, 568, 569, 570, 571, 572, 573, 574, 575, 582, 584, 585, 586, 587, 588, 589, 591, 592, 593, 594, 595, 596, 597, 598, 599, 600, 602, 603, 604, 605, 606, 613, 614, 615, 616, 617, 618, 619, 620, 621, 622, 623, 624, 626, 627, 628, 630, 632, 633, 634, 635, 636, 638, 639, 644, 645, 646, 647, 648, 649, 650, 651, 652, 653, 655, 656, 657, 658, 660, 668, 677, 678, 679, 680, 681, 682, 683, 684, 686, 687, 688, 689, 691, 692, 697, 698, 700, 701, 711, 712, 713, 714, 715, 716, 717, 718, 719, 720, 721, 722, 723, 729, 731, 734, 735, 742, 743, 744, 745, 746, 747, 749, 750, 751, 752, 754, 755, 765, 774, 775, 776, 777, 778, 779, 780, 781, 782, 783, 784, 792, 793, 797, 799, 806, 807, 808, 809, 810, 811, 813, 815, 819, 823, 824, 827, 828, 829, 830, 831, 838, 839, 840, 842, 843, 844, 847, 852, 855, 858, 859, 863, 868, 869, 870, 871, 873, 875, 877, 878, 879, 880, 887, 888, 890, 891, 892, 900, 901, 902, 903, 906, 908, 909, 911, 921, 922, 923, 925, 927, 928, 932, 933, 934, 935, 936, 937, 939, 941, 942, 953, 954, 955, 960, 961, 962, 965, 966, 970, 972, 973, 987, 994, 1000, 1001, 1002, 1003, 1004, 1005, 1007, 1015, 1016, 1019, 1020]
  Element ID: 7 (index 6, pid 0)
    detF: [0.9588751710524002, 2.965480931560293, 1.7434473418865355, -0.24715045047394435]
    Nodes connectivity: [7, 8, 41, 40]
      Node 7: initial=[9.0, 8.25], current=[8.633607288898904, 9.468647870809857], u=[-0.3663927111010954, 1.2186478708098574]
      Node 8: initial=[10.5, 9.625], current=[10.97189469239031, 11.95469699970389], u=[0.4718946923903096, 2.32969699970389]
      Node 41: initial=[10.5, 10.80859375], current=[8.765700949210517, 12.769784724091044], u=[-1.7342990507894829, 1.9611909740910445]
      Node 40: initial=[9.0, 9.4609375], current=[9.461354551232887, 10.874460190462433], u=[0.46135455123288627, 1.4135226904624327]
  Element ID: 11 (index 10, pid 0)
    detF: [-0.3707029108253137, -0.8172310611874942, -0.4487119946669066, -0.0074930850775763586]
    Nodes connectivity: [11, 12, 45, 44]
      Node 11: initial=[15.0, 13.75], current=[8.163303778337966, 19.849379100750156], u=[-6.8366962216620335, 6.099379100750156]
      Node 12: initial=[16.5, 15.125], current=[5.261343977203394, 21.10578068508129], u=[-11.238656022796606, 5.98078068508129]
      Node 45: initial=[16.5, 16.19921875], current=[1.9198732880135747, 23.174112874060793], u=[-14.580126711986425, 6.974894124060794]
      Node 44: initial=[15.0, 14.8515625], current=[5.451031952199466, 21.218789876467465], u=[-9.548968047800534, 6.367227376467466]
  Element ID: 12 (index 11, pid 0)
    detF: [-5.965318677236773, 12.910140573792223, 25.799189081524524, 6.733285507860245]
    Nodes connectivity: [12, 13, 46, 45]
      Node 12: initial=[16.5, 15.125], current=[5.261343977203394, 21.10578068508129], u=[-11.238656022796606, 5.98078068508129]
      Node 13: initial=[18.0, 16.5], current=[0.5476063222679599, 15.652880179716927], u=[-17.45239367773204, -0.8471198202830726]
      Node 46: initial=[18.0, 17.546875], current=[9.342939670486222, 20.75789276522775], u=[-8.657060329513778, 3.2110177652277505]
      Node 45: initial=[16.5, 16.19921875], current=[1.9198732880135747, 23.174112874060793], u=[-14.580126711986425, 6.974894124060794]
  Element ID: 16 (index 15, pid 0)
    detF: [14.169604477952245, -15.570136528439765, -6.895472002277089, 22.701477640328246]
    Nodes connectivity: [16, 17, 50, 49]
      Node 16: initial=[22.5, 20.625], current=[28.99920720057276, 19.234307233901106], u=[6.4992072005727595, -1.390692766098895]
      Node 17: initial=[24.0, 22.0], current=[19.77897771280685, 21.352281380498866], u=[-4.221022287193149, -0.6477186195011344]
      Node 50: initial=[24.0, 22.9375], current=[27.14424490428373, 24.220809858393796], u=[3.144244904283731, 1.2833098583937956]
      Node 49: initial=[22.5, 21.58984375], current=[18.83447628244307, 18.161876368118055], u=[-3.6655237175569306, -3.427967381881945]
  Element ID: 18 (index 17, pid 0)
    detF: [-32.70833996654238, 26.611606264653776, 27.46113571664911, -31.873639996402694]
    Nodes connectivity: [18, 19, 52, 51]
      Node 18: initial=[25.5, 23.375], current=[26.65147056614183, 5.418691965893462], u=[1.1514705661418292, -17.956308034106538]
      Node 19: initial=[27.0, 24.75], current=[37.214857353634976, 23.787929708690484], u=[10.214857353634976, -0.9620702913095169]
      Node 52: initial=[27.0, 25.6328125], current=[30.473242704644996, 18.149719683869243], u=[3.473242704644995, -7.483092816130755]
      Node 51: initial=[25.5, 24.28515625], current=[34.09123087918722, 11.34986523851999], u=[8.591230879187226, -12.93529101148001]

  [DIAGNOSTIC] Line search collapsed at iter 7. Inspecting element quality on trial step:

[DEBUG] Element inversion detected in element indexes: [1, 2, 3, 4, 5, 6, 7, 8, 9, 10, 11, 12, 13, 14, 15, 16, 17, 18, 19, 20, 21, 22, 23, 24, 27, 28, 29, 32, 33, 34, 35, 36, 37, 38, 39, 40, 41, 42, 43, 44, 45, 46, 47, 48, 49, 50, 51, 52, 53, 54, 55, 59, 60, 61, 62, 65, 66, 67, 68, 69, 70, 71, 72, 73, 74, 75, 76, 77, 78, 79, 80, 81, 82, 83, 84, 85, 86, 87, 88, 89, 90, 91, 92, 93, 94, 95, 96, 97, 98, 99, 100, 101, 102, 103, 104, 105, 106, 107, 108, 109, 110, 111, 112, 113, 114, 115, 116, 117, 118, 119, 120, 121, 122, 123, 124, 125, 126, 127, 129, 130, 131, 132, 133, 134, 135, 136, 137, 138, 139, 140, 141, 142, 143, 144, 145, 146, 147, 148, 149, 150, 151, 152, 153, 154, 155, 156, 157, 158, 159, 160, 161, 162, 163, 164, 165, 166, 167, 168, 169, 170, 171, 172, 173, 174, 175, 176, 177, 178, 179, 180, 181, 182, 183, 184, 185, 186, 187, 188, 189, 190, 191, 193, 194, 195, 196, 197, 198, 199, 200, 201, 202, 203, 204, 205, 206, 207, 208, 209, 210, 211, 212, 213, 214, 215, 216, 217, 218, 219, 220, 221, 222, 223, 224, 225, 226, 227, 228, 229, 230, 231, 232, 233, 234, 235, 236, 237, 238, 239, 240, 241, 242, 243, 244, 245, 246, 247, 248, 249, 250, 251, 252, 253, 254, 257, 258, 259, 260, 261, 262, 263, 264, 265, 266, 267, 268, 269, 270, 271, 272, 273, 274, 275, 276, 277, 278, 279, 280, 281, 282, 283, 284, 285, 286, 288, 289, 290, 291, 292, 293, 294, 295, 296, 297, 298, 299, 300, 301, 302, 303, 304, 305, 306, 307, 308, 309, 310, 311, 312, 313, 314, 315, 316, 318, 319, 321, 322, 323, 324, 325, 326, 327, 328, 329, 330, 331, 332, 333, 334, 335, 336, 337, 338, 339, 340, 341, 342, 343, 344, 345, 346, 347, 348, 350, 351, 352, 353, 354, 355, 356, 357, 358, 359, 360, 361, 362, 363, 364, 365, 366, 367, 368, 369, 370, 371, 372, 373, 374, 375, 376, 377, 378, 379, 380, 381, 383, 385, 386, 387, 388, 389, 390, 391, 392, 393, 394, 395, 396, 397, 398, 399, 400, 401, 402, 403, 404, 405, 406, 407, 408, 409, 410, 411, 412, 413, 415, 416, 417, 418, 419, 420, 421, 422, 423, 424, 425, 426, 427, 428, 429, 430, 431, 432, 433, 434, 435, 436, 437, 438, 439, 440, 441, 442, 443, 444, 445, 447, 448, 449, 450, 451, 452, 453, 454, 455, 456, 457, 458, 459, 460, 461, 462, 463, 464, 465, 466, 467, 468, 469, 470, 471, 472, 473, 474, 475, 477, 478, 479, 480, 481, 482, 483, 484, 485, 486, 487, 488, 489, 490, 491, 492, 493, 494, 495, 496, 497, 498, 499, 500, 501, 502, 503, 504, 505, 506, 507, 508, 509, 510, 512, 513, 514, 515, 516, 517, 518, 519, 520, 521, 522, 523, 524, 525, 526, 527, 528, 529, 530, 531, 532, 533, 534, 535, 536, 537, 538, 540, 541, 542, 543, 545, 546, 547, 548, 549, 550, 551, 552, 553, 554, 555, 556, 557, 558, 559, 560, 561, 562, 563, 564, 565, 566, 567, 568, 569, 570, 571, 572, 573, 574, 575, 576, 577, 578, 579, 580, 581, 582, 583, 584, 585, 586, 587, 588, 589, 590, 591, 592, 593, 594, 595, 596, 597, 598, 599, 600, 601, 602, 603, 604, 605, 606, 607, 609, 610, 611, 612, 613, 614, 615, 616, 617, 618, 619, 620, 621, 622, 623, 624, 625, 626, 627, 628, 629, 630, 631, 632, 633, 634, 635, 636, 637, 638, 639, 641, 642, 643, 644, 645, 646, 647, 648, 649, 650, 651, 652, 653, 654, 655, 656, 657, 658, 659, 660, 661, 662, 663, 664, 666, 668, 669, 670, 671, 672, 673, 674, 675, 676, 677, 678, 679, 680, 681, 682, 683, 684, 685, 686, 687, 688, 689, 690, 691, 692, 693, 694, 695, 696, 697, 698, 699, 700, 701, 702, 703, 705, 706, 707, 708, 709, 710, 711, 712, 713, 714, 715, 716, 717, 718, 719, 720, 721, 722, 723, 724, 727, 728, 729, 730, 731, 732, 733, 734, 735, 736, 737, 738, 739, 740, 741, 742, 743, 744, 745, 746, 747, 748, 749, 750, 751, 752, 753, 754, 755, 756, 759, 760, 761, 763, 764, 765, 767, 769, 770, 771, 772, 773, 774, 775, 776, 777, 778, 779, 780, 781, 782, 783, 784, 785, 786, 787, 788, 789, 790, 792, 793, 794, 795, 796, 797, 798, 799, 800, 801, 802, 803, 804, 805, 806, 807, 808, 809, 810, 811, 812, 813, 814, 815, 816, 817, 818, 819, 820, 823, 824, 825, 826, 827, 828, 829, 831, 833, 834, 835, 836, 837, 838, 839, 840, 841, 842, 843, 844, 845, 846, 847, 848, 849, 850, 851, 852, 853, 855, 856, 857, 858, 859, 860, 862, 863, 864, 865, 866, 867, 868, 869, 870, 871, 872, 873, 874, 875, 876, 877, 878, 879, 880, 881, 882, 883, 885, 886, 887, 888, 889, 890, 891, 893, 894, 895, 897, 898, 899, 900, 901, 902, 903, 904, 905, 906, 907, 908, 909, 910, 911, 912, 913, 914, 916, 917, 918, 919, 920, 921, 923, 924, 925, 926, 927, 928, 929, 930, 931, 932, 933, 934, 935, 936, 937, 938, 939, 940, 941, 942, 943, 944, 945, 946, 948, 949, 952, 953, 954, 955, 956, 957, 958, 959, 960, 961, 962, 963, 964, 965, 966, 967, 968, 969, 970, 971, 972, 973, 974, 975, 976, 977, 978, 979, 980, 982, 983, 984, 985, 986, 987, 989, 991, 993, 994, 995, 996, 997, 998, 999, 1000, 1001, 1002, 1003, 1004, 1005, 1006, 1007, 1008, 1009, 1010, 1011, 1012, 1014, 1015, 1016, 1017, 1018, 1019, 1020, 1021, 1022, 1023]
  Element ID: 2 (index 1, pid 0)
    detF: [12.022541374535217, -23.90769827074758, -33.598109987794096, 2.446135392037471]
    Nodes connectivity: [2, 3, 36, 35]
      Node 2: initial=[1.5, 1.375], current=[-0.3850628453046663, -10.111520660248933], u=[-1.8850628453046663, -11.486520660248933]
      Node 3: initial=[3.0, 2.75], current=[6.592373762251659, -14.815549769294645], u=[3.59237376225166, -17.565549769294645]
      Node 36: initial=[3.0, 4.0703125], current=[-3.4212788494875594, -17.63319110012657], u=[-6.4212788494875594, -21.70350360012657]
      Node 35: initial=[1.5, 2.72265625], current=[4.752718920306219, -5.331780365179252], u=[3.252718920306219, -8.054436615179252]
  Element ID: 3 (index 2, pid 0)
    detF: [-22.450563307403073, 43.593643123805734, 48.7391983591774, -17.366803712830798]
    Nodes connectivity: [3, 4, 37, 36]
      Node 3: initial=[3.0, 2.75], current=[6.592373762251659, -14.815549769294645], u=[3.59237376225166, -17.565549769294645]
      Node 4: initial=[4.5, 4.125], current=[-2.1255399928231062, -26.77814614289124], u=[-6.625539992823106, -30.90314614289124]
      Node 37: initial=[4.5, 5.41796875], current=[12.981429993340559, -20.793478529912843], u=[8.481429993340559, -26.211447279912843]
      Node 36: initial=[3.0, 4.0703125], current=[-3.4212788494875594, -17.63319110012657], u=[-6.4212788494875594, -21.70350360012657]
  Element ID: 4 (index 3, pid 0)
    detF: [37.70690575446035, -31.3157325703892, -53.1670239559683, 16.12361251222326]
    Nodes connectivity: [4, 5, 38, 37]
      Node 4: initial=[4.5, 4.125], current=[-2.1255399928231062, -26.77814614289124], u=[-6.625539992823106, -30.90314614289124]
      Node 5: initial=[6.0, 5.5], current=[13.904354636358386, -29.467741322752275], u=[7.904354636358386, -34.967741322752275]
      Node 38: initial=[6.0, 6.765625], current=[-4.853191512266804, -32.12071729756367], u=[-10.853191512266804, -38.88634229756367]
      Node 37: initial=[4.5, 5.41796875], current=[12.981429993340559, -20.793478529912843], u=[8.481429993340559, -26.211447279912843]
  Element ID: 5 (index 4, pid 0)
    detF: [-40.931045754798035, 37.1902623312632, 51.898398739361525, -26.407214480665317]
    Nodes connectivity: [5, 6, 39, 38]
      Node 5: initial=[6.0, 5.5], current=[13.904354636358386, -29.467741322752275], u=[7.904354636358386, -34.967741322752275]
      Node 6: initial=[7.5, 6.875], current=[-3.4555578040315655, -39.4459297678845], u=[-10.955557804031566, -46.3209297678845]
      Node 39: initial=[7.5, 8.11328125], current=[17.422801825419615, -33.958598823525165], u=[9.922801825419615, -42.071880073525165]
      Node 38: initial=[6.0, 6.765625], current=[-4.853191512266804, -32.12071729756367], u=[-10.853191512266804, -38.88634229756367]
  Element ID: 6 (index 5, pid 0)
    detF: [44.039379959223155, -31.52033447737984, -64.51163164626028, 11.470662764166754]
    Nodes connectivity: [6, 7, 40, 39]
      Node 6: initial=[7.5, 6.875], current=[-3.4555578040315655, -39.4459297678845], u=[-10.955557804031566, -46.3209297678845]
      Node 7: initial=[9.0, 8.25], current=[17.903295386006597, -41.2234270538655], u=[8.903295386006599, -49.4734270538655]
      Node 40: initial=[9.0, 9.4609375], current=[-8.213871046308697, -43.09254247910458], u=[-17.213871046308697, -52.55347997910458]
      Node 39: initial=[7.5, 8.11328125], current=[17.422801825419615, -33.958598823525165], u=[9.922801825419615, -42.071880073525165]

  [DIAGNOSTIC] Line search collapsed at iter 7. Inspecting element quality on trial step:

[DEBUG] Element inversion detected in element indexes: [18, 20, 21, 22, 24, 25, 26, 27, 28, 29, 30, 31, 51, 52, 53, 54, 55, 56, 57, 58, 59, 60, 61, 62, 63, 81, 83, 84, 85, 86, 87, 88, 89, 90, 91, 92, 93, 94, 95, 112, 113, 114, 115, 116, 117, 118, 119, 120, 121, 122, 123, 124, 125, 126, 127, 141, 142, 143, 144, 145, 146, 147, 148, 149, 150, 151, 152, 153, 154, 155, 156, 157, 158, 159, 172, 173, 174, 175, 176, 177, 178, 179, 180, 181, 182, 183, 184, 185, 186, 187, 188, 189, 190, 191, 203, 204, 205, 206, 207, 208, 209, 210, 211, 212, 213, 214, 215, 216, 217, 218, 219, 220, 221, 222, 223, 234, 235, 236, 237, 238, 239, 240, 241, 242, 243, 244, 245, 246, 247, 248, 249, 250, 251, 252, 253, 254, 255, 265, 266, 267, 268, 269, 270, 271, 272, 273, 274, 275, 276, 277, 278, 279, 280, 281, 282, 283, 284, 285, 286, 287, 298, 300, 302, 304, 305, 307, 308, 309, 310, 311, 312, 313, 314, 315, 316, 317, 318, 319, 336, 337, 338, 339, 340, 341, 342, 343, 344, 345, 346, 347, 348, 349, 350, 351, 365, 367, 368, 369, 370, 371, 372, 373, 374, 375, 376, 377, 378, 379, 380, 381, 382, 383, 396, 398, 399, 400, 401, 402, 403, 404, 405, 406, 407, 408, 409, 410, 411, 412, 413, 414, 415, 429, 430, 431, 432, 433, 434, 435, 436, 437, 438, 439, 440, 441, 442, 443, 444, 445, 446, 447, 460, 461, 462, 463, 464, 465, 466, 467, 468, 469, 470, 471, 472, 473, 474, 475, 476, 477, 478, 479, 491, 493, 494, 495, 496, 497, 498, 499, 500, 501, 502, 503, 504, 505, 506, 507, 508, 509, 510, 511, 524, 525, 526, 527, 528, 529, 530, 531, 533, 534, 535, 536, 537, 538, 539, 540, 541, 542, 543, 555, 556, 557, 558, 559, 560, 561, 562, 565, 566, 567, 568, 569, 570, 572, 573, 574, 575, 586, 588, 589, 590, 591, 592, 593, 596, 597, 598, 599, 600, 601, 602, 603, 604, 606, 607, 619, 620, 621, 622, 623, 627, 628, 629, 630, 631, 632, 633, 635, 636, 659, 660, 661, 662, 663, 664, 665, 666, 667, 668, 690, 691, 692, 693, 694, 695, 696, 697, 699, 719, 721, 722, 723, 724, 725, 726, 727, 728, 730, 731, 732, 751, 752, 753, 754, 755, 756, 757, 758, 759, 760, 761, 762, 766, 783, 784, 786, 787, 789, 791, 792, 793, 794, 795, 797, 798, 799, 815, 817, 818, 820, 822, 823, 824, 825, 826, 829, 830, 831, 847, 848, 849, 850, 851, 853, 854, 855, 858, 859, 861, 862, 863, 879, 880, 881, 882, 883, 884, 886, 887, 888, 889, 891, 892, 893, 894, 895, 912, 913, 915, 917, 918, 919, 920, 921, 922, 923, 924, 926, 927, 944, 945, 946, 947, 948, 949, 950, 951, 952, 953, 954, 958, 959, 961, 975, 976, 977, 978, 979, 980, 981, 982, 983, 984, 985, 986, 987, 988, 989, 990, 991, 1007, 1010, 1011, 1012, 1013, 1014, 1015, 1017, 1018, 1019, 1021, 1022]
  Element ID: 19 (index 18, pid 0)
    detF: [1.1363809759336758, -0.11465158502324427, 0.6156375259256534, 1.8535246265195564]
    Nodes connectivity: [19, 20, 53, 52]
      Node 19: initial=[27.0, 24.75], current=[29.61302809872821, 29.472029577539722], u=[2.6130280987282113, 4.722029577539723]
      Node 20: initial=[28.5, 26.125], current=[30.373887834143865, 31.190392503866196], u=[1.8738878341438636, 5.065392503866197]
      Node 53: initial=[28.5, 26.98046875], current=[31.598544203577763, 32.51725535578177], u=[3.098544203577764, 5.536786605781774]
      Node 52: initial=[27.0, 25.6328125], current=[28.789962972713703, 29.91459452513563], u=[1.7899629727137027, 4.28178202513563]
  Element ID: 21 (index 20, pid 0)
    detF: [1.3962438368516676, -1.0291291356158885, 0.09724490486166848, 2.500994417368354]
    Nodes connectivity: [21, 22, 55, 54]
      Node 21: initial=[30.0, 27.5], current=[33.26422598406971, 33.656899467487634], u=[3.264225984069708, 6.15689946748763]
      Node 22: initial=[31.5, 28.875], current=[33.54509502504846, 35.380889436467], u=[2.0450950250484627, 6.505889436467004]
      Node 55: initial=[31.5, 29.67578125], current=[35.44601306134787, 36.97292406675302], u=[3.9460130613478723, 7.29714281675302]
      Node 54: initial=[30.0, 28.328125], current=[31.94709807375601, 33.795468026079], u=[1.9470980737560113, 5.467343026078997]
  Element ID: 22 (index 21, pid 0)
    detF: [0.6772878312701018, 2.51984800830182, 1.2923517165631904, -0.5258332172185427]
    Nodes connectivity: [22, 23, 56, 55]
      Node 22: initial=[31.5, 28.875], current=[33.54509502504846, 35.380889436467], u=[2.0450950250484627, 6.505889436467004]
      Node 23: initial=[33.0, 30.25], current=[37.238693832134786, 38.184763234694955], u=[4.238693832134783, 7.9347632346949535]
      Node 56: initial=[33.0, 31.0234375], current=[35.250314259945306, 37.82675246267457], u=[2.250314259945306, 6.803314962674567]
      Node 55: initial=[31.5, 29.67578125], current=[35.44601306134787, 36.97292406675302], u=[3.9460130613478723, 7.29714281675302]
  Element ID: 23 (index 22, pid 0)
    detF: [1.8379672988772504, -2.810364972679653, -1.2095369459051417, 3.4058742715783454]
    Nodes connectivity: [23, 24, 57, 56]
      Node 23: initial=[33.0, 30.25], current=[37.238693832134786, 38.184763234694955], u=[4.238693832134783, 7.9347632346949535]
      Node 24: initial=[34.5, 31.625], current=[36.929453701153335, 39.83417035134592], u=[2.4294537011533315, 8.20917035134592]
      Node 57: initial=[34.5, 32.37109375], current=[40.025391237867936, 41.96428193886887], u=[5.5253912378679395, 9.593188188868872]
      Node 56: initial=[33.0, 31.0234375], current=[35.250314259945306, 37.82675246267457], u=[2.250314259945306, 6.803314962674567]
  Element ID: 25 (index 24, pid 0)
    detF: [2.04684553491395, -5.757116606806072, -4.566322712140242, 3.211272362472175]
    Nodes connectivity: [25, 26, 59, 58]
      Node 25: initial=[36.0, 33.0], current=[42.33709031860501, 43.00729878441573], u=[6.337090318605005, 10.007298784415733]
      Node 26: initial=[37.5, 34.375], current=[41.55542291836306, 44.30490822151046], u=[4.0554229183630595, 9.929908221510455]
      Node 59: initial=[37.5, 35.06640625], current=[46.87539223661645, 47.60321673395082], u=[9.375392236616449, 12.536810483950825]
      Node 58: initial=[36.0, 33.71875], current=[39.50072099542496, 41.65422899028177], u=[3.5007209954249663, 7.935478990281772]

  [DIAGNOSTIC] Line search collapsed at iter 22. Inspecting element quality on trial step:

[DEBUG] Element inversion detected in element indexes: [1, 2, 3, 4, 5, 6, 7, 8, 9, 10, 11, 12, 16, 17, 18, 20, 21, 22, 23, 24, 25, 27, 29, 31, 32, 33, 34, 35, 36, 37, 38, 39, 40, 41, 42, 43, 48, 50, 51, 52, 53, 55, 56, 57, 58, 59, 60, 61, 62, 65, 66, 67, 68, 69, 70, 71, 72, 73, 80, 81, 83, 85, 86, 87, 88, 89, 90, 91, 92, 93, 95, 96, 97, 98, 99, 100, 101, 102, 103, 104, 105, 111, 112, 113, 114, 116, 117, 118, 119, 120, 122, 123, 124, 125, 126, 127, 129, 130, 131, 132, 133, 134, 135, 136, 143, 144, 145, 146, 148, 149, 150, 151, 152, 153, 154, 155, 156, 157, 158, 159, 160, 161, 162, 163, 164, 165, 166, 167, 168, 172, 173, 174, 176, 177, 178, 179, 180, 181, 182, 183, 184, 185, 186, 188, 189, 190, 191, 193, 194, 195, 196, 197, 198, 199, 204, 205, 206, 207, 208, 210, 211, 213, 215, 216, 217, 218, 219, 220, 222, 223, 224, 225, 226, 227, 228, 229, 230, 236, 237, 238, 239, 240, 241, 242, 244, 245, 246, 247, 248, 249, 250, 251, 252, 253, 254, 255, 257, 258, 259, 260, 261, 267, 268, 269, 270, 271, 273, 274, 275, 276, 277, 278, 279, 280, 281, 282, 283, 284, 285, 286, 287, 288, 289, 290, 291, 292, 299, 301, 302, 303, 304, 307, 308, 309, 310, 311, 312, 313, 314, 315, 317, 318, 319, 320, 321, 322, 323, 324, 333, 335, 337, 338, 339, 340, 341, 342, 344, 345, 346, 348, 351, 353, 354, 355, 364, 365, 366, 368, 369, 371, 372, 373, 374, 375, 376, 377, 378, 379, 380, 381, 382, 383, 384, 385, 386, 387, 397, 398, 400, 401, 402, 403, 404, 405, 406, 407, 408, 409, 410, 411, 412, 413, 414, 417, 418, 428, 429, 430, 431, 432, 433, 434, 435, 436, 437, 439, 441, 443, 444, 445, 446, 447, 448, 449, 450, 459, 460, 461, 462, 463, 465, 466, 467, 469, 470, 471, 472, 475, 476, 477, 478, 479, 481, 482, 483, 490, 491, 493, 494, 496, 497, 499, 500, 502, 503, 505, 506, 507, 508, 509, 510, 511, 512, 513, 514, 515, 516, 521, 522, 523, 524, 526, 527, 528, 529, 530, 531, 532, 533, 535, 536, 538, 539, 540, 542, 543, 545, 546, 547, 548, 549, 552, 553, 554, 555, 556, 557, 561, 562, 563, 564, 565, 566, 567, 569, 570, 571, 573, 574, 575, 576, 577, 578, 579, 580, 581, 582, 583, 584, 585, 586, 587, 588, 589, 590, 591, 592, 593, 594, 596, 597, 598, 599, 600, 601, 602, 603, 604, 606, 607, 608, 609, 610, 611, 612, 613, 614, 615, 616, 617, 618, 619, 620, 621, 624, 625, 626, 627, 629, 632, 633, 634, 635, 636, 637, 638, 639, 640, 641, 642, 643, 644, 645, 646, 647, 648, 649, 650, 652, 653, 654, 655, 656, 657, 658, 661, 662, 664, 666, 667, 668, 669, 670, 671, 672, 673, 674, 675, 676, 677, 678, 679, 680, 681, 683, 684, 685, 686, 687, 688, 689, 690, 691, 692, 694, 695, 696, 697, 698, 699, 700, 701, 702, 703, 705, 706, 707, 708, 709, 710, 711, 712, 713, 714, 715, 716, 717, 718, 719, 720, 721, 723, 726, 727, 730, 731, 732, 733, 735, 736, 737, 738, 739, 740, 741, 742, 743, 744, 745, 747, 748, 749, 750, 752, 753, 754, 757, 758, 760, 761, 762, 763, 764, 765, 766, 767, 769, 770, 771, 772, 773, 774, 775, 777, 778, 779, 782, 783, 784, 785, 786, 787, 790, 791, 792, 793, 794, 795, 796, 797, 798, 799, 800, 801, 802, 803, 804, 805, 806, 807, 808, 810, 811, 812, 813, 814, 815, 816, 817, 820, 822, 823, 824, 825, 826, 827, 830, 831, 833, 834, 835, 836, 837, 839, 840, 841, 842, 843, 845, 846, 847, 848, 849, 851, 852, 854, 855, 856, 857, 858, 859, 860, 861, 862, 863, 864, 866, 868, 869, 870, 872, 873, 874, 875, 876, 877, 878, 879, 882, 884, 886, 887, 888, 889, 890, 892, 893, 894, 895, 897, 898, 899, 901, 902, 903, 905, 909, 910, 912, 913, 914, 916, 917, 918, 919, 920, 921, 922, 923, 924, 926, 927, 928, 930, 932, 934, 935, 936, 938, 939, 940, 941, 942, 944, 945, 947, 948, 949, 950, 951, 952, 953, 954, 955, 956, 957, 958, 959, 961, 962, 963, 964, 965, 966, 967, 970, 971, 972, 974, 975, 976, 978, 979, 980, 981, 982, 983, 984, 985, 986, 987, 988, 989, 990, 991, 994, 996, 997, 998, 999, 1000, 1001, 1002, 1005, 1006, 1008, 1009, 1010, 1012, 1013, 1014, 1016, 1017, 1018, 1019, 1020, 1021, 1022, 1023]
  Element ID: 2 (index 1, pid 0)
    detF: [1.8186033713698628, -1.1630531427219628, -0.6245342625841053, 2.3507866857659128]
    Nodes connectivity: [2, 3, 36, 35]
      Node 2: initial=[1.5, 1.375], current=[1.749800377530291, 8.46515931242639], u=[0.24980037753029116, 7.090159312426391]
      Node 3: initial=[3.0, 2.75], current=[2.6681596169005615, 15.8348659495286], u=[-0.33184038309943853, 13.0848659495286]
      Node 36: initial=[3.0, 4.0703125], current=[3.5449515256916575, 17.543908628396146], u=[0.5449515256916577, 13.473596128396144]
      Node 35: initial=[1.5, 2.72265625], current=[1.1204132949194485, 9.354425928185309], u=[-0.37958670508055137, 6.631769678185309]
  Element ID: 3 (index 2, pid 0)
    detF: [-0.05665369764093153, 3.5867739651955945, 2.836877344876196, -0.7975444206244204]
    Nodes connectivity: [3, 4, 37, 36]
      Node 3: initial=[3.0, 2.75], current=[2.6681596169005615, 15.8348659495286], u=[-0.33184038309943853, 13.0848659495286]
      Node 4: initial=[4.5, 4.125], current=[5.186150620519049, 23.224100518744045], u=[0.6861506205190492, 19.099100518744045]
      Node 37: initial=[4.5, 5.41796875], current=[4.035885601290073, 23.867904641781912], u=[-0.46411439870992666, 18.449935891781912]
      Node 36: initial=[3.0, 4.0703125], current=[3.5449515256916575, 17.543908628396146], u=[0.5449515256916577, 13.473596128396144]
  Element ID: 4 (index 3, pid 0)
    detF: [1.3569542575178652, -5.534655703296504, -4.46713894122562, 2.411378314669237]
    Nodes connectivity: [4, 5, 38, 37]
      Node 4: initial=[4.5, 4.125], current=[5.186150620519049, 23.224100518744045], u=[0.6861506205190492, 19.099100518744045]
      Node 5: initial=[6.0, 5.5], current=[5.967818303524353, 28.60895546459854], u=[-0.03218169647564743, 23.10895546459854]
      Node 38: initial=[6.0, 6.765625], current=[9.148499227122272, 29.89430189955633], u=[3.1484992271222714, 23.12867689955633]
      Node 37: initial=[4.5, 5.41796875], current=[4.035885601290073, 23.867904641781912], u=[-0.46411439870992666, 18.449935891781912]
  Element ID: 5 (index 4, pid 0)
    detF: [-4.092763741893362, -1.6651830826197527, -1.6580533624654663, -4.085723363039144]
    Nodes connectivity: [5, 6, 39, 38]
      Node 5: initial=[6.0, 5.5], current=[5.967818303524353, 28.60895546459854], u=[-0.03218169647564743, 23.10895546459854]
      Node 6: initial=[7.5, 6.875], current=[11.416425359076996, 33.776465015904364], u=[3.916425359076996, 26.901465015904368]
      Node 39: initial=[7.5, 8.11328125], current=[11.881471911002889, 33.957150074276186], u=[4.381471911002889, 25.84386882427619]
      Node 38: initial=[6.0, 6.765625], current=[9.148499227122272, 29.89430189955633], u=[3.1484992271222714, 23.12867689955633]
  Element ID: 6 (index 5, pid 0)
    detF: [-3.117408185275116, -9.965984578399217, -9.745528259100531, -2.899775653873035]
    Nodes connectivity: [6, 7, 40, 39]
      Node 6: initial=[7.5, 6.875], current=[11.416425359076996, 33.776465015904364], u=[3.916425359076996, 26.901465015904368]
      Node 7: initial=[9.0, 8.25], current=[14.56920433449518, 37.931453134172145], u=[5.569204334495179, 29.68145313417214]
      Node 40: initial=[9.0, 9.4609375], current=[20.766864618888626, 38.84090097353154], u=[11.766864618888624, 29.37996347353154]
      Node 39: initial=[7.5, 8.11328125], current=[11.881471911002889, 33.957150074276186], u=[4.381471911002889, 25.84386882427619]

    [FAIL] n=32 Q4_VISCO_SIMO: stalled at t=0.0000, cutbacks=16
  32  Q4_VISCO_SIMO    numba         FAILED         6.90       -     0.0000        16
  32          CPE4I      jax         6.9068         6.90   +0.10     1.0000         0
  32          CPE4I    numba         6.9068         6.90   +0.10     1.0000         0
