====================================================================================================
 EX12: 90-Degree Display Folding Directly from Abaqus .inp File
====================================================================================================
Reading Abaqus input deck: D:\PythonCodeStudy\WHT_DispFoldSolver\examples\ex12_rigid_plate_display_fold.inp
D:\PythonCodeStudy\WHT_DispFoldSolver\dispsolver\io\abaqus_parser.py:131: UserWarning: Unsupported keyword: *SECTION CONTROLS \u2014 skipping
  warnings.warn(f"Unsupported keyword: *{block.keyword} \u2014 skipping")
Parsed result: ModelBuilderResult(mesh=yes, materials=16, constraints=0, penalty_constraints=2, rbe2_elements=0, rbe2_constraints=2, amplitudes=0, dloads=0, contact_pairs=0, surfaces=4, contact_objects=0)
Found translation boundary conditions on 4 DOFs.
Found prescribed rotations on master nodes: {10000: -1.570796, 10306: 1.570796}
====================================================================================================
 MODEL REVIEW
====================================================================================================
Materials (4 distinct):
  - PSA: Arruda-Boyce + Prony viscoelastic: mu=0.015614, lambda_m=3.0, K=0.83333
  - PET: J2 plasticity: E=4000.0, nu=0.3, sigma_y0=80.0, H=400.0
  - GLASS: J2 plasticity: E=70000.0, nu=0.22, sigma_y0=1000000000.0, H=0.0
  - STEEL: NeoHookean: E=20000.0, nu=0.3
Parts / Layers (16 total):
  - pid 1: 600 elements, material=PSA, thickness=0.0300 mm (30.0 um), element=CPE4H
  - pid 2: 1800 elements, material=PET, thickness=0.0600 mm (60.0 um), element=Q4_COROTATIONAL_SRI
  - pid 3: 1200 elements, material=PSA, thickness=0.0300 mm (30.0 um), element=CPE4H
  - pid 4: 1800 elements, material=PET, thickness=0.0600 mm (60.0 um), element=Q4_COROTATIONAL_SRI
  - pid 5: 1200 elements, material=PSA, thickness=0.0300 mm (30.0 um), element=CPE4H
  - pid 6: 1800 elements, material=PET, thickness=0.0600 mm (60.0 um), element=Q4_COROTATIONAL_SRI
  - pid 7: 1200 elements, material=PSA, thickness=0.8000 mm (800.0 um), element=CPE4H
  - pid 8: 1320 elements, material=PET, thickness=0.8600 mm (860.0 um), element=Q4_COROTATIONAL_SRI
  - pid 9: 1200 elements, material=PSA, thickness=0.0300 mm (30.0 um), element=CPE4H
  - pid 10: 1800 elements, material=PET, thickness=0.0600 mm (60.0 um), element=Q4_COROTATIONAL_SRI
  - pid 11: 1200 elements, material=PSA, thickness=0.0300 mm (30.0 um), element=CPE4H
  - pid 12: 1800 elements, material=PET, thickness=0.0600 mm (60.0 um), element=Q4_COROTATIONAL_SRI
  - pid 13: 1200 elements, material=PSA, thickness=0.0300 mm (30.0 um), element=CPE4H
  - pid 14: 1800 elements, material=GLASS, thickness=0.0600 mm (60.0 um), element=Q4_COROTATIONAL_SRI
  - Plate Left: 240 elements, material=STEEL, thickness=0.5000 mm (500.0 um), element=Q4_COROTATIONAL
  - Plate Right: 240 elements, material=STEEL, thickness=0.5000 mm (500.0 um), element=Q4_COROTATIONAL
Total elements: 20400, total layers/parts: 16
====================================================================================================
[PNG] Deformed shape saved: D:\PythonCodeStudy\WHT_DispFoldSolver\examples\ex12_before_folding_shape.png
----------------------------------------------------------------------------------------------------
Step 1 | Attempting time increment: dt = 0.00250s (t: 0.0000s -> 0.0025s)
----------------------------------------------------------------------------------------------------

  Nonlinear Iteration Summary (Newton-Raphson)
  ==========================================================================================================================
  Time increment dt: 2.500e-03
  Convergence Tol  : 1.0e-02 (Disp Ratio)     Max Iterations: 50
  --------------------------------------------------------------------------------------------------------------------------
  Iter   Max Res.Force  (Node/DOF)    Max Disp.Corr  (Node/DOF)    Max Disp.Incr  Disp.Ratio  Energy.Err  LS.alpha  TieNodes
  --------------------------------------------------------------------------------------------------------------------------
     1    4.1929e+25  N9619(UY)      4.9784e-04  N9519(UX)      4.9784e-04     1.00e+00    6.08e+19      1.00       122
     2    2.6391e+24  N9619(UY)      3.0593e-05  N9519(UX)      4.6724e-04     9.65e-02    2.41e+17      1.00       122
     3    1.7287e+23  N9619(UY)      1.1586e-05  N10367(UY)     4.6927e-04     1.11e-01    1.04e+15      1.00       122
     4    1.1304e+22  N9619(UY)      1.1583e-05  N10367(UY)     4.6914e-04     9.21e-02    4.43e+12      1.00       122
     5    7.3917e+20  N9619(UY)      1.1582e-05  N10367(UY)     4.6915e-04     7.10e-02    1.89e+10      1.00       122
