====================================================================================================
 EX12: 90-Degree Display Folding Directly from Abaqus .inp File
====================================================================================================
Reading Abaqus input deck: D:\PythonCodeStudy\WHT_DispFoldSolver\examples\ex12_rigid_plate_display_fold.inp
D:\PythonCodeStudy\WHT_DispFoldSolver\dispsolver\io\abaqus_parser.py:131: UserWarning: Unsupported keyword: *SECTION CONTROLS \u2014 skipping
  warnings.warn(f"Unsupported keyword: *{block.keyword} \u2014 skipping")
Parsed result: ModelBuilderResult(mesh=yes, materials=16, constraints=0, penalty_constraints=2, rbe2_elements=0, rbe2_constraints=2, amplitudes=0, dloads=0, contact_pairs=0, surfaces=4, contact_objects=0)
Found translation boundary conditions on 4 DOFs.
Found prescribed rotations on master nodes: {10000: -1.570796, 10306: 1.570796}
====================================================================================================
 MODEL REVIEW
====================================================================================================
Materials (4 distinct):
  - PSA: Arruda-Boyce + Prony viscoelastic: mu=0.016779, lambda_m=3.0, K=0.83333
  - PET: J2 plasticity: E=4000.0, nu=0.3, sigma_y0=80.0, H=400.0
  - GLASS: J2 plasticity: E=70000.0, nu=0.22, sigma_y0=1000000000.0, H=0.0
  - STEEL: NeoHookean: E=20000.0, nu=0.3
Parts / Layers (16 total):
  - pid 1: 142 elements, material=PSA, thickness=0.0300 mm (30.0 um), element=CPE4I
  - pid 2: 606 elements, material=PET, thickness=0.0600 mm (60.0 um), element=Q4_COROTATIONAL_EAS
  - pid 3: 202 elements, material=PSA, thickness=0.0300 mm (30.0 um), element=CPE4I
  - pid 4: 606 elements, material=PET, thickness=0.0600 mm (60.0 um), element=Q4_COROTATIONAL_EAS
  - pid 5: 202 elements, material=PSA, thickness=0.0300 mm (30.0 um), element=CPE4I
  - pid 6: 606 elements, material=PET, thickness=0.0600 mm (60.0 um), element=Q4_COROTATIONAL_EAS
  - pid 7: 202 elements, material=PSA, thickness=0.0300 mm (30.0 um), element=CPE4I
  - pid 8: 606 elements, material=PET, thickness=0.0600 mm (60.0 um), element=Q4_COROTATIONAL_EAS
  - pid 9: 202 elements, material=PSA, thickness=0.0300 mm (30.0 um), element=CPE4I
  - pid 10: 606 elements, material=PET, thickness=0.0600 mm (60.0 um), element=Q4_COROTATIONAL_EAS
  - pid 11: 202 elements, material=PSA, thickness=0.0300 mm (30.0 um), element=CPE4I
  - pid 12: 606 elements, material=PET, thickness=0.0600 mm (60.0 um), element=Q4_COROTATIONAL_EAS
  - pid 13: 202 elements, material=PSA, thickness=0.0300 mm (30.0 um), element=CPE4I
  - pid 14: 606 elements, material=GLASS, thickness=0.0600 mm (60.0 um), element=Q4_COROTATIONAL_EAS
  - Plate Left: 240 elements, material=STEEL, thickness=0.5000 mm (500.0 um), element=Q4_COROTATIONAL
  - Plate Right: 240 elements, material=STEEL, thickness=0.5000 mm (500.0 um), element=Q4_COROTATIONAL
Total elements: 6076, total layers/parts: 16
====================================================================================================
[PNG] Deformed shape saved: D:\PythonCodeStudy\WHT_DispFoldSolver\examples\ex12_before_folding_shape.png
----------------------------------------------------------------------------------------------------
Step 1 | Attempting time increment: dt = 0.00250s (t: 0.0000s -> 0.0025s)
----------------------------------------------------------------------------------------------------

  Nonlinear Iteration Summary (Newton-Raphson)
  ==========================================================================================================================
  Time increment dt: 2.500e-03
  Convergence Tol  : 1.0e-02 (Disp Ratio)     Max Iterations: 50
  --------------------------------------------------------------------------------------------------------------------------
  Iter   Max Res.Force  (Node/DOF)    Max Disp.Corr  (Node/DOF)    Max Disp.Incr  Disp.Ratio  Energy.Err  LS.alpha  TieNodes
  --------------------------------------------------------------------------------------------------------------------------
     1    1.4724e+01  N144(UY)       9.4384e-06  N144(UY)       9.4384e-06     9.38e-01    8.21e-03      1.00       122
     2    1.5029e-06  N1(UY)         4.1582e-11  N449(UY)       9.4384e-06     3.39e-06    8.57e-17      1.00       122
  ---------------------------------------------------------------------------------------------------------------------
  => Increment Converged. (Time: 99.71 s)


  STEP   INC   ATT   SEVERE   EQUIL     TOTAL      STEP      INC OF
                     DISCON   ITERS      TIME       TIME       TIME
     1     1     1       0       1     0.0025     0.0025     0.0025

  [MONITOR] Step   1 | Time 0.0025s / 1.0s (  0.2%)
            Fold Angle: Target +-  0.00deg | Actual [-0.00deg, +0.00deg]
            Plate Tips Y: Left= -0.50mm | Right= -0.50mm | Max Disp=  0.00mm
            Newton Iters:  1 | dt: 0.00250s
            [DIAGNOSTIC] display/plate max|u| ratio=1.0000 (display=0.000mm, plate=0.000mm)
            [DIAGNOSTIC] Real tie gap (not just active-pair count): DISPLAY_BOT_L_PLATE_L_TOP_TIE: max_gap=0.0000mm mean=0.0000mm n=61 | DISPLAY_BOT_R_PLATE_R_TOP_TIE: max_gap=0.0000mm mean=0.0000mm n=61
            [DIAGNOSTIC] Hinge curvature: max_curv_ratio=15.25 kink_detected=True at x=8.50mm

[PNG] Deformed shape saved: D:\PythonCodeStudy\WHT_DispFoldSolver\examples\ex12_final_folding_shape.png
----------------------------------------------------------------------------------------------------
Step 2 | Attempting time increment: dt = 0.00375s (t: 0.0025s -> 0.0063s)
----------------------------------------------------------------------------------------------------

  Nonlinear Iteration Summary (Newton-Raphson)
  ==========================================================================================================================
  Time increment dt: 3.750e-03
  Convergence Tol  : 1.0e-02 (Disp Ratio)     Max Iterations: 50
  --------------------------------------------------------------------------------------------------------------------------
  Iter   Max Res.Force  (Node/DOF)    Max Disp.Corr  (Node/DOF)    Max Disp.Incr  Disp.Ratio  Energy.Err  LS.alpha  TieNodes
  --------------------------------------------------------------------------------------------------------------------------
     1    1.2679e+02  N1(UY)         8.1276e-05  N1(UY)         1.3721e-04     5.21e-01    6.09e-01      1.00       122
     2    8.6247e-06  N1(UY)         3.0605e-10  N246(UY)       1.3721e-04     1.62e-06    2.82e-15      1.00       122
  ---------------------------------------------------------------------------------------------------------------------
  => Increment Converged. (Time: 13.59 s)

     1     2     1       0       1     0.0063     0.0037     0.0037

  [MONITOR] Step   2 | Time 0.0063s / 1.0s (  0.6%)
            Fold Angle: Target +-  0.00deg | Actual [-0.00deg, +0.00deg]
            Plate Tips Y: Left= -0.50mm | Right= -0.50mm | Max Disp=  0.00mm
            Newton Iters:  1 | dt: 0.00375s
            [DIAGNOSTIC] display/plate max|u| ratio=1.0000 (display=0.000mm, plate=0.000mm)
            [DIAGNOSTIC] Real tie gap (not just active-pair count): DISPLAY_BOT_L_PLATE_L_TOP_TIE: max_gap=0.0000mm mean=0.0000mm n=61 | DISPLAY_BOT_R_PLATE_R_TOP_TIE: max_gap=0.0000mm mean=0.0000mm n=61

[PNG] Deformed shape saved: D:\PythonCodeStudy\WHT_DispFoldSolver\examples\ex12_final_folding_shape.png
----------------------------------------------------------------------------------------------------
Step 3 | Attempting time increment: dt = 0.00562s (t: 0.0063s -> 0.0119s)
----------------------------------------------------------------------------------------------------

  Nonlinear Iteration Summary (Newton-Raphson)
  ==========================================================================================================================
  Time increment dt: 5.625e-03
  Convergence Tol  : 1.0e-02 (Disp Ratio)     Max Iterations: 50
  --------------------------------------------------------------------------------------------------------------------------
  Iter   Max Res.Force  (Node/DOF)    Max Disp.Corr  (Node/DOF)    Max Disp.Incr  Disp.Ratio  Energy.Err  LS.alpha  TieNodes
  --------------------------------------------------------------------------------------------------------------------------
     1    2.7792e+02  N1(UY)         1.7815e-04  N144(UY)       8.5069e-04     1.68e-01    2.92e+00      1.00       122
     2    2.4933e-05  N1(UY)         3.2014e-10  N5828(UX)      8.5069e-04     2.53e-07    2.37e-14      1.00       122
  ---------------------------------------------------------------------------------------------------------------------
  => Increment Converged. (Time: 11.77 s)

     1     3     1       0       1     0.0119     0.0056     0.0056

  [MONITOR] Step   3 | Time 0.0119s / 1.0s (  1.2%)
            Fold Angle: Target +-  0.00deg | Actual [-0.00deg, +0.00deg]
            Plate Tips Y: Left= -0.50mm | Right= -0.50mm | Max Disp=  0.00mm
            Newton Iters:  1 | dt: 0.00562s
            [DIAGNOSTIC] display/plate max|u| ratio=1.0000 (display=0.001mm, plate=0.000mm)
            [DIAGNOSTIC] Real tie gap (not just active-pair count): DISPLAY_BOT_L_PLATE_L_TOP_TIE: max_gap=0.0000mm mean=0.0000mm n=61 | DISPLAY_BOT_R_PLATE_R_TOP_TIE: max_gap=0.0000mm mean=0.0000mm n=61

[PNG] Deformed shape saved: D:\PythonCodeStudy\WHT_DispFoldSolver\examples\ex12_final_folding_shape.png
----------------------------------------------------------------------------------------------------
Step 4 | Attempting time increment: dt = 0.00844s (t: 0.0119s -> 0.0203s)
----------------------------------------------------------------------------------------------------

  Nonlinear Iteration Summary (Newton-Raphson)
  ==========================================================================================================================
  Time increment dt: 8.438e-03
  Convergence Tol  : 1.0e-02 (Disp Ratio)     Max Iterations: 50
  --------------------------------------------------------------------------------------------------------------------------
  Iter   Max Res.Force  (Node/DOF)    Max Disp.Corr  (Node/DOF)    Max Disp.Incr  Disp.Ratio  Energy.Err  LS.alpha  TieNodes
  --------------------------------------------------------------------------------------------------------------------------
     1    1.0981e+03  N144(UY)       7.0390e-04  N1(UY)         3.9307e-03     1.34e-01    4.57e+01      1.00       122
     2    4.2245e-05  N144(UY)       2.3131e-08  N5321(UY)      3.9307e-03     3.79e-06    9.06e-14      1.00       122
  ---------------------------------------------------------------------------------------------------------------------
  => Increment Converged. (Time: 12.70 s)

     1     4     1       0       1     0.0203     0.0084     0.0084

  [MONITOR] Step   4 | Time 0.0203s / 1.0s (  2.0%)
            Fold Angle: Target +-  0.01deg | Actual [-0.01deg, +0.01deg]
            Plate Tips Y: Left= -0.50mm | Right= -0.50mm | Max Disp=  0.00mm
            Newton Iters:  1 | dt: 0.00844s
            [DIAGNOSTIC] display/plate max|u| ratio=1.0000 (display=0.005mm, plate=0.000mm)
            [DIAGNOSTIC] Real tie gap (not just active-pair count): DISPLAY_BOT_L_PLATE_L_TOP_TIE: max_gap=0.0000mm mean=0.0000mm n=61 | DISPLAY_BOT_R_PLATE_R_TOP_TIE: max_gap=0.0000mm mean=0.0000mm n=61

[PNG] Deformed shape saved: D:\PythonCodeStudy\WHT_DispFoldSolver\examples\ex12_final_folding_shape.png
----------------------------------------------------------------------------------------------------
Step 5 | Attempting time increment: dt = 0.01000s (t: 0.0203s -> 0.0303s)
----------------------------------------------------------------------------------------------------

  Nonlinear Iteration Summary (Newton-Raphson)
  ==========================================================================================================================
  Time increment dt: 1.000e-02
  Convergence Tol  : 1.0e-02 (Disp Ratio)     Max Iterations: 50
  --------------------------------------------------------------------------------------------------------------------------
  Iter   Max Res.Force  (Node/DOF)    Max Disp.Corr  (Node/DOF)    Max Disp.Incr  Disp.Ratio  Energy.Err  LS.alpha  TieNodes
  --------------------------------------------------------------------------------------------------------------------------
     1    1.9236e+03  N144(UY)       1.2331e-03  N144(UY)       1.1201e-02     7.18e-02    1.40e+02      1.00       122
     2    5.4716e-04  N1(UY)         2.3218e-07  N5321(UY)      1.1201e-02     1.17e-05    1.16e-11      1.00       122
  ---------------------------------------------------------------------------------------------------------------------
  => Increment Converged. (Time: 12.61 s)

     1     5     1       0       1     0.0303     0.0100     0.0100

  [MONITOR] Step   5 | Time 0.0303s / 1.0s (  3.0%)
            Fold Angle: Target +-  0.02deg | Actual [-0.02deg, +0.02deg]
            Plate Tips Y: Left= -0.48mm | Right= -0.48mm | Max Disp=  0.02mm
            Newton Iters:  1 | dt: 0.01000s
            [DIAGNOSTIC] display/plate max|u| ratio=1.0000 (display=0.016mm, plate=0.000mm)
            [DIAGNOSTIC] Real tie gap (not just active-pair count): DISPLAY_BOT_L_PLATE_L_TOP_TIE: max_gap=0.0000mm mean=0.0000mm n=61 | DISPLAY_BOT_R_PLATE_R_TOP_TIE: max_gap=0.0000mm mean=0.0000mm n=61

[PNG] Deformed shape saved: D:\PythonCodeStudy\WHT_DispFoldSolver\examples\ex12_final_folding_shape.png
----------------------------------------------------------------------------------------------------
Step 6 | Attempting time increment: dt = 0.01000s (t: 0.0303s -> 0.0403s)
----------------------------------------------------------------------------------------------------

  Nonlinear Iteration Summary (Newton-Raphson)
  ==========================================================================================================================
  Time increment dt: 1.000e-02
  Convergence Tol  : 1.0e-02 (Disp Ratio)     Max Iterations: 50
  --------------------------------------------------------------------------------------------------------------------------
  Iter   Max Res.Force  (Node/DOF)    Max Disp.Corr  (Node/DOF)    Max Disp.Incr  Disp.Ratio  Energy.Err  LS.alpha  TieNodes
  --------------------------------------------------------------------------------------------------------------------------
     1    1.6983e+03  N144(UY)       1.0889e-03  N347(UY)       2.1229e-02     2.73e-02    1.09e+02      1.00       122
     2    2.0982e-03  N1(UY)         7.4504e-07  N5321(UY)      2.1229e-02     1.62e-05    1.67e-10      1.00       122
  ---------------------------------------------------------------------------------------------------------------------
  => Increment Converged. (Time: 11.12 s)

     1     6     1       0       1     0.0403     0.0100     0.0100

  [MONITOR] Step   6 | Time 0.0403s / 1.0s (  4.0%)
            Fold Angle: Target +-  0.06deg | Actual [-0.06deg, +0.06deg]
            Plate Tips Y: Left= -0.46mm | Right= -0.46mm | Max Disp=  0.04mm
            Newton Iters:  1 | dt: 0.01000s
            [DIAGNOSTIC] display/plate max|u| ratio=1.0000 (display=0.037mm, plate=0.000mm)
            [DIAGNOSTIC] Real tie gap (not just active-pair count): DISPLAY_BOT_L_PLATE_L_TOP_TIE: max_gap=0.0000mm mean=0.0000mm n=61 | DISPLAY_BOT_R_PLATE_R_TOP_TIE: max_gap=0.0000mm mean=0.0000mm n=61

[PNG] Deformed shape saved: D:\PythonCodeStudy\WHT_DispFoldSolver\examples\ex12_final_folding_shape.png
----------------------------------------------------------------------------------------------------
Step 7 | Attempting time increment: dt = 0.01000s (t: 0.0403s -> 0.0503s)
----------------------------------------------------------------------------------------------------

  Nonlinear Iteration Summary (Newton-Raphson)
  ==========================================================================================================================
  Time increment dt: 1.000e-02
  Convergence Tol  : 1.0e-02 (Disp Ratio)     Max Iterations: 50
  --------------------------------------------------------------------------------------------------------------------------
  Iter   Max Res.Force  (Node/DOF)    Max Disp.Corr  (Node/DOF)    Max Disp.Incr  Disp.Ratio  Energy.Err  LS.alpha  TieNodes
  --------------------------------------------------------------------------------------------------------------------------
     1    1.5581e+03  N144(UY)       9.9939e-04  N145(UY)       3.4153e-02     1.31e-02    9.19e+01      1.00       122
     2    4.0646e-03  N144(UY)       1.4910e-06  N5321(UY)      3.4153e-02     1.69e-05    6.26e-10      1.00       122
  ---------------------------------------------------------------------------------------------------------------------
  => Increment Converged. (Time: 12.24 s)

     1     7     1       0       1     0.0503     0.0100     0.0100

  [MONITOR] Step   7 | Time 0.0503s / 1.0s (  5.0%)
            Fold Angle: Target +-  0.11deg | Actual [-0.11deg, +0.11deg]
            Plate Tips Y: Left= -0.43mm | Right= -0.43mm | Max Disp=  0.07mm
            Newton Iters:  1 | dt: 0.01000s
            [DIAGNOSTIC] display/plate max|u| ratio=1.0000 (display=0.072mm, plate=0.000mm)
            [DIAGNOSTIC] Real tie gap (not just active-pair count): DISPLAY_BOT_L_PLATE_L_TOP_TIE: max_gap=0.0000mm mean=0.0000mm n=61 | DISPLAY_BOT_R_PLATE_R_TOP_TIE: max_gap=0.0000mm mean=0.0000mm n=61

[PNG] Deformed shape saved: D:\PythonCodeStudy\WHT_DispFoldSolver\examples\ex12_final_folding_shape.png
----------------------------------------------------------------------------------------------------
Step 8 | Attempting time increment: dt = 0.01000s (t: 0.0503s -> 0.0603s)
----------------------------------------------------------------------------------------------------

  Nonlinear Iteration Summary (Newton-Raphson)
  ==========================================================================================================================
  Time increment dt: 1.000e-02
  Convergence Tol  : 1.0e-02 (Disp Ratio)     Max Iterations: 50
  --------------------------------------------------------------------------------------------------------------------------
  Iter   Max Res.Force  (Node/DOF)    Max Disp.Corr  (Node/DOF)    Max Disp.Incr  Disp.Ratio  Energy.Err  LS.alpha  TieNodes
  --------------------------------------------------------------------------------------------------------------------------
     1    1.5163e+03  N1(UY)         9.7314e-04  N347(UY)       4.9771e-02     7.49e-03    8.71e+01      1.00       122
     2    7.4222e-03  N1(UY)         3.0221e-06  N5321(UY)      4.9771e-02     2.01e-05    2.09e-09      1.00       122
  ---------------------------------------------------------------------------------------------------------------------
  => Increment Converged. (Time: 16.87 s)

     1     8     1       0       1     0.0603     0.0100     0.0100

  [MONITOR] Step   8 | Time 0.0603s / 1.0s (  6.0%)
            Fold Angle: Target +-  0.18deg | Actual [-0.18deg, +0.18deg]
            Plate Tips Y: Left= -0.38mm | Right= -0.38mm | Max Disp=  0.12mm
            Newton Iters:  1 | dt: 0.01000s
            [DIAGNOSTIC] display/plate max|u| ratio=1.0000 (display=0.121mm, plate=0.000mm)
            [DIAGNOSTIC] Real tie gap (not just active-pair count): DISPLAY_BOT_L_PLATE_L_TOP_TIE: max_gap=0.0000mm mean=0.0000mm n=61 | DISPLAY_BOT_R_PLATE_R_TOP_TIE: max_gap=0.0000mm mean=0.0000mm n=61

[PNG] Deformed shape saved: D:\PythonCodeStudy\WHT_DispFoldSolver\examples\ex12_final_folding_shape.png
----------------------------------------------------------------------------------------------------
Step 9 | Attempting time increment: dt = 0.01000s (t: 0.0603s -> 0.0703s)
----------------------------------------------------------------------------------------------------

  Nonlinear Iteration Summary (Newton-Raphson)
  ==========================================================================================================================
  Time increment dt: 1.000e-02
  Convergence Tol  : 1.0e-02 (Disp Ratio)     Max Iterations: 50
  --------------------------------------------------------------------------------------------------------------------------
  Iter   Max Res.Force  (Node/DOF)    Max Disp.Corr  (Node/DOF)    Max Disp.Incr  Disp.Ratio  Energy.Err  LS.alpha  TieNodes
  --------------------------------------------------------------------------------------------------------------------------
     1    1.3206e+03  N144(UY)       8.4842e-04  N145(UY)       6.7892e-02     4.19e-03    6.61e+01      1.00       122
     2    1.0104e-02  N1(UY)         4.5109e-06  N5321(UY)      6.7892e-02     1.92e-05    3.87e-09      1.00       122
  ---------------------------------------------------------------------------------------------------------------------
  => Increment Converged. (Time: 14.74 s)

     1     9     1       0       1     0.0703     0.0100     0.0100

  [MONITOR] Step   9 | Time 0.0703s / 1.0s (  7.0%)
            Fold Angle: Target +-  0.28deg | Actual [-0.28deg, +0.28deg]
            Plate Tips Y: Left= -0.31mm | Right= -0.31mm | Max Disp=  0.19mm
            Newton Iters:  1 | dt: 0.01000s
            [DIAGNOSTIC] display/plate max|u| ratio=1.0000 (display=0.189mm, plate=0.000mm)
            [DIAGNOSTIC] Real tie gap (not just active-pair count): DISPLAY_BOT_L_PLATE_L_TOP_TIE: max_gap=0.0000mm mean=0.0000mm n=61 | DISPLAY_BOT_R_PLATE_R_TOP_TIE: max_gap=0.0000mm mean=0.0000mm n=61

[PNG] Deformed shape saved: D:\PythonCodeStudy\WHT_DispFoldSolver\examples\ex12_final_folding_shape.png
----------------------------------------------------------------------------------------------------
Step 10 | Attempting time increment: dt = 0.01000s (t: 0.0703s -> 0.0803s)
----------------------------------------------------------------------------------------------------

  Nonlinear Iteration Summary (Newton-Raphson)
  ==========================================================================================================================
  Time increment dt: 1.000e-02
  Convergence Tol  : 1.0e-02 (Disp Ratio)     Max Iterations: 50
  --------------------------------------------------------------------------------------------------------------------------
  Iter   Max Res.Force  (Node/DOF)    Max Disp.Corr  (Node/DOF)    Max Disp.Incr  Disp.Ratio  Energy.Err  LS.alpha  TieNodes
  --------------------------------------------------------------------------------------------------------------------------
     1    1.2879e+03  N1(UY)         8.2821e-04  N347(UY)       8.8324e-02     2.80e-03    6.30e+01      1.00       122
     2    1.4568e-02  N144(UY)       5.4056e-06  N5321(UY)      8.8324e-02     1.58e-05    8.04e-09      1.00       122
  ---------------------------------------------------------------------------------------------------------------------
  => Increment Converged. (Time: 14.64 s)

     1    10     1       0       1     0.0803     0.0100     0.0100

  [MONITOR] Step  10 | Time 0.0803s / 1.0s (  8.0%)
            Fold Angle: Target +-  0.41deg | Actual [-0.41deg, +0.41deg]
            Plate Tips Y: Left= -0.22mm | Right= -0.22mm | Max Disp=  0.28mm
            Newton Iters:  1 | dt: 0.01000s
            [DIAGNOSTIC] display/plate max|u| ratio=1.0000 (display=0.277mm, plate=0.000mm)
            [DIAGNOSTIC] Real tie gap (not just active-pair count): DISPLAY_BOT_L_PLATE_L_TOP_TIE: max_gap=0.0000mm mean=0.0000mm n=61 | DISPLAY_BOT_R_PLATE_R_TOP_TIE: max_gap=0.0000mm mean=0.0000mm n=61
            [DIAGNOSTIC] Hinge curvature: max_curv_ratio=11.44 kink_detected=True at x=-8.50mm

[PNG] Deformed shape saved: D:\PythonCodeStudy\WHT_DispFoldSolver\examples\ex12_final_folding_shape.png
----------------------------------------------------------------------------------------------------
Step 11 | Attempting time increment: dt = 0.01000s (t: 0.0803s -> 0.0903s)
----------------------------------------------------------------------------------------------------

  Nonlinear Iteration Summary (Newton-Raphson)
  ==========================================================================================================================
  Time increment dt: 1.000e-02
  Convergence Tol  : 1.0e-02 (Disp Ratio)     Max Iterations: 50
  --------------------------------------------------------------------------------------------------------------------------
  Iter   Max Res.Force  (Node/DOF)    Max Disp.Corr  (Node/DOF)    Max Disp.Incr  Disp.Ratio  Energy.Err  LS.alpha  TieNodes
  --------------------------------------------------------------------------------------------------------------------------
     1    1.1158e+03  N144(UY)       7.1825e-04  N145(UY)       1.1088e-01     1.78e-03    4.75e+01      1.00       122
     2    1.6974e-02  N144(UY)       1.3207e-06  N5321(UY)      1.1088e-01     3.15e-06    1.09e-08      1.00       122
  ---------------------------------------------------------------------------------------------------------------------
  => Increment Converged. (Time: 14.91 s)

     1    11     1       0       1     0.0903     0.0100     0.0100

  [MONITOR] Step  11 | Time 0.0903s / 1.0s (  9.0%)
            Fold Angle: Target +-  0.58deg | Actual [-0.58deg, +0.58deg]
            Plate Tips Y: Left= -0.11mm | Right= -0.11mm | Max Disp=  0.39mm
            Newton Iters:  1 | dt: 0.01000s
            [DIAGNOSTIC] display/plate max|u| ratio=1.0000 (display=0.388mm, plate=0.000mm)
            [DIAGNOSTIC] Real tie gap (not just active-pair count): DISPLAY_BOT_L_PLATE_L_TOP_TIE: max_gap=0.0000mm mean=0.0000mm n=61 | DISPLAY_BOT_R_PLATE_R_TOP_TIE: max_gap=0.0000mm mean=0.0000mm n=61

[PNG] Deformed shape saved: D:\PythonCodeStudy\WHT_DispFoldSolver\examples\ex12_final_folding_shape.png
----------------------------------------------------------------------------------------------------
Step 12 | Attempting time increment: dt = 0.01000s (t: 0.0903s -> 0.1003s)
----------------------------------------------------------------------------------------------------

  Nonlinear Iteration Summary (Newton-Raphson)
  ==========================================================================================================================
  Time increment dt: 1.000e-02
  Convergence Tol  : 1.0e-02 (Disp Ratio)     Max Iterations: 50
  --------------------------------------------------------------------------------------------------------------------------
  Iter   Max Res.Force  (Node/DOF)    Max Disp.Corr  (Node/DOF)    Max Disp.Incr  Disp.Ratio  Energy.Err  LS.alpha  TieNodes
  --------------------------------------------------------------------------------------------------------------------------
     1    1.0612e+03  N1(UY)         6.8252e-04  N5219(UY)      1.3537e-01     1.36e-03    4.32e+01      1.00       122
     2    2.1211e-02  N1(UY)         1.0913e-05  N5321(UY)      1.3537e-01     1.61e-05    1.71e-08      1.00       122
  ---------------------------------------------------------------------------------------------------------------------
  => Increment Converged. (Time: 16.04 s)

     1    12     1       0       1     0.1003     0.0100     0.0100

  [MONITOR] Step  12 | Time 0.1003s / 1.0s ( 10.0%)
            Fold Angle: Target +-  0.78deg | Actual [-0.78deg, +0.78deg]
            Plate Tips Y: Left= +0.02mm | Right= +0.02mm | Max Disp=  0.52mm
            Newton Iters:  1 | dt: 0.01000s
            [DIAGNOSTIC] display/plate max|u| ratio=1.0000 (display=0.524mm, plate=0.000mm)
            [DIAGNOSTIC] Real tie gap (not just active-pair count): DISPLAY_BOT_L_PLATE_L_TOP_TIE: max_gap=0.0000mm mean=0.0000mm n=61 | DISPLAY_BOT_R_PLATE_R_TOP_TIE: max_gap=0.0000mm mean=0.0000mm n=61

[PNG] Deformed shape saved: D:\PythonCodeStudy\WHT_DispFoldSolver\examples\ex12_final_folding_shape.png
----------------------------------------------------------------------------------------------------
Step 13 | Attempting time increment: dt = 0.01000s (t: 0.1003s -> 0.1103s)
----------------------------------------------------------------------------------------------------

  Nonlinear Iteration Summary (Newton-Raphson)
  ==========================================================================================================================
  Time increment dt: 1.000e-02
  Convergence Tol  : 1.0e-02 (Disp Ratio)     Max Iterations: 50
  --------------------------------------------------------------------------------------------------------------------------
  Iter   Max Res.Force  (Node/DOF)    Max Disp.Corr  (Node/DOF)    Max Disp.Incr  Disp.Ratio  Energy.Err  LS.alpha  TieNodes
  --------------------------------------------------------------------------------------------------------------------------
     1    9.2421e+02  N143(UY)       6.2159e-04  N246(UY)       1.6162e-01     1.09e-03    3.28e+01      1.00       122
     2    2.2699e-02  N144(UY)       2.4152e-05  N5321(UY)      1.6162e-01     2.80e-05    1.95e-08      1.00       122
  ---------------------------------------------------------------------------------------------------------------------
  => Increment Converged. (Time: 15.77 s)

     1    13     1       0       1     0.1103     0.0100     0.0100

  [MONITOR] Step  13 | Time 0.1103s / 1.0s ( 11.0%)
            Fold Angle: Target +-  1.02deg | Actual [-1.02deg, +1.02deg]
            Plate Tips Y: Left= +0.19mm | Right= +0.19mm | Max Disp=  0.69mm
            Newton Iters:  1 | dt: 0.01000s
            [DIAGNOSTIC] display/plate max|u| ratio=1.0000 (display=0.685mm, plate=0.000mm)
            [DIAGNOSTIC] Real tie gap (not just active-pair count): DISPLAY_BOT_L_PLATE_L_TOP_TIE: max_gap=0.0000mm mean=0.0000mm n=61 | DISPLAY_BOT_R_PLATE_R_TOP_TIE: max_gap=0.0000mm mean=0.0000mm n=61

[PNG] Deformed shape saved: D:\PythonCodeStudy\WHT_DispFoldSolver\examples\ex12_final_folding_shape.png
----------------------------------------------------------------------------------------------------
Step 14 | Attempting time increment: dt = 0.01000s (t: 0.1103s -> 0.1203s)
----------------------------------------------------------------------------------------------------

  Nonlinear Iteration Summary (Newton-Raphson)
  ==========================================================================================================================
  Time increment dt: 1.000e-02
  Convergence Tol  : 1.0e-02 (Disp Ratio)     Max Iterations: 50
  --------------------------------------------------------------------------------------------------------------------------
  Iter   Max Res.Force  (Node/DOF)    Max Disp.Corr  (Node/DOF)    Max Disp.Incr  Disp.Ratio  Energy.Err  LS.alpha  TieNodes
  --------------------------------------------------------------------------------------------------------------------------
     1    8.5870e+02  N2(UY)         8.4314e-04  N246(UY)       1.8943e-01     9.72e-04    2.83e+01      1.00       122
     2    2.5885e-02  N1(UY)         1.4644e-05  N5321(UY)      1.8943e-01     1.44e-05    2.54e-08      1.00       122
  ---------------------------------------------------------------------------------------------------------------------
  => Increment Converged. (Time: 13.67 s)

     1    14     1       0       1     0.1203     0.0100     0.0100

  [MONITOR] Step  14 | Time 0.1203s / 1.0s ( 12.0%)
            Fold Angle: Target +-  1.30deg | Actual [-1.30deg, +1.30deg]
            Plate Tips Y: Left= +0.37mm | Right= +0.37mm | Max Disp=  0.87mm
            Newton Iters:  1 | dt: 0.01000s
            [DIAGNOSTIC] display/plate max|u| ratio=1.0000 (display=0.875mm, plate=0.000mm)
            [DIAGNOSTIC] Real tie gap (not just active-pair count): DISPLAY_BOT_L_PLATE_L_TOP_TIE: max_gap=0.0000mm mean=0.0000mm n=61 | DISPLAY_BOT_R_PLATE_R_TOP_TIE: max_gap=0.0000mm mean=0.0000mm n=61

[PNG] Deformed shape saved: D:\PythonCodeStudy\WHT_DispFoldSolver\examples\ex12_final_folding_shape.png
----------------------------------------------------------------------------------------------------
Step 15 | Attempting time increment: dt = 0.01000s (t: 0.1203s -> 0.1303s)
----------------------------------------------------------------------------------------------------

  Nonlinear Iteration Summary (Newton-Raphson)
  ==========================================================================================================================
  Time increment dt: 1.000e-02
  Convergence Tol  : 1.0e-02 (Disp Ratio)     Max Iterations: 50
  --------------------------------------------------------------------------------------------------------------------------
  Iter   Max Res.Force  (Node/DOF)    Max Disp.Corr  (Node/DOF)    Max Disp.Incr  Disp.Ratio  Energy.Err  LS.alpha  TieNodes
  --------------------------------------------------------------------------------------------------------------------------
     1    7.4832e+02  N143(UY)       8.6276e-04  N5321(UY)      2.1864e-01     7.62e-04    2.16e+01      1.00       122
     2    2.6777e-02  N144(UY)       1.5883e-05  N5321(UY)      2.1864e-01     1.02e-05    2.73e-08      1.00       122
  ---------------------------------------------------------------------------------------------------------------------
  => Increment Converged. (Time: 13.81 s)

     1    15     1       0       1     0.1303     0.0100     0.0100

  [MONITOR] Step  15 | Time 0.1303s / 1.0s ( 13.0%)
            Fold Angle: Target +-  1.62deg | Actual [-1.62deg, +1.62deg]
            Plate Tips Y: Left= +0.59mm | Right= +0.59mm | Max Disp=  1.09mm
            Newton Iters:  1 | dt: 0.01000s
            [DIAGNOSTIC] display/plate max|u| ratio=1.0000 (display=1.093mm, plate=0.000mm)
            [DIAGNOSTIC] Real tie gap (not just active-pair count): DISPLAY_BOT_L_PLATE_L_TOP_TIE: max_gap=0.0000mm mean=0.0000mm n=61 | DISPLAY_BOT_R_PLATE_R_TOP_TIE: max_gap=0.0000mm mean=0.0000mm n=61

[PNG] Deformed shape saved: D:\PythonCodeStudy\WHT_DispFoldSolver\examples\ex12_final_folding_shape.png
----------------------------------------------------------------------------------------------------
Step 16 | Attempting time increment: dt = 0.01000s (t: 0.1303s -> 0.1403s)
----------------------------------------------------------------------------------------------------

  Nonlinear Iteration Summary (Newton-Raphson)
  ==========================================================================================================================
  Time increment dt: 1.000e-02
  Convergence Tol  : 1.0e-02 (Disp Ratio)     Max Iterations: 50
  --------------------------------------------------------------------------------------------------------------------------
  Iter   Max Res.Force  (Node/DOF)    Max Disp.Corr  (Node/DOF)    Max Disp.Incr  Disp.Ratio  Energy.Err  LS.alpha  TieNodes
  --------------------------------------------------------------------------------------------------------------------------
     1    6.7874e+02  N2(UY)         6.8964e-04  N5321(UY)      2.4915e-01     5.34e-04    1.78e+01      1.00       122
     2    2.9802e-02  N144(UY)       2.7190e-05  N5321(UY)      2.4914e-01     1.56e-05    3.40e-08      1.00       122
  ---------------------------------------------------------------------------------------------------------------------
  => Increment Converged. (Time: 12.97 s)

     1    16     1       0       1     0.1403     0.0100     0.0100

  [MONITOR] Step  16 | Time 0.1403s / 1.0s ( 14.0%)
            Fold Angle: Target +-  1.99deg | Actual [-1.99deg, +1.99deg]
            Plate Tips Y: Left= +0.84mm | Right= +0.84mm | Max Disp=  1.34mm
            Newton Iters:  1 | dt: 0.01000s
            [DIAGNOSTIC] display/plate max|u| ratio=1.0000 (display=1.343mm, plate=0.000mm)
            [DIAGNOSTIC] Real tie gap (not just active-pair count): DISPLAY_BOT_L_PLATE_L_TOP_TIE: max_gap=0.0000mm mean=0.0000mm n=61 | DISPLAY_BOT_R_PLATE_R_TOP_TIE: max_gap=0.0000mm mean=0.0000mm n=61

[PNG] Deformed shape saved: D:\PythonCodeStudy\WHT_DispFoldSolver\examples\ex12_final_folding_shape.png
----------------------------------------------------------------------------------------------------
Step 17 | Attempting time increment: dt = 0.01000s (t: 0.1403s -> 0.1503s)
----------------------------------------------------------------------------------------------------

  Nonlinear Iteration Summary (Newton-Raphson)
  ==========================================================================================================================
  Time increment dt: 1.000e-02
  Convergence Tol  : 1.0e-02 (Disp Ratio)     Max Iterations: 50
  --------------------------------------------------------------------------------------------------------------------------
  Iter   Max Res.Force  (Node/DOF)    Max Disp.Corr  (Node/DOF)    Max Disp.Incr  Disp.Ratio  Energy.Err  LS.alpha  TieNodes
  --------------------------------------------------------------------------------------------------------------------------
     1    5.8922e+02  N143(UY)       4.2404e-04  N5306(UY)      2.8078e-01     3.33e-04    1.35e+01      1.00       122
     2    3.2666e-02  N144(UY)       2.7484e-05  N347(UY)       2.8080e-01     9.05e-06    4.38e-08      1.00       122
  ---------------------------------------------------------------------------------------------------------------------
  => Increment Converged. (Time: 13.14 s)

     1    17     1       0       1     0.1503     0.0100     0.0100

  [MONITOR] Step  17 | Time 0.1503s / 1.0s ( 15.0%)
            Fold Angle: Target +-  2.41deg | Actual [-2.41deg, +2.41deg]
            Plate Tips Y: Left= +1.12mm | Right= +1.12mm | Max Disp=  1.62mm
            Newton Iters:  1 | dt: 0.01000s
            [DIAGNOSTIC] display/plate max|u| ratio=1.0000 (display=1.623mm, plate=0.000mm)
            [DIAGNOSTIC] Real tie gap (not just active-pair count): DISPLAY_BOT_L_PLATE_L_TOP_TIE: max_gap=0.0000mm mean=0.0000mm n=61 | DISPLAY_BOT_R_PLATE_R_TOP_TIE: max_gap=0.0000mm mean=0.0000mm n=61

[PNG] Deformed shape saved: D:\PythonCodeStudy\WHT_DispFoldSolver\examples\ex12_final_folding_shape.png
----------------------------------------------------------------------------------------------------
Step 18 | Attempting time increment: dt = 0.01000s (t: 0.1503s -> 0.1603s)
----------------------------------------------------------------------------------------------------

  Nonlinear Iteration Summary (Newton-Raphson)
  ==========================================================================================================================
  Time increment dt: 1.000e-02
  Convergence Tol  : 1.0e-02 (Disp Ratio)     Max Iterations: 50
  --------------------------------------------------------------------------------------------------------------------------
  Iter   Max Res.Force  (Node/DOF)    Max Disp.Corr  (Node/DOF)    Max Disp.Incr  Disp.Ratio  Energy.Err  LS.alpha  TieNodes
  --------------------------------------------------------------------------------------------------------------------------
     1    5.2396e+02  N2(UY)         4.6542e-04  N347(UY)       3.1349e-01     2.01e-04    1.07e+01      1.00       122
     2    3.9692e-02  N144(UY)       8.8638e-05  N347(UY)       3.1340e-01     6.82e-06    9.01e-08      1.00       122
  ---------------------------------------------------------------------------------------------------------------------
  => Increment Converged. (Time: 14.45 s)

     1    18     1       0       1     0.1603     0.0100     0.0100

  [MONITOR] Step  18 | Time 0.1603s / 1.0s ( 16.0%)
            Fold Angle: Target +-  2.87deg | Actual [-2.87deg, +2.87deg]
            Plate Tips Y: Left= +1.44mm | Right= +1.44mm | Max Disp=  1.94mm
            Newton Iters:  1 | dt: 0.01000s
            [DIAGNOSTIC] display/plate max|u| ratio=1.0000 (display=1.937mm, plate=0.000mm)
            [DIAGNOSTIC] Real tie gap (not just active-pair count): DISPLAY_BOT_L_PLATE_L_TOP_TIE: max_gap=0.0000mm mean=0.0000mm n=61 | DISPLAY_BOT_R_PLATE_R_TOP_TIE: max_gap=0.0000mm mean=0.0000mm n=61

[PNG] Deformed shape saved: D:\PythonCodeStudy\WHT_DispFoldSolver\examples\ex12_final_folding_shape.png
----------------------------------------------------------------------------------------------------
Step 19 | Attempting time increment: dt = 0.01000s (t: 0.1603s -> 0.1703s)
----------------------------------------------------------------------------------------------------

  Nonlinear Iteration Summary (Newton-Raphson)
  ==========================================================================================================================
  Time increment dt: 1.000e-02
  Convergence Tol  : 1.0e-02 (Disp Ratio)     Max Iterations: 50
  --------------------------------------------------------------------------------------------------------------------------
  Iter   Max Res.Force  (Node/DOF)    Max Disp.Corr  (Node/DOF)    Max Disp.Incr  Disp.Ratio  Energy.Err  LS.alpha  TieNodes
  --------------------------------------------------------------------------------------------------------------------------
     1    5.3028e+02  N1(UX)         3.3992e-04  N1(UX)         3.4677e-01     1.38e-04    8.13e+00      1.00       122
     2    5.1799e-02  N144(UY)       3.1434e-04  N347(UY)       3.4708e-01     1.89e-05    4.53e-07      1.00       122
  ---------------------------------------------------------------------------------------------------------------------
  => Increment Converged. (Time: 14.46 s)

     1    19     1       0       1     0.1703     0.0100     0.0100

  [MONITOR] Step  19 | Time 0.1703s / 1.0s ( 17.0%)
            Fold Angle: Target +-  3.39deg | Actual [-3.39deg, +3.39deg]
            Plate Tips Y: Left= +1.78mm | Right= +1.78mm | Max Disp=  2.28mm
            Newton Iters:  1 | dt: 0.01000s
            [DIAGNOSTIC] display/plate max|u| ratio=1.0000 (display=2.284mm, plate=0.000mm)
            [DIAGNOSTIC] Real tie gap (not just active-pair count): DISPLAY_BOT_L_PLATE_L_TOP_TIE: max_gap=0.0000mm mean=0.0000mm n=61 | DISPLAY_BOT_R_PLATE_R_TOP_TIE: max_gap=0.0000mm mean=0.0000mm n=61

[PNG] Deformed shape saved: D:\PythonCodeStudy\WHT_DispFoldSolver\examples\ex12_final_folding_shape.png
----------------------------------------------------------------------------------------------------
Step 20 | Attempting time increment: dt = 0.01000s (t: 0.1703s -> 0.1803s)
----------------------------------------------------------------------------------------------------

  Nonlinear Iteration Summary (Newton-Raphson)
  ==========================================================================================================================
  Time increment dt: 1.000e-02
  Convergence Tol  : 1.0e-02 (Disp Ratio)     Max Iterations: 50
  --------------------------------------------------------------------------------------------------------------------------
  Iter   Max Res.Force  (Node/DOF)    Max Disp.Corr  (Node/DOF)    Max Disp.Incr  Disp.Ratio  Energy.Err  LS.alpha  TieNodes
  --------------------------------------------------------------------------------------------------------------------------
     1    5.8870e+02  N144(UX)       1.6873e-03  N347(UY)       3.8171e-01     1.52e-04    6.42e+00      1.00       122
     2    7.2348e-02  N142(UY)       1.0012e-03  N347(UY)       3.8071e-01     5.46e-05    3.64e-06      1.00       122
  ---------------------------------------------------------------------------------------------------------------------
  => Increment Converged. (Time: 15.43 s)

     1    20     1       0       1     0.1803     0.0100     0.0100

  [MONITOR] Step  20 | Time 0.1803s / 1.0s ( 18.0%)
            Fold Angle: Target +-  3.95deg | Actual [-3.95deg, +3.95deg]
            Plate Tips Y: Left= +2.16mm | Right= +2.16mm | Max Disp=  2.66mm
            Newton Iters:  1 | dt: 0.01000s
            [DIAGNOSTIC] display/plate max|u| ratio=1.0000 (display=2.665mm, plate=0.000mm)
            [DIAGNOSTIC] Real tie gap (not just active-pair count): DISPLAY_BOT_L_PLATE_L_TOP_TIE: max_gap=0.0000mm mean=0.0000mm n=61 | DISPLAY_BOT_R_PLATE_R_TOP_TIE: max_gap=0.0000mm mean=0.0000mm n=61
            [DIAGNOSTIC] Hinge curvature: max_curv_ratio=4.23 kink_detected=True at x=-8.50mm

[PNG] Deformed shape saved: D:\PythonCodeStudy\WHT_DispFoldSolver\examples\ex12_final_folding_shape.png
----------------------------------------------------------------------------------------------------
Step 21 | Attempting time increment: dt = 0.01000s (t: 0.1803s -> 0.1903s)
----------------------------------------------------------------------------------------------------

  Nonlinear Iteration Summary (Newton-Raphson)
  ==========================================================================================================================
  Time increment dt: 1.000e-02
  Convergence Tol  : 1.0e-02 (Disp Ratio)     Max Iterations: 50
  --------------------------------------------------------------------------------------------------------------------------
  Iter   Max Res.Force  (Node/DOF)    Max Disp.Corr  (Node/DOF)    Max Disp.Incr  Disp.Ratio  Energy.Err  LS.alpha  TieNodes
  --------------------------------------------------------------------------------------------------------------------------
     1    6.4555e+02  N1(UX)         3.6987e-03  N347(UY)       4.1504e-01     1.83e-04    4.99e+00      1.00       122
     2    1.1079e-01  N144(UY)       1.8651e-02  N62(UX)        4.1694e-01     3.25e-04    2.65e-05      1.00       122
  ---------------------------------------------------------------------------------------------------------------------
  => Increment Converged. (Time: 14.57 s)

     1    21     1       0       1     0.1903     0.0100     0.0100

  [MONITOR] Step  21 | Time 0.1903s / 1.0s ( 19.0%)
            Fold Angle: Target +-  4.57deg | Actual [-4.57deg, +4.57deg]
            Plate Tips Y: Left= +2.58mm | Right= +2.58mm | Max Disp=  3.08mm
            Newton Iters:  1 | dt: 0.01000s
            [DIAGNOSTIC] display/plate max|u| ratio=1.0000 (display=3.082mm, plate=0.000mm)
            [DIAGNOSTIC] Real tie gap (not just active-pair count): DISPLAY_BOT_L_PLATE_L_TOP_TIE: max_gap=0.0000mm mean=0.0000mm n=61 | DISPLAY_BOT_R_PLATE_R_TOP_TIE: max_gap=0.0000mm mean=0.0000mm n=61

[PNG] Deformed shape saved: D:\PythonCodeStudy\WHT_DispFoldSolver\examples\ex12_final_folding_shape.png
----------------------------------------------------------------------------------------------------
Step 22 | Attempting time increment: dt = 0.01000s (t: 0.1903s -> 0.2003s)
----------------------------------------------------------------------------------------------------

  Nonlinear Iteration Summary (Newton-Raphson)
  ==========================================================================================================================
  Time increment dt: 1.000e-02
  Convergence Tol  : 1.0e-02 (Disp Ratio)     Max Iterations: 50
  --------------------------------------------------------------------------------------------------------------------------
  Iter   Max Res.Force  (Node/DOF)    Max Disp.Corr  (Node/DOF)    Max Disp.Incr  Disp.Ratio  Energy.Err  LS.alpha  TieNodes
  --------------------------------------------------------------------------------------------------------------------------
     1    6.9983e+02  N144(UX)       1.7432e-02  N62(UX)        4.5724e-01     5.63e-04    4.09e+00      1.00       122
     2    3.6253e-01  N955(UY)       1.0310e-02  N62(UX)        4.5027e-01     4.21e-04    2.28e-04      1.00       122
  ---------------------------------------------------------------------------------------------------------------------
  => Increment Converged. (Time: 14.95 s)

     1    22     1       0       1     0.2003     0.0100     0.0100

  [MONITOR] Step  22 | Time 0.2003s / 1.0s ( 20.0%)
            Fold Angle: Target +-  5.23deg | Actual [-5.23deg, +5.23deg]
            Plate Tips Y: Left= +3.02mm | Right= +3.02mm | Max Disp=  3.53mm
            Newton Iters:  1 | dt: 0.01000s
            [DIAGNOSTIC] display/plate max|u| ratio=1.0000 (display=3.532mm, plate=0.000mm)
            [DIAGNOSTIC] Real tie gap (not just active-pair count): DISPLAY_BOT_L_PLATE_L_TOP_TIE: max_gap=0.0000mm mean=0.0000mm n=61 | DISPLAY_BOT_R_PLATE_R_TOP_TIE: max_gap=0.0000mm mean=0.0000mm n=61

[PNG] Deformed shape saved: D:\PythonCodeStudy\WHT_DispFoldSolver\examples\ex12_final_folding_shape.png
----------------------------------------------------------------------------------------------------
Step 23 | Attempting time increment: dt = 0.01000s (t: 0.2003s -> 0.2103s)
----------------------------------------------------------------------------------------------------

  Nonlinear Iteration Summary (Newton-Raphson)
  ==========================================================================================================================
  Time increment dt: 1.000e-02
  Convergence Tol  : 1.0e-02 (Disp Ratio)     Max Iterations: 50
  --------------------------------------------------------------------------------------------------------------------------
  Iter   Max Res.Force  (Node/DOF)    Max Disp.Corr  (Node/DOF)    Max Disp.Incr  Disp.Ratio  Energy.Err  LS.alpha  TieNodes
  --------------------------------------------------------------------------------------------------------------------------
     1    7.5055e+02  N1(UX)         3.0000e-02  N62(UX)        5.1907e-01     3.96e-03    1.77e+00      1.00       122
     2    3.6572e+02  N144(UX)       2.0000e-02  N145(UY)       5.3907e-01     1.35e-03    2.65e-01      1.00       122
  ---------------------------------------------------------------------------------------------------------------------
  => Increment Converged. (Time: 16.57 s)
  Mesh quality NOTICE: min det(J)=2.274e-01 ? approaching inversion threshold (4 elements warped)

     1    23     1       0       1     0.2103     0.0100     0.0100

  [MONITOR] Step  23 | Time 0.2103s / 1.0s ( 21.0%)
            Fold Angle: Target +-  5.95deg | Actual [-5.95deg, +5.95deg]
            Plate Tips Y: Left= +3.51mm | Right= +3.51mm | Max Disp=  4.07mm
            Newton Iters:  1 | dt: 0.01000s
            [DIAGNOSTIC] display/plate max|u| ratio=1.0000 (display=4.071mm, plate=0.000mm)
            [DIAGNOSTIC] Real tie gap (not just active-pair count): DISPLAY_BOT_L_PLATE_L_TOP_TIE: max_gap=0.0002mm mean=0.0000mm n=61 | DISPLAY_BOT_R_PLATE_R_TOP_TIE: max_gap=0.0002mm mean=0.0000mm n=61

[PNG] Deformed shape saved: D:\PythonCodeStudy\WHT_DispFoldSolver\examples\ex12_final_folding_shape.png
----------------------------------------------------------------------------------------------------
Step 24 | Attempting time increment: dt = 0.01000s (t: 0.2103s -> 0.2203s)
----------------------------------------------------------------------------------------------------

  Nonlinear Iteration Summary (Newton-Raphson)
  ==========================================================================================================================
  Time increment dt: 1.000e-02
  Convergence Tol  : 1.0e-02 (Disp Ratio)     Max Iterations: 50
  --------------------------------------------------------------------------------------------------------------------------
  Iter   Max Res.Force  (Node/DOF)    Max Disp.Corr  (Node/DOF)    Max Disp.Incr  Disp.Ratio  Energy.Err  LS.alpha  TieNodes
  --------------------------------------------------------------------------------------------------------------------------
     1    3.1183e+04  N143(UX)       1.3247e-03  N10001(UY)     5.1679e-01     7.68e-05    5.60e+00      1.00       122
     2    6.0329e+05  N1(UY)         4.4697e-03  N10367(UY)     5.1679e-01     3.04e-04    8.52e+04      1.00       122
  ---------------------------------------------------------------------------------------------------------------------
  => Increment Converged. (Time: 18.92 s)
  Mesh quality WARNING: min det(J)=-3.308e-02  inverted=2  warped=2

     1    24     1       2       1     0.2203     0.0100     0.0100

  Nonlinear Iteration Summary (Newton-Raphson)
  ==========================================================================================================================
  Time increment dt: 1.000e-06
  Convergence Tol  : 1.0e-02 (Disp Ratio)     Max Iterations: 50
  --------------------------------------------------------------------------------------------------------------------------
  Iter   Max Res.Force  (Node/DOF)    Max Disp.Corr  (Node/DOF)    Max Disp.Incr  Disp.Ratio  Energy.Err  LS.alpha  TieNodes
  --------------------------------------------------------------------------------------------------------------------------
     1    1.3768e+06  N144(UY)       4.9181e-03  N10367(UY)     7.9943e-04     2.85e-04    1.81e+05      1.00       122
     2    1.3768e+06  N144(UY)       6.3974e-03  N10367(UY)     2.0652e-03     4.06e-04    3.90e+05      1.00       122
  ---------------------------------------------------------------------------------------------------------------------
  => Increment Converged. (Time: 16.48 s)
  Mesh quality WARNING: min det(J)=-5.402e-02  inverted=2  warped=2

     1    25     1       2       1     0.2203     0.0000     0.0000

  Nonlinear Iteration Summary (Newton-Raphson)
  ==========================================================================================================================
  Time increment dt: 1.000e-06
  Convergence Tol  : 1.0e-02 (Disp Ratio)     Max Iterations: 50
  --------------------------------------------------------------------------------------------------------------------------
  Iter   Max Res.Force  (Node/DOF)    Max Disp.Corr  (Node/DOF)    Max Disp.Incr  Disp.Ratio  Energy.Err  LS.alpha  TieNodes
  --------------------------------------------------------------------------------------------------------------------------
     1    2.1503e+06  N144(UY)       9.3926e-03  N10367(UY)     2.9054e-03     6.63e-04    1.04e+06      1.00       122
     2    2.1503e+06  N144(UY)       3.6039e-03  N10367(UY)     3.5548e-03     2.09e-04    2.07e+05      1.00       122
  ---------------------------------------------------------------------------------------------------------------------
  => Increment Converged. (Time: 15.32 s)
  Mesh quality WARNING: min det(J)=-8.925e-02  inverted=2  warped=2

     1    26     1       2       1     0.2203     0.0000     0.0000

  Nonlinear Iteration Summary (Newton-Raphson)
  ==========================================================================================================================
  Time increment dt: 1.000e-06
  Convergence Tol  : 1.0e-02 (Disp Ratio)     Max Iterations: 50
  --------------------------------------------------------------------------------------------------------------------------
  Iter   Max Res.Force  (Node/DOF)    Max Disp.Corr  (Node/DOF)    Max Disp.Incr  Disp.Ratio  Energy.Err  LS.alpha  TieNodes
  --------------------------------------------------------------------------------------------------------------------------
     1    2.9238e+06  N144(UY)       3.5654e-03  N10367(UY)     7.8239e-04     2.06e-04    2.93e+05      1.00       122
     2    2.9238e+06  N144(UY)       2.0000e-02  N82(UX)        2.0782e-02     1.02e-03    2.19e+06      1.00       122
  ---------------------------------------------------------------------------------------------------------------------
  => Increment Converged. (Time: 17.81 s)
  Mesh quality WARNING: min det(J)=-9.790e-02  inverted=2  warped=2

     1    27     1       2       1     0.2203     0.0000     0.0000

  Nonlinear Iteration Summary (Newton-Raphson)
  ==========================================================================================================================
  Time increment dt: 1.000e-06
  Convergence Tol  : 1.0e-02 (Disp Ratio)     Max Iterations: 50
  --------------------------------------------------------------------------------------------------------------------------
  Iter   Max Res.Force  (Node/DOF)    Max Disp.Corr  (Node/DOF)    Max Disp.Incr  Disp.Ratio  Energy.Err  LS.alpha  TieNodes
  --------------------------------------------------------------------------------------------------------------------------
     1    3.6972e+06  N144(UY)       3.7036e-05  N10367(UY)     8.1974e-04     2.13e-06    4.15e+03      1.00       122
  [DIAGNOSTIC] Line search collapsed at iter 2. Inspecting element quality on trial step:

[DEBUG] Element inversion detected in element indexes: [60]
  Element ID: 61 (index 60, pid 1)
    detF: [0.6013364302945979, -0.12212782613549208, 0.1252271078733383, 0.8486913643034237]
    Nodes connectivity: [61, 62, 206, 205]
      Node 61: initial=[-12.0, 0.0], current=[-11.995005883281138, 1.1408617448849234], u=[0.004994116718861909, 1.1408617448849234]
      Node 62: initial=[-11.5, 0.0], current=[-11.69523961528518, 1.159964655746758], u=[-0.19523961528518016, 1.159964655746758]
      Node 206: initial=[-11.5, 0.03], current=[-11.516308555137247, 1.1474749896566607], u=[-0.016308555137246997, 1.1174749896566607]
      Node 205: initial=[-12.0, 0.03], current=[-12.01668355126631, 1.1782907777610598], u=[-0.016683551266309278, 1.1482907777610598]

  *** ERROR: Line search failed to resolve residual explosion at iteration 2.
     1    28     1       0      50     0.2203     0.0000     0.0000   *** CUTBACK: line search collapsed (residual explosion) (Retrying step with smaller dt & target angle) ***
            [AL] tie gap correction: 3 extra solve(s), final max_gap=0.3894mm

  [MONITOR] Step  24 | Time 0.2203s / 1.0s ( 22.0%)
            Fold Angle: Target +-  6.72deg | Actual [-6.72deg, +6.72deg]
            Plate Tips Y: Left= +4.02mm | Right= +4.02mm | Max Disp=  4.52mm
            Newton Iters:  1 | dt: 0.01000s
            [DIAGNOSTIC] display/plate max|u| ratio=1.0000 (display=4.220mm, plate=0.000mm)
            [DIAGNOSTIC] Real tie gap (not just active-pair count): DISPLAY_BOT_L_PLATE_L_TOP_TIE: max_gap=0.3894mm mean=0.2581mm n=61 | DISPLAY_BOT_R_PLATE_R_TOP_TIE: max_gap=0.3894mm mean=0.2581mm n=61

[PNG] Deformed shape saved: D:\PythonCodeStudy\WHT_DispFoldSolver\examples\ex12_final_folding_shape.png
----------------------------------------------------------------------------------------------------
Step 25 | Attempting time increment: dt = 0.01000s (t: 0.2203s -> 0.2303s)
----------------------------------------------------------------------------------------------------

  Nonlinear Iteration Summary (Newton-Raphson)
  ==========================================================================================================================
  Time increment dt: 1.000e-02
  Convergence Tol  : 1.0e-02 (Disp Ratio)     Max Iterations: 50
  --------------------------------------------------------------------------------------------------------------------------
  Iter   Max Res.Force  (Node/DOF)    Max Disp.Corr  (Node/DOF)    Max Disp.Incr  Disp.Ratio  Energy.Err  LS.alpha  TieNodes
  --------------------------------------------------------------------------------------------------------------------------
  *** ELEMENT INVERSION: det(F) <= 0 detected at iteration 1. Cutting back dt.
     1    28     2       0      50     0.2203     0.0000     0.0100   *** CUTBACK: element inversion (det(F) <= 0) (Retrying step with smaller dt & target angle) ***
  *** STEP 25 FAILED (conv=-50, cutback 1/20). Cutting back dt to 0.00500s ***

----------------------------------------------------------------------------------------------------
Step 25 | Attempting time increment: dt = 0.00500s (t: 0.2203s -> 0.2253s)
----------------------------------------------------------------------------------------------------

  Nonlinear Iteration Summary (Newton-Raphson)
  ==========================================================================================================================
  Time increment dt: 5.000e-03
  Convergence Tol  : 1.0e-02 (Disp Ratio)     Max Iterations: 50
  --------------------------------------------------------------------------------------------------------------------------
  Iter   Max Res.Force  (Node/DOF)    Max Disp.Corr  (Node/DOF)    Max Disp.Incr  Disp.Ratio  Energy.Err  LS.alpha  TieNodes
  --------------------------------------------------------------------------------------------------------------------------
  *** ELEMENT INVERSION: det(F) <= 0 detected at iteration 1. Cutting back dt.
     1    28     3       0      50     0.2203     0.0000     0.0050   *** CUTBACK: element inversion (det(F) <= 0) (Retrying step with smaller dt & target angle) ***
  *** STEP 25 FAILED (conv=-50, cutback 1/20). Cutting back dt to 0.00250s ***

----------------------------------------------------------------------------------------------------
Step 25 | Attempting time increment: dt = 0.00250s (t: 0.2203s -> 0.2228s)
----------------------------------------------------------------------------------------------------

  Nonlinear Iteration Summary (Newton-Raphson)
  ==========================================================================================================================
  Time increment dt: 2.500e-03
  Convergence Tol  : 1.0e-02 (Disp Ratio)     Max Iterations: 50
  --------------------------------------------------------------------------------------------------------------------------
  Iter   Max Res.Force  (Node/DOF)    Max Disp.Corr  (Node/DOF)    Max Disp.Incr  Disp.Ratio  Energy.Err  LS.alpha  TieNodes
  --------------------------------------------------------------------------------------------------------------------------
  *** ELEMENT INVERSION: det(F) <= 0 detected at iteration 1. Cutting back dt.
     1    28     4       0      50     0.2203     0.0000     0.0025   *** CUTBACK: element inversion (det(F) <= 0) (Retrying step with smaller dt & target angle) ***
  *** STEP 25 FAILED (conv=-50, cutback 1/20). Cutting back dt to 0.00125s ***

----------------------------------------------------------------------------------------------------
Step 25 | Attempting time increment: dt = 0.00125s (t: 0.2203s -> 0.2216s)
----------------------------------------------------------------------------------------------------

  Nonlinear Iteration Summary (Newton-Raphson)
  ==========================================================================================================================
  Time increment dt: 1.250e-03
  Convergence Tol  : 1.0e-02 (Disp Ratio)     Max Iterations: 50
  --------------------------------------------------------------------------------------------------------------------------
  Iter   Max Res.Force  (Node/DOF)    Max Disp.Corr  (Node/DOF)    Max Disp.Incr  Disp.Ratio  Energy.Err  LS.alpha  TieNodes
  --------------------------------------------------------------------------------------------------------------------------
  *** ELEMENT INVERSION: det(F) <= 0 detected at iteration 1. Cutting back dt.
     1    28     5       0      50     0.2203     0.0000     0.0013   *** CUTBACK: element inversion (det(F) <= 0) (Retrying step with smaller dt & target angle) ***
  *** STEP 25 FAILED (conv=-50, cutback 1/20). Cutting back dt to 0.00063s ***

----------------------------------------------------------------------------------------------------
Step 25 | Attempting time increment: dt = 0.00063s (t: 0.2203s -> 0.2209s)
----------------------------------------------------------------------------------------------------

  Nonlinear Iteration Summary (Newton-Raphson)
  ==========================================================================================================================
  Time increment dt: 6.250e-04
  Convergence Tol  : 1.0e-02 (Disp Ratio)     Max Iterations: 50
  --------------------------------------------------------------------------------------------------------------------------
  Iter   Max Res.Force  (Node/DOF)    Max Disp.Corr  (Node/DOF)    Max Disp.Incr  Disp.Ratio  Energy.Err  LS.alpha  TieNodes
  --------------------------------------------------------------------------------------------------------------------------
  *** ELEMENT INVERSION: det(F) <= 0 detected at iteration 1. Cutting back dt.
     1    28     6       0      50     0.2203     0.0000     0.0006   *** CUTBACK: element inversion (det(F) <= 0) (Retrying step with smaller dt & target angle) ***
  *** STEP 25 FAILED (conv=-50, cutback 1/20). Cutting back dt to 0.00031s ***

----------------------------------------------------------------------------------------------------
Step 25 | Attempting time increment: dt = 0.00031s (t: 0.2203s -> 0.2206s)
----------------------------------------------------------------------------------------------------

  Nonlinear Iteration Summary (Newton-Raphson)
  ==========================================================================================================================
  Time increment dt: 3.125e-04
  Convergence Tol  : 1.0e-02 (Disp Ratio)     Max Iterations: 50
  --------------------------------------------------------------------------------------------------------------------------
  Iter   Max Res.Force  (Node/DOF)    Max Disp.Corr  (Node/DOF)    Max Disp.Incr  Disp.Ratio  Energy.Err  LS.alpha  TieNodes
  --------------------------------------------------------------------------------------------------------------------------
  *** ELEMENT INVERSION: det(F) <= 0 detected at iteration 1. Cutting back dt.
     1    28     7       0      50     0.2203     0.0000     0.0003   *** CUTBACK: element inversion (det(F) <= 0) (Retrying step with smaller dt & target angle) ***
  *** STEP 25 FAILED (conv=-50, cutback 1/20). Cutting back dt to 0.00016s ***

----------------------------------------------------------------------------------------------------
Step 25 | Attempting time increment: dt = 0.00016s (t: 0.2203s -> 0.2205s)
----------------------------------------------------------------------------------------------------

  Nonlinear Iteration Summary (Newton-Raphson)
  ==========================================================================================================================
  Time increment dt: 1.563e-04
  Convergence Tol  : 1.0e-02 (Disp Ratio)     Max Iterations: 50
  --------------------------------------------------------------------------------------------------------------------------
  Iter   Max Res.Force  (Node/DOF)    Max Disp.Corr  (Node/DOF)    Max Disp.Incr  Disp.Ratio  Energy.Err  LS.alpha  TieNodes
  --------------------------------------------------------------------------------------------------------------------------
  *** ELEMENT INVERSION: det(F) <= 0 detected at iteration 1. Cutting back dt.
     1    28     8       0      50     0.2203     0.0000     0.0002   *** CUTBACK: element inversion (det(F) <= 0) (Retrying step with smaller dt & target angle) ***
  *** STEP 25 FAILED (conv=-50, cutback 1/20). Cutting back dt to 0.00008s ***

----------------------------------------------------------------------------------------------------
Step 25 | Attempting time increment: dt = 0.00008s (t: 0.2203s -> 0.2204s)
----------------------------------------------------------------------------------------------------

  Nonlinear Iteration Summary (Newton-Raphson)
  ==========================================================================================================================
  Time increment dt: 7.813e-05
  Convergence Tol  : 1.0e-02 (Disp Ratio)     Max Iterations: 50
  --------------------------------------------------------------------------------------------------------------------------
  Iter   Max Res.Force  (Node/DOF)    Max Disp.Corr  (Node/DOF)    Max Disp.Incr  Disp.Ratio  Energy.Err  LS.alpha  TieNodes
  --------------------------------------------------------------------------------------------------------------------------
  *** ELEMENT INVERSION: det(F) <= 0 detected at iteration 1. Cutting back dt.
     1    28     9       0      50     0.2203     0.0000     0.0001   *** CUTBACK: element inversion (det(F) <= 0) (Retrying step with smaller dt & target angle) ***
  *** STEP 25 FAILED (conv=-50, cutback 1/20). Cutting back dt to 0.00004s ***

----------------------------------------------------------------------------------------------------
Step 25 | Attempting time increment: dt = 0.00004s (t: 0.2203s -> 0.2204s)
----------------------------------------------------------------------------------------------------

  Nonlinear Iteration Summary (Newton-Raphson)
  ==========================================================================================================================
  Time increment dt: 3.906e-05
  Convergence Tol  : 1.0e-02 (Disp Ratio)     Max Iterations: 50
  --------------------------------------------------------------------------------------------------------------------------
  Iter   Max Res.Force  (Node/DOF)    Max Disp.Corr  (Node/DOF)    Max Disp.Incr  Disp.Ratio  Energy.Err  LS.alpha  TieNodes
  --------------------------------------------------------------------------------------------------------------------------
     1    3.6974e+06  N144(UY)       3.0000e-02  N64(UX)        2.9982e-02     7.18e-04    1.82e+06      1.00       122
  [DIAGNOSTIC] Line search collapsed at iter 2. Inspecting element quality on trial step:

[DEBUG] Element inversion detected in element indexes: [60]
  Element ID: 61 (index 60, pid 1)
    detF: [0.5830072869194372, -0.1494796841670408, 0.0945404467695539, 0.8270274178560335]
    Nodes connectivity: [61, 62, 206, 205]
      Node 61: initial=[-12.0, 0.0], current=[-11.995005995206053, 1.1408640557297214], u=[0.004994004793946132, 1.1408640557297214]
      Node 62: initial=[-11.5, 0.0], current=[-11.6964685511251, 1.1644849727249513], u=[-0.1964685511250999, 1.1644849727249513]
      Node 206: initial=[-11.5, 0.03], current=[-11.516268349067055, 1.1532733227015568], u=[-0.01626834906705402, 1.1232733227015568]
      Node 205: initial=[-12.0, 0.03], current=[-12.016899265042893, 1.177408346895022], u=[-0.016899265042892436, 1.147408346895022]

  *** ERROR: Line search failed to resolve residual explosion at iteration 2.
     1    28    10       0      50     0.2203     0.0000     0.0000   *** CUTBACK: line search collapsed (residual explosion) (Retrying step with smaller dt & target angle) ***
  *** STEP 25 FAILED (conv=-50, cutback 1/20). Cutting back dt to 0.00002s ***

----------------------------------------------------------------------------------------------------
Step 25 | Attempting time increment: dt = 0.00002s (t: 0.2203s -> 0.2203s)
----------------------------------------------------------------------------------------------------

  Nonlinear Iteration Summary (Newton-Raphson)
  ==========================================================================================================================
  Time increment dt: 1.953e-05
  Convergence Tol  : 1.0e-02 (Disp Ratio)     Max Iterations: 50
  --------------------------------------------------------------------------------------------------------------------------
  Iter   Max Res.Force  (Node/DOF)    Max Disp.Corr  (Node/DOF)    Max Disp.Incr  Disp.Ratio  Energy.Err  LS.alpha  TieNodes
  --------------------------------------------------------------------------------------------------------------------------
  [DIAGNOSTIC] Line search collapsed at iter 1. Inspecting element quality on trial step:

[DEBUG] Element inversion detected in element indexes: [60]
  Element ID: 61 (index 60, pid 1)
    detF: [0.5283408765616674, -0.12413168429307359, 0.0922552549478762, 0.7447278158026179]
    Nodes connectivity: [61, 62, 206, 205]
      Node 61: initial=[-12.0, 0.0], current=[-11.994999698969991, 1.1409156275326737], u=[0.0050003010300080815, 1.1409156275326737]
      Node 62: initial=[-11.5, 0.0], current=[-11.69418497900204, 1.156810084359037], u=[-0.19418497900204074, 1.156810084359037]
      Node 206: initial=[-11.5, 0.03], current=[-11.516191472994825, 1.1441669699911177], u=[-0.01619147299482507, 1.1141669699911176]
      Node 205: initial=[-12.0, 0.03], current=[-12.016957957503793, 1.17406019836111], u=[-0.016957957503793347, 1.14406019836111]

  *** ERROR: Line search failed to resolve residual explosion at iteration 1.
     1    28    11       0      50     0.2203     0.0000     0.0000   *** CUTBACK: line search collapsed (residual explosion) (Retrying step with smaller dt & target angle) ***
FATAL: Exceeded maximum cutbacks (20) or dt below minimum tolerance. Simulation aborted.
====================================================================================================
 FAILED: Simulation did not reach target time.
====================================================================================================
Saved result (24 steps) for re-analysis: D:\PythonCodeStudy\WHT_DispFoldSolver\examples\ex12_result.pkl
  reload with: from dispsolver.postprocess import load_result; r = load_result(r'D:\PythonCodeStudy\WHT_DispFoldSolver\examples\ex12_result.pkl')

=======================================================================================================================================================================================================================================================================
 Interlayer slip at x = -40.00 mm   [um, cumulative from bottom surface]
=======================================================================================================================================================================================================================================================================
 theta[deg]       L1       L2       L3       L4       L5       L6       L7       L8       L9      L10      L11      L12      L13      L14      L15      L16      L17      L18      L19      L20      L21      L22      L23      L24      L25      L26      L27      L28
-----------------------------------------------------------------------------------------------------------------------------------------------------------------------------------------------------------------------------------------------------------------------
       0.00     0.00     0.00     0.00     0.00     0.00     0.00     0.00     0.00     0.00     0.00     0.00     0.00     0.00     0.00     0.00     0.00     0.00     0.00     0.00     0.00     0.00     0.00     0.00     0.00     0.00     0.00     0.00     0.00
       0.00     0.00     0.00     0.00     0.00     0.00     0.00     0.00     0.00     0.00     0.00     0.00     0.00     0.00     0.00     0.00     0.00     0.00     0.00     0.00     0.00     0.00     0.00     0.00     0.00     0.00     0.00     0.00     0.00
       0.00     0.00     0.00     0.00     0.00     0.00     0.00     0.00     0.00     0.01     0.01     0.01     0.01     0.01     0.01     0.01     0.01     0.01     0.01     0.01     0.01     0.01     0.01     0.01     0.01     0.02     0.02     0.02     0.02
       0.01     0.01     0.01     0.01     0.01     0.02     0.02     0.02     0.02     0.03     0.03     0.03     0.03     0.04     0.04     0.04     0.04     0.05     0.05     0.05     0.05     0.06     0.06     0.06     0.06     0.08     0.08     0.08     0.08
       0.02     0.03     0.03     0.03     0.03     0.07     0.07     0.07     0.07     0.10     0.10     0.10     0.10     0.14     0.14     0.14     0.14     0.18     0.18     0.18     0.18     0.21     0.21     0.21     0.21     0.25     0.25     0.25     0.25
       0.06     0.08     0.08     0.08     0.08     0.16     0.16     0.16     0.16     0.24     0.24     0.24     0.24     0.32     0.32     0.32     0.32     0.41     0.41     0.41     0.41     0.49     0.49     0.49     0.49     0.58     0.58     0.58     0.58
       0.11     0.17     0.17     0.17     0.17     0.31     0.31     0.31     0.31     0.47     0.47     0.47     0.47     0.63     0.63     0.63     0.63     0.79     0.79     0.79     0.79     0.95     0.95     0.95     0.95     1.11     1.11     1.11     1.11
       0.18     0.32     0.32     0.32     0.32     0.55     0.55     0.55     0.55     0.81     0.81     0.81     0.81     1.08     1.08     1.08     1.08     1.36     1.36     1.36     1.36     1.63     1.63     1.63     1.63     1.90     1.90     1.90     1.90
       0.28     0.57     0.57     0.56     0.56     0.91     0.91     0.91     0.91     1.31     1.31     1.31     1.31     1.72     1.73     1.73     1.73     2.15     2.15     2.15     2.15     2.58     2.58     2.58     2.58     2.99     2.99     2.99     2.99
       0.41     0.96     0.96     0.96     0.96     1.43     1.43     1.43     1.43     1.99     1.99     2.00     2.00     2.60     2.60     2.60     2.60     3.22     3.23     3.23     3.23     3.85     3.85     3.85     3.85     4.46     4.46     4.46     4.46
       0.58     1.59     1.59     1.58     1.58     2.17     2.17     2.17     2.17     2.93     2.93     2.93     2.93     3.77     3.77     3.77     3.77     4.63     4.63     4.64     4.64     5.50     5.50     5.50     5.51     6.35     6.35     6.35     6.35
       0.78     2.54     2.53     2.53     2.53     3.20     3.20     3.20     3.20     4.18     4.18     4.18     4.18     5.29     5.29     5.29     5.29     6.45     6.45     6.45     6.45     7.61     7.62     7.62     7.62     8.76     8.76     8.76     8.76
       1.02     3.95     3.94     3.93     3.93     4.63     4.63     4.62     4.62     5.84     5.84     5.84     5.84     7.25     7.26     7.26     7.26     8.76     8.76     8.76     8.76    10.28    10.28    10.28    10.28    11.77    11.77    11.77    11.77
       1.30     5.99     5.98     5.97     5.96     6.59     6.59     6.59     6.58     8.02     8.02     8.02     8.02     9.79     9.79     9.79     9.79    11.68    11.68    11.69    11.69    13.61    13.62    13.62    13.62    15.51    15.51    15.51    15.52
       1.62     8.88     8.87     8.87     8.86     9.26     9.26     9.26     9.25    10.90    10.90    10.90    10.90    13.04    13.04    13.04    13.04    15.38    15.38    15.38    15.39    17.78    17.78    17.79    17.79    20.15    20.15    20.15    20.15
       1.99    12.91    12.90    12.89    12.88    12.86    12.86    12.86    12.85    14.67    14.67    14.67    14.67    17.21    17.21    17.21    17.22    20.04    20.05    20.05    20.05    22.97    22.98    22.98    22.98    25.87    25.87    25.87    25.87
       2.41    18.40    18.39    18.37    18.36    17.66    17.65    17.65    17.64    19.58    19.58    19.58    19.57    22.53    22.53    22.53    22.53    25.90    25.90    25.91    25.91    29.42    29.42    29.43    29.43    32.91    32.91    32.91    32.91
       2.87    25.72    25.71    25.69    25.67    23.94    23.94    23.93    23.92    25.88    25.88    25.87    25.87    29.24    29.25    29.25    29.25    33.20    33.21    33.21    33.21    37.37    37.37    37.38    37.38    41.51    41.51    41.51    41.51
       3.39    35.34    35.30    35.27    35.24    32.06    32.04    32.03    32.01    33.88    33.87    33.86    33.86    37.65    37.65    37.64    37.64    42.23    42.23    42.23    42.23    47.10    47.10    47.10    47.10    51.96    51.96    51.96    51.96
       3.95    47.70    47.67    47.64    47.61    42.36    42.35    42.33    42.32    43.89    43.89    43.88    43.87    48.04    48.04    48.04    48.04    53.27    53.27    53.27    53.28    58.90    58.90    58.90    58.91    64.54    64.54    64.54    64.54
       4.57    63.54    63.45    63.36    63.27    55.34    55.29    55.24    55.19    56.32    56.29    56.26    56.23    60.77    60.75    60.73    60.71    66.66    66.65    66.64    66.63    73.10    73.09    73.08    73.07    79.58    79.57    79.56    79.55
       5.23    83.50    83.39    83.28    83.18    71.47    71.42    71.36    71.30    71.58    71.55    71.52    71.49    76.25    76.24    76.22    76.21    82.82    82.81    82.80    82.79    90.10    90.10    90.09    90.09    97.48    97.47    97.47    97.46
       5.95   114.58   113.37   112.14   110.92    93.06    92.11    91.16    90.21    90.84    90.11    89.39    88.67    95.15    94.59    94.02    93.46   102.18   101.73   101.27   100.82   110.27   109.90   109.53   109.16   118.58   118.26   117.95   117.64
       6.72   124.35   122.69   121.01   119.33    99.55    98.25    96.94    95.63    96.40    95.42    94.45    93.48   100.45    99.70    98.94    98.19   107.50   106.89   106.29   105.68   115.73   115.24   114.74   114.24   124.21   123.79   123.38   122.96
-----------------------------------------------------------------------------------------------------------------------------------------------------------------------------------------------------------------------------------------------------------------------
 final total staircase : +122.96 um at theta = 6.72 deg
 carried by            : GLASS -1.26 um (0.8%),  PET -17.44 um (10.9%),  PSA +141.65 um (88.3%)
 (equal-thickness rows -> a ~50/50 split means bending tilt, not interlayer shear)

=======================================================================================================================================================================================================================================================================
 Interlayer slip at x = +40.00 mm   [um, cumulative from bottom surface]
=======================================================================================================================================================================================================================================================================
 theta[deg]       L1       L2       L3       L4       L5       L6       L7       L8       L9      L10      L11      L12      L13      L14      L15      L16      L17      L18      L19      L20      L21      L22      L23      L24      L25      L26      L27      L28
-----------------------------------------------------------------------------------------------------------------------------------------------------------------------------------------------------------------------------------------------------------------------
       0.00     0.00     0.00     0.00     0.00     0.00     0.00     0.00     0.00     0.00     0.00     0.00     0.00     0.00     0.00     0.00     0.00     0.00     0.00     0.00     0.00     0.00     0.00     0.00     0.00     0.00     0.00     0.00     0.00
       0.00     0.00     0.00     0.00     0.00     0.00     0.00     0.00     0.00     0.00     0.00     0.00     0.00     0.00     0.00     0.00     0.00     0.00     0.00     0.00     0.00     0.00     0.00     0.00     0.00     0.00     0.00     0.00     0.00
       0.00     0.00     0.00     0.00     0.00     0.00     0.00     0.00     0.00     0.01     0.01     0.01     0.01     0.01     0.01     0.01     0.01     0.01     0.01     0.01     0.01     0.01     0.01     0.01     0.01     0.02     0.02     0.02     0.02
       0.01     0.01     0.01     0.01     0.01     0.02     0.02     0.02     0.02     0.03     0.03     0.03     0.03     0.04     0.04     0.04     0.04     0.05     0.05     0.05     0.05     0.06     0.06     0.06     0.06     0.08     0.08     0.08     0.08
       0.02     0.03     0.03     0.03     0.03     0.07     0.07     0.07     0.07     0.10     0.10     0.10     0.10     0.14     0.14     0.14     0.14     0.18     0.18     0.18     0.18     0.21     0.21     0.21     0.21     0.25     0.25     0.25     0.25
       0.06     0.08     0.08     0.08     0.08     0.16     0.16     0.16     0.16     0.24     0.24     0.24     0.24     0.32     0.32     0.32     0.32     0.41     0.41     0.41     0.41     0.49     0.49     0.49     0.49     0.58     0.58     0.58     0.58
       0.11     0.17     0.17     0.17     0.17     0.31     0.31     0.31     0.31     0.47     0.47     0.47     0.47     0.63     0.63     0.63     0.63     0.79     0.79     0.79     0.79     0.95     0.95     0.95     0.95     1.11     1.11     1.11     1.11
       0.18     0.32     0.32     0.32     0.32     0.55     0.55     0.55     0.55     0.81     0.81     0.81     0.81     1.08     1.08     1.08     1.08     1.36     1.36     1.36     1.36     1.63     1.63     1.63     1.63     1.90     1.90     1.90     1.90
       0.28     0.57     0.57     0.56     0.56     0.91     0.91     0.91     0.91     1.31     1.31     1.31     1.31     1.72     1.73     1.73     1.73     2.15     2.15     2.15     2.15     2.58     2.58     2.58     2.58     2.99     2.99     2.99     2.99
       0.41     0.96     0.96     0.96     0.96     1.43     1.43     1.43     1.43     1.99     1.99     2.00     2.00     2.60     2.60     2.60     2.60     3.22     3.23     3.23     3.23     3.85     3.85     3.85     3.85     4.46     4.46     4.46     4.46
       0.58     1.59     1.59     1.58     1.58     2.17     2.17     2.17     2.17     2.93     2.93     2.93     2.93     3.77     3.77     3.77     3.77     4.63     4.63     4.64     4.64     5.50     5.50     5.50     5.51     6.35     6.35     6.35     6.35
       0.78     2.54     2.53     2.53     2.53     3.20     3.20     3.20     3.20     4.18     4.18     4.18     4.18     5.29     5.29     5.29     5.29     6.45     6.45     6.45     6.45     7.61     7.62     7.62     7.62     8.76     8.76     8.76     8.76
       1.02     3.95     3.94     3.93     3.93     4.63     4.63     4.62     4.62     5.84     5.84     5.84     5.84     7.25     7.26     7.26     7.26     8.76     8.76     8.76     8.76    10.28    10.28    10.28    10.28    11.77    11.77    11.77    11.77
       1.30     5.99     5.98     5.97     5.96     6.59     6.59     6.59     6.58     8.02     8.02     8.02     8.02     9.79     9.79     9.79     9.79    11.68    11.68    11.69    11.69    13.61    13.62    13.62    13.62    15.51    15.51    15.51    15.52
       1.62     8.88     8.87     8.87     8.86     9.26     9.26     9.26     9.25    10.90    10.90    10.90    10.90    13.04    13.04    13.04    13.04    15.38    15.38    15.38    15.39    17.78    17.78    17.79    17.79    20.15    20.15    20.15    20.15
       1.99    12.91    12.90    12.89    12.88    12.86    12.86    12.86    12.85    14.67    14.67    14.67    14.67    17.21    17.21    17.21    17.22    20.04    20.05    20.05    20.05    22.97    22.98    22.98    22.98    25.87    25.87    25.87    25.87
       2.41    18.40    18.39    18.37    18.36    17.66    17.65    17.65    17.64    19.58    19.58    19.58    19.57    22.53    22.53    22.53    22.53    25.90    25.90    25.91    25.91    29.42    29.42    29.43    29.43    32.91    32.91    32.91    32.91
       2.87    25.72    25.71    25.69    25.67    23.94    23.94    23.93    23.92    25.88    25.88    25.87    25.87    29.24    29.25    29.25    29.25    33.20    33.21    33.21    33.21    37.37    37.37    37.38    37.38    41.51    41.51    41.51    41.51
       3.39    35.34    35.30    35.27    35.24    32.06    32.04    32.03    32.01    33.88    33.87    33.86    33.86    37.65    37.65    37.64    37.64    42.23    42.23    42.23    42.23    47.10    47.10    47.10    47.10    51.96    51.96    51.96    51.96
       3.95    47.70    47.67    47.64    47.61    42.36    42.35    42.33    42.32    43.89    43.89    43.88    43.87    48.04    48.04    48.04    48.04    53.27    53.27    53.27    53.28    58.90    58.90    58.90    58.91    64.54    64.54    64.54    64.54
       4.57    63.54    63.45    63.36    63.27    55.34    55.29    55.24    55.19    56.32    56.29    56.26    56.23    60.77    60.75    60.73    60.71    66.66    66.65    66.64    66.63    73.10    73.09    73.08    73.07    79.58    79.57    79.56    79.55
       5.23    83.50    83.39    83.28    83.18    71.47    71.42    71.36    71.31    71.58    71.55    71.52    71.49    76.25    76.24    76.22    76.21    82.82    82.81    82.80    82.79    90.10    90.10    90.09    90.09    97.48    97.47    97.47    97.46
       5.95   114.57   113.37   112.14   110.92    93.06    92.11    91.16    90.21    90.83    90.11    89.39    88.67    95.15    94.58    94.02    93.46   102.18   101.72   101.27   100.82   110.27   109.90   109.53   109.16   118.58   118.26   117.95   117.64
       6.72   124.59   122.88   121.13   119.39    99.40    98.14    96.87    95.61    96.27    95.30    94.33    93.36   100.33    99.57    98.81    98.05   107.37   106.76   106.15   105.54   115.60   115.10   114.60   114.10   124.08   123.66   123.24   122.82
-----------------------------------------------------------------------------------------------------------------------------------------------------------------------------------------------------------------------------------------------------------------------
 final total staircase : +122.82 um at theta = 6.72 deg
 carried by            : GLASS -1.27 um (0.8%),  PET -17.52 um (10.9%),  PSA +141.61 um (88.3%)
 (equal-thickness rows -> a ~50/50 split means bending tilt, not interlayer shear)

Saving final shape visualization to: D:\PythonCodeStudy\WHT_DispFoldSolver\examples\ex12_final_folding_shape.png
[PNG] Deformed shape saved: D:\PythonCodeStudy\WHT_DispFoldSolver\examples\ex12_final_folding_shape.png
Done.
