====================================================================================================
 EX12: 90-Degree Display Folding Directly from Abaqus .inp File
====================================================================================================
Reading Abaqus input deck: D:\PythonCodeStudy\WHT_DispFoldSolver\examples\ex12_rigid_plate_display_fold.inp
D:\PythonCodeStudy\WHT_DispFoldSolver\dispsolver\io\abaqus_parser.py:131: UserWarning: Unsupported keyword: *SECTION CONTROLS \u2014 skipping
  warnings.warn(f"Unsupported keyword: *{block.keyword} \u2014 skipping")
Parsed result: ModelBuilderResult(mesh=yes, materials=16, constraints=0, penalty_constraints=2, rbe2_elements=0, rbe2_constraints=2, amplitudes=0, dloads=0, contact_pairs=0, surfaces=4, contact_objects=0)
Found translation boundary conditions on 4 DOFs.
Found prescribed rotations on master nodes: {10000: -1.570796, 10306: 1.570796}
====================================================================================================
 MODEL REVIEW
====================================================================================================
Materials (4 distinct):
  - PSA: Arruda-Boyce + Prony viscoelastic: mu=0.015614, lambda_m=3.0, K=0.83333
  - PET: J2 plasticity: E=4000.0, nu=0.3, sigma_y0=80.0, H=400.0
  - GLASS: J2 plasticity: E=70000.0, nu=0.22, sigma_y0=1000000000.0, H=0.0
  - STEEL: NeoHookean: E=20000.0, nu=0.3
Parts / Layers (16 total):
  - pid 1: 600 elements, material=PSA, thickness=0.0300 mm (30.0 um), element=CPE4H
  - pid 2: 1800 elements, material=PET, thickness=0.0600 mm (60.0 um), element=Q4_COROTATIONAL_SRI
  - pid 3: 1200 elements, material=PSA, thickness=0.0300 mm (30.0 um), element=CPE4H
  - pid 4: 1800 elements, material=PET, thickness=0.0600 mm (60.0 um), element=Q4_COROTATIONAL_SRI
  - pid 5: 1200 elements, material=PSA, thickness=0.0300 mm (30.0 um), element=CPE4H
  - pid 6: 1800 elements, material=PET, thickness=0.0600 mm (60.0 um), element=Q4_COROTATIONAL_SRI
  - pid 7: 1200 elements, material=PSA, thickness=0.8000 mm (800.0 um), element=CPE4H
  - pid 8: 1320 elements, material=PET, thickness=0.8600 mm (860.0 um), element=Q4_COROTATIONAL_SRI
  - pid 9: 1200 elements, material=PSA, thickness=0.0300 mm (30.0 um), element=CPE4H
  - pid 10: 1800 elements, material=PET, thickness=0.0600 mm (60.0 um), element=Q4_COROTATIONAL_SRI
  - pid 11: 1200 elements, material=PSA, thickness=0.0300 mm (30.0 um), element=CPE4H
  - pid 12: 1800 elements, material=PET, thickness=0.0600 mm (60.0 um), element=Q4_COROTATIONAL_SRI
  - pid 13: 1200 elements, material=PSA, thickness=0.0300 mm (30.0 um), element=CPE4H
  - pid 14: 1800 elements, material=GLASS, thickness=0.0600 mm (60.0 um), element=Q4_COROTATIONAL_SRI
  - Plate Left: 240 elements, material=STEEL, thickness=0.5000 mm (500.0 um), element=Q4_COROTATIONAL
  - Plate Right: 240 elements, material=STEEL, thickness=0.5000 mm (500.0 um), element=Q4_COROTATIONAL
Total elements: 20400, total layers/parts: 16
====================================================================================================
[PNG] Deformed shape saved: D:\PythonCodeStudy\WHT_DispFoldSolver\examples\ex12_before_folding_shape.png
----------------------------------------------------------------------------------------------------
Step 1 | Attempting time increment: dt = 0.00250s (t: 0.0000s -> 0.0025s)
----------------------------------------------------------------------------------------------------
Traceback (most recent call last):
  File "D:\PythonCodeStudy\WHT_DispFoldSolver\examples\ex12_abaqus_inp_plate_fold.py", line 556, in <module>
    run_abaqus_inp_folding(
  File "D:\PythonCodeStudy\WHT_DispFoldSolver\examples\ex12_abaqus_inp_plate_fold.py", line 79, in run_abaqus_inp_folding
    res_dict = run_folding_from_result(result, before_png_name, after_png_name,
               ^^^^^^^^^^^^^^^^^^^^^^^^^^^^^^^^^^^^^^^^^^^^^^^^^^^^^^^^^^^^^^^^
  File "D:\PythonCodeStudy\WHT_DispFoldSolver\examples\ex12_abaqus_inp_plate_fold.py", line 364, in run_folding_from_result
    conv_code = solver.solve_step(dt)
                ^^^^^^^^^^^^^^^^^^^^^
  File "D:\PythonCodeStudy\WHT_DispFoldSolver\dispsolver\solver\dynamic.py", line 1586, in solve_step
    result = self._solve_step_impl(dt)
             ^^^^^^^^^^^^^^^^^^^^^^^^^
  File "D:\PythonCodeStudy\WHT_DispFoldSolver\dispsolver\solver\dynamic.py", line 1779, in _solve_step_impl
    self.f_int_n, _, _ = self._assemble(u_n, dt)
                         ^^^^^^^^^^^^^^^^^^^^^^^
  File "D:\PythonCodeStudy\WHT_DispFoldSolver\dispsolver\solver\dynamic.py", line 4189, in _assemble
    f_int, K_T, state_new = self._assemble_multi_material_batch(u, dt)
                            ^^^^^^^^^^^^^^^^^^^^^^^^^^^^^^^^^^^^^^^^^^
  File "D:\PythonCodeStudy\WHT_DispFoldSolver\dispsolver\solver\dynamic.py", line 3584, in _assemble_multi_material_batch
    f_es, K_es, se_all = assemble_corotational_sri_j2_batch_numba(
                         ^^^^^^^^^^^^^^^^^^^^^^^^^^^^^^^^^^^^^^^^^
  File "C:\Users\GOODMAN\miniconda3\envs\vdmc\Lib\site-packages\numba\core\dispatcher.py", line 443, in _compile_for_args
    raise e
  File "C:\Users\GOODMAN\miniconda3\envs\vdmc\Lib\site-packages\numba\core\dispatcher.py", line 376, in _compile_for_args
    return_val = self.compile(tuple(argtypes))
                 ^^^^^^^^^^^^^^^^^^^^^^^^^^^^^
  File "C:\Users\GOODMAN\miniconda3\envs\vdmc\Lib\site-packages\numba\core\dispatcher.py", line 908, in compile
    cres = self._compiler.compile(args, return_type)
           ^^^^^^^^^^^^^^^^^^^^^^^^^^^^^^^^^^^^^^^^^
  File "C:\Users\GOODMAN\miniconda3\envs\vdmc\Lib\site-packages\numba\core\dispatcher.py", line 80, in compile
    status, retval = self._compile_cached(args, return_type)
                     ^^^^^^^^^^^^^^^^^^^^^^^^^^^^^^^^^^^^^^^
  File "C:\Users\GOODMAN\miniconda3\envs\vdmc\Lib\site-packages\numba\core\dispatcher.py", line 94, in _compile_cached
    retval = self._compile_core(args, return_type)
             ^^^^^^^^^^^^^^^^^^^^^^^^^^^^^^^^^^^^^
  File "C:\Users\GOODMAN\miniconda3\envs\vdmc\Lib\site-packages\numba\core\dispatcher.py", line 107, in _compile_core
    cres = compiler.compile_extra(self.targetdescr.typing_context,
           ^^^^^^^^^^^^^^^^^^^^^^^^^^^^^^^^^^^^^^^^^^^^^^^^^^^^^^^
  File "C:\Users\GOODMAN\miniconda3\envs\vdmc\Lib\site-packages\numba\core\compiler.py", line 737, in compile_extra
    pipeline = pipeline_class(typingctx, targetctx, library,
               ^^^^^^^^^^^^^^^^^^^^^^^^^^^^^^^^^^^^^^^^^^^^^
  File "C:\Users\GOODMAN\miniconda3\envs\vdmc\Lib\site-packages\numba\core\compiler.py", line 394, in __init__
    config.reload_config()
  File "C:\Users\GOODMAN\miniconda3\envs\vdmc\Lib\site-packages\numba\core\config.py", line 602, in reload_config
    _env_reloader.update()
  File "C:\Users\GOODMAN\miniconda3\envs\vdmc\Lib\site-packages\numba\core\config.py", line 152, in update
    self.process_environ(new_environ)
  File "C:\Users\GOODMAN\miniconda3\envs\vdmc\Lib\site-packages\numba\core\config.py", line 517, in process_environ
    raise RuntimeError("Cannot set NUMBA_NUM_THREADS to a "
RuntimeError: Cannot set NUMBA_NUM_THREADS to a different value once the threads have been launched (currently have 6, trying to set 16)
