====================================================================================================
 EX12: 90-Degree Display Folding Directly from Abaqus .inp File
====================================================================================================
Reading Abaqus input deck: D:\PythonCodeStudy\WHT_DispFoldSolver\examples\ex12_rigid_plate_display_fold.inp
D:\PythonCodeStudy\WHT_DispFoldSolver\dispsolver\io\abaqus_parser.py:131: UserWarning: Unsupported keyword: *SECTION CONTROLS \u2014 skipping
  warnings.warn(f"Unsupported keyword: *{block.keyword} \u2014 skipping")
Parsed result: ModelBuilderResult(mesh=yes, materials=16, constraints=0, penalty_constraints=2, rbe2_elements=0, rbe2_constraints=2, amplitudes=0, dloads=0, contact_pairs=0, surfaces=4, contact_objects=0)
Found translation boundary conditions on 4 DOFs.
Found prescribed rotations on master nodes: {10000: -1.570796, 10306: 1.570796}
====================================================================================================
 MODEL REVIEW
====================================================================================================
Materials (4 distinct):
  - PSA: Arruda-Boyce + Prony viscoelastic: mu=0.015614, lambda_m=3.0, K=0.83333
  - PET: J2 plasticity: E=4000.0, nu=0.3, sigma_y0=80.0, H=400.0
  - GLASS: J2 plasticity: E=70000.0, nu=0.22, sigma_y0=1000000000.0, H=0.0
  - STEEL: NeoHookean: E=20000.0, nu=0.3
Parts / Layers (16 total):
  - pid 1: 142 elements, material=PSA, thickness=0.0300 mm (30.0 um), element=CPE4I
  - pid 2: 606 elements, material=PET, thickness=0.0600 mm (60.0 um), element=Q4_COROTATIONAL_SRI
  - pid 3: 202 elements, material=PSA, thickness=0.0300 mm (30.0 um), element=CPE4I
  - pid 4: 606 elements, material=PET, thickness=0.0600 mm (60.0 um), element=Q4_COROTATIONAL_SRI
  - pid 5: 202 elements, material=PSA, thickness=0.0300 mm (30.0 um), element=CPE4I
  - pid 6: 606 elements, material=PET, thickness=0.0600 mm (60.0 um), element=Q4_COROTATIONAL_SRI
  - pid 7: 202 elements, material=PSA, thickness=0.0300 mm (30.0 um), element=CPE4I
  - pid 8: 606 elements, material=PET, thickness=0.0600 mm (60.0 um), element=Q4_COROTATIONAL_SRI
  - pid 9: 202 elements, material=PSA, thickness=0.0300 mm (30.0 um), element=CPE4I
  - pid 10: 606 elements, material=PET, thickness=0.0600 mm (60.0 um), element=Q4_COROTATIONAL_SRI
  - pid 11: 202 elements, material=PSA, thickness=0.0300 mm (30.0 um), element=CPE4I
  - pid 12: 606 elements, material=PET, thickness=0.0600 mm (60.0 um), element=Q4_COROTATIONAL_SRI
  - pid 13: 202 elements, material=PSA, thickness=0.0300 mm (30.0 um), element=CPE4I
  - pid 14: 606 elements, material=GLASS, thickness=0.0600 mm (60.0 um), element=Q4_COROTATIONAL_SRI
  - Plate Left: 240 elements, material=STEEL, thickness=0.5000 mm (500.0 um), element=Q4_COROTATIONAL
  - Plate Right: 240 elements, material=STEEL, thickness=0.5000 mm (500.0 um), element=Q4_COROTATIONAL
Total elements: 6076, total layers/parts: 16
====================================================================================================
[PNG] Deformed shape saved: D:\PythonCodeStudy\WHT_DispFoldSolver\examples\ex12_before_folding_shape.png
----------------------------------------------------------------------------------------------------
Step 1 | Attempting time increment: dt = 0.00500s (t: 0.0000s -> 0.0050s)
----------------------------------------------------------------------------------------------------
D:\PythonCodeStudy\WHT_DispFoldSolver\dispsolver\element\q4_corotational_sri_j2_numba.py:195: NumbaPerformanceWarning: [1m[1m[1m[1mnp.dot() is faster on contiguous arrays, called on (Array(float64, 1, 'C', False, aligned=True), Array(float64, 1, 'A', False, aligned=True))[0m[0m[0m[0m
  f_e, K_e, s_e = compute_corotational_sri_j2_single_numba(

  Nonlinear Iteration Summary (Newton-Raphson)
  ==========================================================================================================================
  Time increment dt: 5.000e-03
  Convergence Tol  : 1.0e-02 (Disp Ratio)     Max Iterations: 50
  --------------------------------------------------------------------------------------------------------------------------
  Iter   Max Res.Force  (Node/DOF)    Max Disp.Corr  (Node/DOF)    Max Disp.Incr  Disp.Ratio  Energy.Err  LS.alpha  TieNodes
  --------------------------------------------------------------------------------------------------------------------------
     1    1.1735e+02  N1(UY)         7.5223e-05  N1(UY)         7.5224e-05     9.37e-01    5.21e-01      1.00       122
     2    2.1599e-04  N144(UY)       3.2838e-06  N424(UY)       7.5305e-05     4.13e-02    1.21e-11      1.00       122
     3    6.2283e-06  N144(UY)       4.3524e-06  N246(UY)       7.5302e-05     4.72e-02    2.94e-12      1.00       122
  ---------------------------------------------------------------------------------------------------------------------
  => Increment Converged. (Time: 83.56 s)


  STEP   INC   ATT   SEVERE   EQUIL     TOTAL      STEP      INC OF
                     DISCON   ITERS      TIME       TIME       TIME
     1     1     1       0       2     0.0050     0.0050     0.0050

  [MONITOR] Step   1 | Time 0.0050s / 1.0s (  0.5%)
            Fold Angle: Target +-  0.00deg | Actual [-0.00deg, +0.00deg]
            Plate Tips Y: Left= -0.50mm | Right= -0.50mm | Max Disp=  0.00mm
            Newton Iters:  2 | dt: 0.00500s
            [DIAGNOSTIC] display/plate max|u| ratio=1.0000 (display=0.000mm, plate=0.000mm)
            [DIAGNOSTIC] Real tie gap (not just active-pair count): DISPLAY_BOT_L_PLATE_L_TOP_TIE: max_gap=0.0000mm mean=0.0000mm n=61 | DISPLAY_BOT_R_PLATE_R_TOP_TIE: max_gap=0.0000mm mean=0.0000mm n=61
            [DIAGNOSTIC] Hinge curvature: max_curv_ratio=16.80 kink_detected=True at x=-8.50mm

[PNG] Deformed shape saved: D:\PythonCodeStudy\WHT_DispFoldSolver\examples\ex12_final_folding_shape.png
----------------------------------------------------------------------------------------------------
Step 2 | Attempting time increment: dt = 0.00750s (t: 0.0050s -> 0.0125s)
----------------------------------------------------------------------------------------------------

  Nonlinear Iteration Summary (Newton-Raphson)
  ==========================================================================================================================
  Time increment dt: 7.500e-03
  Convergence Tol  : 1.0e-02 (Disp Ratio)     Max Iterations: 50
  --------------------------------------------------------------------------------------------------------------------------
  Iter   Max Res.Force  (Node/DOF)    Max Disp.Corr  (Node/DOF)    Max Disp.Incr  Disp.Ratio  Energy.Err  LS.alpha  TieNodes
  --------------------------------------------------------------------------------------------------------------------------
     1    1.0002e+03  N144(UY)       6.4115e-04  N1(UY)         1.0869e-03     5.16e-01    3.79e+01      1.00       122
     2    1.8389e-03  N144(UY)       4.2155e-05  N231(UY)       1.0869e-03     3.40e-02    8.17e-10      1.00       122
     3    7.1702e-05  N144(UY)       5.7835e-05  N5726(UY)      1.0875e-03     3.98e-02    5.89e-10      1.00       122
  ---------------------------------------------------------------------------------------------------------------------
  => Increment Converged. (Time: 28.54 s)

     1     2     1       0       2     0.0125     0.0075     0.0075

  [MONITOR] Step   2 | Time 0.0125s / 1.0s (  1.2%)
            Fold Angle: Target +-  0.00deg | Actual [-0.00deg, +0.00deg]
            Plate Tips Y: Left= -0.50mm | Right= -0.50mm | Max Disp=  0.00mm
            Newton Iters:  2 | dt: 0.00750s
            [DIAGNOSTIC] display/plate max|u| ratio=1.0000 (display=0.001mm, plate=0.000mm)
            [DIAGNOSTIC] Real tie gap (not just active-pair count): DISPLAY_BOT_L_PLATE_L_TOP_TIE: max_gap=0.0000mm mean=0.0000mm n=61 | DISPLAY_BOT_R_PLATE_R_TOP_TIE: max_gap=0.0000mm mean=0.0000mm n=61

[PNG] Deformed shape saved: D:\PythonCodeStudy\WHT_DispFoldSolver\examples\ex12_final_folding_shape.png
----------------------------------------------------------------------------------------------------
Step 3 | Attempting time increment: dt = 0.01000s (t: 0.0125s -> 0.0225s)
----------------------------------------------------------------------------------------------------

  Nonlinear Iteration Summary (Newton-Raphson)
  ==========================================================================================================================
  Time increment dt: 1.000e-02
  Convergence Tol  : 1.0e-02 (Disp Ratio)     Max Iterations: 50
  --------------------------------------------------------------------------------------------------------------------------
  Iter   Max Res.Force  (Node/DOF)    Max Disp.Corr  (Node/DOF)    Max Disp.Incr  Disp.Ratio  Energy.Err  LS.alpha  TieNodes
  --------------------------------------------------------------------------------------------------------------------------
     1    1.6000e+03  N144(UY)       1.0256e-03  N144(UY)       5.5133e-03     1.44e-01    9.69e+01      1.00       122
     2    2.8868e-03  N144(UY)       1.8278e-04  N5726(UY)      5.5133e-03     2.27e-02    8.53e-09      1.00       122
     3    3.9324e-04  N144(UY)       2.2035e-04  N247(UY)       5.5139e-03     2.57e-02    7.94e-09      1.00       122
  ---------------------------------------------------------------------------------------------------------------------
  => Increment Converged. (Time: 26.64 s)

     1     3     1       0       2     0.0225     0.0100     0.0100

  [MONITOR] Step   3 | Time 0.0225s / 1.0s (  2.2%)
            Fold Angle: Target +-  0.01deg | Actual [-0.01deg, +0.01deg]
            Plate Tips Y: Left= -0.49mm | Right= -0.49mm | Max Disp=  0.01mm
            Newton Iters:  2 | dt: 0.01000s
            [DIAGNOSTIC] display/plate max|u| ratio=1.0000 (display=0.007mm, plate=0.000mm)
            [DIAGNOSTIC] Real tie gap (not just active-pair count): DISPLAY_BOT_L_PLATE_L_TOP_TIE: max_gap=0.0000mm mean=0.0000mm n=61 | DISPLAY_BOT_R_PLATE_R_TOP_TIE: max_gap=0.0000mm mean=0.0000mm n=61

[PNG] Deformed shape saved: D:\PythonCodeStudy\WHT_DispFoldSolver\examples\ex12_final_folding_shape.png
----------------------------------------------------------------------------------------------------
Step 4 | Attempting time increment: dt = 0.01000s (t: 0.0225s -> 0.0325s)
----------------------------------------------------------------------------------------------------

  Nonlinear Iteration Summary (Newton-Raphson)
  ==========================================================================================================================
  Time increment dt: 1.000e-02
  Convergence Tol  : 1.0e-02 (Disp Ratio)     Max Iterations: 50
  --------------------------------------------------------------------------------------------------------------------------
  Iter   Max Res.Force  (Node/DOF)    Max Disp.Corr  (Node/DOF)    Max Disp.Incr  Disp.Ratio  Energy.Err  LS.alpha  TieNodes
  --------------------------------------------------------------------------------------------------------------------------
     1    2.2071e+03  N144(UY)       1.4148e-03  N144(UY)       1.3137e-02     6.64e-02    1.84e+02      1.00       122
     2    2.8054e-03  N1(UY)         2.5944e-04  N4921(UY)      1.3137e-02     1.05e-02    4.39e-08      1.00       122
     3    2.0845e-03  N1(UY)         3.7012e-04  N259(UY)       1.3138e-02     1.34e-02    2.61e-08      1.00       122
  ---------------------------------------------------------------------------------------------------------------------
  => Increment Converged. (Time: 27.13 s)

     1     4     1       0       2     0.0325     0.0100     0.0100

  [MONITOR] Step   4 | Time 0.0325s / 1.0s (  3.2%)
            Fold Angle: Target +-  0.03deg | Actual [-0.03deg, +0.03deg]
            Plate Tips Y: Left= -0.48mm | Right= -0.48mm | Max Disp=  0.02mm
            Newton Iters:  2 | dt: 0.01000s
            [DIAGNOSTIC] display/plate max|u| ratio=1.0000 (display=0.020mm, plate=0.000mm)
            [DIAGNOSTIC] Real tie gap (not just active-pair count): DISPLAY_BOT_L_PLATE_L_TOP_TIE: max_gap=0.0000mm mean=0.0000mm n=61 | DISPLAY_BOT_R_PLATE_R_TOP_TIE: max_gap=0.0000mm mean=0.0000mm n=61

[PNG] Deformed shape saved: D:\PythonCodeStudy\WHT_DispFoldSolver\examples\ex12_final_folding_shape.png
----------------------------------------------------------------------------------------------------
Step 5 | Attempting time increment: dt = 0.01000s (t: 0.0325s -> 0.0425s)
----------------------------------------------------------------------------------------------------

  Nonlinear Iteration Summary (Newton-Raphson)
  ==========================================================================================================================
  Time increment dt: 1.000e-02
  Convergence Tol  : 1.0e-02 (Disp Ratio)     Max Iterations: 50
  --------------------------------------------------------------------------------------------------------------------------
  Iter   Max Res.Force  (Node/DOF)    Max Disp.Corr  (Node/DOF)    Max Disp.Incr  Disp.Ratio  Energy.Err  LS.alpha  TieNodes
  --------------------------------------------------------------------------------------------------------------------------
     1    1.2892e+03  N1(UY)         8.4076e-04  N4205(UY)      2.3816e-02     1.82e-02    6.29e+01      1.00       122
     2    1.5714e-03  N2(UY)         6.0057e-04  N673(UY)       2.3827e-02     9.41e-03    1.22e-07      1.00       122
  ---------------------------------------------------------------------------------------------------------------------
  => Increment Converged. (Time: 17.80 s)

     1     5     1       0       1     0.0425     0.0100     0.0100

  [MONITOR] Step   5 | Time 0.0425s / 1.0s (  4.2%)
            Fold Angle: Target +-  0.06deg | Actual [-0.06deg, +0.06deg]
            Plate Tips Y: Left= -0.46mm | Right= -0.46mm | Max Disp=  0.04mm
            Newton Iters:  1 | dt: 0.01000s
            [DIAGNOSTIC] display/plate max|u| ratio=1.0000 (display=0.044mm, plate=0.000mm)
            [DIAGNOSTIC] Real tie gap (not just active-pair count): DISPLAY_BOT_L_PLATE_L_TOP_TIE: max_gap=0.0000mm mean=0.0000mm n=61 | DISPLAY_BOT_R_PLATE_R_TOP_TIE: max_gap=0.0000mm mean=0.0000mm n=61

[PNG] Deformed shape saved: D:\PythonCodeStudy\WHT_DispFoldSolver\examples\ex12_final_folding_shape.png
----------------------------------------------------------------------------------------------------
Step 6 | Attempting time increment: dt = 0.01000s (t: 0.0425s -> 0.0525s)
----------------------------------------------------------------------------------------------------

  Nonlinear Iteration Summary (Newton-Raphson)
  ==========================================================================================================================
  Time increment dt: 1.000e-02
  Convergence Tol  : 1.0e-02 (Disp Ratio)     Max Iterations: 50
  --------------------------------------------------------------------------------------------------------------------------
  Iter   Max Res.Force  (Node/DOF)    Max Disp.Corr  (Node/DOF)    Max Disp.Incr  Disp.Ratio  Energy.Err  LS.alpha  TieNodes
  --------------------------------------------------------------------------------------------------------------------------
     1    1.8964e+03  N144(UY)       1.6098e-02  N669(UY)       3.7427e-02     1.35e-01    1.36e+02      1.00       122
     2    2.5816e-01  N144(UY)       4.4097e-02  N678(UY)       4.6157e-02     3.67e-01    9.57e-05      1.00       122
  [DIAGNOSTIC] Line search collapsed at iter 3. Inspecting element quality on trial step:

[DEBUG] Element inversion detected in element indexes: [71, 72, 73, 74, 76, 77, 78, 80, 81, 888, 889]
  Element ID: 72 (index 71, pid 1)
    detF: [-0.6536623134003555, 4.06191904659548, 3.772305258864433, -0.9432761011314075]
    Nodes connectivity: [73, 74, 277, 276]
      Node 73: initial=[7.5, 0.0], current=[7.510933648943628, -0.09690982564244408], u=[0.010933648943627987, -0.09690982564244408]
      Node 74: initial=[7.75, 0.0], current=[7.887213458474084, -0.3049307901458625], u=[0.1372134584740836, -0.3049307901458625]
      Node 277: initial=[7.75, 0.03], current=[7.81966128942792, -0.15010750958320548], u=[0.06966128942792013, -0.18010750958320548]
      Node 276: initial=[7.5, 0.03], current=[7.569017571755309, -0.17433961197777903], u=[0.06901757175530969, -0.20433961197777903]
  Element ID: 73 (index 72, pid 1)
    detF: [-1.5821963379070942, -5.00762581089978, -0.8031221376580919, 2.6223073353345896]
    Nodes connectivity: [74, 75, 278, 277]
      Node 74: initial=[7.75, 0.0], current=[7.887213458474084, -0.3049307901458625], u=[0.1372134584740836, -0.3049307901458625]
      Node 75: initial=[8.0, 0.0], current=[7.726724267897241, -0.14442841867044368], u=[-0.27327573210275835, -0.14442841867044368]
      Node 278: initial=[8.0, 0.03], current=[8.070427354554985, -0.12363167040968509], u=[0.0704273545549842, -0.1536316704096851]
      Node 277: initial=[7.75, 0.03], current=[7.81966128942792, -0.15010750958320548], u=[0.06966128942792013, -0.18010750958320548]
  Element ID: 74 (index 73, pid 1)
    detF: [-0.8835056081362151, -0.7285823445194974, -0.47930544564212113, -0.6342287092588411]
    Nodes connectivity: [75, 76, 279, 278]
      Node 75: initial=[8.0, 0.0], current=[7.726724267897241, -0.14442841867044368], u=[-0.27327573210275835, -0.14442841867044368]
      Node 76: initial=[8.25, 0.0], current=[8.311298201098559, -0.08654958016274583], u=[0.06129820109855928, -0.08654958016274583]
      Node 279: initial=[8.25, 0.03], current=[8.320886888125932, -0.0953908984772151], u=[0.07088688812593204, -0.1253908984772151]
      Node 278: initial=[8.0, 0.03], current=[8.070427354554985, -0.12363167040968509], u=[0.0704273545549842, -0.1536316704096851]
  Element ID: 75 (index 74, pid 1)
    detF: [-0.6565748129644724, -1.5978238870301258, -1.6140114212797616, -0.6727623472141034]
    Nodes connectivity: [76, 77, 280, 279]
      Node 76: initial=[8.25, 0.0], current=[8.311298201098559, -0.08654958016274583], u=[0.06129820109855928, -0.08654958016274583]
      Node 77: initial=[8.5, 0.0], current=[8.494237709745905, -0.015785067943493547], u=[-0.00576229025409589, -0.015785067943493547]
      Node 280: initial=[8.5, 0.03], current=[8.571646053657037, -0.06522974885638472], u=[0.07164605365703787, -0.09522974885638472]
      Node 279: initial=[8.25, 0.03], current=[8.320886888125932, -0.0953908984772151], u=[0.07088688812593204, -0.1253908984772151]
  Element ID: 77 (index 76, pid 1)
    detF: [5.577206374700282, -2.0311952223690337, -3.020995951583375, 4.587405645485947]
    Nodes connectivity: [78, 79, 282, 281]
      Node 78: initial=[9.0, 0.0], current=[9.163115655251856, -0.17634103134363352], u=[0.16311565525185542, -0.17634103134363352]
      Node 79: initial=[9.5, 0.0], current=[9.620343122156855, 0.3134958610987496], u=[0.1203431221568561, 0.3134958610987496]
      Node 282: initial=[9.5, 0.03], current=[9.575847271004628, 0.11971424247149381], u=[0.07584727100462894, 0.08971424247149382]
      Node 281: initial=[9.0, 0.03], current=[9.074277269314537, 0.014699949831705129], u=[0.07427726931453803, -0.01530005016829487]

  *** ERROR: Line search failed to resolve residual explosion at iteration 3.
     1     6     1       0      50     0.0425     0.0000     0.0100   *** CUTBACK: line search collapsed (residual explosion) (Retrying step with smaller dt & target angle) ***
  *** STEP 6 FAILED (conv=-50, cutback 1/20). Cutting back dt to 0.00500s ***

----------------------------------------------------------------------------------------------------
Step 6 | Attempting time increment: dt = 0.00500s (t: 0.0425s -> 0.0475s)
----------------------------------------------------------------------------------------------------

  Nonlinear Iteration Summary (Newton-Raphson)
  ==========================================================================================================================
  Time increment dt: 5.000e-03
  Convergence Tol  : 1.0e-02 (Disp Ratio)     Max Iterations: 50
  --------------------------------------------------------------------------------------------------------------------------
  Iter   Max Res.Force  (Node/DOF)    Max Disp.Corr  (Node/DOF)    Max Disp.Incr  Disp.Ratio  Energy.Err  LS.alpha  TieNodes
  --------------------------------------------------------------------------------------------------------------------------
     1    5.1134e+02  N1(UY)         4.9472e-03  N669(UY)       1.6812e-02     5.67e-02    9.90e+00      1.00       122
     2    7.9900e-02  N144(UY)       4.0965e-03  N1061(UY)      1.6849e-02     5.19e-02    1.88e-06      1.00       122
     3    1.6185e-02  N1(UY)         1.0900e-02  N1482(UY)      1.6874e-02     1.16e-01    3.73e-06      1.00       122
     4    1.2528e-01  N1(UY)         9.0544e-03  N3467(UY)      1.9164e-02     9.34e-02    2.86e-05      1.00       122
     5    3.6852e-01  N1(UY)         3.3582e-02  N79(UX)        4.5524e-02     2.48e-01    1.78e-04      1.00       122
     6    2.1579e+00  N1(UY)         3.9768e-02  N62(UX)        5.0333e-02     1.94e-01    3.73e-03      1.00       122
     7    9.9201e+00  N1(UY)         8.4444e-02  N1068(UY)      9.5222e-02     7.57e-01    2.08e-02      1.00       122
ZeroDivisionError: division by zero

The above exception was the direct cause of the following exception:

SystemError: <function _numba_unpickle at 0x000001AC533489A0> returned a result with an exception set

The above exception was the direct cause of the following exception:

SystemError: <function _numba_unpickle at 0x000001AC533489A0> returned a result with an exception set

The above exception was the direct cause of the following exception:

SystemError: <function _numba_unpickle at 0x000001AC533489A0> returned a result with an exception set

The above exception was the direct cause of the following exception:

SystemError: <function _numba_unpickle at 0x000001AC533489A0> returned a result with an exception set

The above exception was the direct cause of the following exception:

SystemError: <function _numba_unpickle at 0x000001AC533489A0> returned a result with an exception set

The above exception was the direct cause of the following exception:

Traceback (most recent call last):
  File "D:\PythonCodeStudy\WHT_DispFoldSolver\scratch\run_full_numba.py", line 9, in <module>
    run_abaqus_inp_folding(elem_jit="numba", max_steps=40)
  File "D:\PythonCodeStudy\WHT_DispFoldSolver\examples\ex12_abaqus_inp_plate_fold.py", line 79, in run_abaqus_inp_folding
    res_dict = run_folding_from_result(result, before_png_name, after_png_name,
               ^^^^^^^^^^^^^^^^^^^^^^^^^^^^^^^^^^^^^^^^^^^^^^^^^^^^^^^^^^^^^^^^
  File "D:\PythonCodeStudy\WHT_DispFoldSolver\examples\ex12_abaqus_inp_plate_fold.py", line 364, in run_folding_from_result
    conv_code = solver.solve_step(dt)
                ^^^^^^^^^^^^^^^^^^^^^
  File "D:\PythonCodeStudy\WHT_DispFoldSolver\dispsolver\solver\dynamic.py", line 1586, in solve_step
    result = self._solve_step_impl(dt)
             ^^^^^^^^^^^^^^^^^^^^^^^^^
  File "D:\PythonCodeStudy\WHT_DispFoldSolver\dispsolver\solver\dynamic.py", line 2401, in _solve_step_impl
    R_temp = self._compute_R_total(
             ^^^^^^^^^^^^^^^^^^^^^^
  File "D:\PythonCodeStudy\WHT_DispFoldSolver\dispsolver\solver\dynamic.py", line 1469, in _compute_R_total
    f_int, _, _ = self._assemble(u_k, dt)
                  ^^^^^^^^^^^^^^^^^^^^^^^
  File "D:\PythonCodeStudy\WHT_DispFoldSolver\dispsolver\solver\dynamic.py", line 4255, in _assemble
    f_int, K_T, state_new = self._assemble_multi_material_batch(u, dt)
                            ^^^^^^^^^^^^^^^^^^^^^^^^^^^^^^^^^^^^^^^^^^
  File "D:\PythonCodeStudy\WHT_DispFoldSolver\dispsolver\solver\dynamic.py", line 3511, in _assemble_multi_material_batch
    f_es, K_es, alpha_new, se_all, Fn_new = assemble_eas_visco_batch_numba(
                                            ^^^^^^^^^^^^^^^^^^^^^^^^^^^^^^^
SystemError: CPUDispatcher(<function assemble_eas_visco_batch_numba at 0x000001AC68A06E80>) returned a result with an exception set
