D:\PythonCodeStudy\WHT_DispFoldSolver\dispsolver\io\abaqus_parser.py:131: UserWarning: Unsupported keyword: *SECTION CONTROLS \u2014 skipping
  warnings.warn(f"Unsupported keyword: *{block.keyword} \u2014 skipping")
theta targets: {0: -1.9487982399250006e-06, 1: 1.9487982399250006e-06}  dt= 0.005

=== JAX ===

  Nonlinear Iteration Summary (Newton-Raphson)
  ==========================================================================================================================
  Time increment dt: 5.000e-03
  Convergence Tol  : 1.0e-02 (Disp Ratio)     Max Iterations: 50
  --------------------------------------------------------------------------------------------------------------------------
  Iter   Max Res.Force  (Node/DOF)    Max Disp.Corr  (Node/DOF)    Max Disp.Incr  Disp.Ratio  Energy.Err  LS.alpha  TieNodes
  --------------------------------------------------------------------------------------------------------------------------
     1    1.1735e+02  N1(UY)         8.2519e-05  N12680(UY)     8.2519e-05     9.90e-01    5.23e-01      1.00       122
     2    9.2823e+01  N1(UY)         1.2227e-04  N9460(UY)      1.8605e-04     4.54e-01    2.91e-01      1.00       122
Traceback (most recent call last):
  File "D:\PythonCodeStudy\WHT_DispFoldSolver\scratch\numba_mesh_ab2.py", line 65, in <module>
    code = s.solve_step(dt)
           ^^^^^^^^^^^^^^^^
  File "D:\PythonCodeStudy\WHT_DispFoldSolver\dispsolver\solver\dynamic.py", line 1586, in solve_step
    result = self._solve_step_impl(dt)
             ^^^^^^^^^^^^^^^^^^^^^^^^^
  File "D:\PythonCodeStudy\WHT_DispFoldSolver\dispsolver\solver\dynamic.py", line 2107, in _solve_step_impl
    K_red += _eps_reg * np.eye(self.condensation_mgr.n_independent)
             ~~~~~~~~~^~~~~~~~~~~~~~~~~~~~~~~~~~~~~~~~~~~~~~~~~~~~~
numpy._core._exceptions._ArrayMemoryError: Unable to allocate 12.4 GiB for an array with shape (40858, 40858) and data type float64
