Warming up JAX JIT compilation...
JAX warm-up complete.

======================================================================
  Running: patch_test_element
======================================================================
  => PASS
     numpy_q4_bbar            :   1.098901e-03  err=  0.0000%
     numpy_q4_eas             :   1.098901e-03  err=  0.0000%
     numpy_q4_corotational_eas:   1.098897e-03  err=  0.0003%
     numpy_t3                 :   5.494505e-04  err=  0.0000%
     numba_q4_bbar            :   1.098901e-03  err=  0.0000%
     numba_q4_eas             :   1.098901e-03  err=  0.0000%
     numba_q4_corotational_eas:   1.098901e-03  err=  0.0000%
     numba_q4_up              :   1.098901e-03  err=  0.0000%
     numba_q4_corotational    :   1.098901e-03  err=  0.0000%
     numba_t3                 :   5.494505e-04  err=  0.0000%
     jax_t3                   :   5.494505e-04  err=  0.0000%
     jax_q4_bbar              :   1.098901e-03  err=  0.0000%
     jax_q4_eas               :   1.098901e-03  err=  0.0000%
     jax_q4_corotational_eas  :   1.098901e-03  err=  0.0000%
     jax_q4_up                :   1.098901e-03  err=  0.0000%
     jax_q4_visco_fs          :   1.098901e-03  err=  0.0000%
     jax_q4_simo_fs           :   1.098901e-03  err=  0.0000%
     numpy_q4_bbar_strain     :   0.000000e+00  err=  0.0000%

======================================================================
  Running: patch_test_solver
======================================================================
  => PASS
     jax                      :   3.739930e-11  err=  0.0000%
     numpy_sequential         :   2.397843e-11  err=  0.0000%

======================================================================
  Running: bending_3pt
======================================================================
  => PASS
     jax                      :   2.369794e-04  err=  0.7137%
     numpy_sequential         :   2.466965e-04  err=  4.8434%

======================================================================
  Running: bending_4pt
======================================================================
  => PASS
     jax                      :   3.221427e-04  err=  1.7146%
     numpy_sequential         :   3.285293e-04  err=  3.7311%

======================================================================
  Running: bending_2pt
======================================================================
  [DIAGNOSTIC] Line search collapsed at iter 27. Inspecting element quality on trial step:

[DEBUG] Element inversion detected in element indexes: [37, 43, 44, 75, 122, 123, 125, 126, 156]
  Element ID: 38 (index 37, pid 1)
    detF: [-0.6279959935985682, 0.7292401662228098, 0.6932046711033173, -0.6640314887180613]
    Nodes connectivity: [38, 39, 80, 79]
      Node 38: initial=[42.5, -0.2], current=[72.91170812382072, 12.104937382580967], u=[30.411708123820716, 12.304937382580967]
      Node 39: initial=[45.0, -0.2], current=[74.08684418013331, 7.181216381019242], u=[29.086844180133312, 7.381216381019242]
      Node 80: initial=[45.0, -0.1], current=[74.23998209071723, 6.803213257453122], u=[29.239982090717234, 6.903213257453122]
      Node 79: initial=[42.5, -0.1], current=[72.83352952286775, 12.196018214213886], u=[30.333529522867746, 12.296018214213886]
  Element ID: 44 (index 43, pid 1)
    detF: [1.901853313448861, -6.2438450818220375, -6.2512753118357365, 1.8944230834351667]
    Nodes connectivity: [45, 46, 87, 86]
      Node 45: initial=[-42.5, -0.1], current=[-73.16732920426652, 12.504115153764673], u=[-30.667329204266526, 12.604115153764672]
      Node 46: initial=[-40.0, -0.1], current=[-71.80862207879471, 16.1224873608566], u=[-31.80862207879472, 16.2224873608566]
      Node 87: initial=[-40.0, 0.0], current=[-71.21357007895914, 16.010215280700567], u=[-31.213570078959133, 16.010215280700567]
      Node 86: initial=[-42.5, 0.0], current=[-73.48447994260619, 12.55854701711688], u=[-30.98447994260619, 12.55854701711688]
  Element ID: 45 (index 44, pid 1)
    detF: [-11.830939932162435, -1.1660362886707447, -1.2769864781418445, -11.941890121633609]
    Nodes connectivity: [46, 47, 88, 87]
      Node 46: initial=[-40.0, -0.1], current=[-71.80862207879471, 16.1224873608566], u=[-31.80862207879472, 16.2224873608566]
      Node 47: initial=[-37.5, -0.1], current=[-69.85373309304174, 22.34716906899616], u=[-32.35373309304174, 22.44716906899616]
      Node 88: initial=[-37.5, 0.0], current=[-69.93513384621293, 22.443264659329383], u=[-32.435133846212935, 22.443264659329383]
      Node 87: initial=[-40.0, 0.0], current=[-71.21357007895914, 16.010215280700567], u=[-31.213570078959133, 16.010215280700567]
  Element ID: 76 (index 75, pid 1)
    detF: [-0.29962586542645003, 4.264733089258177, 4.282902215940333, -0.2814567387443747]
    Nodes connectivity: [77, 78, 119, 118]
      Node 77: initial=[37.5, -0.1], current=[66.87071936827897, 20.849928959758955], u=[29.37071936827897, 20.949928959758957]
      Node 78: initial=[40.0, -0.1], current=[69.66597505905028, 16.04598096837497], u=[29.665975059050282, 16.14598096837497]
      Node 119: initial=[40.0, 0.0], current=[70.17532784707792, 15.700854834850619], u=[30.17532784707792, 15.700854834850619]
      Node 118: initial=[37.5, 0.0], current=[66.68603806455809, 20.99051090729347], u=[29.18603806455809, 20.99051090729347]
  Element ID: 123 (index 122, pid 1)
    detF: [0.7815347372187934, -12.671156593246273, -12.464449404024862, 0.9882419264402015]
    Nodes connectivity: [126, 127, 168, 167]
      Node 126: initial=[-45.0, 0.10000000000000003], current=[-74.16281033611286, 7.309376835313928], u=[-29.162810336112855, 7.209376835313928]
      Node 127: initial=[-42.5, 0.10000000000000003], current=[-73.61154536232439, 12.552045565822354], u=[-31.11154536232439, 12.452045565822354]
      Node 168: initial=[-42.5, 0.2], current=[-72.79373304870971, 12.315876345674699], u=[-30.293733048709708, 12.1158763456747]
      Node 167: initial=[-45.0, 0.2], current=[-74.4121948539948, 7.490841192281668], u=[-29.4121948539948, 7.290841192281667]

  => FAIL
     jax                      :   2.500819e+02  err= 45.3307%
     numpy_sequential         :   0.000000e+00  err=100.0000%

======================================================================
  Running: single_layer_teardrop
======================================================================
  => PASS
     teardrop_1layer          :   1.420000e+02  err=  0.0000%

======================================================================
  Running: cantilever
======================================================================
  => PASS
     jax                      :   3.732733e-03  err=  1.6761%
     numpy_sequential         :   3.841985e-03  err=  4.6520%

======================================================================
  Running: uniaxial_tension
======================================================================
  => PASS
     jax                      :   1.099017e+00  err=  0.0106%
     numpy_sequential         :   1.099017e+00  err=  0.0106%

======================================================================
  Running: uniaxial_compression
======================================================================
  => PASS
     jax                      :  -1.098785e+00  err=  0.0106%
     numpy_sequential         :  -1.098785e+00  err=  0.0106%

======================================================================
  Running: volumetric_compression
======================================================================
  => PASS
     jax                      :  -9.615385e-01  err=  0.0000%
     numpy_sequential         :  -9.615385e-01  err=  0.0000%

======================================================================
  Running: volumetric_tension
======================================================================
  => PASS
     jax                      :   9.615385e-01  err=  0.0000%
     numpy_sequential         :   9.615385e-01  err=  0.0000%

======================================================================
  Running: convergence_cantilever_mesh_q4bbar
======================================================================
  => FAIL
     order_fit                :   4.471560e+00  err= 78.8624%

======================================================================
  Running: convergence_elastica_mesh_corotational
======================================================================
  => PASS
     order_fit                :   2.742376e+00  err=  1.5695%

======================================================================
  Running: convergence_elastica_loadstep_corotational
======================================================================
  => PASS
     order_fit                :   2.393850e+00  err=  0.2562%
Saved JSON: D:\PythonCodeStudy\WHT_DispFoldSolver\verification\results\results.json
Saved CSV: D:\PythonCodeStudy\WHT_DispFoldSolver\verification\results\results.csv
Saved report: D:\PythonCodeStudy\WHT_DispFoldSolver\verification\results\verification_report.md

======================================================================
  VERIFICATION COMPLETE: 12/14 passed in 128.6s
======================================================================

Failed benchmarks:
  - 2-Point Bending (Gulati Elastica): Substrate t=0.4mm, plate gap D=80.0mm, E=72300.0MPa. Gulati 2-point bending peak stress ¥ò_max=457.44 MPa.
  - Convergence Cantilever Mesh (Q4 B-bar): ny= 4 nx= 40: ¥ä=3.732733e-03 err(vs ny=12)=2.41e-02
ny= 6 nx= 60: ¥ä=3.660667e-03 err(vs ny=12)=4.37e-03
ny= 8 nx= 80: ¥ä=3.648666e-03 err(vs ny=12)=1.07e-03
